/usr/bin/java  -classpath /home/morisaki/Application/ycsb-0.17.0/conf:/home/morisaki/Application/ycsb-0.17.0/lib/HdrHistogram-2.1.4.jar:/home/morisaki/Application/ycsb-0.17.0/lib/core-0.17.0.jar:/home/morisaki/Application/ycsb-0.17.0/lib/htrace-core4-4.1.0-incubating.jar:/home/morisaki/Application/ycsb-0.17.0/lib/jackson-core-asl-1.9.4.jar:/home/morisaki/Application/ycsb-0.17.0/lib/jackson-mapper-asl-1.9.4.jar:/home/morisaki/Application/ycsb-0.17.0/memcached-binding/lib/HdrHistogram-2.1.4.jar:/home/morisaki/Application/ycsb-0.17.0/memcached-binding/lib/core-0.17.0.jar:/home/morisaki/Application/ycsb-0.17.0/memcached-binding/lib/htrace-core4-4.1.0-incubating.jar:/home/morisaki/Application/ycsb-0.17.0/memcached-binding/lib/jackson-core-asl-1.9.4.jar:/home/morisaki/Application/ycsb-0.17.0/memcached-binding/lib/jackson-mapper-asl-1.9.13.jar:/home/morisaki/Application/ycsb-0.17.0/memcached-binding/lib/log4j-1.2.17.jar:/home/morisaki/Application/ycsb-0.17.0/memcached-binding/lib/memcached-binding-0.17.0.jar:/home/morisaki/Application/ycsb-0.17.0/memcached-binding/lib/spymemcached-2.11.4.jar site.ycsb.Client -t -db site.ycsb.db.MemcachedClient -s -P ./experiment/workloads/var_workload.dat -p memcached.hosts=127.0.0.1:11222 -p maxexecutiontime=30 -threads 16
Command line: -t -db site.ycsb.db.MemcachedClient -s -P ./experiment/workloads/var_workload.dat -p memcached.hosts=127.0.0.1:11222 -p maxexecutiontime=30 -threads 16
YCSB Client 0.17.0

Loading workload...
log4j:WARN No appenders could be found for logger (org.apache.htrace.core.Tracer).
log4j:WARN Please initialize the log4j system properly.
log4j:WARN See http://logging.apache.org/log4j/1.2/faq.html#noconfig for more info.
Starting test.
2026-06-11 06:41:18:443 0 sec: 0 operations; est completion in 0 second 
Maximum execution time specified as: 30 secs
2026-06-11 06:41:18.526 INFO net.spy.memcached.MemcachedConnection:  Added {QA sa=/127.0.0.1:11222, #Rops=0, #Wops=0, #iq=0, topRop=null, topWop=null, toWrite=0, interested=0} to connect queue
2026-06-11 06:41:18.526 INFO net.spy.memcached.MemcachedConnection:  Added {QA sa=/127.0.0.1:11222, #Rops=0, #Wops=0, #iq=0, topRop=null, topWop=null, toWrite=0, interested=0} to connect queue
2026-06-11 06:41:18.527 INFO net.spy.memcached.MemcachedConnection:  Added {QA sa=/127.0.0.1:11222, #Rops=0, #Wops=0, #iq=0, topRop=null, topWop=null, toWrite=0, interested=0} to connect queue
2026-06-11 06:41:18.527 INFO net.spy.memcached.MemcachedConnection:  Added {QA sa=/127.0.0.1:11222, #Rops=0, #Wops=0, #iq=0, topRop=null, topWop=null, toWrite=0, interested=0} to connect queue
2026-06-11 06:41:18.527 INFO net.spy.memcached.MemcachedConnection:  Added {QA sa=/127.0.0.1:11222, #Rops=0, #Wops=0, #iq=0, topRop=null, topWop=null, toWrite=0, interested=0} to connect queue
2026-06-11 06:41:18.527 INFO net.spy.memcached.MemcachedConnection:  Added {QA sa=/127.0.0.1:11222, #Rops=0, #Wops=0, #iq=0, topRop=null, topWop=null, toWrite=0, interested=0} to connect queue
2026-06-11 06:41:18.528 INFO net.spy.memcached.MemcachedConnection:  Added {QA sa=/127.0.0.1:11222, #Rops=0, #Wops=0, #iq=0, topRop=null, topWop=null, toWrite=0, interested=0} to connect queue
2026-06-11 06:41:18.528 INFO net.spy.memcached.MemcachedConnection:  Added {QA sa=/127.0.0.1:11222, #Rops=0, #Wops=0, #iq=0, topRop=null, topWop=null, toWrite=0, interested=0} to connect queue
2026-06-11 06:41:18.528 INFO net.spy.memcached.MemcachedConnection:  Added {QA sa=/127.0.0.1:11222, #Rops=0, #Wops=0, #iq=0, topRop=null, topWop=null, toWrite=0, interested=0} to connect queue
2026-06-11 06:41:18.529 INFO net.spy.memcached.MemcachedConnection:  Added {QA sa=/127.0.0.1:11222, #Rops=0, #Wops=0, #iq=0, topRop=null, topWop=null, toWrite=0, interested=0} to connect queue
DBWrapper: report latency for each error is false and specific error codes to track for latency are: []
DBWrapper: report latency for each error is false and specific error codes to track for latency are: []
2026-06-11 06:41:18.529 INFO net.spy.memcached.MemcachedConnection:  Added {QA sa=/127.0.0.1:11222, #Rops=0, #Wops=0, #iq=0, topRop=null, topWop=null, toWrite=0, interested=0} to connect queue
DBWrapper: report latency for each error is false and specific error codes to track for latency are: []
DBWrapper: report latency for each error is false and specific error codes to track for latency are: []
DBWrapper: report latency for each error is false and specific error codes to track for latency are: []
2026-06-11 06:41:18.529 INFO net.spy.memcached.MemcachedConnection:  Added {QA sa=/127.0.0.1:11222, #Rops=0, #Wops=0, #iq=0, topRop=null, topWop=null, toWrite=0, interested=0} to connect queue
DBWrapper: report latency for each error is false and specific error codes to track for latency are: []
2026-06-11 06:41:18.530 INFO net.spy.memcached.MemcachedConnection:  Added {QA sa=/127.0.0.1:11222, #Rops=0, #Wops=0, #iq=0, topRop=null, topWop=null, toWrite=0, interested=0} to connect queue
DBWrapper: report latency for each error is false and specific error codes to track for latency are: []
2026-06-11 06:41:18.530 INFO net.spy.memcached.MemcachedConnection:  Added {QA sa=/127.0.0.1:11222, #Rops=0, #Wops=0, #iq=0, topRop=null, topWop=null, toWrite=0, interested=0} to connect queue
DBWrapper: report latency for each error is false and specific error codes to track for latency are: []
2026-06-11 06:41:18.530 INFO net.spy.memcached.MemcachedConnection:  Added {QA sa=/127.0.0.1:11222, #Rops=0, #Wops=0, #iq=0, topRop=null, topWop=null, toWrite=0, interested=0} to connect queue
DBWrapper: report latency for each error is false and specific error codes to track for latency are: []
DBWrapper: report latency for each error is false and specific error codes to track for latency are: []
2026-06-11 06:41:18.531 INFO net.spy.memcached.MemcachedConnection:  Added {QA sa=/127.0.0.1:11222, #Rops=0, #Wops=0, #iq=0, topRop=null, topWop=null, toWrite=0, interested=0} to connect queue
DBWrapper: report latency for each error is false and specific error codes to track for latency are: []
DBWrapper: report latency for each error is false and specific error codes to track for latency are: []
DBWrapper: report latency for each error is false and specific error codes to track for latency are: []
DBWrapper: report latency for each error is false and specific error codes to track for latency are: []
DBWrapper: report latency for each error is false and specific error codes to track for latency are: []
DBWrapper: report latency for each error is false and specific error codes to track for latency are: []
2026-06-11 06:41:28:445 10 sec: 593886 operations; 59388.6 current ops/sec; est completion in 4 hours 40 minutes [READ: Count=107198, Max=23279, Min=66, Avg=255.13, 90=368, 99=980, 99.9=3289, 99.99=6475] [UPDATE: Count=488317, Max=57567, Min=63, Avg=265.51, 90=378, 99=1240, 99.9=3485, 99.99=6431] 
2026-06-11 06:41:38:444 20 sec: 1365402 operations; 77143.89 current ops/sec; est completion in 4 hours 3 minutes [READ: Count=138844, Max=4069, Min=66, Avg=202.47, 90=274, 99=370, 99.9=813, 99.99=2497] [UPDATE: Count=631199, Max=8091, Min=61, Avg=205.9, 90=279, 99=380, 99.9=937, 99.99=2929] 
Maximum time elapsed. Requesting stop for the workload.
Stop requested for workload. Now Joining!
2026-06-11 06:41:48:443 30 sec: 2143549 operations; 77822.48 current ops/sec; est completion in 3 hours 52 minutes [READ: Count=140217, Max=4983, Min=66, Avg=200.76, 90=270, 99=360, 99.9=818, 99.99=2449] [UPDATE: Count=637878, Max=4735, Min=61, Avg=204.17, 90=275, 99=371, 99.9=835, 99.99=2829] 
2026-06-11 06:41:48.454 INFO net.spy.memcached.MemcachedConnection:  Shut down memcached client
2026-06-11 06:41:48.455 INFO net.spy.memcached.MemcachedConnection:  Shut down memcached client
2026-06-11 06:41:48.455 INFO net.spy.memcached.MemcachedConnection:  Shut down memcached client
2026-06-11 06:41:48.455 INFO net.spy.memcached.MemcachedConnection:  Shut down memcached client
2026-06-11 06:41:48.455 INFO net.spy.memcached.MemcachedConnection:  Shut down memcached client
2026-06-11 06:41:48.456 INFO net.spy.memcached.MemcachedConnection:  Shut down memcached client
2026-06-11 06:41:48.456 INFO net.spy.memcached.MemcachedConnection:  Shut down memcached client
2026-06-11 06:41:48.456 INFO net.spy.memcached.MemcachedConnection:  Shut down memcached client
2026-06-11 06:41:48.456 INFO net.spy.memcached.MemcachedConnection:  Shut down memcached client
2026-06-11 06:41:48.457 INFO net.spy.memcached.MemcachedConnection:  Shut down memcached client
2026-06-11 06:41:48.457 INFO net.spy.memcached.MemcachedConnection:  Shut down memcached client
2026-06-11 06:41:48.457 INFO net.spy.memcached.MemcachedConnection:  Shut down memcached client
2026-06-11 06:41:48.457 INFO net.spy.memcached.MemcachedConnection:  Shut down memcached client
2026-06-11 06:41:48.457 INFO net.spy.memcached.MemcachedConnection:  Shut down memcached client
2026-06-11 06:41:48.457 INFO net.spy.memcached.MemcachedConnection:  Shut down memcached client
2026-06-11 06:41:48.458 INFO net.spy.memcached.MemcachedConnection:  Shut down memcached client
2026-06-11 06:41:48:455 30 sec: 2143686 operations; 10538.46 current ops/sec; est completion in 3 hours 52 minutes [READ: Count=33, Max=1146, Min=94, Avg=332.45, 90=912, 99=1146, 99.9=1146, 99.99=1146] [CLEANUP: Count=16, Max=9767, Min=7964, Avg=9013.12, 90=9423, 99=9767, 99.9=9767, 99.99=9767] [UPDATE: Count=0, Max=0, Min=9223372036854775807, Avg=NaN, 90=0, 99=0, 99.9=0, 99.99=0] 
[OVERALL], RunTime(ms), 30014
[OVERALL], Throughput(ops/sec), 71422.8693276471
[TOTAL_GCS_G1_Young_Generation], Count, 47
[TOTAL_GC_TIME_G1_Young_Generation], Time(ms), 57
[TOTAL_GC_TIME_%_G1_Young_Generation], Time(%), 0.1899113746918105
[TOTAL_GCS_G1_Concurrent_GC], Count, 0
[TOTAL_GC_TIME_G1_Concurrent_GC], Time(ms), 0
[TOTAL_GC_TIME_%_G1_Concurrent_GC], Time(%), 0.0
[TOTAL_GCS_G1_Old_Generation], Count, 0
[TOTAL_GC_TIME_G1_Old_Generation], Time(ms), 0
[TOTAL_GC_TIME_%_G1_Old_Generation], Time(%), 0.0
[TOTAL_GCs], Count, 47
[TOTAL_GC_TIME], Time(ms), 57
[TOTAL_GC_TIME_%], Time(%), 0.1899113746918105
[READ], Operations, 386292
[READ], AverageLatency(us), 216.47350449918716
[READ], MinLatency(us), 66
[READ], MaxLatency(us), 23279
[READ], 95thPercentileLatency(us), 338
[READ], 99thPercentileLatency(us), 545
[READ], Return=OK, 386292
[CLEANUP], Operations, 16
[CLEANUP], AverageLatency(us), 9013.125
[CLEANUP], MinLatency(us), 7964
[CLEANUP], MaxLatency(us), 9767
[CLEANUP], 95thPercentileLatency(us), 9719
[CLEANUP], 99thPercentileLatency(us), 9767
[UPDATE], Operations, 1757394
[UPDATE], AverageLatency(us), 221.83604985563852
[UPDATE], MinLatency(us), 61
[UPDATE], MaxLatency(us), 57567
[UPDATE], 95thPercentileLatency(us), 346
[UPDATE], 99thPercentileLatency(us), 592
[UPDATE], Return=OK, 1757394
