============================================================
 futex sweep  (SIGUSR2 counter, master baseline included)
============================================================
 spinlock_bin: ./memcached_debug_futex
 master_bin  : ./memcached_debug_futex_master
 mc_threads  : 4  cpus: 0-3
 mut         : -T 4 -c 1 -d 32  (total_conns=4)
 update_ratio: 0.5 / records: 1
 warmup      : 60s  measure: 30s  runs: 3
 pause values: 0 10 20 30 40 50 60 70 80 90 100 200 300
 results     : experiment/results/debug_futex_sweep_mc4_mut4_run3
============================================================

==============================
 master
==============================
[mc] PID=1718973  bin=memcached_debug_futex_master  PAUSE_COUNT=0  log=experiment/results/debug_futex_sweep_mc4_mut4_run3/raw/mc_master.log
    warmup 60s ...
    resetting futex counter ...
    run 1/3: QPS=699829  futex=10493688  futex/op=0.499821
    run 2/3: QPS=698995  futex=9272768  futex/op=0.442195
    run 3/3: QPS=698294  futex=9877347  futex/op=0.471499
    STATS: QPS_mean=699040  cv=0.11%  futex/sec=329375.6  futex/op=0.471

==============================
 pause=0
==============================
[mc] PID=1719799  bin=memcached_debug_futex  PAUSE_COUNT=0  log=experiment/results/debug_futex_sweep_mc4_mut4_run3/raw/mc_pause=0.log
    warmup 60s ...
    resetting futex counter ...
    run 1/3: QPS=687539  futex=61874625  futex/op=2.999813
    run 2/3: QPS=684917  futex=61645679  futex/op=3.000154
    run 3/3: QPS=687033  futex=61831696  futex/op=2.999938
    STATS: QPS_mean=686496  cv=0.20%  futex/sec=2059466.7  futex/op=3.000

==============================
 pause=10
==============================
[mc] PID=1721268  bin=memcached_debug_futex  PAUSE_COUNT=10  log=experiment/results/debug_futex_sweep_mc4_mut4_run3/raw/mc_pause=10.log
    warmup 60s ...
    resetting futex counter ...
    run 1/3: QPS=951438  futex=2940885  futex/op=0.103033
    run 2/3: QPS=953775  futex=3092509  futex/op=0.108080
    run 3/3: QPS=951289  futex=2083291  futex/op=0.072999
    STATS: QPS_mean=952167  cv=0.15%  futex/sec=90185.4  futex/op=0.095

==============================
 pause=20
==============================
[mc] PID=1722163  bin=memcached_debug_futex  PAUSE_COUNT=20  log=experiment/results/debug_futex_sweep_mc4_mut4_run3/raw/mc_pause=20.log
    warmup 60s ...
    resetting futex counter ...
    run 1/3: QPS=916068  futex=765006  futex/op=0.027837
    run 2/3: QPS=916289  futex=725715  futex/op=0.026401
    run 3/3: QPS=913613  futex=734004  futex/op=0.026780
    STATS: QPS_mean=915324  cv=0.16%  futex/sec=24719.2  futex/op=0.027

==============================
 pause=30
==============================
[mc] PID=1722809  bin=memcached_debug_futex  PAUSE_COUNT=30  log=experiment/results/debug_futex_sweep_mc4_mut4_run3/raw/mc_pause=30.log
    warmup 60s ...
    resetting futex counter ...
    run 1/3: QPS=912060  futex=125321  futex/op=0.004580
    run 2/3: QPS=906356  futex=158837  futex/op=0.005842
    run 3/3: QPS=900560  futex=183320  futex/op=0.006785
    STATS: QPS_mean=906325  cv=0.63%  futex/sec=5194.2  futex/op=0.006

==============================
 pause=40
==============================
[mc] PID=1723557  bin=memcached_debug_futex  PAUSE_COUNT=40  log=experiment/results/debug_futex_sweep_mc4_mut4_run3/raw/mc_pause=40.log
    warmup 60s ...
    resetting futex counter ...
    run 1/3: QPS=898229  futex=49168  futex/op=0.001825
    run 2/3: QPS=900470  futex=48459  futex/op=0.001794
    run 3/3: QPS=900331  futex=48178  futex/op=0.001784
    STATS: QPS_mean=899677  cv=0.14%  futex/sec=1620.0  futex/op=0.002

==============================
 pause=50
==============================
[mc] PID=1724112  bin=memcached_debug_futex  PAUSE_COUNT=50  log=experiment/results/debug_futex_sweep_mc4_mut4_run3/raw/mc_pause=50.log
    warmup 60s ...
