============================================================
 futex sweep  (SIGUSR2 counter, master baseline included)
============================================================
 spinlock_bin: ./memcached_debug_futex
 master_bin  : ./memcached_debug_futex_master
 mc_threads  : 4  cpus: 0-3
 mut         : -T 4 -c 1 -d 32  (total_conns=4)
 update_ratio: 0.5 / records: 1
 warmup      : 60s  measure: 30s  runs: 3
 pause values: 0
 results     : experiment/results/debug_futex_sweep_mc4_mut4_run2
============================================================

==============================
 master
==============================
[mc] PID=1725161  bin=memcached_debug_futex_master  PAUSE_COUNT=0  log=experiment/results/debug_futex_sweep_mc4_mut4_run2/raw/mc_master.log
    warmup 60s ...
    resetting futex counter ...
    run 1/3: QPS=709024  futex=11173986  futex/op=0.525323
    run 2/3: QPS=707265  futex=9724162  futex/op=0.458299
    run 3/3: QPS=705275  futex=9776796  futex/op=0.462079
    STATS: QPS_mean=707188  cv=0.27%  futex/sec=340832.7  futex/op=0.482

==============================
 pause=0
==============================
[mc] PID=1726470  bin=memcached_debug_futex  PAUSE_COUNT=0  log=experiment/results/debug_futex_sweep_mc4_mut4_run2/raw/mc_pause=0.log
    warmup 60s ...
    resetting futex counter ...
    run 1/3: QPS=725374  futex=13356425  futex/op=0.613772
    run 2/3: QPS=729466  futex=13726803  futex/op=0.627253
    run 3/3: QPS=729531  futex=13748404  futex/op=0.628184
    STATS: QPS_mean=728124  cv=0.33%  futex/sec=453684.8  futex/op=0.623

============================================================
 FINAL SUMMARY
============================================================
# futex sweep / mc=4 / mutilate -T 4 -c 1 -d 32 -r 1 -u 0.5 / n=3

futex_per_op = futex_count / (QPS × DURATION)
master = pthread_mutex のみ（スピンなし）の item_lock 競合率

| label | mean_QPS | mean_futex_per_sec | mean_futex_per_op | cv_qps% | n |
|---|---|---|---|---|---|
| master | 707188.1 | 340832.700 | 0.482 | 0.27 | 3 |
| pause=0 | 728123.7 | 453684.800 | 0.623 | 0.33 | 3 |

Results: experiment/results/debug_futex_sweep_mc4_mut4_run2
