/usr/bin/java  -classpath /home/morisaki/Application/ycsb-0.17.0/conf:/home/morisaki/Application/ycsb-0.17.0/lib/HdrHistogram-2.1.4.jar:/home/morisaki/Application/ycsb-0.17.0/lib/core-0.17.0.jar:/home/morisaki/Application/ycsb-0.17.0/lib/htrace-core4-4.1.0-incubating.jar:/home/morisaki/Application/ycsb-0.17.0/lib/jackson-core-asl-1.9.4.jar:/home/morisaki/Application/ycsb-0.17.0/lib/jackson-mapper-asl-1.9.4.jar:/home/morisaki/Application/ycsb-0.17.0/memcached-binding/lib/HdrHistogram-2.1.4.jar:/home/morisaki/Application/ycsb-0.17.0/memcached-binding/lib/core-0.17.0.jar:/home/morisaki/Application/ycsb-0.17.0/memcached-binding/lib/htrace-core4-4.1.0-incubating.jar:/home/morisaki/Application/ycsb-0.17.0/memcached-binding/lib/jackson-core-asl-1.9.4.jar:/home/morisaki/Application/ycsb-0.17.0/memcached-binding/lib/jackson-mapper-asl-1.9.13.jar:/home/morisaki/Application/ycsb-0.17.0/memcached-binding/lib/log4j-1.2.17.jar:/home/morisaki/Application/ycsb-0.17.0/memcached-binding/lib/memcached-binding-0.17.0.jar:/home/morisaki/Application/ycsb-0.17.0/memcached-binding/lib/spymemcached-2.11.4.jar site.ycsb.Client -t -db site.ycsb.db.MemcachedClient -s -P ./experiment/workloads/var_workload.dat -p memcached.hosts=127.0.0.1:11222 -p maxexecutiontime=30 -threads 16
Command line: -t -db site.ycsb.db.MemcachedClient -s -P ./experiment/workloads/var_workload.dat -p memcached.hosts=127.0.0.1:11222 -p maxexecutiontime=30 -threads 16
YCSB Client 0.17.0

Loading workload...
log4j:WARN No appenders could be found for logger (org.apache.htrace.core.Tracer).
log4j:WARN Please initialize the log4j system properly.
log4j:WARN See http://logging.apache.org/log4j/1.2/faq.html#noconfig for more info.
Starting test.
2026-06-11 07:03:39:289 0 sec: 0 operations; est completion in 0 second 
Maximum execution time specified as: 30 secs
2026-06-11 07:03:39.374 INFO net.spy.memcached.MemcachedConnection:  Added {QA sa=/127.0.0.1:11222, #Rops=0, #Wops=0, #iq=0, topRop=null, topWop=null, toWrite=0, interested=0} to connect queue
2026-06-11 07:03:39.374 INFO net.spy.memcached.MemcachedConnection:  Added {QA sa=/127.0.0.1:11222, #Rops=0, #Wops=0, #iq=0, topRop=null, topWop=null, toWrite=0, interested=0} to connect queue
2026-06-11 07:03:39.374 INFO net.spy.memcached.MemcachedConnection:  Added {QA sa=/127.0.0.1:11222, #Rops=0, #Wops=0, #iq=0, topRop=null, topWop=null, toWrite=0, interested=0} to connect queue
2026-06-11 07:03:39.374 INFO net.spy.memcached.MemcachedConnection:  Added {QA sa=/127.0.0.1:11222, #Rops=0, #Wops=0, #iq=0, topRop=null, topWop=null, toWrite=0, interested=0} to connect queue
2026-06-11 07:03:39.375 INFO net.spy.memcached.MemcachedConnection:  Added {QA sa=/127.0.0.1:11222, #Rops=0, #Wops=0, #iq=0, topRop=null, topWop=null, toWrite=0, interested=0} to connect queue
2026-06-11 07:03:39.375 INFO net.spy.memcached.MemcachedConnection:  Added {QA sa=/127.0.0.1:11222, #Rops=0, #Wops=0, #iq=0, topRop=null, topWop=null, toWrite=0, interested=0} to connect queue
2026-06-11 07:03:39.376 INFO net.spy.memcached.MemcachedConnection:  Added {QA sa=/127.0.0.1:11222, #Rops=0, #Wops=0, #iq=0, topRop=null, topWop=null, toWrite=0, interested=0} to connect queue
2026-06-11 07:03:39.376 INFO net.spy.memcached.MemcachedConnection:  Added {QA sa=/127.0.0.1:11222, #Rops=0, #Wops=0, #iq=0, topRop=null, topWop=null, toWrite=0, interested=0} to connect queue
2026-06-11 07:03:39.376 INFO net.spy.memcached.MemcachedConnection:  Added {QA sa=/127.0.0.1:11222, #Rops=0, #Wops=0, #iq=0, topRop=null, topWop=null, toWrite=0, interested=0} to connect queue
2026-06-11 07:03:39.376 INFO net.spy.memcached.MemcachedConnection:  Added {QA sa=/127.0.0.1:11222, #Rops=0, #Wops=0, #iq=0, topRop=null, topWop=null, toWrite=0, interested=0} to connect queue
DBWrapper: report latency for each error is false and specific error codes to track for latency are: []
2026-06-11 07:03:39.377 INFO net.spy.memcached.MemcachedConnection:  Added {QA sa=/127.0.0.1:11222, #Rops=0, #Wops=0, #iq=0, topRop=null, topWop=null, toWrite=0, interested=0} to connect queue
DBWrapper: report latency for each error is false and specific error codes to track for latency are: []
DBWrapper: report latency for each error is false and specific error codes to track for latency are: []
DBWrapper: report latency for each error is false and specific error codes to track for latency are: []
DBWrapper: report latency for each error is false and specific error codes to track for latency are: []
DBWrapper: report latency for each error is false and specific error codes to track for latency are: []
2026-06-11 07:03:39.377 INFO net.spy.memcached.MemcachedConnection:  Added {QA sa=/127.0.0.1:11222, #Rops=0, #Wops=0, #iq=0, topRop=null, topWop=null, toWrite=0, interested=0} to connect queue
2026-06-11 07:03:39.378 INFO net.spy.memcached.MemcachedConnection:  Added {QA sa=/127.0.0.1:11222, #Rops=0, #Wops=0, #iq=0, topRop=null, topWop=null, toWrite=0, interested=0} to connect queue
DBWrapper: report latency for each error is false and specific error codes to track for latency are: []
2026-06-11 07:03:39.379 INFO net.spy.memcached.MemcachedConnection:  Added {QA sa=/127.0.0.1:11222, #Rops=0, #Wops=0, #iq=0, topRop=null, topWop=null, toWrite=0, interested=0} to connect queue
2026-06-11 07:03:39.379 INFO net.spy.memcached.MemcachedConnection:  Added {QA sa=/127.0.0.1:11222, #Rops=0, #Wops=0, #iq=0, topRop=null, topWop=null, toWrite=0, interested=0} to connect queue
DBWrapper: report latency for each error is false and specific error codes to track for latency are: []
2026-06-11 07:03:39.379 INFO net.spy.memcached.MemcachedConnection:  Added {QA sa=/127.0.0.1:11222, #Rops=0, #Wops=0, #iq=0, topRop=null, topWop=null, toWrite=0, interested=0} to connect queue
DBWrapper: report latency for each error is false and specific error codes to track for latency are: []
DBWrapper: report latency for each error is false and specific error codes to track for latency are: []
DBWrapper: report latency for each error is false and specific error codes to track for latency are: []
DBWrapper: report latency for each error is false and specific error codes to track for latency are: []
DBWrapper: report latency for each error is false and specific error codes to track for latency are: []
DBWrapper: report latency for each error is false and specific error codes to track for latency are: []
DBWrapper: report latency for each error is false and specific error codes to track for latency are: []
DBWrapper: report latency for each error is false and specific error codes to track for latency are: []
2026-06-11 07:03:49:291 10 sec: 573408 operations; 57340.8 current ops/sec; est completion in 4 hours 50 minutes [READ: Count=102884, Max=21023, Min=68, Avg=266.06, 90=395, 99=973, 99.9=3509, 99.99=10079] [UPDATE: Count=472248, Max=69055, Min=64, Avg=273.61, 90=409, 99=1078, 99.9=3541, 99.99=6411] 
2026-06-11 07:03:59:290 20 sec: 1319428 operations; 74602 current ops/sec; est completion in 4 hours 12 minutes [READ: Count=133863, Max=5327, Min=64, Avg=209.59, 90=282, 99=418, 99.9=2019, 99.99=3763] [UPDATE: Count=610821, Max=6659, Min=63, Avg=212.92, 90=288, 99=427, 99.9=2133, 99.99=3769] 
Maximum time elapsed. Requesting stop for the workload.
Stop requested for workload. Now Joining!
2026-06-11 07:04:09:291 30 sec: 2069346 operations; 74991.8 current ops/sec; est completion in 4 hours 1 minute [READ: Count=135215, Max=5415, Min=63, Avg=208.52, 90=281, 99=418, 99.9=1327, 99.99=3741] [UPDATE: Count=614423, Max=5695, Min=60, Avg=211.88, 90=287, 99=432, 99.9=1371, 99.99=3651] 
2026-06-11 07:04:09.305 INFO net.spy.memcached.MemcachedConnection:  Shut down memcached client
2026-06-11 07:04:09.306 INFO net.spy.memcached.MemcachedConnection:  Shut down memcached client
2026-06-11 07:04:09.306 INFO net.spy.memcached.MemcachedConnection:  Shut down memcached client
2026-06-11 07:04:09.306 INFO net.spy.memcached.MemcachedConnection:  Shut down memcached client
2026-06-11 07:04:09.306 INFO net.spy.memcached.MemcachedConnection:  Shut down memcached client
2026-06-11 07:04:09.306 INFO net.spy.memcached.MemcachedConnection:  Shut down memcached client
2026-06-11 07:04:09.307 INFO net.spy.memcached.MemcachedConnection:  Shut down memcached client
2026-06-11 07:04:09.307 INFO net.spy.memcached.MemcachedConnection:  Shut down memcached client
2026-06-11 07:04:09.307 INFO net.spy.memcached.MemcachedConnection:  Shut down memcached client
2026-06-11 07:04:09.308 INFO net.spy.memcached.MemcachedConnection:  Shut down memcached client
2026-06-11 07:04:09.308 INFO net.spy.memcached.MemcachedConnection:  Shut down memcached client
2026-06-11 07:04:09.308 INFO net.spy.memcached.MemcachedConnection:  Shut down memcached client
2026-06-11 07:04:09.309 INFO net.spy.memcached.MemcachedConnection:  Shut down memcached client
2026-06-11 07:04:09.309 INFO net.spy.memcached.MemcachedConnection:  Shut down memcached client
2026-06-11 07:04:09.310 INFO net.spy.memcached.MemcachedConnection:  Shut down memcached client
2026-06-11 07:04:09.310 INFO net.spy.memcached.MemcachedConnection:  Shut down memcached client
2026-06-11 07:04:09:307 30 sec: 2069454 operations; 6000 current ops/sec; est completion in 4 hours 1 minute [READ: Count=0, Max=0, Min=9223372036854775807, Avg=NaN, 90=0, 99=0, 99.9=0, 99.99=0] [CLEANUP: Count=16, Max=14455, Min=12704, Avg=13594.5, 90=14039, 99=14455, 99.9=14455, 99.99=14455] [UPDATE: Count=0, Max=0, Min=9223372036854775807, Avg=NaN, 90=0, 99=0, 99.9=0, 99.99=0] 
[OVERALL], RunTime(ms), 30018
[OVERALL], Throughput(ops/sec), 68940.43573855687
[TOTAL_GCS_G1_Young_Generation], Count, 48
[TOTAL_GC_TIME_G1_Young_Generation], Time(ms), 66
[TOTAL_GC_TIME_%_G1_Young_Generation], Time(%), 0.21986807915250847
[TOTAL_GCS_G1_Concurrent_GC], Count, 0
[TOTAL_GC_TIME_G1_Concurrent_GC], Time(ms), 0
[TOTAL_GC_TIME_%_G1_Concurrent_GC], Time(%), 0.0
[TOTAL_GCS_G1_Old_Generation], Count, 0
[TOTAL_GC_TIME_G1_Old_Generation], Time(ms), 0
[TOTAL_GC_TIME_%_G1_Old_Generation], Time(%), 0.0
[TOTAL_GCs], Count, 48
[TOTAL_GC_TIME], Time(ms), 66
[TOTAL_GC_TIME_%], Time(%), 0.21986807915250847
[READ], Operations, 371962
[READ], AverageLatency(us), 224.82148445271292
[READ], MinLatency(us), 63
[READ], MaxLatency(us), 21023
[READ], 95thPercentileLatency(us), 364
[READ], 99thPercentileLatency(us), 595
[READ], Return=OK, 371962
[CLEANUP], Operations, 16
[CLEANUP], AverageLatency(us), 13594.5
[CLEANUP], MinLatency(us), 12704
[CLEANUP], MaxLatency(us), 14455
[CLEANUP], 95thPercentileLatency(us), 14135
[CLEANUP], 99thPercentileLatency(us), 14455
[UPDATE], Operations, 1697492
[UPDATE], AverageLatency(us), 229.4274576846312
[UPDATE], MinLatency(us), 60
[UPDATE], MaxLatency(us), 69055
[UPDATE], 95thPercentileLatency(us), 374
[UPDATE], 99thPercentileLatency(us), 630
[UPDATE], Return=OK, 1697492
