/usr/bin/java  -classpath /home/morisaki/Application/ycsb-0.17.0/conf:/home/morisaki/Application/ycsb-0.17.0/lib/HdrHistogram-2.1.4.jar:/home/morisaki/Application/ycsb-0.17.0/lib/core-0.17.0.jar:/home/morisaki/Application/ycsb-0.17.0/lib/htrace-core4-4.1.0-incubating.jar:/home/morisaki/Application/ycsb-0.17.0/lib/jackson-core-asl-1.9.4.jar:/home/morisaki/Application/ycsb-0.17.0/lib/jackson-mapper-asl-1.9.4.jar:/home/morisaki/Application/ycsb-0.17.0/memcached-binding/lib/HdrHistogram-2.1.4.jar:/home/morisaki/Application/ycsb-0.17.0/memcached-binding/lib/core-0.17.0.jar:/home/morisaki/Application/ycsb-0.17.0/memcached-binding/lib/htrace-core4-4.1.0-incubating.jar:/home/morisaki/Application/ycsb-0.17.0/memcached-binding/lib/jackson-core-asl-1.9.4.jar:/home/morisaki/Application/ycsb-0.17.0/memcached-binding/lib/jackson-mapper-asl-1.9.13.jar:/home/morisaki/Application/ycsb-0.17.0/memcached-binding/lib/log4j-1.2.17.jar:/home/morisaki/Application/ycsb-0.17.0/memcached-binding/lib/memcached-binding-0.17.0.jar:/home/morisaki/Application/ycsb-0.17.0/memcached-binding/lib/spymemcached-2.11.4.jar site.ycsb.Client -t -db site.ycsb.db.MemcachedClient -s -P ./experiment/workloads/var_workload.dat -p memcached.hosts=127.0.0.1:11222 -p maxexecutiontime=30 -threads 16
Command line: -t -db site.ycsb.db.MemcachedClient -s -P ./experiment/workloads/var_workload.dat -p memcached.hosts=127.0.0.1:11222 -p maxexecutiontime=30 -threads 16
YCSB Client 0.17.0

Loading workload...
log4j:WARN No appenders could be found for logger (org.apache.htrace.core.Tracer).
log4j:WARN Please initialize the log4j system properly.
log4j:WARN See http://logging.apache.org/log4j/1.2/faq.html#noconfig for more info.
Starting test.
2026-06-11 06:52:13:915 0 sec: 0 operations; est completion in 0 second 
Maximum execution time specified as: 30 secs
2026-06-11 06:52:13.993 INFO net.spy.memcached.MemcachedConnection:  Added {QA sa=/127.0.0.1:11222, #Rops=0, #Wops=0, #iq=0, topRop=null, topWop=null, toWrite=0, interested=0} to connect queue
2026-06-11 06:52:13.993 INFO net.spy.memcached.MemcachedConnection:  Added {QA sa=/127.0.0.1:11222, #Rops=0, #Wops=0, #iq=0, topRop=null, topWop=null, toWrite=0, interested=0} to connect queue
2026-06-11 06:52:13.993 INFO net.spy.memcached.MemcachedConnection:  Added {QA sa=/127.0.0.1:11222, #Rops=0, #Wops=0, #iq=0, topRop=null, topWop=null, toWrite=0, interested=0} to connect queue
2026-06-11 06:52:13.993 INFO net.spy.memcached.MemcachedConnection:  Added {QA sa=/127.0.0.1:11222, #Rops=0, #Wops=0, #iq=0, topRop=null, topWop=null, toWrite=0, interested=0} to connect queue
2026-06-11 06:52:13.994 INFO net.spy.memcached.MemcachedConnection:  Added {QA sa=/127.0.0.1:11222, #Rops=0, #Wops=0, #iq=0, topRop=null, topWop=null, toWrite=0, interested=0} to connect queue
2026-06-11 06:52:13.995 INFO net.spy.memcached.MemcachedConnection:  Added {QA sa=/127.0.0.1:11222, #Rops=0, #Wops=0, #iq=0, topRop=null, topWop=null, toWrite=0, interested=0} to connect queue
2026-06-11 06:52:13.995 INFO net.spy.memcached.MemcachedConnection:  Added {QA sa=/127.0.0.1:11222, #Rops=0, #Wops=0, #iq=0, topRop=null, topWop=null, toWrite=0, interested=0} to connect queue
2026-06-11 06:52:13.995 INFO net.spy.memcached.MemcachedConnection:  Added {QA sa=/127.0.0.1:11222, #Rops=0, #Wops=0, #iq=0, topRop=null, topWop=null, toWrite=0, interested=0} to connect queue
2026-06-11 06:52:13.996 INFO net.spy.memcached.MemcachedConnection:  Added {QA sa=/127.0.0.1:11222, #Rops=0, #Wops=0, #iq=0, topRop=null, topWop=null, toWrite=0, interested=0} to connect queue
2026-06-11 06:52:13.996 INFO net.spy.memcached.MemcachedConnection:  Added {QA sa=/127.0.0.1:11222, #Rops=0, #Wops=0, #iq=0, topRop=null, topWop=null, toWrite=0, interested=0} to connect queue
DBWrapper: report latency for each error is false and specific error codes to track for latency are: []
DBWrapper: report latency for each error is false and specific error codes to track for latency are: []
2026-06-11 06:52:13.996 INFO net.spy.memcached.MemcachedConnection:  Added {QA sa=/127.0.0.1:11222, #Rops=0, #Wops=0, #iq=0, topRop=null, topWop=null, toWrite=0, interested=0} to connect queue
DBWrapper: report latency for each error is false and specific error codes to track for latency are: []
2026-06-11 06:52:13.997 INFO net.spy.memcached.MemcachedConnection:  Added {QA sa=/127.0.0.1:11222, #Rops=0, #Wops=0, #iq=0, topRop=null, topWop=null, toWrite=0, interested=0} to connect queue
DBWrapper: report latency for each error is false and specific error codes to track for latency are: []
2026-06-11 06:52:13.997 INFO net.spy.memcached.MemcachedConnection:  Added {QA sa=/127.0.0.1:11222, #Rops=0, #Wops=0, #iq=0, topRop=null, topWop=null, toWrite=0, interested=0} to connect queue
DBWrapper: report latency for each error is false and specific error codes to track for latency are: []
2026-06-11 06:52:13.998 INFO net.spy.memcached.MemcachedConnection:  Added {QA sa=/127.0.0.1:11222, #Rops=0, #Wops=0, #iq=0, topRop=null, topWop=null, toWrite=0, interested=0} to connect queue
2026-06-11 06:52:13.998 INFO net.spy.memcached.MemcachedConnection:  Added {QA sa=/127.0.0.1:11222, #Rops=0, #Wops=0, #iq=0, topRop=null, topWop=null, toWrite=0, interested=0} to connect queue
DBWrapper: report latency for each error is false and specific error codes to track for latency are: []
DBWrapper: report latency for each error is false and specific error codes to track for latency are: []
2026-06-11 06:52:13.999 INFO net.spy.memcached.MemcachedConnection:  Added {QA sa=/127.0.0.1:11222, #Rops=0, #Wops=0, #iq=0, topRop=null, topWop=null, toWrite=0, interested=0} to connect queue
DBWrapper: report latency for each error is false and specific error codes to track for latency are: []
DBWrapper: report latency for each error is false and specific error codes to track for latency are: []
DBWrapper: report latency for each error is false and specific error codes to track for latency are: []
DBWrapper: report latency for each error is false and specific error codes to track for latency are: []
DBWrapper: report latency for each error is false and specific error codes to track for latency are: []
DBWrapper: report latency for each error is false and specific error codes to track for latency are: []
DBWrapper: report latency for each error is false and specific error codes to track for latency are: []
DBWrapper: report latency for each error is false and specific error codes to track for latency are: []
DBWrapper: report latency for each error is false and specific error codes to track for latency are: []
2026-06-11 06:52:23:915 10 sec: 581822 operations; 58182.2 current ops/sec; est completion in 4 hours 46 minutes [READ: Count=104578, Max=29887, Min=66, Avg=263.23, 90=400, 99=980, 99.9=3325, 99.99=6227] [UPDATE: Count=478481, Max=65791, Min=61, Avg=270.13, 90=412, 99=1153, 99.9=3401, 99.99=6479] 
2026-06-11 06:52:33:915 20 sec: 1346376 operations; 76455.4 current ops/sec; est completion in 4 hours 7 minutes [READ: Count=137509, Max=5031, Min=66, Avg=205.61, 90=277, 99=373, 99.9=1016, 99.99=3269] [UPDATE: Count=626333, Max=5707, Min=64, Avg=207.66, 90=281, 99=384, 99.9=1131, 99.99=3353] 
Maximum time elapsed. Requesting stop for the workload.
Stop requested for workload. Now Joining!
2026-06-11 06:52:43:915 30 sec: 2119914 operations; 77353.8 current ops/sec; est completion in 3 hours 55 minutes [READ: Count=139568, Max=3839, Min=66, Avg=203.48, 90=274, 99=363, 99.9=792, 99.99=2971] [UPDATE: Count=633563, Max=4171, Min=64, Avg=205.18, 90=278, 99=374, 99.9=834, 99.99=2651] 
2026-06-11 06:52:43.940 INFO net.spy.memcached.MemcachedConnection:  Shut down memcached client
2026-06-11 06:52:43.940 INFO net.spy.memcached.MemcachedConnection:  Shut down memcached client
2026-06-11 06:52:43.941 INFO net.spy.memcached.MemcachedConnection:  Shut down memcached client
2026-06-11 06:52:43.941 INFO net.spy.memcached.MemcachedConnection:  Shut down memcached client
2026-06-11 06:52:43.941 INFO net.spy.memcached.MemcachedConnection:  Shut down memcached client
2026-06-11 06:52:43.941 INFO net.spy.memcached.MemcachedConnection:  Shut down memcached client
2026-06-11 06:52:43.941 INFO net.spy.memcached.MemcachedConnection:  Shut down memcached client
2026-06-11 06:52:43.942 INFO net.spy.memcached.MemcachedConnection:  Shut down memcached client
2026-06-11 06:52:43.942 INFO net.spy.memcached.MemcachedConnection:  Shut down memcached client
2026-06-11 06:52:43.943 INFO net.spy.memcached.MemcachedConnection:  Shut down memcached client
2026-06-11 06:52:43.943 INFO net.spy.memcached.MemcachedConnection:  Shut down memcached client
2026-06-11 06:52:43.943 INFO net.spy.memcached.MemcachedConnection:  Shut down memcached client
2026-06-11 06:52:43.943 INFO net.spy.memcached.MemcachedConnection:  Shut down memcached client
2026-06-11 06:52:43.944 INFO net.spy.memcached.MemcachedConnection:  Shut down memcached client
2026-06-11 06:52:43.944 INFO net.spy.memcached.MemcachedConnection:  Shut down memcached client
2026-06-11 06:52:43.944 INFO net.spy.memcached.MemcachedConnection:  Shut down memcached client
2026-06-11 06:52:43:941 30 sec: 2120063 operations; 5730.77 current ops/sec; est completion in 3 hours 55 minutes [READ: Count=31, Max=1073, Min=137, Avg=242.19, 90=395, 99=1073, 99.9=1073, 99.99=1073] [CLEANUP: Count=16, Max=23695, Min=22448, Avg=23000, 90=23359, 99=23695, 99.9=23695, 99.99=23695] [UPDATE: Count=0, Max=0, Min=9223372036854775807, Avg=NaN, 90=0, 99=0, 99.9=0, 99.99=0] 
[OVERALL], RunTime(ms), 30026
[OVERALL], Throughput(ops/sec), 70607.57343635516
[TOTAL_GCS_G1_Young_Generation], Count, 48
[TOTAL_GC_TIME_G1_Young_Generation], Time(ms), 60
[TOTAL_GC_TIME_%_G1_Young_Generation], Time(%), 0.19982681675880903
[TOTAL_GCS_G1_Concurrent_GC], Count, 0
[TOTAL_GC_TIME_G1_Concurrent_GC], Time(ms), 0
[TOTAL_GC_TIME_%_G1_Concurrent_GC], Time(%), 0.0
[TOTAL_GCS_G1_Old_Generation], Count, 0
[TOTAL_GC_TIME_G1_Old_Generation], Time(ms), 0
[TOTAL_GC_TIME_%_G1_Old_Generation], Time(%), 0.0
[TOTAL_GCs], Count, 48
[TOTAL_GC_TIME], Time(ms), 60
[TOTAL_GC_TIME_%], Time(%), 0.19982681675880903
[READ], Operations, 381686
[READ], AverageLatency(us), 220.6236015992203
[READ], MinLatency(us), 66
[READ], MaxLatency(us), 29887
[READ], 95thPercentileLatency(us), 348
[READ], 99thPercentileLatency(us), 605
[READ], Return=OK, 381686
[CLEANUP], Operations, 16
[CLEANUP], AverageLatency(us), 23000.0
[CLEANUP], MinLatency(us), 22448
[CLEANUP], MaxLatency(us), 23695
[CLEANUP], 95thPercentileLatency(us), 23503
[CLEANUP], 99thPercentileLatency(us), 23695
[UPDATE], Operations, 1738377
[UPDATE], AverageLatency(us), 223.9499809304886
[UPDATE], MinLatency(us), 61
[UPDATE], MaxLatency(us), 65791
[UPDATE], 95thPercentileLatency(us), 355
[UPDATE], 99thPercentileLatency(us), 643
[UPDATE], Return=OK, 1738377
