/usr/bin/java  -classpath /home/morisaki/Application/ycsb-0.17.0/conf:/home/morisaki/Application/ycsb-0.17.0/lib/HdrHistogram-2.1.4.jar:/home/morisaki/Application/ycsb-0.17.0/lib/core-0.17.0.jar:/home/morisaki/Application/ycsb-0.17.0/lib/htrace-core4-4.1.0-incubating.jar:/home/morisaki/Application/ycsb-0.17.0/lib/jackson-core-asl-1.9.4.jar:/home/morisaki/Application/ycsb-0.17.0/lib/jackson-mapper-asl-1.9.4.jar:/home/morisaki/Application/ycsb-0.17.0/memcached-binding/lib/HdrHistogram-2.1.4.jar:/home/morisaki/Application/ycsb-0.17.0/memcached-binding/lib/core-0.17.0.jar:/home/morisaki/Application/ycsb-0.17.0/memcached-binding/lib/htrace-core4-4.1.0-incubating.jar:/home/morisaki/Application/ycsb-0.17.0/memcached-binding/lib/jackson-core-asl-1.9.4.jar:/home/morisaki/Application/ycsb-0.17.0/memcached-binding/lib/jackson-mapper-asl-1.9.13.jar:/home/morisaki/Application/ycsb-0.17.0/memcached-binding/lib/log4j-1.2.17.jar:/home/morisaki/Application/ycsb-0.17.0/memcached-binding/lib/memcached-binding-0.17.0.jar:/home/morisaki/Application/ycsb-0.17.0/memcached-binding/lib/spymemcached-2.11.4.jar site.ycsb.Client -t -db site.ycsb.db.MemcachedClient -s -P ./experiment/workloads/var_workload.dat -p memcached.hosts=127.0.0.1:11222 -p maxexecutiontime=30 -threads 16
Command line: -t -db site.ycsb.db.MemcachedClient -s -P ./experiment/workloads/var_workload.dat -p memcached.hosts=127.0.0.1:11222 -p maxexecutiontime=30 -threads 16
YCSB Client 0.17.0

Loading workload...
log4j:WARN No appenders could be found for logger (org.apache.htrace.core.Tracer).
log4j:WARN Please initialize the log4j system properly.
log4j:WARN See http://logging.apache.org/log4j/1.2/faq.html#noconfig for more info.
Starting test.
2026-06-11 06:44:56:593 0 sec: 0 operations; est completion in 0 second 
Maximum execution time specified as: 30 secs
2026-06-11 06:44:56.672 INFO net.spy.memcached.MemcachedConnection:  Added {QA sa=/127.0.0.1:11222, #Rops=0, #Wops=0, #iq=0, topRop=null, topWop=null, toWrite=0, interested=0} to connect queue
2026-06-11 06:44:56.672 INFO net.spy.memcached.MemcachedConnection:  Added {QA sa=/127.0.0.1:11222, #Rops=0, #Wops=0, #iq=0, topRop=null, topWop=null, toWrite=0, interested=0} to connect queue
2026-06-11 06:44:56.673 INFO net.spy.memcached.MemcachedConnection:  Added {QA sa=/127.0.0.1:11222, #Rops=0, #Wops=0, #iq=0, topRop=null, topWop=null, toWrite=0, interested=0} to connect queue
2026-06-11 06:44:56.673 INFO net.spy.memcached.MemcachedConnection:  Added {QA sa=/127.0.0.1:11222, #Rops=0, #Wops=0, #iq=0, topRop=null, topWop=null, toWrite=0, interested=0} to connect queue
2026-06-11 06:44:56.673 INFO net.spy.memcached.MemcachedConnection:  Added {QA sa=/127.0.0.1:11222, #Rops=0, #Wops=0, #iq=0, topRop=null, topWop=null, toWrite=0, interested=0} to connect queue
2026-06-11 06:44:56.674 INFO net.spy.memcached.MemcachedConnection:  Added {QA sa=/127.0.0.1:11222, #Rops=0, #Wops=0, #iq=0, topRop=null, topWop=null, toWrite=0, interested=0} to connect queue
2026-06-11 06:44:56.674 INFO net.spy.memcached.MemcachedConnection:  Added {QA sa=/127.0.0.1:11222, #Rops=0, #Wops=0, #iq=0, topRop=null, topWop=null, toWrite=0, interested=0} to connect queue
2026-06-11 06:44:56.674 INFO net.spy.memcached.MemcachedConnection:  Added {QA sa=/127.0.0.1:11222, #Rops=0, #Wops=0, #iq=0, topRop=null, topWop=null, toWrite=0, interested=0} to connect queue
2026-06-11 06:44:56.674 INFO net.spy.memcached.MemcachedConnection:  Added {QA sa=/127.0.0.1:11222, #Rops=0, #Wops=0, #iq=0, topRop=null, topWop=null, toWrite=0, interested=0} to connect queue
2026-06-11 06:44:56.675 INFO net.spy.memcached.MemcachedConnection:  Added {QA sa=/127.0.0.1:11222, #Rops=0, #Wops=0, #iq=0, topRop=null, topWop=null, toWrite=0, interested=0} to connect queue
DBWrapper: report latency for each error is false and specific error codes to track for latency are: []
2026-06-11 06:44:56.675 INFO net.spy.memcached.MemcachedConnection:  Added {QA sa=/127.0.0.1:11222, #Rops=0, #Wops=0, #iq=0, topRop=null, topWop=null, toWrite=0, interested=0} to connect queue
DBWrapper: report latency for each error is false and specific error codes to track for latency are: []
DBWrapper: report latency for each error is false and specific error codes to track for latency are: []
2026-06-11 06:44:56.676 INFO net.spy.memcached.MemcachedConnection:  Added {QA sa=/127.0.0.1:11222, #Rops=0, #Wops=0, #iq=0, topRop=null, topWop=null, toWrite=0, interested=0} to connect queue
DBWrapper: report latency for each error is false and specific error codes to track for latency are: []
2026-06-11 06:44:56.676 INFO net.spy.memcached.MemcachedConnection:  Added {QA sa=/127.0.0.1:11222, #Rops=0, #Wops=0, #iq=0, topRop=null, topWop=null, toWrite=0, interested=0} to connect queue
DBWrapper: report latency for each error is false and specific error codes to track for latency are: []
DBWrapper: report latency for each error is false and specific error codes to track for latency are: []
2026-06-11 06:44:56.677 INFO net.spy.memcached.MemcachedConnection:  Added {QA sa=/127.0.0.1:11222, #Rops=0, #Wops=0, #iq=0, topRop=null, topWop=null, toWrite=0, interested=0} to connect queue
2026-06-11 06:44:56.677 INFO net.spy.memcached.MemcachedConnection:  Added {QA sa=/127.0.0.1:11222, #Rops=0, #Wops=0, #iq=0, topRop=null, topWop=null, toWrite=0, interested=0} to connect queue
DBWrapper: report latency for each error is false and specific error codes to track for latency are: []
DBWrapper: report latency for each error is false and specific error codes to track for latency are: []
2026-06-11 06:44:56.677 INFO net.spy.memcached.MemcachedConnection:  Added {QA sa=/127.0.0.1:11222, #Rops=0, #Wops=0, #iq=0, topRop=null, topWop=null, toWrite=0, interested=0} to connect queue
DBWrapper: report latency for each error is false and specific error codes to track for latency are: []
DBWrapper: report latency for each error is false and specific error codes to track for latency are: []
DBWrapper: report latency for each error is false and specific error codes to track for latency are: []
DBWrapper: report latency for each error is false and specific error codes to track for latency are: []
DBWrapper: report latency for each error is false and specific error codes to track for latency are: []
DBWrapper: report latency for each error is false and specific error codes to track for latency are: []
DBWrapper: report latency for each error is false and specific error codes to track for latency are: []
DBWrapper: report latency for each error is false and specific error codes to track for latency are: []
2026-06-11 06:45:06:593 10 sec: 574358 operations; 57435.8 current ops/sec; est completion in 4 hours 50 minutes [READ: Count=103239, Max=25439, Min=68, Avg=267.82, 90=401, 99=986, 99.9=3383, 99.99=5427] [UPDATE: Count=472055, Max=63455, Min=62, Avg=273.78, 90=414, 99=1029, 99.9=3545, 99.99=6555] 
2026-06-11 06:45:16:594 20 sec: 1345806 operations; 77144.8 current ops/sec; est completion in 4 hours 7 minutes [READ: Count=138769, Max=5763, Min=65, Avg=203.72, 90=274, 99=368, 99.9=1027, 99.99=3279] [UPDATE: Count=632034, Max=9519, Min=62, Avg=205.76, 90=278, 99=379, 99.9=975, 99.99=3417] 
Maximum time elapsed. Requesting stop for the workload.
Stop requested for workload. Now Joining!
2026-06-11 06:45:26:593 30 sec: 2111983 operations; 76617.7 current ops/sec; est completion in 3 hours 56 minutes [READ: Count=137889, Max=8911, Min=65, Avg=205.13, 90=276, 99=374, 99.9=1106, 99.99=3765] [UPDATE: Count=628137, Max=13239, Min=61, Avg=207.26, 90=281, 99=386, 99.9=1159, 99.99=3551] 
2026-06-11 06:45:26.606 INFO net.spy.memcached.MemcachedConnection:  Shut down memcached client
2026-06-11 06:45:26.606 INFO net.spy.memcached.MemcachedConnection:  Shut down memcached client
2026-06-11 06:45:26.607 INFO net.spy.memcached.MemcachedConnection:  Shut down memcached client
2026-06-11 06:45:26.607 INFO net.spy.memcached.MemcachedConnection:  Shut down memcached client
2026-06-11 06:45:26.607 INFO net.spy.memcached.MemcachedConnection:  Shut down memcached client
2026-06-11 06:45:26.607 INFO net.spy.memcached.MemcachedConnection:  Shut down memcached client
2026-06-11 06:45:26.607 INFO net.spy.memcached.MemcachedConnection:  Shut down memcached client
2026-06-11 06:45:26.608 INFO net.spy.memcached.MemcachedConnection:  Shut down memcached client
2026-06-11 06:45:26.608 INFO net.spy.memcached.MemcachedConnection:  Shut down memcached client
2026-06-11 06:45:26.610 INFO net.spy.memcached.MemcachedConnection:  Shut down memcached client
2026-06-11 06:45:26.610 INFO net.spy.memcached.MemcachedConnection:  Shut down memcached client
2026-06-11 06:45:26.610 INFO net.spy.memcached.MemcachedConnection:  Shut down memcached client
2026-06-11 06:45:26.610 INFO net.spy.memcached.MemcachedConnection:  Shut down memcached client
2026-06-11 06:45:26:607 30 sec: 2112135 operations; 11692.31 current ops/sec; est completion in 3 hours 56 minutes [READ: Count=11, Max=775, Min=107, Avg=300.64, 90=744, 99=775, 99.9=775, 99.99=775] [CLEANUP: Count=16, Max=11023, Min=8752, Avg=10212, 90=10775, 99=11023, 99.9=11023, 99.99=11023] [UPDATE: Count=1, Max=2431, Min=2430, Avg=2431, 90=2431, 99=2431, 99.9=2431, 99.99=2431] 
2026-06-11 06:45:26.611 INFO net.spy.memcached.MemcachedConnection:  Shut down memcached client
2026-06-11 06:45:26.611 INFO net.spy.memcached.MemcachedConnection:  Shut down memcached client
2026-06-11 06:45:26.611 INFO net.spy.memcached.MemcachedConnection:  Shut down memcached client
[OVERALL], RunTime(ms), 30014
[OVERALL], Throughput(ops/sec), 70371.65989205037
[TOTAL_GCS_G1_Young_Generation], Count, 47
[TOTAL_GC_TIME_G1_Young_Generation], Time(ms), 69
[TOTAL_GC_TIME_%_G1_Young_Generation], Time(%), 0.22989271673219164
[TOTAL_GCS_G1_Concurrent_GC], Count, 0
[TOTAL_GC_TIME_G1_Concurrent_GC], Time(ms), 0
[TOTAL_GC_TIME_%_G1_Concurrent_GC], Time(%), 0.0
[TOTAL_GCS_G1_Old_Generation], Count, 0
[TOTAL_GC_TIME_G1_Old_Generation], Time(ms), 0
[TOTAL_GC_TIME_%_G1_Old_Generation], Time(%), 0.0
[TOTAL_GCs], Count, 47
[TOTAL_GC_TIME], Time(ms), 69
[TOTAL_GC_TIME_%], Time(%), 0.22989271673219164
[READ], Operations, 379908
[READ], AverageLatency(us), 221.65159459658653
[READ], MinLatency(us), 65
[READ], MaxLatency(us), 25439
[READ], 95thPercentileLatency(us), 355
[READ], 99thPercentileLatency(us), 589
[READ], Return=OK, 379908
[CLEANUP], Operations, 16
[CLEANUP], AverageLatency(us), 10212.0
[CLEANUP], MinLatency(us), 8752
[CLEANUP], MaxLatency(us), 11023
[CLEANUP], 95thPercentileLatency(us), 10815
[CLEANUP], 99thPercentileLatency(us), 11023
[UPDATE], Operations, 1732227
[UPDATE], AverageLatency(us), 224.83831102967451
[UPDATE], MinLatency(us), 61
[UPDATE], MaxLatency(us), 63455
[UPDATE], 95thPercentileLatency(us), 364
[UPDATE], 99thPercentileLatency(us), 605
[UPDATE], Return=OK, 1732227
