/usr/bin/java  -classpath /home/morisaki/Application/ycsb-0.17.0/conf:/home/morisaki/Application/ycsb-0.17.0/lib/HdrHistogram-2.1.4.jar:/home/morisaki/Application/ycsb-0.17.0/lib/core-0.17.0.jar:/home/morisaki/Application/ycsb-0.17.0/lib/htrace-core4-4.1.0-incubating.jar:/home/morisaki/Application/ycsb-0.17.0/lib/jackson-core-asl-1.9.4.jar:/home/morisaki/Application/ycsb-0.17.0/lib/jackson-mapper-asl-1.9.4.jar:/home/morisaki/Application/ycsb-0.17.0/memcached-binding/lib/HdrHistogram-2.1.4.jar:/home/morisaki/Application/ycsb-0.17.0/memcached-binding/lib/core-0.17.0.jar:/home/morisaki/Application/ycsb-0.17.0/memcached-binding/lib/htrace-core4-4.1.0-incubating.jar:/home/morisaki/Application/ycsb-0.17.0/memcached-binding/lib/jackson-core-asl-1.9.4.jar:/home/morisaki/Application/ycsb-0.17.0/memcached-binding/lib/jackson-mapper-asl-1.9.13.jar:/home/morisaki/Application/ycsb-0.17.0/memcached-binding/lib/log4j-1.2.17.jar:/home/morisaki/Application/ycsb-0.17.0/memcached-binding/lib/memcached-binding-0.17.0.jar:/home/morisaki/Application/ycsb-0.17.0/memcached-binding/lib/spymemcached-2.11.4.jar site.ycsb.Client -t -db site.ycsb.db.MemcachedClient -s -P ./experiment/workloads/var_workload.dat -p memcached.hosts=127.0.0.1:11222 -p maxexecutiontime=30 -threads 16
Command line: -t -db site.ycsb.db.MemcachedClient -s -P ./experiment/workloads/var_workload.dat -p memcached.hosts=127.0.0.1:11222 -p maxexecutiontime=30 -threads 16
YCSB Client 0.17.0

Loading workload...
log4j:WARN No appenders could be found for logger (org.apache.htrace.core.Tracer).
log4j:WARN Please initialize the log4j system properly.
log4j:WARN See http://logging.apache.org/log4j/1.2/faq.html#noconfig for more info.
Starting test.
2026-06-11 06:46:58:594 0 sec: 0 operations; est completion in 0 second 
Maximum execution time specified as: 30 secs
2026-06-11 06:46:58.679 INFO net.spy.memcached.MemcachedConnection:  Added {QA sa=/127.0.0.1:11222, #Rops=0, #Wops=0, #iq=0, topRop=null, topWop=null, toWrite=0, interested=0} to connect queue
2026-06-11 06:46:58.679 INFO net.spy.memcached.MemcachedConnection:  Added {QA sa=/127.0.0.1:11222, #Rops=0, #Wops=0, #iq=0, topRop=null, topWop=null, toWrite=0, interested=0} to connect queue
2026-06-11 06:46:58.680 INFO net.spy.memcached.MemcachedConnection:  Added {QA sa=/127.0.0.1:11222, #Rops=0, #Wops=0, #iq=0, topRop=null, topWop=null, toWrite=0, interested=0} to connect queue
2026-06-11 06:46:58.680 INFO net.spy.memcached.MemcachedConnection:  Added {QA sa=/127.0.0.1:11222, #Rops=0, #Wops=0, #iq=0, topRop=null, topWop=null, toWrite=0, interested=0} to connect queue
2026-06-11 06:46:58.680 INFO net.spy.memcached.MemcachedConnection:  Added {QA sa=/127.0.0.1:11222, #Rops=0, #Wops=0, #iq=0, topRop=null, topWop=null, toWrite=0, interested=0} to connect queue
2026-06-11 06:46:58.679 INFO net.spy.memcached.MemcachedConnection:  Added {QA sa=/127.0.0.1:11222, #Rops=0, #Wops=0, #iq=0, topRop=null, topWop=null, toWrite=0, interested=0} to connect queue
2026-06-11 06:46:58.683 INFO net.spy.memcached.MemcachedConnection:  Added {QA sa=/127.0.0.1:11222, #Rops=0, #Wops=0, #iq=0, topRop=null, topWop=null, toWrite=0, interested=0} to connect queue
2026-06-11 06:46:58.685 INFO net.spy.memcached.MemcachedConnection:  Added {QA sa=/127.0.0.1:11222, #Rops=0, #Wops=0, #iq=0, topRop=null, topWop=null, toWrite=0, interested=0} to connect queue
DBWrapper: report latency for each error is false and specific error codes to track for latency are: []
2026-06-11 06:46:58.685 INFO net.spy.memcached.MemcachedConnection:  Added {QA sa=/127.0.0.1:11222, #Rops=0, #Wops=0, #iq=0, topRop=null, topWop=null, toWrite=0, interested=0} to connect queue
2026-06-11 06:46:58.685 INFO net.spy.memcached.MemcachedConnection:  Added {QA sa=/127.0.0.1:11222, #Rops=0, #Wops=0, #iq=0, topRop=null, topWop=null, toWrite=0, interested=0} to connect queue
DBWrapper: report latency for each error is false and specific error codes to track for latency are: []
2026-06-11 06:46:58.686 INFO net.spy.memcached.MemcachedConnection:  Added {QA sa=/127.0.0.1:11222, #Rops=0, #Wops=0, #iq=0, topRop=null, topWop=null, toWrite=0, interested=0} to connect queue
DBWrapper: report latency for each error is false and specific error codes to track for latency are: []
2026-06-11 06:46:58.686 INFO net.spy.memcached.MemcachedConnection:  Added {QA sa=/127.0.0.1:11222, #Rops=0, #Wops=0, #iq=0, topRop=null, topWop=null, toWrite=0, interested=0} to connect queue
DBWrapper: report latency for each error is false and specific error codes to track for latency are: []
DBWrapper: report latency for each error is false and specific error codes to track for latency are: []
2026-06-11 06:46:58.687 INFO net.spy.memcached.MemcachedConnection:  Added {QA sa=/127.0.0.1:11222, #Rops=0, #Wops=0, #iq=0, topRop=null, topWop=null, toWrite=0, interested=0} to connect queue
DBWrapper: report latency for each error is false and specific error codes to track for latency are: []
DBWrapper: report latency for each error is false and specific error codes to track for latency are: []
DBWrapper: report latency for each error is false and specific error codes to track for latency are: []
2026-06-11 06:46:58.689 INFO net.spy.memcached.MemcachedConnection:  Added {QA sa=/127.0.0.1:11222, #Rops=0, #Wops=0, #iq=0, topRop=null, topWop=null, toWrite=0, interested=0} to connect queue
DBWrapper: report latency for each error is false and specific error codes to track for latency are: []
DBWrapper: report latency for each error is false and specific error codes to track for latency are: []
DBWrapper: report latency for each error is false and specific error codes to track for latency are: []
DBWrapper: report latency for each error is false and specific error codes to track for latency are: []
2026-06-11 06:46:58.691 INFO net.spy.memcached.MemcachedConnection:  Added {QA sa=/127.0.0.1:11222, #Rops=0, #Wops=0, #iq=0, topRop=null, topWop=null, toWrite=0, interested=0} to connect queue
DBWrapper: report latency for each error is false and specific error codes to track for latency are: []
DBWrapper: report latency for each error is false and specific error codes to track for latency are: []
DBWrapper: report latency for each error is false and specific error codes to track for latency are: []
2026-06-11 06:46:58.691 INFO net.spy.memcached.MemcachedConnection:  Added {QA sa=/127.0.0.1:11222, #Rops=0, #Wops=0, #iq=0, topRop=null, topWop=null, toWrite=0, interested=0} to connect queue
DBWrapper: report latency for each error is false and specific error codes to track for latency are: []
2026-06-11 06:47:08:594 10 sec: 578241 operations; 57824.1 current ops/sec; est completion in 4 hours 48 minutes [READ: Count=104579, Max=32687, Min=62, Avg=261.63, 90=377, 99=1100, 99.9=3721, 99.99=6215] [UPDATE: Count=474825, Max=67199, Min=60, Avg=272.31, 90=394, 99=1281, 99.9=3783, 99.99=6991] 
2026-06-11 06:47:18:595 20 sec: 1336638 operations; 75839.7 current ops/sec; est completion in 4 hours 9 minutes [READ: Count=136200, Max=4823, Min=60, Avg=206.33, 90=280, 99=394, 99.9=1205, 99.99=3221] [UPDATE: Count=621159, Max=11383, Min=63, Avg=209.39, 90=285, 99=403, 99.9=1184, 99.99=3477] 
Maximum time elapsed. Requesting stop for the workload.
Stop requested for workload. Now Joining!
2026-06-11 06:47:28:594 30 sec: 2098579 operations; 76194.1 current ops/sec; est completion in 3 hours 57 minutes [READ: Count=137558, Max=6599, Min=62, Avg=204.94, 90=277, 99=387, 99.9=1065, 99.99=3099] [UPDATE: Count=624434, Max=6619, Min=62, Avg=208.61, 90=283, 99=402, 99.9=1131, 99.99=3369] 
2026-06-11 06:47:28.604 INFO net.spy.memcached.MemcachedConnection:  Shut down memcached client
2026-06-11 06:47:28.604 INFO net.spy.memcached.MemcachedConnection:  Shut down memcached client
2026-06-11 06:47:28.605 INFO net.spy.memcached.MemcachedConnection:  Shut down memcached client
2026-06-11 06:47:28.605 INFO net.spy.memcached.MemcachedConnection:  Shut down memcached client
2026-06-11 06:47:28.606 INFO net.spy.memcached.MemcachedConnection:  Shut down memcached client
2026-06-11 06:47:28.606 INFO net.spy.memcached.MemcachedConnection:  Shut down memcached client
2026-06-11 06:47:28.606 INFO net.spy.memcached.MemcachedConnection:  Shut down memcached client
2026-06-11 06:47:28.606 INFO net.spy.memcached.MemcachedConnection:  Shut down memcached client
2026-06-11 06:47:28.607 INFO net.spy.memcached.MemcachedConnection:  Shut down memcached client
2026-06-11 06:47:28.607 INFO net.spy.memcached.MemcachedConnection:  Shut down memcached client
2026-06-11 06:47:28.607 INFO net.spy.memcached.MemcachedConnection:  Shut down memcached client
2026-06-11 06:47:28.608 INFO net.spy.memcached.MemcachedConnection:  Shut down memcached client
2026-06-11 06:47:28.608 INFO net.spy.memcached.MemcachedConnection:  Shut down memcached client
2026-06-11 06:47:28.608 INFO net.spy.memcached.MemcachedConnection:  Shut down memcached client
2026-06-11 06:47:28.608 INFO net.spy.memcached.MemcachedConnection:  Shut down memcached client
2026-06-11 06:47:28.608 INFO net.spy.memcached.MemcachedConnection:  Shut down memcached client
2026-06-11 06:47:28:606 30 sec: 2098780 operations; 18272.73 current ops/sec; est completion in 3 hours 57 minutes [READ: Count=25, Max=1508, Min=91, Avg=308.56, 90=716, 99=1508, 99.9=1508, 99.99=1508] [CLEANUP: Count=16, Max=7351, Min=6380, Avg=6924, 90=7259, 99=7351, 99.9=7351, 99.99=7351] [UPDATE: Count=0, Max=0, Min=9223372036854775807, Avg=NaN, 90=0, 99=0, 99.9=0, 99.99=0] 
[OVERALL], RunTime(ms), 30012
[OVERALL], Throughput(ops/sec), 69931.36078901772
[TOTAL_GCS_G1_Young_Generation], Count, 48
[TOTAL_GC_TIME_G1_Young_Generation], Time(ms), 65
[TOTAL_GC_TIME_%_G1_Young_Generation], Time(%), 0.21658003465280556
[TOTAL_GCS_G1_Concurrent_GC], Count, 0
[TOTAL_GC_TIME_G1_Concurrent_GC], Time(ms), 0
[TOTAL_GC_TIME_%_G1_Concurrent_GC], Time(%), 0.0
[TOTAL_GCS_G1_Old_Generation], Count, 0
[TOTAL_GC_TIME_G1_Old_Generation], Time(ms), 0
[TOTAL_GC_TIME_%_G1_Old_Generation], Time(%), 0.0
[TOTAL_GCs], Count, 48
[TOTAL_GC_TIME], Time(ms), 65
[TOTAL_GC_TIME_%], Time(%), 0.21658003465280556
[READ], Operations, 378362
[READ], AverageLatency(us), 221.11502212167184
[READ], MinLatency(us), 60
[READ], MaxLatency(us), 32687
[READ], 95thPercentileLatency(us), 348
[READ], 99thPercentileLatency(us), 606
[READ], Return=OK, 378362
[CLEANUP], Operations, 16
[CLEANUP], AverageLatency(us), 6924.0
[CLEANUP], MinLatency(us), 6380
[CLEANUP], MaxLatency(us), 7351
[CLEANUP], 95thPercentileLatency(us), 7315
[CLEANUP], 99thPercentileLatency(us), 7351
[UPDATE], Operations, 1720418
[UPDATE], AverageLatency(us), 226.47171733846076
[UPDATE], MinLatency(us), 60
[UPDATE], MaxLatency(us), 67199
[UPDATE], 95thPercentileLatency(us), 358
[UPDATE], 99thPercentileLatency(us), 664
[UPDATE], Return=OK, 1720418
