/usr/bin/java  -classpath /home/morisaki/Application/ycsb-0.17.0/conf:/home/morisaki/Application/ycsb-0.17.0/lib/HdrHistogram-2.1.4.jar:/home/morisaki/Application/ycsb-0.17.0/lib/core-0.17.0.jar:/home/morisaki/Application/ycsb-0.17.0/lib/htrace-core4-4.1.0-incubating.jar:/home/morisaki/Application/ycsb-0.17.0/lib/jackson-core-asl-1.9.4.jar:/home/morisaki/Application/ycsb-0.17.0/lib/jackson-mapper-asl-1.9.4.jar:/home/morisaki/Application/ycsb-0.17.0/memcached-binding/lib/HdrHistogram-2.1.4.jar:/home/morisaki/Application/ycsb-0.17.0/memcached-binding/lib/core-0.17.0.jar:/home/morisaki/Application/ycsb-0.17.0/memcached-binding/lib/htrace-core4-4.1.0-incubating.jar:/home/morisaki/Application/ycsb-0.17.0/memcached-binding/lib/jackson-core-asl-1.9.4.jar:/home/morisaki/Application/ycsb-0.17.0/memcached-binding/lib/jackson-mapper-asl-1.9.13.jar:/home/morisaki/Application/ycsb-0.17.0/memcached-binding/lib/log4j-1.2.17.jar:/home/morisaki/Application/ycsb-0.17.0/memcached-binding/lib/memcached-binding-0.17.0.jar:/home/morisaki/Application/ycsb-0.17.0/memcached-binding/lib/spymemcached-2.11.4.jar site.ycsb.Client -t -db site.ycsb.db.MemcachedClient -s -P ./experiment/workloads/var_workload.dat -p memcached.hosts=127.0.0.1:11222 -p maxexecutiontime=30 -threads 16
Command line: -t -db site.ycsb.db.MemcachedClient -s -P ./experiment/workloads/var_workload.dat -p memcached.hosts=127.0.0.1:11222 -p maxexecutiontime=30 -threads 16
YCSB Client 0.17.0

Loading workload...
log4j:WARN No appenders could be found for logger (org.apache.htrace.core.Tracer).
log4j:WARN Please initialize the log4j system properly.
log4j:WARN See http://logging.apache.org/log4j/1.2/faq.html#noconfig for more info.
Starting test.
2026-06-11 06:56:23:256 0 sec: 0 operations; est completion in 0 second 
Maximum execution time specified as: 30 secs
2026-06-11 06:56:23.336 INFO net.spy.memcached.MemcachedConnection:  Added {QA sa=/127.0.0.1:11222, #Rops=0, #Wops=0, #iq=0, topRop=null, topWop=null, toWrite=0, interested=0} to connect queue
2026-06-11 06:56:23.337 INFO net.spy.memcached.MemcachedConnection:  Added {QA sa=/127.0.0.1:11222, #Rops=0, #Wops=0, #iq=0, topRop=null, topWop=null, toWrite=0, interested=0} to connect queue
2026-06-11 06:56:23.337 INFO net.spy.memcached.MemcachedConnection:  Added {QA sa=/127.0.0.1:11222, #Rops=0, #Wops=0, #iq=0, topRop=null, topWop=null, toWrite=0, interested=0} to connect queue
2026-06-11 06:56:23.337 INFO net.spy.memcached.MemcachedConnection:  Added {QA sa=/127.0.0.1:11222, #Rops=0, #Wops=0, #iq=0, topRop=null, topWop=null, toWrite=0, interested=0} to connect queue
2026-06-11 06:56:23.338 INFO net.spy.memcached.MemcachedConnection:  Added {QA sa=/127.0.0.1:11222, #Rops=0, #Wops=0, #iq=0, topRop=null, topWop=null, toWrite=0, interested=0} to connect queue
2026-06-11 06:56:23.338 INFO net.spy.memcached.MemcachedConnection:  Added {QA sa=/127.0.0.1:11222, #Rops=0, #Wops=0, #iq=0, topRop=null, topWop=null, toWrite=0, interested=0} to connect queue
2026-06-11 06:56:23.339 INFO net.spy.memcached.MemcachedConnection:  Added {QA sa=/127.0.0.1:11222, #Rops=0, #Wops=0, #iq=0, topRop=null, topWop=null, toWrite=0, interested=0} to connect queue
2026-06-11 06:56:23.339 INFO net.spy.memcached.MemcachedConnection:  Added {QA sa=/127.0.0.1:11222, #Rops=0, #Wops=0, #iq=0, topRop=null, topWop=null, toWrite=0, interested=0} to connect queue
2026-06-11 06:56:23.339 INFO net.spy.memcached.MemcachedConnection:  Added {QA sa=/127.0.0.1:11222, #Rops=0, #Wops=0, #iq=0, topRop=null, topWop=null, toWrite=0, interested=0} to connect queue
2026-06-11 06:56:23.340 INFO net.spy.memcached.MemcachedConnection:  Added {QA sa=/127.0.0.1:11222, #Rops=0, #Wops=0, #iq=0, topRop=null, topWop=null, toWrite=0, interested=0} to connect queue
DBWrapper: report latency for each error is false and specific error codes to track for latency are: []
2026-06-11 06:56:23.340 INFO net.spy.memcached.MemcachedConnection:  Added {QA sa=/127.0.0.1:11222, #Rops=0, #Wops=0, #iq=0, topRop=null, topWop=null, toWrite=0, interested=0} to connect queue
DBWrapper: report latency for each error is false and specific error codes to track for latency are: []
DBWrapper: report latency for each error is false and specific error codes to track for latency are: []
DBWrapper: report latency for each error is false and specific error codes to track for latency are: []
DBWrapper: report latency for each error is false and specific error codes to track for latency are: []
DBWrapper: report latency for each error is false and specific error codes to track for latency are: []
DBWrapper: report latency for each error is false and specific error codes to track for latency are: []
2026-06-11 06:56:23.341 INFO net.spy.memcached.MemcachedConnection:  Added {QA sa=/127.0.0.1:11222, #Rops=0, #Wops=0, #iq=0, topRop=null, topWop=null, toWrite=0, interested=0} to connect queue
2026-06-11 06:56:23.342 INFO net.spy.memcached.MemcachedConnection:  Added {QA sa=/127.0.0.1:11222, #Rops=0, #Wops=0, #iq=0, topRop=null, topWop=null, toWrite=0, interested=0} to connect queue
DBWrapper: report latency for each error is false and specific error codes to track for latency are: []
2026-06-11 06:56:23.342 INFO net.spy.memcached.MemcachedConnection:  Added {QA sa=/127.0.0.1:11222, #Rops=0, #Wops=0, #iq=0, topRop=null, topWop=null, toWrite=0, interested=0} to connect queue
DBWrapper: report latency for each error is false and specific error codes to track for latency are: []
DBWrapper: report latency for each error is false and specific error codes to track for latency are: []
DBWrapper: report latency for each error is false and specific error codes to track for latency are: []
DBWrapper: report latency for each error is false and specific error codes to track for latency are: []
DBWrapper: report latency for each error is false and specific error codes to track for latency are: []
2026-06-11 06:56:23.343 INFO net.spy.memcached.MemcachedConnection:  Added {QA sa=/127.0.0.1:11222, #Rops=0, #Wops=0, #iq=0, topRop=null, topWop=null, toWrite=0, interested=0} to connect queue
DBWrapper: report latency for each error is false and specific error codes to track for latency are: []
2026-06-11 06:56:23.343 INFO net.spy.memcached.MemcachedConnection:  Added {QA sa=/127.0.0.1:11222, #Rops=0, #Wops=0, #iq=0, topRop=null, topWop=null, toWrite=0, interested=0} to connect queue
DBWrapper: report latency for each error is false and specific error codes to track for latency are: []
DBWrapper: report latency for each error is false and specific error codes to track for latency are: []
2026-06-11 06:56:33:256 10 sec: 574134 operations; 57407.66 current ops/sec; est completion in 4 hours 50 minutes [READ: Count=102826, Max=38879, Min=68, Avg=268.79, 90=404, 99=958, 99.9=3395, 99.99=6607] [UPDATE: Count=472321, Max=56319, Min=63, Avg=273.09, 90=407, 99=1046, 99.9=3633, 99.99=7215] 
2026-06-11 06:56:43:258 20 sec: 1340800 operations; 76666.6 current ops/sec; est completion in 4 hours 8 minutes [READ: Count=138346, Max=9655, Min=65, Avg=204.97, 90=275, 99=374, 99.9=1086, 99.99=3285] [UPDATE: Count=627610, Max=7983, Min=63, Avg=207.08, 90=279, 99=384, 99.9=1139, 99.99=3239] 
Maximum time elapsed. Requesting stop for the workload.
Stop requested for workload. Now Joining!
2026-06-11 06:56:53:256 30 sec: 2105929 operations; 76512.9 current ops/sec; est completion in 3 hours 56 minutes [READ: Count=137975, Max=5835, Min=64, Avg=205.29, 90=276, 99=375, 99.9=928, 99.99=3299] [UPDATE: Count=626955, Max=4719, Min=63, Avg=207.56, 90=280, 99=386, 99.9=1029, 99.99=3311] 
2026-06-11 06:56:53.270 INFO net.spy.memcached.MemcachedConnection:  Shut down memcached client
2026-06-11 06:56:53.270 INFO net.spy.memcached.MemcachedConnection:  Shut down memcached client
2026-06-11 06:56:53.271 INFO net.spy.memcached.MemcachedConnection:  Shut down memcached client
2026-06-11 06:56:53.271 INFO net.spy.memcached.MemcachedConnection:  Shut down memcached client
2026-06-11 06:56:53.271 INFO net.spy.memcached.MemcachedConnection:  Shut down memcached client
2026-06-11 06:56:53.272 INFO net.spy.memcached.MemcachedConnection:  Shut down memcached client
2026-06-11 06:56:53.272 INFO net.spy.memcached.MemcachedConnection:  Shut down memcached client
2026-06-11 06:56:53.272 INFO net.spy.memcached.MemcachedConnection:  Shut down memcached client
2026-06-11 06:56:53.272 INFO net.spy.memcached.MemcachedConnection:  Shut down memcached client
2026-06-11 06:56:53.273 INFO net.spy.memcached.MemcachedConnection:  Shut down memcached client
2026-06-11 06:56:53.273 INFO net.spy.memcached.MemcachedConnection:  Shut down memcached client
2026-06-11 06:56:53.273 INFO net.spy.memcached.MemcachedConnection:  Shut down memcached client
2026-06-11 06:56:53.273 INFO net.spy.memcached.MemcachedConnection:  Shut down memcached client
2026-06-11 06:56:53.274 INFO net.spy.memcached.MemcachedConnection:  Shut down memcached client
2026-06-11 06:56:53.274 INFO net.spy.memcached.MemcachedConnection:  Shut down memcached client
2026-06-11 06:56:53.274 INFO net.spy.memcached.MemcachedConnection:  Shut down memcached client
2026-06-11 06:56:53:271 30 sec: 2106153 operations; 14933.33 current ops/sec; est completion in 3 hours 57 minutes [READ: Count=32, Max=710, Min=108, Avg=251.59, 90=438, 99=710, 99.9=710, 99.99=710] [CLEANUP: Count=16, Max=10919, Min=7252, Avg=10036.62, 90=10831, 99=10919, 99.9=10919, 99.99=10919] [UPDATE: Count=88, Max=2629, Min=75, Avg=335.24, 90=572, 99=2385, 99.9=2629, 99.99=2629] 
[OVERALL], RunTime(ms), 30016
[OVERALL], Throughput(ops/sec), 70167.67723880598
[TOTAL_GCS_G1_Young_Generation], Count, 47
[TOTAL_GC_TIME_G1_Young_Generation], Time(ms), 65
[TOTAL_GC_TIME_%_G1_Young_Generation], Time(%), 0.21655117270788912
[TOTAL_GCS_G1_Concurrent_GC], Count, 0
[TOTAL_GC_TIME_G1_Concurrent_GC], Time(ms), 0
[TOTAL_GC_TIME_%_G1_Concurrent_GC], Time(%), 0.0
[TOTAL_GCS_G1_Old_Generation], Count, 0
[TOTAL_GC_TIME_G1_Old_Generation], Time(ms), 0
[TOTAL_GC_TIME_%_G1_Old_Generation], Time(%), 0.0
[TOTAL_GCs], Count, 47
[TOTAL_GC_TIME], Time(ms), 65
[TOTAL_GC_TIME_%], Time(%), 0.21655117270788912
[READ], Operations, 379179
[READ], AverageLatency(us), 222.3996872189652
[READ], MinLatency(us), 64
[READ], MaxLatency(us), 38879
[READ], 95thPercentileLatency(us), 357
[READ], 99thPercentileLatency(us), 585
[READ], Return=OK, 379179
[CLEANUP], Operations, 16
[CLEANUP], AverageLatency(us), 10036.625
[CLEANUP], MinLatency(us), 7252
[CLEANUP], MaxLatency(us), 10919
[CLEANUP], 95thPercentileLatency(us), 10839
[CLEANUP], 99thPercentileLatency(us), 10919
[UPDATE], Operations, 1726974
[UPDATE], AverageLatency(us), 225.30961786338418
[UPDATE], MinLatency(us), 63
[UPDATE], MaxLatency(us), 56319
[UPDATE], 95thPercentileLatency(us), 361
[UPDATE], 99thPercentileLatency(us), 608
[UPDATE], Return=OK, 1726974
