/usr/bin/java  -classpath /home/morisaki/Application/ycsb-0.17.0/conf:/home/morisaki/Application/ycsb-0.17.0/lib/HdrHistogram-2.1.4.jar:/home/morisaki/Application/ycsb-0.17.0/lib/core-0.17.0.jar:/home/morisaki/Application/ycsb-0.17.0/lib/htrace-core4-4.1.0-incubating.jar:/home/morisaki/Application/ycsb-0.17.0/lib/jackson-core-asl-1.9.4.jar:/home/morisaki/Application/ycsb-0.17.0/lib/jackson-mapper-asl-1.9.4.jar:/home/morisaki/Application/ycsb-0.17.0/memcached-binding/lib/HdrHistogram-2.1.4.jar:/home/morisaki/Application/ycsb-0.17.0/memcached-binding/lib/core-0.17.0.jar:/home/morisaki/Application/ycsb-0.17.0/memcached-binding/lib/htrace-core4-4.1.0-incubating.jar:/home/morisaki/Application/ycsb-0.17.0/memcached-binding/lib/jackson-core-asl-1.9.4.jar:/home/morisaki/Application/ycsb-0.17.0/memcached-binding/lib/jackson-mapper-asl-1.9.13.jar:/home/morisaki/Application/ycsb-0.17.0/memcached-binding/lib/log4j-1.2.17.jar:/home/morisaki/Application/ycsb-0.17.0/memcached-binding/lib/memcached-binding-0.17.0.jar:/home/morisaki/Application/ycsb-0.17.0/memcached-binding/lib/spymemcached-2.11.4.jar site.ycsb.Client -t -db site.ycsb.db.MemcachedClient -s -P ./experiment/workloads/var_workload.dat -p memcached.hosts=127.0.0.1:11222 -p maxexecutiontime=30 -threads 16
Command line: -t -db site.ycsb.db.MemcachedClient -s -P ./experiment/workloads/var_workload.dat -p memcached.hosts=127.0.0.1:11222 -p maxexecutiontime=30 -threads 16
YCSB Client 0.17.0

Loading workload...
log4j:WARN No appenders could be found for logger (org.apache.htrace.core.Tracer).
log4j:WARN Please initialize the log4j system properly.
log4j:WARN See http://logging.apache.org/log4j/1.2/faq.html#noconfig for more info.
Starting test.
2026-06-11 07:05:10:777 0 sec: 0 operations; est completion in 0 second 
Maximum execution time specified as: 30 secs
2026-06-11 07:05:10.854 INFO net.spy.memcached.MemcachedConnection:  Added {QA sa=/127.0.0.1:11222, #Rops=0, #Wops=0, #iq=0, topRop=null, topWop=null, toWrite=0, interested=0} to connect queue
2026-06-11 07:05:10.858 INFO net.spy.memcached.MemcachedConnection:  Added {QA sa=/127.0.0.1:11222, #Rops=0, #Wops=0, #iq=0, topRop=null, topWop=null, toWrite=0, interested=0} to connect queue
2026-06-11 07:05:10.858 INFO net.spy.memcached.MemcachedConnection:  Added {QA sa=/127.0.0.1:11222, #Rops=0, #Wops=0, #iq=0, topRop=null, topWop=null, toWrite=0, interested=0} to connect queue
2026-06-11 07:05:10.858 INFO net.spy.memcached.MemcachedConnection:  Added {QA sa=/127.0.0.1:11222, #Rops=0, #Wops=0, #iq=0, topRop=null, topWop=null, toWrite=0, interested=0} to connect queue
2026-06-11 07:05:10.859 INFO net.spy.memcached.MemcachedConnection:  Added {QA sa=/127.0.0.1:11222, #Rops=0, #Wops=0, #iq=0, topRop=null, topWop=null, toWrite=0, interested=0} to connect queue
2026-06-11 07:05:10.859 INFO net.spy.memcached.MemcachedConnection:  Added {QA sa=/127.0.0.1:11222, #Rops=0, #Wops=0, #iq=0, topRop=null, topWop=null, toWrite=0, interested=0} to connect queue
2026-06-11 07:05:10.860 INFO net.spy.memcached.MemcachedConnection:  Added {QA sa=/127.0.0.1:11222, #Rops=0, #Wops=0, #iq=0, topRop=null, topWop=null, toWrite=0, interested=0} to connect queue
2026-06-11 07:05:10.860 INFO net.spy.memcached.MemcachedConnection:  Added {QA sa=/127.0.0.1:11222, #Rops=0, #Wops=0, #iq=0, topRop=null, topWop=null, toWrite=0, interested=0} to connect queue
2026-06-11 07:05:10.860 INFO net.spy.memcached.MemcachedConnection:  Added {QA sa=/127.0.0.1:11222, #Rops=0, #Wops=0, #iq=0, topRop=null, topWop=null, toWrite=0, interested=0} to connect queue
DBWrapper: report latency for each error is false and specific error codes to track for latency are: []
2026-06-11 07:05:10.861 INFO net.spy.memcached.MemcachedConnection:  Added {QA sa=/127.0.0.1:11222, #Rops=0, #Wops=0, #iq=0, topRop=null, topWop=null, toWrite=0, interested=0} to connect queue
DBWrapper: report latency for each error is false and specific error codes to track for latency are: []
DBWrapper: report latency for each error is false and specific error codes to track for latency are: []
DBWrapper: report latency for each error is false and specific error codes to track for latency are: []
DBWrapper: report latency for each error is false and specific error codes to track for latency are: []
DBWrapper: report latency for each error is false and specific error codes to track for latency are: []
DBWrapper: report latency for each error is false and specific error codes to track for latency are: []
2026-06-11 07:05:10.861 INFO net.spy.memcached.MemcachedConnection:  Added {QA sa=/127.0.0.1:11222, #Rops=0, #Wops=0, #iq=0, topRop=null, topWop=null, toWrite=0, interested=0} to connect queue
DBWrapper: report latency for each error is false and specific error codes to track for latency are: []
2026-06-11 07:05:10.862 INFO net.spy.memcached.MemcachedConnection:  Added {QA sa=/127.0.0.1:11222, #Rops=0, #Wops=0, #iq=0, topRop=null, topWop=null, toWrite=0, interested=0} to connect queue
2026-06-11 07:05:10.863 INFO net.spy.memcached.MemcachedConnection:  Added {QA sa=/127.0.0.1:11222, #Rops=0, #Wops=0, #iq=0, topRop=null, topWop=null, toWrite=0, interested=0} to connect queue
DBWrapper: report latency for each error is false and specific error codes to track for latency are: []
DBWrapper: report latency for each error is false and specific error codes to track for latency are: []
DBWrapper: report latency for each error is false and specific error codes to track for latency are: []
DBWrapper: report latency for each error is false and specific error codes to track for latency are: []
DBWrapper: report latency for each error is false and specific error codes to track for latency are: []
2026-06-11 07:05:10.864 INFO net.spy.memcached.MemcachedConnection:  Added {QA sa=/127.0.0.1:11222, #Rops=0, #Wops=0, #iq=0, topRop=null, topWop=null, toWrite=0, interested=0} to connect queue
DBWrapper: report latency for each error is false and specific error codes to track for latency are: []
2026-06-11 07:05:10.865 INFO net.spy.memcached.MemcachedConnection:  Added {QA sa=/127.0.0.1:11222, #Rops=0, #Wops=0, #iq=0, topRop=null, topWop=null, toWrite=0, interested=0} to connect queue
DBWrapper: report latency for each error is false and specific error codes to track for latency are: []
2026-06-11 07:05:10.868 INFO net.spy.memcached.MemcachedConnection:  Added {QA sa=/127.0.0.1:11222, #Rops=0, #Wops=0, #iq=0, topRop=null, topWop=null, toWrite=0, interested=0} to connect queue
DBWrapper: report latency for each error is false and specific error codes to track for latency are: []
2026-06-11 07:05:10.870 WARN net.spy.memcached.MemcachedConnection:  Could not redistribute to another node, retrying primary node for usertable-user3588631829661862163.
2026-06-11 07:05:20:777 10 sec: 585907 operations; 58590.7 current ops/sec; est completion in 4 hours 44 minutes [READ: Count=105025, Max=39327, Min=64, Avg=262.58, 90=390, 99=950, 99.9=3509, 99.99=4619] [UPDATE: Count=482103, Max=59167, Min=65, Avg=268.17, 90=398, 99=1015, 99.9=3583, 99.99=6359] 
2026-06-11 07:05:30:777 20 sec: 1351486 operations; 76557.9 current ops/sec; est completion in 4 hours 6 minutes [READ: Count=138143, Max=6435, Min=65, Avg=204.58, 90=275, 99=370, 99.9=1073, 99.99=3269] [UPDATE: Count=626316, Max=6995, Min=64, Avg=207.4, 90=280, 99=383, 99.9=953, 99.99=3011] 
Maximum time elapsed. Requesting stop for the workload.
Stop requested for workload. Now Joining!
2026-06-11 07:05:40:777 30 sec: 2111037 operations; 75955.1 current ops/sec; est completion in 3 hours 56 minutes [READ: Count=136617, Max=32367, Min=65, Avg=206.27, 90=277, 99=376, 99.9=1172, 99.99=3463] [UPDATE: Count=622969, Max=19535, Min=63, Avg=209.13, 90=281, 99=385, 99.9=1072, 99.99=3487] 
2026-06-11 07:05:40.791 INFO net.spy.memcached.MemcachedConnection:  Shut down memcached client
2026-06-11 07:05:40.792 INFO net.spy.memcached.MemcachedConnection:  Shut down memcached client
2026-06-11 07:05:40.792 INFO net.spy.memcached.MemcachedConnection:  Shut down memcached client
2026-06-11 07:05:40.793 INFO net.spy.memcached.MemcachedConnection:  Shut down memcached client
2026-06-11 07:05:40.793 INFO net.spy.memcached.MemcachedConnection:  Shut down memcached client
2026-06-11 07:05:40.793 INFO net.spy.memcached.MemcachedConnection:  Shut down memcached client
2026-06-11 07:05:40.794 INFO net.spy.memcached.MemcachedConnection:  Shut down memcached client
2026-06-11 07:05:40.794 INFO net.spy.memcached.MemcachedConnection:  Shut down memcached client
2026-06-11 07:05:40.794 INFO net.spy.memcached.MemcachedConnection:  Shut down memcached client
2026-06-11 07:05:40.794 INFO net.spy.memcached.MemcachedConnection:  Shut down memcached client
2026-06-11 07:05:40.795 INFO net.spy.memcached.MemcachedConnection:  Shut down memcached client
2026-06-11 07:05:40:792 30 sec: 2111252 operations; 15357.14 current ops/sec; est completion in 3 hours 56 minutes [READ: Count=25, Max=283, Min=105, Avg=173.44, 90=246, 99=283, 99.9=283, 99.99=283] [CLEANUP: Count=16, Max=11031, Min=9808, Avg=10233.5, 90=10727, 99=11031, 99.9=11031, 99.99=11031] [UPDATE: Count=54, Max=4027, Min=91, Avg=440.54, 90=654, 99=3527, 99.9=4027, 99.99=4027] 
2026-06-11 07:05:40.796 INFO net.spy.memcached.MemcachedConnection:  Shut down memcached client
2026-06-11 07:05:40.796 INFO net.spy.memcached.MemcachedConnection:  Shut down memcached client
2026-06-11 07:05:40.797 INFO net.spy.memcached.MemcachedConnection:  Shut down memcached client
2026-06-11 07:05:40.797 INFO net.spy.memcached.MemcachedConnection:  Shut down memcached client
2026-06-11 07:05:40.797 INFO net.spy.memcached.MemcachedConnection:  Shut down memcached client
[OVERALL], RunTime(ms), 30014
[OVERALL], Throughput(ops/sec), 70342.24028786566
[TOTAL_GCS_G1_Young_Generation], Count, 49
[TOTAL_GC_TIME_G1_Young_Generation], Time(ms), 76
[TOTAL_GC_TIME_%_G1_Young_Generation], Time(%), 0.2532151662557473
[TOTAL_GCS_G1_Concurrent_GC], Count, 0
[TOTAL_GC_TIME_G1_Concurrent_GC], Time(ms), 0
[TOTAL_GC_TIME_%_G1_Concurrent_GC], Time(%), 0.0
[TOTAL_GCS_G1_Old_Generation], Count, 0
[TOTAL_GC_TIME_G1_Old_Generation], Time(ms), 0
[TOTAL_GC_TIME_%_G1_Old_Generation], Time(%), 0.0
[TOTAL_GCs], Count, 49
[TOTAL_GC_TIME], Time(ms), 76
[TOTAL_GC_TIME_%], Time(%), 0.2532151662557473
[READ], Operations, 379810
[READ], AverageLatency(us), 221.22178984228955
[READ], MinLatency(us), 64
[READ], MaxLatency(us), 39327
[READ], 95thPercentileLatency(us), 349
[READ], 99thPercentileLatency(us), 587
[READ], Return=OK, 379810
[CLEANUP], Operations, 16
[CLEANUP], AverageLatency(us), 10233.5
[CLEANUP], MinLatency(us), 9808
[CLEANUP], MaxLatency(us), 11031
[CLEANUP], 95thPercentileLatency(us), 10767
[CLEANUP], 99thPercentileLatency(us), 11031
[UPDATE], Operations, 1731442
[UPDATE], AverageLatency(us), 224.95320143556643
[UPDATE], MinLatency(us), 63
[UPDATE], MaxLatency(us), 59167
[UPDATE], 95thPercentileLatency(us), 356
[UPDATE], 99thPercentileLatency(us), 603
[UPDATE], Return=OK, 1731442
