/usr/bin/java  -classpath /home/morisaki/Application/ycsb-0.17.0/conf:/home/morisaki/Application/ycsb-0.17.0/lib/HdrHistogram-2.1.4.jar:/home/morisaki/Application/ycsb-0.17.0/lib/core-0.17.0.jar:/home/morisaki/Application/ycsb-0.17.0/lib/htrace-core4-4.1.0-incubating.jar:/home/morisaki/Application/ycsb-0.17.0/lib/jackson-core-asl-1.9.4.jar:/home/morisaki/Application/ycsb-0.17.0/lib/jackson-mapper-asl-1.9.4.jar:/home/morisaki/Application/ycsb-0.17.0/memcached-binding/lib/HdrHistogram-2.1.4.jar:/home/morisaki/Application/ycsb-0.17.0/memcached-binding/lib/core-0.17.0.jar:/home/morisaki/Application/ycsb-0.17.0/memcached-binding/lib/htrace-core4-4.1.0-incubating.jar:/home/morisaki/Application/ycsb-0.17.0/memcached-binding/lib/jackson-core-asl-1.9.4.jar:/home/morisaki/Application/ycsb-0.17.0/memcached-binding/lib/jackson-mapper-asl-1.9.13.jar:/home/morisaki/Application/ycsb-0.17.0/memcached-binding/lib/log4j-1.2.17.jar:/home/morisaki/Application/ycsb-0.17.0/memcached-binding/lib/memcached-binding-0.17.0.jar:/home/morisaki/Application/ycsb-0.17.0/memcached-binding/lib/spymemcached-2.11.4.jar site.ycsb.Client -t -db site.ycsb.db.MemcachedClient -s -P ./experiment/workloads/var_workload.dat -p memcached.hosts=127.0.0.1:11222 -p maxexecutiontime=30 -threads 16
Command line: -t -db site.ycsb.db.MemcachedClient -s -P ./experiment/workloads/var_workload.dat -p memcached.hosts=127.0.0.1:11222 -p maxexecutiontime=30 -threads 16
YCSB Client 0.17.0

Loading workload...
log4j:WARN No appenders could be found for logger (org.apache.htrace.core.Tracer).
log4j:WARN Please initialize the log4j system properly.
log4j:WARN See http://logging.apache.org/log4j/1.2/faq.html#noconfig for more info.
Starting test.
2026-06-11 06:53:14:930 0 sec: 0 operations; est completion in 0 second 
Maximum execution time specified as: 30 secs
2026-06-11 06:53:15.020 INFO net.spy.memcached.MemcachedConnection:  Added {QA sa=/127.0.0.1:11222, #Rops=0, #Wops=0, #iq=0, topRop=null, topWop=null, toWrite=0, interested=0} to connect queue
2026-06-11 06:53:15.020 INFO net.spy.memcached.MemcachedConnection:  Added {QA sa=/127.0.0.1:11222, #Rops=0, #Wops=0, #iq=0, topRop=null, topWop=null, toWrite=0, interested=0} to connect queue
2026-06-11 06:53:15.020 INFO net.spy.memcached.MemcachedConnection:  Added {QA sa=/127.0.0.1:11222, #Rops=0, #Wops=0, #iq=0, topRop=null, topWop=null, toWrite=0, interested=0} to connect queue
2026-06-11 06:53:15.020 INFO net.spy.memcached.MemcachedConnection:  Added {QA sa=/127.0.0.1:11222, #Rops=0, #Wops=0, #iq=0, topRop=null, topWop=null, toWrite=0, interested=0} to connect queue
2026-06-11 06:53:15.020 INFO net.spy.memcached.MemcachedConnection:  Added {QA sa=/127.0.0.1:11222, #Rops=0, #Wops=0, #iq=0, topRop=null, topWop=null, toWrite=0, interested=0} to connect queue
2026-06-11 06:53:15.021 INFO net.spy.memcached.MemcachedConnection:  Added {QA sa=/127.0.0.1:11222, #Rops=0, #Wops=0, #iq=0, topRop=null, topWop=null, toWrite=0, interested=0} to connect queue
2026-06-11 06:53:15.022 INFO net.spy.memcached.MemcachedConnection:  Added {QA sa=/127.0.0.1:11222, #Rops=0, #Wops=0, #iq=0, topRop=null, topWop=null, toWrite=0, interested=0} to connect queue
2026-06-11 06:53:15.022 INFO net.spy.memcached.MemcachedConnection:  Added {QA sa=/127.0.0.1:11222, #Rops=0, #Wops=0, #iq=0, topRop=null, topWop=null, toWrite=0, interested=0} to connect queue
2026-06-11 06:53:15.022 INFO net.spy.memcached.MemcachedConnection:  Added {QA sa=/127.0.0.1:11222, #Rops=0, #Wops=0, #iq=0, topRop=null, topWop=null, toWrite=0, interested=0} to connect queue
2026-06-11 06:53:15.023 INFO net.spy.memcached.MemcachedConnection:  Added {QA sa=/127.0.0.1:11222, #Rops=0, #Wops=0, #iq=0, topRop=null, topWop=null, toWrite=0, interested=0} to connect queue
DBWrapper: report latency for each error is false and specific error codes to track for latency are: []
2026-06-11 06:53:15.023 INFO net.spy.memcached.MemcachedConnection:  Added {QA sa=/127.0.0.1:11222, #Rops=0, #Wops=0, #iq=0, topRop=null, topWop=null, toWrite=0, interested=0} to connect queue
DBWrapper: report latency for each error is false and specific error codes to track for latency are: []
2026-06-11 06:53:15.023 INFO net.spy.memcached.MemcachedConnection:  Added {QA sa=/127.0.0.1:11222, #Rops=0, #Wops=0, #iq=0, topRop=null, topWop=null, toWrite=0, interested=0} to connect queue
DBWrapper: report latency for each error is false and specific error codes to track for latency are: []
DBWrapper: report latency for each error is false and specific error codes to track for latency are: []
DBWrapper: report latency for each error is false and specific error codes to track for latency are: []
2026-06-11 06:53:15.024 INFO net.spy.memcached.MemcachedConnection:  Added {QA sa=/127.0.0.1:11222, #Rops=0, #Wops=0, #iq=0, topRop=null, topWop=null, toWrite=0, interested=0} to connect queue
DBWrapper: report latency for each error is false and specific error codes to track for latency are: []
DBWrapper: report latency for each error is false and specific error codes to track for latency are: []
DBWrapper: report latency for each error is false and specific error codes to track for latency are: []
DBWrapper: report latency for each error is false and specific error codes to track for latency are: []
DBWrapper: report latency for each error is false and specific error codes to track for latency are: []
2026-06-11 06:53:15.026 INFO net.spy.memcached.MemcachedConnection:  Added {QA sa=/127.0.0.1:11222, #Rops=0, #Wops=0, #iq=0, topRop=null, topWop=null, toWrite=0, interested=0} to connect queue
DBWrapper: report latency for each error is false and specific error codes to track for latency are: []
2026-06-11 06:53:15.027 INFO net.spy.memcached.MemcachedConnection:  Added {QA sa=/127.0.0.1:11222, #Rops=0, #Wops=0, #iq=0, topRop=null, topWop=null, toWrite=0, interested=0} to connect queue
DBWrapper: report latency for each error is false and specific error codes to track for latency are: []
DBWrapper: report latency for each error is false and specific error codes to track for latency are: []
2026-06-11 06:53:15.027 INFO net.spy.memcached.MemcachedConnection:  Added {QA sa=/127.0.0.1:11222, #Rops=0, #Wops=0, #iq=0, topRop=null, topWop=null, toWrite=0, interested=0} to connect queue
DBWrapper: report latency for each error is false and specific error codes to track for latency are: []
DBWrapper: report latency for each error is false and specific error codes to track for latency are: []
DBWrapper: report latency for each error is false and specific error codes to track for latency are: []
2026-06-11 06:53:24:930 10 sec: 550458 operations; 55045.8 current ops/sec; est completion in 5 hours 2 minutes [READ: Count=99143, Max=24159, Min=69, Avg=275.32, 90=401, 99=1109, 99.9=3649, 99.99=8083] [UPDATE: Count=452005, Max=57695, Min=66, Avg=286.03, 90=415, 99=1435, 99.9=3795, 99.99=7747] 
2026-06-11 06:53:34:931 20 sec: 1316201 operations; 76574.3 current ops/sec; est completion in 4 hours 12 minutes [READ: Count=138525, Max=5055, Min=67, Avg=204.69, 90=277, 99=371, 99.9=1093, 99.99=3169] [UPDATE: Count=626838, Max=6575, Min=64, Avg=207.37, 90=281, 99=382, 99.9=1061, 99.99=3113] 
Maximum time elapsed. Requesting stop for the workload.
Stop requested for workload. Now Joining!
2026-06-11 06:53:44:933 30 sec: 2085509 operations; 76915.42 current ops/sec; est completion in 3 hours 59 minutes [READ: Count=138317, Max=3707, Min=66, Avg=203.93, 90=275, 99=366, 99.9=787, 99.99=2561] [UPDATE: Count=630700, Max=9759, Min=64, Avg=206.47, 90=279, 99=376, 99.9=815, 99.99=2625] 
2026-06-11 06:53:44.940 INFO net.spy.memcached.MemcachedConnection:  Shut down memcached client
2026-06-11 06:53:44.940 INFO net.spy.memcached.MemcachedConnection:  Shut down memcached client
2026-06-11 06:53:44.940 INFO net.spy.memcached.MemcachedConnection:  Shut down memcached client
2026-06-11 06:53:44.940 INFO net.spy.memcached.MemcachedConnection:  Shut down memcached client
2026-06-11 06:53:44.941 INFO net.spy.memcached.MemcachedConnection:  Shut down memcached client
2026-06-11 06:53:44.941 INFO net.spy.memcached.MemcachedConnection:  Shut down memcached client
2026-06-11 06:53:44.941 INFO net.spy.memcached.MemcachedConnection:  Shut down memcached client
2026-06-11 06:53:44.942 INFO net.spy.memcached.MemcachedConnection:  Shut down memcached client
2026-06-11 06:53:44.942 INFO net.spy.memcached.MemcachedConnection:  Shut down memcached client
2026-06-11 06:53:44.942 INFO net.spy.memcached.MemcachedConnection:  Shut down memcached client
2026-06-11 06:53:44.942 INFO net.spy.memcached.MemcachedConnection:  Shut down memcached client
2026-06-11 06:53:44.943 INFO net.spy.memcached.MemcachedConnection:  Shut down memcached client
2026-06-11 06:53:44.943 INFO net.spy.memcached.MemcachedConnection:  Shut down memcached client
2026-06-11 06:53:44.943 INFO net.spy.memcached.MemcachedConnection:  Shut down memcached client
2026-06-11 06:53:44.943 INFO net.spy.memcached.MemcachedConnection:  Shut down memcached client
2026-06-11 06:53:44.944 INFO net.spy.memcached.MemcachedConnection:  Shut down memcached client
2026-06-11 06:53:44:941 30 sec: 2085528 operations; 2111.11 current ops/sec; est completion in 3 hours 59 minutes [READ: Count=0, Max=0, Min=9223372036854775807, Avg=NaN, 90=0, 99=0, 99.9=0, 99.99=0] [CLEANUP: Count=16, Max=8083, Min=6636, Avg=7121, 90=7387, 99=8083, 99.9=8083, 99.99=8083] [UPDATE: Count=0, Max=0, Min=9223372036854775807, Avg=NaN, 90=0, 99=0, 99.9=0, 99.99=0] 
[OVERALL], RunTime(ms), 30011
[OVERALL], Throughput(ops/sec), 69492.11955616274
[TOTAL_GCS_G1_Young_Generation], Count, 47
[TOTAL_GC_TIME_G1_Young_Generation], Time(ms), 60
[TOTAL_GC_TIME_%_G1_Young_Generation], Time(%), 0.19992669354569992
[TOTAL_GCS_G1_Concurrent_GC], Count, 0
[TOTAL_GC_TIME_G1_Concurrent_GC], Time(ms), 0
[TOTAL_GC_TIME_%_G1_Concurrent_GC], Time(%), 0.0
[TOTAL_GCS_G1_Old_Generation], Count, 0
[TOTAL_GC_TIME_G1_Old_Generation], Time(ms), 0
[TOTAL_GC_TIME_%_G1_Old_Generation], Time(%), 0.0
[TOTAL_GCs], Count, 47
[TOTAL_GC_TIME], Time(ms), 60
[TOTAL_GC_TIME_%], Time(%), 0.19992669354569992
[READ], Operations, 375985
[READ], AverageLatency(us), 223.0345199941487
[READ], MinLatency(us), 66
[READ], MaxLatency(us), 24159
[READ], 95thPercentileLatency(us), 354
[READ], 99thPercentileLatency(us), 570
[READ], Return=OK, 375985
[CLEANUP], Operations, 16
[CLEANUP], AverageLatency(us), 7121.0
[CLEANUP], MinLatency(us), 6636
[CLEANUP], MaxLatency(us), 8083
[CLEANUP], 95thPercentileLatency(us), 7547
[CLEANUP], 99thPercentileLatency(us), 8083
[UPDATE], Operations, 1709543
[UPDATE], AverageLatency(us), 227.83417205650866
[UPDATE], MinLatency(us), 64
[UPDATE], MaxLatency(us), 57695
[UPDATE], 95thPercentileLatency(us), 363
[UPDATE], 99thPercentileLatency(us), 620
[UPDATE], Return=OK, 1709543
