/usr/bin/java  -classpath /home/morisaki/Application/ycsb-0.17.0/conf:/home/morisaki/Application/ycsb-0.17.0/lib/HdrHistogram-2.1.4.jar:/home/morisaki/Application/ycsb-0.17.0/lib/core-0.17.0.jar:/home/morisaki/Application/ycsb-0.17.0/lib/htrace-core4-4.1.0-incubating.jar:/home/morisaki/Application/ycsb-0.17.0/lib/jackson-core-asl-1.9.4.jar:/home/morisaki/Application/ycsb-0.17.0/lib/jackson-mapper-asl-1.9.4.jar:/home/morisaki/Application/ycsb-0.17.0/memcached-binding/lib/HdrHistogram-2.1.4.jar:/home/morisaki/Application/ycsb-0.17.0/memcached-binding/lib/core-0.17.0.jar:/home/morisaki/Application/ycsb-0.17.0/memcached-binding/lib/htrace-core4-4.1.0-incubating.jar:/home/morisaki/Application/ycsb-0.17.0/memcached-binding/lib/jackson-core-asl-1.9.4.jar:/home/morisaki/Application/ycsb-0.17.0/memcached-binding/lib/jackson-mapper-asl-1.9.13.jar:/home/morisaki/Application/ycsb-0.17.0/memcached-binding/lib/log4j-1.2.17.jar:/home/morisaki/Application/ycsb-0.17.0/memcached-binding/lib/memcached-binding-0.17.0.jar:/home/morisaki/Application/ycsb-0.17.0/memcached-binding/lib/spymemcached-2.11.4.jar site.ycsb.Client -t -db site.ycsb.db.MemcachedClient -s -P ./experiment/workloads/var_workload.dat -p memcached.hosts=127.0.0.1:11222 -p maxexecutiontime=60 -threads 16
Command line: -t -db site.ycsb.db.MemcachedClient -s -P ./experiment/workloads/var_workload.dat -p memcached.hosts=127.0.0.1:11222 -p maxexecutiontime=60 -threads 16
YCSB Client 0.17.0

Loading workload...
log4j:WARN No appenders could be found for logger (org.apache.htrace.core.Tracer).
log4j:WARN Please initialize the log4j system properly.
log4j:WARN See http://logging.apache.org/log4j/1.2/faq.html#noconfig for more info.
Starting test.
2026-06-11 06:47:34:988 0 sec: 0 operations; est completion in 0 second 
Maximum execution time specified as: 60 secs
2026-06-11 06:47:35.069 INFO net.spy.memcached.MemcachedConnection:  Added {QA sa=/127.0.0.1:11222, #Rops=0, #Wops=0, #iq=0, topRop=null, topWop=null, toWrite=0, interested=0} to connect queue
2026-06-11 06:47:35.069 INFO net.spy.memcached.MemcachedConnection:  Added {QA sa=/127.0.0.1:11222, #Rops=0, #Wops=0, #iq=0, topRop=null, topWop=null, toWrite=0, interested=0} to connect queue
2026-06-11 06:47:35.069 INFO net.spy.memcached.MemcachedConnection:  Added {QA sa=/127.0.0.1:11222, #Rops=0, #Wops=0, #iq=0, topRop=null, topWop=null, toWrite=0, interested=0} to connect queue
2026-06-11 06:47:35.069 INFO net.spy.memcached.MemcachedConnection:  Added {QA sa=/127.0.0.1:11222, #Rops=0, #Wops=0, #iq=0, topRop=null, topWop=null, toWrite=0, interested=0} to connect queue
2026-06-11 06:47:35.070 INFO net.spy.memcached.MemcachedConnection:  Added {QA sa=/127.0.0.1:11222, #Rops=0, #Wops=0, #iq=0, topRop=null, topWop=null, toWrite=0, interested=0} to connect queue
2026-06-11 06:47:35.070 INFO net.spy.memcached.MemcachedConnection:  Added {QA sa=/127.0.0.1:11222, #Rops=0, #Wops=0, #iq=0, topRop=null, topWop=null, toWrite=0, interested=0} to connect queue
2026-06-11 06:47:35.070 INFO net.spy.memcached.MemcachedConnection:  Added {QA sa=/127.0.0.1:11222, #Rops=0, #Wops=0, #iq=0, topRop=null, topWop=null, toWrite=0, interested=0} to connect queue
2026-06-11 06:47:35.071 INFO net.spy.memcached.MemcachedConnection:  Added {QA sa=/127.0.0.1:11222, #Rops=0, #Wops=0, #iq=0, topRop=null, topWop=null, toWrite=0, interested=0} to connect queue
2026-06-11 06:47:35.071 INFO net.spy.memcached.MemcachedConnection:  Added {QA sa=/127.0.0.1:11222, #Rops=0, #Wops=0, #iq=0, topRop=null, topWop=null, toWrite=0, interested=0} to connect queue
2026-06-11 06:47:35.071 INFO net.spy.memcached.MemcachedConnection:  Added {QA sa=/127.0.0.1:11222, #Rops=0, #Wops=0, #iq=0, topRop=null, topWop=null, toWrite=0, interested=0} to connect queue
DBWrapper: report latency for each error is false and specific error codes to track for latency are: []
2026-06-11 06:47:35.072 INFO net.spy.memcached.MemcachedConnection:  Added {QA sa=/127.0.0.1:11222, #Rops=0, #Wops=0, #iq=0, topRop=null, topWop=null, toWrite=0, interested=0} to connect queue
DBWrapper: report latency for each error is false and specific error codes to track for latency are: []
DBWrapper: report latency for each error is false and specific error codes to track for latency are: []
DBWrapper: report latency for each error is false and specific error codes to track for latency are: []
DBWrapper: report latency for each error is false and specific error codes to track for latency are: []
DBWrapper: report latency for each error is false and specific error codes to track for latency are: []
DBWrapper: report latency for each error is false and specific error codes to track for latency are: []
2026-06-11 06:47:35.073 INFO net.spy.memcached.MemcachedConnection:  Added {QA sa=/127.0.0.1:11222, #Rops=0, #Wops=0, #iq=0, topRop=null, topWop=null, toWrite=0, interested=0} to connect queue
DBWrapper: report latency for each error is false and specific error codes to track for latency are: []
2026-06-11 06:47:35.074 INFO net.spy.memcached.MemcachedConnection:  Added {QA sa=/127.0.0.1:11222, #Rops=0, #Wops=0, #iq=0, topRop=null, topWop=null, toWrite=0, interested=0} to connect queue
2026-06-11 06:47:35.074 INFO net.spy.memcached.MemcachedConnection:  Added {QA sa=/127.0.0.1:11222, #Rops=0, #Wops=0, #iq=0, topRop=null, topWop=null, toWrite=0, interested=0} to connect queue
2026-06-11 06:47:35.074 INFO net.spy.memcached.MemcachedConnection:  Added {QA sa=/127.0.0.1:11222, #Rops=0, #Wops=0, #iq=0, topRop=null, topWop=null, toWrite=0, interested=0} to connect queue
2026-06-11 06:47:35.075 INFO net.spy.memcached.MemcachedConnection:  Added {QA sa=/127.0.0.1:11222, #Rops=0, #Wops=0, #iq=0, topRop=null, topWop=null, toWrite=0, interested=0} to connect queue
DBWrapper: report latency for each error is false and specific error codes to track for latency are: []
DBWrapper: report latency for each error is false and specific error codes to track for latency are: []
DBWrapper: report latency for each error is false and specific error codes to track for latency are: []
DBWrapper: report latency for each error is false and specific error codes to track for latency are: []
DBWrapper: report latency for each error is false and specific error codes to track for latency are: []
DBWrapper: report latency for each error is false and specific error codes to track for latency are: []
DBWrapper: report latency for each error is false and specific error codes to track for latency are: []
DBWrapper: report latency for each error is false and specific error codes to track for latency are: []
2026-06-11 06:47:44:989 10 sec: 538712 operations; 53871.2 current ops/sec; est completion in 5 hours 9 minutes [READ: Count=96781, Max=35455, Min=66, Avg=306.06, 90=522, 99=1215, 99.9=3707, 99.99=5935] [UPDATE: Count=443389, Max=59647, Min=59, Avg=286.93, 90=460, 99=1212, 99.9=3661, 99.99=7227] 
2026-06-11 06:47:54:989 20 sec: 1305867 operations; 76715.5 current ops/sec; est completion in 4 hours 14 minutes [READ: Count=137643, Max=5979, Min=67, Avg=204.25, 90=274, 99=365, 99.9=864, 99.99=3257] [UPDATE: Count=628170, Max=4547, Min=63, Avg=206.86, 90=279, 99=373, 99.9=911, 99.99=3021] 
2026-06-11 06:48:04:988 30 sec: 2070780 operations; 76491.3 current ops/sec; est completion in 4 hours [READ: Count=137295, Max=4423, Min=65, Avg=204.73, 90=277, 99=369, 99.9=852, 99.99=3181] [UPDATE: Count=627585, Max=5131, Min=60, Avg=207.59, 90=281, 99=382, 99.9=943, 99.99=3117] 
2026-06-11 06:48:14:988 40 sec: 2834777 operations; 76399.7 current ops/sec; est completion in 3 hours 54 minutes [READ: Count=138117, Max=4359, Min=65, Avg=204.73, 90=275, 99=368, 99.9=887, 99.99=2695] [UPDATE: Count=625903, Max=7775, Min=62, Avg=207.85, 90=280, 99=380, 99.9=909, 99.99=2661] 
2026-06-11 06:48:24:988 50 sec: 3599702 operations; 76492.5 current ops/sec; est completion in 3 hours 50 minutes [READ: Count=138180, Max=4159, Min=65, Avg=204.56, 90=275, 99=366, 99.9=799, 99.99=3045] [UPDATE: Count=626827, Max=9959, Min=64, Avg=207.6, 90=280, 99=376, 99.9=856, 99.99=3009] 
Maximum time elapsed. Requesting stop for the workload.
Stop requested for workload. Now Joining!
2026-06-11 06:48:34:991 60 sec: 4375060 operations; 77535.8 current ops/sec; est completion in 3 hours 47 minutes [READ: Count=139611, Max=3861, Min=63, Avg=201.77, 90=273, 99=360, 99.9=699, 99.99=2693] [UPDATE: Count=635665, Max=5151, Min=65, Avg=204.84, 90=278, 99=371, 99.9=741, 99.99=2561] 
2026-06-11 06:48:35.012 INFO net.spy.memcached.MemcachedConnection:  Shut down memcached client
2026-06-11 06:48:35.012 INFO net.spy.memcached.MemcachedConnection:  Shut down memcached client
2026-06-11 06:48:35.013 INFO net.spy.memcached.MemcachedConnection:  Shut down memcached client
2026-06-11 06:48:35.013 INFO net.spy.memcached.MemcachedConnection:  Shut down memcached client
2026-06-11 06:48:35.013 INFO net.spy.memcached.MemcachedConnection:  Shut down memcached client
2026-06-11 06:48:35.014 INFO net.spy.memcached.MemcachedConnection:  Shut down memcached client
2026-06-11 06:48:35.014 INFO net.spy.memcached.MemcachedConnection:  Shut down memcached client
2026-06-11 06:48:35.015 INFO net.spy.memcached.MemcachedConnection:  Shut down memcached client
2026-06-11 06:48:35.015 INFO net.spy.memcached.MemcachedConnection:  Shut down memcached client
2026-06-11 06:48:35.016 INFO net.spy.memcached.MemcachedConnection:  Shut down memcached client
2026-06-11 06:48:35.016 INFO net.spy.memcached.MemcachedConnection:  Shut down memcached client
2026-06-11 06:48:35.016 INFO net.spy.memcached.MemcachedConnection:  Shut down memcached client
2026-06-11 06:48:35.016 INFO net.spy.memcached.MemcachedConnection:  Shut down memcached client
2026-06-11 06:48:35.017 INFO net.spy.memcached.MemcachedConnection:  Shut down memcached client
2026-06-11 06:48:35.017 INFO net.spy.memcached.MemcachedConnection:  Shut down memcached client
2026-06-11 06:48:35.017 INFO net.spy.memcached.MemcachedConnection:  Shut down memcached client
2026-06-11 06:48:35:014 60 sec: 4375167 operations; 4115.38 current ops/sec; est completion in 3 hours 47 minutes [READ: Count=1, Max=6323, Min=6320, Avg=6322, 90=6323, 99=6323, 99.9=6323, 99.99=6323] [CLEANUP: Count=16, Max=21631, Min=14864, Avg=20815.75, 90=21583, 99=21631, 99.9=21631, 99.99=21631] [UPDATE: Count=0, Max=0, Min=9223372036854775807, Avg=NaN, 90=0, 99=0, 99.9=0, 99.99=0] 
[OVERALL], RunTime(ms), 60027
[OVERALL], Throughput(ops/sec), 72886.65100704684
[TOTAL_GCS_G1_Young_Generation], Count, 94
[TOTAL_GC_TIME_G1_Young_Generation], Time(ms), 101
[TOTAL_GC_TIME_%_G1_Young_Generation], Time(%), 0.16825761740550085
[TOTAL_GCS_G1_Concurrent_GC], Count, 0
[TOTAL_GC_TIME_G1_Concurrent_GC], Time(ms), 0
[TOTAL_GC_TIME_%_G1_Concurrent_GC], Time(%), 0.0
[TOTAL_GCS_G1_Old_Generation], Count, 0
[TOTAL_GC_TIME_G1_Old_Generation], Time(ms), 0
[TOTAL_GC_TIME_%_G1_Old_Generation], Time(%), 0.0
[TOTAL_GCs], Count, 94
[TOTAL_GC_TIME], Time(ms), 101
[TOTAL_GC_TIME_%], Time(%), 0.16825761740550085
[READ], Operations, 787628
[READ], AverageLatency(us), 216.55147353826933
[READ], MinLatency(us), 63
[READ], MaxLatency(us), 35455
[READ], 95thPercentileLatency(us), 334
[READ], 99thPercentileLatency(us), 599
[READ], Return=OK, 787628
[CLEANUP], Operations, 16
[CLEANUP], AverageLatency(us), 20815.75
[CLEANUP], MinLatency(us), 14864
[CLEANUP], MaxLatency(us), 21631
[CLEANUP], 95thPercentileLatency(us), 21599
[CLEANUP], 99thPercentileLatency(us), 21631
[UPDATE], Operations, 3587539
[UPDATE], AverageLatency(us), 216.82896854919207
[UPDATE], MinLatency(us), 59
[UPDATE], MaxLatency(us), 59647
[UPDATE], 95thPercentileLatency(us), 331
[UPDATE], 99thPercentileLatency(us), 549
[UPDATE], Return=OK, 3587539
