/usr/bin/java  -classpath /home/morisaki/Application/ycsb-0.17.0/conf:/home/morisaki/Application/ycsb-0.17.0/lib/HdrHistogram-2.1.4.jar:/home/morisaki/Application/ycsb-0.17.0/lib/core-0.17.0.jar:/home/morisaki/Application/ycsb-0.17.0/lib/htrace-core4-4.1.0-incubating.jar:/home/morisaki/Application/ycsb-0.17.0/lib/jackson-core-asl-1.9.4.jar:/home/morisaki/Application/ycsb-0.17.0/lib/jackson-mapper-asl-1.9.4.jar:/home/morisaki/Application/ycsb-0.17.0/memcached-binding/lib/HdrHistogram-2.1.4.jar:/home/morisaki/Application/ycsb-0.17.0/memcached-binding/lib/core-0.17.0.jar:/home/morisaki/Application/ycsb-0.17.0/memcached-binding/lib/htrace-core4-4.1.0-incubating.jar:/home/morisaki/Application/ycsb-0.17.0/memcached-binding/lib/jackson-core-asl-1.9.4.jar:/home/morisaki/Application/ycsb-0.17.0/memcached-binding/lib/jackson-mapper-asl-1.9.13.jar:/home/morisaki/Application/ycsb-0.17.0/memcached-binding/lib/log4j-1.2.17.jar:/home/morisaki/Application/ycsb-0.17.0/memcached-binding/lib/memcached-binding-0.17.0.jar:/home/morisaki/Application/ycsb-0.17.0/memcached-binding/lib/spymemcached-2.11.4.jar site.ycsb.Client -t -db site.ycsb.db.MemcachedClient -s -P ./experiment/workloads/var_workload.dat -p memcached.hosts=127.0.0.1:11222 -p maxexecutiontime=60 -threads 16
Command line: -t -db site.ycsb.db.MemcachedClient -s -P ./experiment/workloads/var_workload.dat -p memcached.hosts=127.0.0.1:11222 -p maxexecutiontime=60 -threads 16
YCSB Client 0.17.0

Loading workload...
log4j:WARN No appenders could be found for logger (org.apache.htrace.core.Tracer).
log4j:WARN Please initialize the log4j system properly.
log4j:WARN See http://logging.apache.org/log4j/1.2/faq.html#noconfig for more info.
Starting test.
2026-06-11 06:54:52:272 0 sec: 0 operations; est completion in 0 second 
Maximum execution time specified as: 60 secs
2026-06-11 06:54:52.350 INFO net.spy.memcached.MemcachedConnection:  Added {QA sa=/127.0.0.1:11222, #Rops=0, #Wops=0, #iq=0, topRop=null, topWop=null, toWrite=0, interested=0} to connect queue
2026-06-11 06:54:52.350 INFO net.spy.memcached.MemcachedConnection:  Added {QA sa=/127.0.0.1:11222, #Rops=0, #Wops=0, #iq=0, topRop=null, topWop=null, toWrite=0, interested=0} to connect queue
2026-06-11 06:54:52.354 INFO net.spy.memcached.MemcachedConnection:  Added {QA sa=/127.0.0.1:11222, #Rops=0, #Wops=0, #iq=0, topRop=null, topWop=null, toWrite=0, interested=0} to connect queue
2026-06-11 06:54:52.354 INFO net.spy.memcached.MemcachedConnection:  Added {QA sa=/127.0.0.1:11222, #Rops=0, #Wops=0, #iq=0, topRop=null, topWop=null, toWrite=0, interested=0} to connect queue
2026-06-11 06:54:52.354 INFO net.spy.memcached.MemcachedConnection:  Added {QA sa=/127.0.0.1:11222, #Rops=0, #Wops=0, #iq=0, topRop=null, topWop=null, toWrite=0, interested=0} to connect queue
2026-06-11 06:54:52.354 INFO net.spy.memcached.MemcachedConnection:  Added {QA sa=/127.0.0.1:11222, #Rops=0, #Wops=0, #iq=0, topRop=null, topWop=null, toWrite=0, interested=0} to connect queue
2026-06-11 06:54:52.355 INFO net.spy.memcached.MemcachedConnection:  Added {QA sa=/127.0.0.1:11222, #Rops=0, #Wops=0, #iq=0, topRop=null, topWop=null, toWrite=0, interested=0} to connect queue
DBWrapper: report latency for each error is false and specific error codes to track for latency are: []
2026-06-11 06:54:52.355 INFO net.spy.memcached.MemcachedConnection:  Added {QA sa=/127.0.0.1:11222, #Rops=0, #Wops=0, #iq=0, topRop=null, topWop=null, toWrite=0, interested=0} to connect queue
2026-06-11 06:54:52.355 INFO net.spy.memcached.MemcachedConnection:  Added {QA sa=/127.0.0.1:11222, #Rops=0, #Wops=0, #iq=0, topRop=null, topWop=null, toWrite=0, interested=0} to connect queue
2026-06-11 06:54:52.356 INFO net.spy.memcached.MemcachedConnection:  Added {QA sa=/127.0.0.1:11222, #Rops=0, #Wops=0, #iq=0, topRop=null, topWop=null, toWrite=0, interested=0} to connect queue
DBWrapper: report latency for each error is false and specific error codes to track for latency are: []
DBWrapper: report latency for each error is false and specific error codes to track for latency are: []
DBWrapper: report latency for each error is false and specific error codes to track for latency are: []
2026-06-11 06:54:52.358 INFO net.spy.memcached.MemcachedConnection:  Added {QA sa=/127.0.0.1:11222, #Rops=0, #Wops=0, #iq=0, topRop=null, topWop=null, toWrite=0, interested=0} to connect queue
DBWrapper: report latency for each error is false and specific error codes to track for latency are: []
2026-06-11 06:54:52.359 INFO net.spy.memcached.MemcachedConnection:  Added {QA sa=/127.0.0.1:11222, #Rops=0, #Wops=0, #iq=0, topRop=null, topWop=null, toWrite=0, interested=0} to connect queue
DBWrapper: report latency for each error is false and specific error codes to track for latency are: []
DBWrapper: report latency for each error is false and specific error codes to track for latency are: []
2026-06-11 06:54:52.360 INFO net.spy.memcached.MemcachedConnection:  Added {QA sa=/127.0.0.1:11222, #Rops=0, #Wops=0, #iq=0, topRop=null, topWop=null, toWrite=0, interested=0} to connect queue
2026-06-11 06:54:52.361 INFO net.spy.memcached.MemcachedConnection:  Added {QA sa=/127.0.0.1:11222, #Rops=0, #Wops=0, #iq=0, topRop=null, topWop=null, toWrite=0, interested=0} to connect queue
2026-06-11 06:54:52.361 INFO net.spy.memcached.MemcachedConnection:  Added {QA sa=/127.0.0.1:11222, #Rops=0, #Wops=0, #iq=0, topRop=null, topWop=null, toWrite=0, interested=0} to connect queue
DBWrapper: report latency for each error is false and specific error codes to track for latency are: []
DBWrapper: report latency for each error is false and specific error codes to track for latency are: []
2026-06-11 06:54:52.363 INFO net.spy.memcached.MemcachedConnection:  Added {QA sa=/127.0.0.1:11222, #Rops=0, #Wops=0, #iq=0, topRop=null, topWop=null, toWrite=0, interested=0} to connect queue
DBWrapper: report latency for each error is false and specific error codes to track for latency are: []
DBWrapper: report latency for each error is false and specific error codes to track for latency are: []
DBWrapper: report latency for each error is false and specific error codes to track for latency are: []
DBWrapper: report latency for each error is false and specific error codes to track for latency are: []
DBWrapper: report latency for each error is false and specific error codes to track for latency are: []
DBWrapper: report latency for each error is false and specific error codes to track for latency are: []
DBWrapper: report latency for each error is false and specific error codes to track for latency are: []
2026-06-11 06:55:02:272 10 sec: 574232 operations; 57423.2 current ops/sec; est completion in 4 hours 50 minutes [READ: Count=103416, Max=26223, Min=66, Avg=268.03, 90=390, 99=1110, 99.9=3789, 99.99=5743] [UPDATE: Count=471410, Max=61215, Min=63, Avg=272.87, 90=393, 99=1229, 99.9=3975, 99.99=7351] 
2026-06-11 06:55:12:272 20 sec: 1330978 operations; 75674.6 current ops/sec; est completion in 4 hours 10 minutes [READ: Count=136207, Max=4951, Min=63, Avg=207.59, 90=279, 99=412, 99.9=1410, 99.99=3841] [UPDATE: Count=620078, Max=9039, Min=58, Avg=209.81, 90=283, 99=419, 99.9=1500, 99.99=3589] 
2026-06-11 06:55:22:273 30 sec: 2099408 operations; 76827.63 current ops/sec; est completion in 3 hours 57 minutes [READ: Count=138010, Max=25887, Min=66, Avg=204.81, 90=274, 99=374, 99.9=1194, 99.99=3583] [UPDATE: Count=630611, Max=25999, Min=64, Avg=206.6, 90=278, 99=381, 99.9=1098, 99.99=3511] 
2026-06-11 06:55:32:272 40 sec: 2870587 operations; 77125.61 current ops/sec; est completion in 3 hours 51 minutes [READ: Count=139344, Max=3837, Min=63, Avg=203.73, 90=274, 99=367, 99.9=863, 99.99=3051] [UPDATE: Count=631572, Max=4727, Min=62, Avg=205.81, 90=278, 99=378, 99.9=966, 99.99=3025] 
2026-06-11 06:55:42:272 50 sec: 3637171 operations; 76666.07 current ops/sec; est completion in 3 hours 48 minutes [READ: Count=137972, Max=5015, Min=65, Avg=204.8, 90=275, 99=369, 99.9=998, 99.99=3231] [UPDATE: Count=628644, Max=8543, Min=61, Avg=207.14, 90=279, 99=381, 99.9=1023, 99.99=3225] 
Maximum time elapsed. Requesting stop for the workload.
Stop requested for workload. Now Joining!
2026-06-11 06:55:52:272 60 sec: 4413925 operations; 77675.4 current ops/sec; est completion in 3 hours 45 minutes [READ: Count=139885, Max=6959, Min=68, Avg=202.55, 90=273, 99=367, 99.9=954, 99.99=3403] [UPDATE: Count=636881, Max=5419, Min=63, Avg=204.34, 90=277, 99=377, 99.9=1024, 99.99=3443] 
2026-06-11 06:55:52.285 INFO net.spy.memcached.MemcachedConnection:  Shut down memcached client
2026-06-11 06:55:52.285 INFO net.spy.memcached.MemcachedConnection:  Shut down memcached client
2026-06-11 06:55:52.285 INFO net.spy.memcached.MemcachedConnection:  Shut down memcached client
2026-06-11 06:55:52.285 INFO net.spy.memcached.MemcachedConnection:  Shut down memcached client
2026-06-11 06:55:52.286 INFO net.spy.memcached.MemcachedConnection:  Shut down memcached client
2026-06-11 06:55:52.286 INFO net.spy.memcached.MemcachedConnection:  Shut down memcached client
2026-06-11 06:55:52.287 INFO net.spy.memcached.MemcachedConnection:  Shut down memcached client
2026-06-11 06:55:52.287 INFO net.spy.memcached.MemcachedConnection:  Shut down memcached client
2026-06-11 06:55:52.287 INFO net.spy.memcached.MemcachedConnection:  Shut down memcached client
2026-06-11 06:55:52.287 INFO net.spy.memcached.MemcachedConnection:  Shut down memcached client
2026-06-11 06:55:52.288 INFO net.spy.memcached.MemcachedConnection:  Shut down memcached client
2026-06-11 06:55:52:286 60 sec: 4414101 operations; 11733.33 current ops/sec; est completion in 3 hours 45 minutes [READ: Count=29, Max=3353, Min=83, Avg=393.03, 90=267, 99=3353, 99.9=3353, 99.99=3353] [CLEANUP: Count=16, Max=11647, Min=10088, Avg=10781.5, 90=11231, 99=11647, 99.9=11647, 99.99=11647] [UPDATE: Count=42, Max=3323, Min=73, Avg=363.71, 90=390, 99=3323, 99.9=3323, 99.99=3323] 
2026-06-11 06:55:52.291 INFO net.spy.memcached.MemcachedConnection:  Shut down memcached client
2026-06-11 06:55:52.292 INFO net.spy.memcached.MemcachedConnection:  Shut down memcached client
2026-06-11 06:55:52.292 INFO net.spy.memcached.MemcachedConnection:  Shut down memcached client
2026-06-11 06:55:52.292 INFO net.spy.memcached.MemcachedConnection:  Shut down memcached client
2026-06-11 06:55:52.292 INFO net.spy.memcached.MemcachedConnection:  Shut down memcached client
[OVERALL], RunTime(ms), 60015
[OVERALL], Throughput(ops/sec), 73549.96250937265
[TOTAL_GCS_G1_Young_Generation], Count, 95
[TOTAL_GC_TIME_G1_Young_Generation], Time(ms), 109
[TOTAL_GC_TIME_%_G1_Young_Generation], Time(%), 0.18162126135132883
[TOTAL_GCS_G1_Concurrent_GC], Count, 0
[TOTAL_GC_TIME_G1_Concurrent_GC], Time(ms), 0
[TOTAL_GC_TIME_%_G1_Concurrent_GC], Time(%), 0.0
[TOTAL_GCS_G1_Old_Generation], Count, 0
[TOTAL_GC_TIME_G1_Old_Generation], Time(ms), 0
[TOTAL_GC_TIME_%_G1_Old_Generation], Time(%), 0.0
[TOTAL_GCs], Count, 95
[TOTAL_GC_TIME], Time(ms), 109
[TOTAL_GC_TIME_%], Time(%), 0.18162126135132883
[READ], Operations, 794863
[READ], AverageLatency(us), 212.92939538008437
[READ], MinLatency(us), 63
[READ], MaxLatency(us), 26223
[READ], 95thPercentileLatency(us), 322
[READ], 99thPercentileLatency(us), 491
[READ], Return=OK, 794863
[CLEANUP], Operations, 16
[CLEANUP], AverageLatency(us), 10781.5
[CLEANUP], MinLatency(us), 10088
[CLEANUP], MaxLatency(us), 11647
[CLEANUP], 95thPercentileLatency(us), 11247
[CLEANUP], 99thPercentileLatency(us), 11647
[UPDATE], Operations, 3619238
[UPDATE], AverageLatency(us), 215.34102703386736
[UPDATE], MinLatency(us), 58
[UPDATE], MaxLatency(us), 61215
[UPDATE], 95thPercentileLatency(us), 327
[UPDATE], 99thPercentileLatency(us), 498
[UPDATE], Return=OK, 3619238
