/usr/bin/java  -classpath /home/morisaki/Application/ycsb-0.17.0/conf:/home/morisaki/Application/ycsb-0.17.0/lib/HdrHistogram-2.1.4.jar:/home/morisaki/Application/ycsb-0.17.0/lib/core-0.17.0.jar:/home/morisaki/Application/ycsb-0.17.0/lib/htrace-core4-4.1.0-incubating.jar:/home/morisaki/Application/ycsb-0.17.0/lib/jackson-core-asl-1.9.4.jar:/home/morisaki/Application/ycsb-0.17.0/lib/jackson-mapper-asl-1.9.4.jar:/home/morisaki/Application/ycsb-0.17.0/memcached-binding/lib/HdrHistogram-2.1.4.jar:/home/morisaki/Application/ycsb-0.17.0/memcached-binding/lib/core-0.17.0.jar:/home/morisaki/Application/ycsb-0.17.0/memcached-binding/lib/htrace-core4-4.1.0-incubating.jar:/home/morisaki/Application/ycsb-0.17.0/memcached-binding/lib/jackson-core-asl-1.9.4.jar:/home/morisaki/Application/ycsb-0.17.0/memcached-binding/lib/jackson-mapper-asl-1.9.13.jar:/home/morisaki/Application/ycsb-0.17.0/memcached-binding/lib/log4j-1.2.17.jar:/home/morisaki/Application/ycsb-0.17.0/memcached-binding/lib/memcached-binding-0.17.0.jar:/home/morisaki/Application/ycsb-0.17.0/memcached-binding/lib/spymemcached-2.11.4.jar site.ycsb.Client -t -db site.ycsb.db.MemcachedClient -s -P ./experiment/workloads/var_workload.dat -p memcached.hosts=127.0.0.1:11222 -p maxexecutiontime=30 -threads 16
Command line: -t -db site.ycsb.db.MemcachedClient -s -P ./experiment/workloads/var_workload.dat -p memcached.hosts=127.0.0.1:11222 -p maxexecutiontime=30 -threads 16
YCSB Client 0.17.0

Loading workload...
log4j:WARN No appenders could be found for logger (org.apache.htrace.core.Tracer).
log4j:WARN Please initialize the log4j system properly.
log4j:WARN See http://logging.apache.org/log4j/1.2/faq.html#noconfig for more info.
Starting test.
2026-06-11 07:01:02:284 0 sec: 0 operations; est completion in 0 second 
Maximum execution time specified as: 30 secs
2026-06-11 07:01:02.366 INFO net.spy.memcached.MemcachedConnection:  Added {QA sa=/127.0.0.1:11222, #Rops=0, #Wops=0, #iq=0, topRop=null, topWop=null, toWrite=0, interested=0} to connect queue
2026-06-11 07:01:02.368 INFO net.spy.memcached.MemcachedConnection:  Added {QA sa=/127.0.0.1:11222, #Rops=0, #Wops=0, #iq=0, topRop=null, topWop=null, toWrite=0, interested=0} to connect queue
2026-06-11 07:01:02.369 INFO net.spy.memcached.MemcachedConnection:  Added {QA sa=/127.0.0.1:11222, #Rops=0, #Wops=0, #iq=0, topRop=null, topWop=null, toWrite=0, interested=0} to connect queue
2026-06-11 07:01:02.369 INFO net.spy.memcached.MemcachedConnection:  Added {QA sa=/127.0.0.1:11222, #Rops=0, #Wops=0, #iq=0, topRop=null, topWop=null, toWrite=0, interested=0} to connect queue
2026-06-11 07:01:02.370 INFO net.spy.memcached.MemcachedConnection:  Added {QA sa=/127.0.0.1:11222, #Rops=0, #Wops=0, #iq=0, topRop=null, topWop=null, toWrite=0, interested=0} to connect queue
2026-06-11 07:01:02.369 INFO net.spy.memcached.MemcachedConnection:  Added {QA sa=/127.0.0.1:11222, #Rops=0, #Wops=0, #iq=0, topRop=null, topWop=null, toWrite=0, interested=0} to connect queue
2026-06-11 07:01:02.369 INFO net.spy.memcached.MemcachedConnection:  Added {QA sa=/127.0.0.1:11222, #Rops=0, #Wops=0, #iq=0, topRop=null, topWop=null, toWrite=0, interested=0} to connect queue
DBWrapper: report latency for each error is false and specific error codes to track for latency are: []
2026-06-11 07:01:02.369 INFO net.spy.memcached.MemcachedConnection:  Added {QA sa=/127.0.0.1:11222, #Rops=0, #Wops=0, #iq=0, topRop=null, topWop=null, toWrite=0, interested=0} to connect queue
2026-06-11 07:01:02.369 INFO net.spy.memcached.MemcachedConnection:  Added {QA sa=/127.0.0.1:11222, #Rops=0, #Wops=0, #iq=0, topRop=null, topWop=null, toWrite=0, interested=0} to connect queue
DBWrapper: report latency for each error is false and specific error codes to track for latency are: []
DBWrapper: report latency for each error is false and specific error codes to track for latency are: []
DBWrapper: report latency for each error is false and specific error codes to track for latency are: []
DBWrapper: report latency for each error is false and specific error codes to track for latency are: []
DBWrapper: report latency for each error is false and specific error codes to track for latency are: []
DBWrapper: report latency for each error is false and specific error codes to track for latency are: []
2026-06-11 07:01:02.371 INFO net.spy.memcached.MemcachedConnection:  Added {QA sa=/127.0.0.1:11222, #Rops=0, #Wops=0, #iq=0, topRop=null, topWop=null, toWrite=0, interested=0} to connect queue
2026-06-11 07:01:02.373 INFO net.spy.memcached.MemcachedConnection:  Added {QA sa=/127.0.0.1:11222, #Rops=0, #Wops=0, #iq=0, topRop=null, topWop=null, toWrite=0, interested=0} to connect queue
DBWrapper: report latency for each error is false and specific error codes to track for latency are: []
DBWrapper: report latency for each error is false and specific error codes to track for latency are: []
DBWrapper: report latency for each error is false and specific error codes to track for latency are: []
2026-06-11 07:01:02.373 INFO net.spy.memcached.MemcachedConnection:  Added {QA sa=/127.0.0.1:11222, #Rops=0, #Wops=0, #iq=0, topRop=null, topWop=null, toWrite=0, interested=0} to connect queue
DBWrapper: report latency for each error is false and specific error codes to track for latency are: []
2026-06-11 07:01:02.374 INFO net.spy.memcached.MemcachedConnection:  Added {QA sa=/127.0.0.1:11222, #Rops=0, #Wops=0, #iq=0, topRop=null, topWop=null, toWrite=0, interested=0} to connect queue
DBWrapper: report latency for each error is false and specific error codes to track for latency are: []
2026-06-11 07:01:02.374 INFO net.spy.memcached.MemcachedConnection:  Added {QA sa=/127.0.0.1:11222, #Rops=0, #Wops=0, #iq=0, topRop=null, topWop=null, toWrite=0, interested=0} to connect queue
2026-06-11 07:01:02.375 INFO net.spy.memcached.MemcachedConnection:  Added {QA sa=/127.0.0.1:11222, #Rops=0, #Wops=0, #iq=0, topRop=null, topWop=null, toWrite=0, interested=0} to connect queue
2026-06-11 07:01:02.375 INFO net.spy.memcached.MemcachedConnection:  Added {QA sa=/127.0.0.1:11222, #Rops=0, #Wops=0, #iq=0, topRop=null, topWop=null, toWrite=0, interested=0} to connect queue
DBWrapper: report latency for each error is false and specific error codes to track for latency are: []
DBWrapper: report latency for each error is false and specific error codes to track for latency are: []
DBWrapper: report latency for each error is false and specific error codes to track for latency are: []
DBWrapper: report latency for each error is false and specific error codes to track for latency are: []
2026-06-11 07:01:12:284 10 sec: 616621 operations; 61662.1 current ops/sec; est completion in 4 hours 30 minutes [READ: Count=109917, Max=28799, Min=66, Avg=250.52, 90=356, 99=1025, 99.9=3381, 99.99=6087] [UPDATE: Count=507975, Max=62303, Min=64, Avg=254.56, 90=358, 99=1092, 99.9=3519, 99.99=6907] 
2026-06-11 07:01:22:284 20 sec: 1384992 operations; 76837.1 current ops/sec; est completion in 4 hours [READ: Count=137824, Max=6251, Min=63, Avg=203.34, 90=275, 99=367, 99.9=1122, 99.99=3503] [UPDATE: Count=629539, Max=6527, Min=62, Avg=206.82, 90=281, 99=380, 99.9=1116, 99.99=3193] 
Maximum time elapsed. Requesting stop for the workload.
Stop requested for workload. Now Joining!
2026-06-11 07:01:32:284 30 sec: 2151278 operations; 76628.6 current ops/sec; est completion in 3 hours 51 minutes [READ: Count=137873, Max=40191, Min=66, Avg=204.48, 90=275, 99=370, 99.9=1082, 99.99=2973] [UPDATE: Count=628286, Max=11263, Min=65, Avg=207.34, 90=281, 99=380, 99.9=1037, 99.99=3127] 
2026-06-11 07:01:32.316 INFO net.spy.memcached.MemcachedConnection:  Shut down memcached client
2026-06-11 07:01:32.316 INFO net.spy.memcached.MemcachedConnection:  Shut down memcached client
2026-06-11 07:01:32.316 INFO net.spy.memcached.MemcachedConnection:  Shut down memcached client
2026-06-11 07:01:32.316 INFO net.spy.memcached.MemcachedConnection:  Shut down memcached client
2026-06-11 07:01:32.317 INFO net.spy.memcached.MemcachedConnection:  Shut down memcached client
2026-06-11 07:01:32.318 INFO net.spy.memcached.MemcachedConnection:  Shut down memcached client
2026-06-11 07:01:32.317 INFO net.spy.memcached.MemcachedConnection:  Shut down memcached client
2026-06-11 07:01:32.318 INFO net.spy.memcached.MemcachedConnection:  Shut down memcached client
2026-06-11 07:01:32.317 INFO net.spy.memcached.MemcachedConnection:  Shut down memcached client
2026-06-11 07:01:32.318 INFO net.spy.memcached.MemcachedConnection:  Shut down memcached client
2026-06-11 07:01:32.319 INFO net.spy.memcached.MemcachedConnection:  Shut down memcached client
2026-06-11 07:01:32.319 INFO net.spy.memcached.MemcachedConnection:  Shut down memcached client
2026-06-11 07:01:32.319 INFO net.spy.memcached.MemcachedConnection:  Shut down memcached client
2026-06-11 07:01:32.319 INFO net.spy.memcached.MemcachedConnection:  Shut down memcached client
2026-06-11 07:01:32.320 INFO net.spy.memcached.MemcachedConnection:  Shut down memcached client
2026-06-11 07:01:32.320 INFO net.spy.memcached.MemcachedConnection:  Shut down memcached client
2026-06-11 07:01:32:317 30 sec: 2151521 operations; 7363.64 current ops/sec; est completion in 3 hours 52 minutes [READ: Count=35, Max=324, Min=92, Avg=169.23, 90=236, 99=324, 99.9=324, 99.99=324] [CLEANUP: Count=16, Max=28831, Min=26496, Avg=27989, 90=28671, 99=28831, 99.9=28831, 99.99=28831] [UPDATE: Count=72, Max=3815, Min=82, Avg=472.68, 90=504, 99=3725, 99.9=3815, 99.99=3815] 
[OVERALL], RunTime(ms), 30033
[OVERALL], Throughput(ops/sec), 71638.56424599607
[TOTAL_GCS_G1_Young_Generation], Count, 47
[TOTAL_GC_TIME_G1_Young_Generation], Time(ms), 63
[TOTAL_GC_TIME_%_G1_Young_Generation], Time(%), 0.2097692538207971
[TOTAL_GCS_G1_Concurrent_GC], Count, 0
[TOTAL_GC_TIME_G1_Concurrent_GC], Time(ms), 0
[TOTAL_GC_TIME_%_G1_Concurrent_GC], Time(%), 0.0
[TOTAL_GCS_G1_Old_Generation], Count, 0
[TOTAL_GC_TIME_G1_Old_Generation], Time(ms), 0
[TOTAL_GC_TIME_%_G1_Old_Generation], Time(%), 0.0
[TOTAL_GCs], Count, 47
[TOTAL_GC_TIME], Time(ms), 63
[TOTAL_GC_TIME_%], Time(%), 0.2097692538207971
[READ], Operations, 385649
[READ], AverageLatency(us), 217.1917105969418
[READ], MinLatency(us), 63
[READ], MaxLatency(us), 40191
[READ], 95thPercentileLatency(us), 334
[READ], 99thPercentileLatency(us), 557
[READ], Return=OK, 385649
[CLEANUP], Operations, 16
[CLEANUP], AverageLatency(us), 27989.0
[CLEANUP], MinLatency(us), 26496
[CLEANUP], MaxLatency(us), 28831
[CLEANUP], 95thPercentileLatency(us), 28719
[CLEANUP], 99thPercentileLatency(us), 28831
[UPDATE], Operations, 1765872
[UPDATE], AverageLatency(us), 220.75054590593203
[UPDATE], MinLatency(us), 62
[UPDATE], MaxLatency(us), 62303
[UPDATE], 95thPercentileLatency(us), 341
[UPDATE], 99thPercentileLatency(us), 563
[UPDATE], Return=OK, 1765872
