/usr/bin/java  -classpath /home/morisaki/Application/ycsb-0.17.0/conf:/home/morisaki/Application/ycsb-0.17.0/lib/HdrHistogram-2.1.4.jar:/home/morisaki/Application/ycsb-0.17.0/lib/core-0.17.0.jar:/home/morisaki/Application/ycsb-0.17.0/lib/htrace-core4-4.1.0-incubating.jar:/home/morisaki/Application/ycsb-0.17.0/lib/jackson-core-asl-1.9.4.jar:/home/morisaki/Application/ycsb-0.17.0/lib/jackson-mapper-asl-1.9.4.jar:/home/morisaki/Application/ycsb-0.17.0/memcached-binding/lib/HdrHistogram-2.1.4.jar:/home/morisaki/Application/ycsb-0.17.0/memcached-binding/lib/core-0.17.0.jar:/home/morisaki/Application/ycsb-0.17.0/memcached-binding/lib/htrace-core4-4.1.0-incubating.jar:/home/morisaki/Application/ycsb-0.17.0/memcached-binding/lib/jackson-core-asl-1.9.4.jar:/home/morisaki/Application/ycsb-0.17.0/memcached-binding/lib/jackson-mapper-asl-1.9.13.jar:/home/morisaki/Application/ycsb-0.17.0/memcached-binding/lib/log4j-1.2.17.jar:/home/morisaki/Application/ycsb-0.17.0/memcached-binding/lib/memcached-binding-0.17.0.jar:/home/morisaki/Application/ycsb-0.17.0/memcached-binding/lib/spymemcached-2.11.4.jar site.ycsb.Client -t -db site.ycsb.db.MemcachedClient -s -P ./experiment/workloads/var_workload.dat -p memcached.hosts=127.0.0.1:11222 -p maxexecutiontime=30 -threads 16
Command line: -t -db site.ycsb.db.MemcachedClient -s -P ./experiment/workloads/var_workload.dat -p memcached.hosts=127.0.0.1:11222 -p maxexecutiontime=30 -threads 16
YCSB Client 0.17.0

Loading workload...
log4j:WARN No appenders could be found for logger (org.apache.htrace.core.Tracer).
log4j:WARN Please initialize the log4j system properly.
log4j:WARN See http://logging.apache.org/log4j/1.2/faq.html#noconfig for more info.
Starting test.
2026-06-11 06:49:36:467 0 sec: 0 operations; est completion in 0 second 
Maximum execution time specified as: 30 secs
2026-06-11 06:49:36.547 INFO net.spy.memcached.MemcachedConnection:  Added {QA sa=/127.0.0.1:11222, #Rops=0, #Wops=0, #iq=0, topRop=null, topWop=null, toWrite=0, interested=0} to connect queue
2026-06-11 06:49:36.547 INFO net.spy.memcached.MemcachedConnection:  Added {QA sa=/127.0.0.1:11222, #Rops=0, #Wops=0, #iq=0, topRop=null, topWop=null, toWrite=0, interested=0} to connect queue
2026-06-11 06:49:36.548 INFO net.spy.memcached.MemcachedConnection:  Added {QA sa=/127.0.0.1:11222, #Rops=0, #Wops=0, #iq=0, topRop=null, topWop=null, toWrite=0, interested=0} to connect queue
2026-06-11 06:49:36.548 INFO net.spy.memcached.MemcachedConnection:  Added {QA sa=/127.0.0.1:11222, #Rops=0, #Wops=0, #iq=0, topRop=null, topWop=null, toWrite=0, interested=0} to connect queue
2026-06-11 06:49:36.548 INFO net.spy.memcached.MemcachedConnection:  Added {QA sa=/127.0.0.1:11222, #Rops=0, #Wops=0, #iq=0, topRop=null, topWop=null, toWrite=0, interested=0} to connect queue
2026-06-11 06:49:36.549 INFO net.spy.memcached.MemcachedConnection:  Added {QA sa=/127.0.0.1:11222, #Rops=0, #Wops=0, #iq=0, topRop=null, topWop=null, toWrite=0, interested=0} to connect queue
2026-06-11 06:49:36.549 INFO net.spy.memcached.MemcachedConnection:  Added {QA sa=/127.0.0.1:11222, #Rops=0, #Wops=0, #iq=0, topRop=null, topWop=null, toWrite=0, interested=0} to connect queue
2026-06-11 06:49:36.549 INFO net.spy.memcached.MemcachedConnection:  Added {QA sa=/127.0.0.1:11222, #Rops=0, #Wops=0, #iq=0, topRop=null, topWop=null, toWrite=0, interested=0} to connect queue
2026-06-11 06:49:36.549 INFO net.spy.memcached.MemcachedConnection:  Added {QA sa=/127.0.0.1:11222, #Rops=0, #Wops=0, #iq=0, topRop=null, topWop=null, toWrite=0, interested=0} to connect queue
2026-06-11 06:49:36.550 INFO net.spy.memcached.MemcachedConnection:  Added {QA sa=/127.0.0.1:11222, #Rops=0, #Wops=0, #iq=0, topRop=null, topWop=null, toWrite=0, interested=0} to connect queue
DBWrapper: report latency for each error is false and specific error codes to track for latency are: []
DBWrapper: report latency for each error is false and specific error codes to track for latency are: []
2026-06-11 06:49:36.550 INFO net.spy.memcached.MemcachedConnection:  Added {QA sa=/127.0.0.1:11222, #Rops=0, #Wops=0, #iq=0, topRop=null, topWop=null, toWrite=0, interested=0} to connect queue
DBWrapper: report latency for each error is false and specific error codes to track for latency are: []
DBWrapper: report latency for each error is false and specific error codes to track for latency are: []
DBWrapper: report latency for each error is false and specific error codes to track for latency are: []
2026-06-11 06:49:36.551 INFO net.spy.memcached.MemcachedConnection:  Added {QA sa=/127.0.0.1:11222, #Rops=0, #Wops=0, #iq=0, topRop=null, topWop=null, toWrite=0, interested=0} to connect queue
2026-06-11 06:49:36.551 INFO net.spy.memcached.MemcachedConnection:  Added {QA sa=/127.0.0.1:11222, #Rops=0, #Wops=0, #iq=0, topRop=null, topWop=null, toWrite=0, interested=0} to connect queue
2026-06-11 06:49:36.551 INFO net.spy.memcached.MemcachedConnection:  Added {QA sa=/127.0.0.1:11222, #Rops=0, #Wops=0, #iq=0, topRop=null, topWop=null, toWrite=0, interested=0} to connect queue
DBWrapper: report latency for each error is false and specific error codes to track for latency are: []
DBWrapper: report latency for each error is false and specific error codes to track for latency are: []
DBWrapper: report latency for each error is false and specific error codes to track for latency are: []
2026-06-11 06:49:36.552 INFO net.spy.memcached.MemcachedConnection:  Added {QA sa=/127.0.0.1:11222, #Rops=0, #Wops=0, #iq=0, topRop=null, topWop=null, toWrite=0, interested=0} to connect queue
DBWrapper: report latency for each error is false and specific error codes to track for latency are: []
DBWrapper: report latency for each error is false and specific error codes to track for latency are: []
2026-06-11 06:49:36.553 INFO net.spy.memcached.MemcachedConnection:  Added {QA sa=/127.0.0.1:11222, #Rops=0, #Wops=0, #iq=0, topRop=null, topWop=null, toWrite=0, interested=0} to connect queue
DBWrapper: report latency for each error is false and specific error codes to track for latency are: []
DBWrapper: report latency for each error is false and specific error codes to track for latency are: []
DBWrapper: report latency for each error is false and specific error codes to track for latency are: []
DBWrapper: report latency for each error is false and specific error codes to track for latency are: []
DBWrapper: report latency for each error is false and specific error codes to track for latency are: []
DBWrapper: report latency for each error is false and specific error codes to track for latency are: []
2026-06-11 06:49:46:467 10 sec: 611828 operations; 61176.68 current ops/sec; est completion in 4 hours 32 minutes [READ: Count=110877, Max=37919, Min=64, Avg=253.02, 90=356, 99=935, 99.9=3377, 99.99=7427] [UPDATE: Count=502275, Max=55167, Min=62, Avg=256.66, 90=358, 99=988, 99.9=3665, 99.99=8059] 
2026-06-11 06:49:56:467 20 sec: 1376715 operations; 76488.7 current ops/sec; est completion in 4 hours 1 minute [READ: Count=137734, Max=7563, Min=64, Avg=205.64, 90=276, 99=373, 99.9=1161, 99.99=3233] [UPDATE: Count=625938, Max=5875, Min=61, Avg=207.37, 90=279, 99=384, 99.9=1168, 99.99=3245] 
Maximum time elapsed. Requesting stop for the workload.
Stop requested for workload. Now Joining!
2026-06-11 06:50:06:467 30 sec: 2149316 operations; 77260.1 current ops/sec; est completion in 3 hours 52 minutes [READ: Count=138931, Max=6939, Min=64, Avg=203.27, 90=274, 99=369, 99.9=969, 99.99=3031] [UPDATE: Count=633646, Max=5687, Min=63, Avg=205.47, 90=279, 99=378, 99.9=1051, 99.99=3061] 
2026-06-11 06:50:06.481 INFO net.spy.memcached.MemcachedConnection:  Shut down memcached client
2026-06-11 06:50:06.482 INFO net.spy.memcached.MemcachedConnection:  Shut down memcached client
2026-06-11 06:50:06.482 INFO net.spy.memcached.MemcachedConnection:  Shut down memcached client
2026-06-11 06:50:06.483 INFO net.spy.memcached.MemcachedConnection:  Shut down memcached client
2026-06-11 06:50:06.483 INFO net.spy.memcached.MemcachedConnection:  Shut down memcached client
2026-06-11 06:50:06.483 INFO net.spy.memcached.MemcachedConnection:  Shut down memcached client
2026-06-11 06:50:06.484 INFO net.spy.memcached.MemcachedConnection:  Shut down memcached client
2026-06-11 06:50:06.484 INFO net.spy.memcached.MemcachedConnection:  Shut down memcached client
2026-06-11 06:50:06.484 INFO net.spy.memcached.MemcachedConnection:  Shut down memcached client
2026-06-11 06:50:06.485 INFO net.spy.memcached.MemcachedConnection:  Shut down memcached client
2026-06-11 06:50:06.486 INFO net.spy.memcached.MemcachedConnection:  Shut down memcached client
2026-06-11 06:50:06:482 30 sec: 2149441 operations; 8333.33 current ops/sec; est completion in 3 hours 52 minutes [READ: Count=18, Max=562, Min=93, Avg=206.39, 90=262, 99=562, 99.9=562, 99.99=562] [CLEANUP: Count=16, Max=12759, Min=10856, Avg=12264, 90=12679, 99=12759, 99.9=12759, 99.99=12759] [UPDATE: Count=22, Max=2841, Min=96, Avg=701.5, 90=2221, 99=2841, 99.9=2841, 99.99=2841] 
2026-06-11 06:50:06.486 INFO net.spy.memcached.MemcachedConnection:  Shut down memcached client
2026-06-11 06:50:06.486 INFO net.spy.memcached.MemcachedConnection:  Shut down memcached client
2026-06-11 06:50:06.486 INFO net.spy.memcached.MemcachedConnection:  Shut down memcached client
2026-06-11 06:50:06.487 INFO net.spy.memcached.MemcachedConnection:  Shut down memcached client
2026-06-11 06:50:06.487 INFO net.spy.memcached.MemcachedConnection:  Shut down memcached client
[OVERALL], RunTime(ms), 30016
[OVERALL], Throughput(ops/sec), 71609.84141791044
[TOTAL_GCS_G1_Young_Generation], Count, 47
[TOTAL_GC_TIME_G1_Young_Generation], Time(ms), 76
[TOTAL_GC_TIME_%_G1_Young_Generation], Time(%), 0.2531982942430704
[TOTAL_GCS_G1_Concurrent_GC], Count, 0
[TOTAL_GC_TIME_G1_Concurrent_GC], Time(ms), 0
[TOTAL_GC_TIME_%_G1_Concurrent_GC], Time(%), 0.0
[TOTAL_GCS_G1_Old_Generation], Count, 0
[TOTAL_GC_TIME_G1_Old_Generation], Time(ms), 0
[TOTAL_GC_TIME_%_G1_Old_Generation], Time(%), 0.0
[TOTAL_GCs], Count, 47
[TOTAL_GC_TIME], Time(ms), 76
[TOTAL_GC_TIME_%], Time(%), 0.2531982942430704
[READ], Operations, 387560
[READ], AverageLatency(us), 218.34385643513264
[READ], MinLatency(us), 64
[READ], MaxLatency(us), 37919
[READ], 95thPercentileLatency(us), 336
[READ], 99thPercentileLatency(us), 555
[READ], Return=OK, 387560
[CLEANUP], Operations, 16
[CLEANUP], AverageLatency(us), 12264.0
[CLEANUP], MinLatency(us), 10856
[CLEANUP], MaxLatency(us), 12759
[CLEANUP], 95thPercentileLatency(us), 12727
[CLEANUP], 99thPercentileLatency(us), 12759
[UPDATE], Operations, 1761881
[UPDATE], AverageLatency(us), 220.7459516278341
[UPDATE], MinLatency(us), 61
[UPDATE], MaxLatency(us), 55167
[UPDATE], 95thPercentileLatency(us), 340
[UPDATE], 99thPercentileLatency(us), 573
[UPDATE], Return=OK, 1761881
