/usr/bin/java  -classpath /home/morisaki/Application/ycsb-0.17.0/conf:/home/morisaki/Application/ycsb-0.17.0/lib/HdrHistogram-2.1.4.jar:/home/morisaki/Application/ycsb-0.17.0/lib/core-0.17.0.jar:/home/morisaki/Application/ycsb-0.17.0/lib/htrace-core4-4.1.0-incubating.jar:/home/morisaki/Application/ycsb-0.17.0/lib/jackson-core-asl-1.9.4.jar:/home/morisaki/Application/ycsb-0.17.0/lib/jackson-mapper-asl-1.9.4.jar:/home/morisaki/Application/ycsb-0.17.0/memcached-binding/lib/HdrHistogram-2.1.4.jar:/home/morisaki/Application/ycsb-0.17.0/memcached-binding/lib/core-0.17.0.jar:/home/morisaki/Application/ycsb-0.17.0/memcached-binding/lib/htrace-core4-4.1.0-incubating.jar:/home/morisaki/Application/ycsb-0.17.0/memcached-binding/lib/jackson-core-asl-1.9.4.jar:/home/morisaki/Application/ycsb-0.17.0/memcached-binding/lib/jackson-mapper-asl-1.9.13.jar:/home/morisaki/Application/ycsb-0.17.0/memcached-binding/lib/log4j-1.2.17.jar:/home/morisaki/Application/ycsb-0.17.0/memcached-binding/lib/memcached-binding-0.17.0.jar:/home/morisaki/Application/ycsb-0.17.0/memcached-binding/lib/spymemcached-2.11.4.jar site.ycsb.Client -t -db site.ycsb.db.MemcachedClient -s -P ./experiment/workloads/var_workload.dat -p memcached.hosts=127.0.0.1:11222 -p maxexecutiontime=30 -threads 16
Command line: -t -db site.ycsb.db.MemcachedClient -s -P ./experiment/workloads/var_workload.dat -p memcached.hosts=127.0.0.1:11222 -p maxexecutiontime=30 -threads 16
YCSB Client 0.17.0

Loading workload...
log4j:WARN No appenders could be found for logger (org.apache.htrace.core.Tracer).
log4j:WARN Please initialize the log4j system properly.
log4j:WARN See http://logging.apache.org/log4j/1.2/faq.html#noconfig for more info.
Starting test.
2026-06-11 06:57:54:744 0 sec: 0 operations; est completion in 0 second 
Maximum execution time specified as: 30 secs
2026-06-11 06:57:54.826 INFO net.spy.memcached.MemcachedConnection:  Added {QA sa=/127.0.0.1:11222, #Rops=0, #Wops=0, #iq=0, topRop=null, topWop=null, toWrite=0, interested=0} to connect queue
2026-06-11 06:57:54.826 INFO net.spy.memcached.MemcachedConnection:  Added {QA sa=/127.0.0.1:11222, #Rops=0, #Wops=0, #iq=0, topRop=null, topWop=null, toWrite=0, interested=0} to connect queue
2026-06-11 06:57:54.827 INFO net.spy.memcached.MemcachedConnection:  Added {QA sa=/127.0.0.1:11222, #Rops=0, #Wops=0, #iq=0, topRop=null, topWop=null, toWrite=0, interested=0} to connect queue
2026-06-11 06:57:54.827 INFO net.spy.memcached.MemcachedConnection:  Added {QA sa=/127.0.0.1:11222, #Rops=0, #Wops=0, #iq=0, topRop=null, topWop=null, toWrite=0, interested=0} to connect queue
2026-06-11 06:57:54.827 INFO net.spy.memcached.MemcachedConnection:  Added {QA sa=/127.0.0.1:11222, #Rops=0, #Wops=0, #iq=0, topRop=null, topWop=null, toWrite=0, interested=0} to connect queue
2026-06-11 06:57:54.828 INFO net.spy.memcached.MemcachedConnection:  Added {QA sa=/127.0.0.1:11222, #Rops=0, #Wops=0, #iq=0, topRop=null, topWop=null, toWrite=0, interested=0} to connect queue
2026-06-11 06:57:54.828 INFO net.spy.memcached.MemcachedConnection:  Added {QA sa=/127.0.0.1:11222, #Rops=0, #Wops=0, #iq=0, topRop=null, topWop=null, toWrite=0, interested=0} to connect queue
2026-06-11 06:57:54.828 INFO net.spy.memcached.MemcachedConnection:  Added {QA sa=/127.0.0.1:11222, #Rops=0, #Wops=0, #iq=0, topRop=null, topWop=null, toWrite=0, interested=0} to connect queue
2026-06-11 06:57:54.829 INFO net.spy.memcached.MemcachedConnection:  Added {QA sa=/127.0.0.1:11222, #Rops=0, #Wops=0, #iq=0, topRop=null, topWop=null, toWrite=0, interested=0} to connect queue
DBWrapper: report latency for each error is false and specific error codes to track for latency are: []
DBWrapper: report latency for each error is false and specific error codes to track for latency are: []
2026-06-11 06:57:54.829 INFO net.spy.memcached.MemcachedConnection:  Added {QA sa=/127.0.0.1:11222, #Rops=0, #Wops=0, #iq=0, topRop=null, topWop=null, toWrite=0, interested=0} to connect queue
2026-06-11 06:57:54.830 INFO net.spy.memcached.MemcachedConnection:  Added {QA sa=/127.0.0.1:11222, #Rops=0, #Wops=0, #iq=0, topRop=null, topWop=null, toWrite=0, interested=0} to connect queue
DBWrapper: report latency for each error is false and specific error codes to track for latency are: []
2026-06-11 06:57:54.830 INFO net.spy.memcached.MemcachedConnection:  Added {QA sa=/127.0.0.1:11222, #Rops=0, #Wops=0, #iq=0, topRop=null, topWop=null, toWrite=0, interested=0} to connect queue
DBWrapper: report latency for each error is false and specific error codes to track for latency are: []
2026-06-11 06:57:54.830 INFO net.spy.memcached.MemcachedConnection:  Added {QA sa=/127.0.0.1:11222, #Rops=0, #Wops=0, #iq=0, topRop=null, topWop=null, toWrite=0, interested=0} to connect queue
DBWrapper: report latency for each error is false and specific error codes to track for latency are: []
DBWrapper: report latency for each error is false and specific error codes to track for latency are: []
DBWrapper: report latency for each error is false and specific error codes to track for latency are: []
DBWrapper: report latency for each error is false and specific error codes to track for latency are: []
DBWrapper: report latency for each error is false and specific error codes to track for latency are: []
DBWrapper: report latency for each error is false and specific error codes to track for latency are: []
DBWrapper: report latency for each error is false and specific error codes to track for latency are: []
2026-06-11 06:57:54.835 INFO net.spy.memcached.MemcachedConnection:  Added {QA sa=/127.0.0.1:11222, #Rops=0, #Wops=0, #iq=0, topRop=null, topWop=null, toWrite=0, interested=0} to connect queue
2026-06-11 06:57:54.835 INFO net.spy.memcached.MemcachedConnection:  Added {QA sa=/127.0.0.1:11222, #Rops=0, #Wops=0, #iq=0, topRop=null, topWop=null, toWrite=0, interested=0} to connect queue
DBWrapper: report latency for each error is false and specific error codes to track for latency are: []
DBWrapper: report latency for each error is false and specific error codes to track for latency are: []
DBWrapper: report latency for each error is false and specific error codes to track for latency are: []
2026-06-11 06:57:54.844 WARN net.spy.memcached.MemcachedConnection:  Could not redistribute to another node, retrying primary node for usertable-user6729405209430722678.
DBWrapper: report latency for each error is false and specific error codes to track for latency are: []
2026-06-11 06:57:54.849 INFO net.spy.memcached.MemcachedConnection:  Added {QA sa=/127.0.0.1:11222, #Rops=0, #Wops=0, #iq=0, topRop=null, topWop=null, toWrite=0, interested=0} to connect queue
DBWrapper: report latency for each error is false and specific error codes to track for latency are: []
2026-06-11 06:57:54.851 WARN net.spy.memcached.MemcachedConnection:  Could not redistribute to another node, retrying primary node for usertable-user480044630614039499.
2026-06-11 06:58:04:744 10 sec: 581895 operations; 58189.5 current ops/sec; est completion in 4 hours 46 minutes [READ: Count=104652, Max=39167, Min=67, Avg=266.35, 90=387, 99=1085, 99.9=3655, 99.99=7367] [UPDATE: Count=478558, Max=64895, Min=64, Avg=269.2, 90=388, 99=1158, 99.9=3843, 99.99=6971] 
2026-06-11 06:58:14:744 20 sec: 1357379 operations; 77540.65 current ops/sec; est completion in 4 hours 5 minutes [READ: Count=139139, Max=4207, Min=67, Avg=201.78, 90=272, 99=363, 99.9=904, 99.99=3181] [UPDATE: Count=635128, Max=4659, Min=62, Avg=204.68, 90=277, 99=373, 99.9=1036, 99.99=3115] 
Maximum time elapsed. Requesting stop for the workload.
Stop requested for workload. Now Joining!
2026-06-11 06:58:24:746 30 sec: 2130331 operations; 77295.2 current ops/sec; est completion in 3 hours 54 minutes [READ: Count=138958, Max=6099, Min=66, Avg=203.1, 90=274, 99=368, 99.9=1023, 99.99=3317] [UPDATE: Count=633905, Max=6967, Min=62, Avg=205.38, 90=278, 99=376, 99.9=1037, 99.99=3393] 
2026-06-11 06:58:24.752 INFO net.spy.memcached.MemcachedConnection:  Shut down memcached client
2026-06-11 06:58:24.753 INFO net.spy.memcached.MemcachedConnection:  Shut down memcached client
2026-06-11 06:58:24.753 INFO net.spy.memcached.MemcachedConnection:  Shut down memcached client
2026-06-11 06:58:24.754 INFO net.spy.memcached.MemcachedConnection:  Shut down memcached client
2026-06-11 06:58:24.757 INFO net.spy.memcached.MemcachedConnection:  Shut down memcached client
2026-06-11 06:58:24:754 30 sec: 2130340 operations; 900 current ops/sec; est completion in 3 hours 54 minutes [READ: Count=0, Max=0, Min=9223372036854775807, Avg=NaN, 90=0, 99=0, 99.9=0, 99.99=0] [CLEANUP: Count=16, Max=7419, Min=5652, Avg=6642.25, 90=7071, 99=7419, 99.9=7419, 99.99=7419] [UPDATE: Count=0, Max=0, Min=9223372036854775807, Avg=NaN, 90=0, 99=0, 99.9=0, 99.99=0] 
2026-06-11 06:58:24.758 INFO net.spy.memcached.MemcachedConnection:  Shut down memcached client
2026-06-11 06:58:24.758 INFO net.spy.memcached.MemcachedConnection:  Shut down memcached client
2026-06-11 06:58:24.758 INFO net.spy.memcached.MemcachedConnection:  Shut down memcached client
2026-06-11 06:58:24.758 INFO net.spy.memcached.MemcachedConnection:  Shut down memcached client
2026-06-11 06:58:24.759 INFO net.spy.memcached.MemcachedConnection:  Shut down memcached client
2026-06-11 06:58:24.759 INFO net.spy.memcached.MemcachedConnection:  Shut down memcached client
2026-06-11 06:58:24.759 INFO net.spy.memcached.MemcachedConnection:  Shut down memcached client
2026-06-11 06:58:24.759 INFO net.spy.memcached.MemcachedConnection:  Shut down memcached client
2026-06-11 06:58:24.759 INFO net.spy.memcached.MemcachedConnection:  Shut down memcached client
2026-06-11 06:58:24.760 INFO net.spy.memcached.MemcachedConnection:  Shut down memcached client
2026-06-11 06:58:24.760 INFO net.spy.memcached.MemcachedConnection:  Shut down memcached client
[OVERALL], RunTime(ms), 30011
[OVERALL], Throughput(ops/sec), 70985.3053880244
[TOTAL_GCS_G1_Young_Generation], Count, 47
[TOTAL_GC_TIME_G1_Young_Generation], Time(ms), 63
[TOTAL_GC_TIME_%_G1_Young_Generation], Time(%), 0.2099230282229849
[TOTAL_GCS_G1_Concurrent_GC], Count, 0
[TOTAL_GC_TIME_G1_Concurrent_GC], Time(ms), 0
[TOTAL_GC_TIME_%_G1_Concurrent_GC], Time(%), 0.0
[TOTAL_GCS_G1_Old_Generation], Count, 0
[TOTAL_GC_TIME_G1_Old_Generation], Time(ms), 0
[TOTAL_GC_TIME_%_G1_Old_Generation], Time(%), 0.0
[TOTAL_GCs], Count, 47
[TOTAL_GC_TIME], Time(ms), 63
[TOTAL_GC_TIME_%], Time(%), 0.2099230282229849
[READ], Operations, 382749
[READ], AverageLatency(us), 219.91318070066805
[READ], MinLatency(us), 66
[READ], MaxLatency(us), 39167
[READ], 95thPercentileLatency(us), 345
[READ], 99thPercentileLatency(us), 591
[READ], Return=OK, 382749
[CLEANUP], Operations, 16
[CLEANUP], AverageLatency(us), 6642.25
[CLEANUP], MinLatency(us), 5652
[CLEANUP], MaxLatency(us), 7419
[CLEANUP], 95thPercentileLatency(us), 7135
[CLEANUP], 99thPercentileLatency(us), 7419
[UPDATE], Operations, 1747591
[UPDATE], AverageLatency(us), 222.60032810880807
[UPDATE], MinLatency(us), 62
[UPDATE], MaxLatency(us), 64895
[UPDATE], 95thPercentileLatency(us), 349
[UPDATE], 99thPercentileLatency(us), 593
[UPDATE], Return=OK, 1747591
