/usr/bin/java  -classpath /home/morisaki/Application/ycsb-0.17.0/conf:/home/morisaki/Application/ycsb-0.17.0/lib/HdrHistogram-2.1.4.jar:/home/morisaki/Application/ycsb-0.17.0/lib/core-0.17.0.jar:/home/morisaki/Application/ycsb-0.17.0/lib/htrace-core4-4.1.0-incubating.jar:/home/morisaki/Application/ycsb-0.17.0/lib/jackson-core-asl-1.9.4.jar:/home/morisaki/Application/ycsb-0.17.0/lib/jackson-mapper-asl-1.9.4.jar:/home/morisaki/Application/ycsb-0.17.0/memcached-binding/lib/HdrHistogram-2.1.4.jar:/home/morisaki/Application/ycsb-0.17.0/memcached-binding/lib/core-0.17.0.jar:/home/morisaki/Application/ycsb-0.17.0/memcached-binding/lib/htrace-core4-4.1.0-incubating.jar:/home/morisaki/Application/ycsb-0.17.0/memcached-binding/lib/jackson-core-asl-1.9.4.jar:/home/morisaki/Application/ycsb-0.17.0/memcached-binding/lib/jackson-mapper-asl-1.9.13.jar:/home/morisaki/Application/ycsb-0.17.0/memcached-binding/lib/log4j-1.2.17.jar:/home/morisaki/Application/ycsb-0.17.0/memcached-binding/lib/memcached-binding-0.17.0.jar:/home/morisaki/Application/ycsb-0.17.0/memcached-binding/lib/spymemcached-2.11.4.jar site.ycsb.Client -t -db site.ycsb.db.MemcachedClient -s -P ./experiment/workloads/var_workload.dat -p memcached.hosts=127.0.0.1:11222 -p maxexecutiontime=30 -threads 16
Command line: -t -db site.ycsb.db.MemcachedClient -s -P ./experiment/workloads/var_workload.dat -p memcached.hosts=127.0.0.1:11222 -p maxexecutiontime=30 -threads 16
YCSB Client 0.17.0

Loading workload...
log4j:WARN No appenders could be found for logger (org.apache.htrace.core.Tracer).
log4j:WARN Please initialize the log4j system properly.
log4j:WARN See http://logging.apache.org/log4j/1.2/faq.html#noconfig for more info.
Starting test.
2026-06-11 07:00:31:804 0 sec: 0 operations; est completion in 0 second 
Maximum execution time specified as: 30 secs
2026-06-11 07:00:31.888 INFO net.spy.memcached.MemcachedConnection:  Added {QA sa=/127.0.0.1:11222, #Rops=0, #Wops=0, #iq=0, topRop=null, topWop=null, toWrite=0, interested=0} to connect queue
2026-06-11 07:00:31.888 INFO net.spy.memcached.MemcachedConnection:  Added {QA sa=/127.0.0.1:11222, #Rops=0, #Wops=0, #iq=0, topRop=null, topWop=null, toWrite=0, interested=0} to connect queue
2026-06-11 07:00:31.888 INFO net.spy.memcached.MemcachedConnection:  Added {QA sa=/127.0.0.1:11222, #Rops=0, #Wops=0, #iq=0, topRop=null, topWop=null, toWrite=0, interested=0} to connect queue
2026-06-11 07:00:31.889 INFO net.spy.memcached.MemcachedConnection:  Added {QA sa=/127.0.0.1:11222, #Rops=0, #Wops=0, #iq=0, topRop=null, topWop=null, toWrite=0, interested=0} to connect queue
2026-06-11 07:00:31.889 INFO net.spy.memcached.MemcachedConnection:  Added {QA sa=/127.0.0.1:11222, #Rops=0, #Wops=0, #iq=0, topRop=null, topWop=null, toWrite=0, interested=0} to connect queue
2026-06-11 07:00:31.889 INFO net.spy.memcached.MemcachedConnection:  Added {QA sa=/127.0.0.1:11222, #Rops=0, #Wops=0, #iq=0, topRop=null, topWop=null, toWrite=0, interested=0} to connect queue
2026-06-11 07:00:31.890 INFO net.spy.memcached.MemcachedConnection:  Added {QA sa=/127.0.0.1:11222, #Rops=0, #Wops=0, #iq=0, topRop=null, topWop=null, toWrite=0, interested=0} to connect queue
2026-06-11 07:00:31.890 INFO net.spy.memcached.MemcachedConnection:  Added {QA sa=/127.0.0.1:11222, #Rops=0, #Wops=0, #iq=0, topRop=null, topWop=null, toWrite=0, interested=0} to connect queue
2026-06-11 07:00:31.890 INFO net.spy.memcached.MemcachedConnection:  Added {QA sa=/127.0.0.1:11222, #Rops=0, #Wops=0, #iq=0, topRop=null, topWop=null, toWrite=0, interested=0} to connect queue
2026-06-11 07:00:31.891 INFO net.spy.memcached.MemcachedConnection:  Added {QA sa=/127.0.0.1:11222, #Rops=0, #Wops=0, #iq=0, topRop=null, topWop=null, toWrite=0, interested=0} to connect queue
DBWrapper: report latency for each error is false and specific error codes to track for latency are: []
2026-06-11 07:00:31.891 INFO net.spy.memcached.MemcachedConnection:  Added {QA sa=/127.0.0.1:11222, #Rops=0, #Wops=0, #iq=0, topRop=null, topWop=null, toWrite=0, interested=0} to connect queue
DBWrapper: report latency for each error is false and specific error codes to track for latency are: []
DBWrapper: report latency for each error is false and specific error codes to track for latency are: []
DBWrapper: report latency for each error is false and specific error codes to track for latency are: []
DBWrapper: report latency for each error is false and specific error codes to track for latency are: []
DBWrapper: report latency for each error is false and specific error codes to track for latency are: []
2026-06-11 07:00:31.891 INFO net.spy.memcached.MemcachedConnection:  Added {QA sa=/127.0.0.1:11222, #Rops=0, #Wops=0, #iq=0, topRop=null, topWop=null, toWrite=0, interested=0} to connect queue
DBWrapper: report latency for each error is false and specific error codes to track for latency are: []
DBWrapper: report latency for each error is false and specific error codes to track for latency are: []
DBWrapper: report latency for each error is false and specific error codes to track for latency are: []
DBWrapper: report latency for each error is false and specific error codes to track for latency are: []
2026-06-11 07:00:31.893 INFO net.spy.memcached.MemcachedConnection:  Added {QA sa=/127.0.0.1:11222, #Rops=0, #Wops=0, #iq=0, topRop=null, topWop=null, toWrite=0, interested=0} to connect queue
DBWrapper: report latency for each error is false and specific error codes to track for latency are: []
DBWrapper: report latency for each error is false and specific error codes to track for latency are: []
2026-06-11 07:00:31.894 INFO net.spy.memcached.MemcachedConnection:  Added {QA sa=/127.0.0.1:11222, #Rops=0, #Wops=0, #iq=0, topRop=null, topWop=null, toWrite=0, interested=0} to connect queue
DBWrapper: report latency for each error is false and specific error codes to track for latency are: []
2026-06-11 07:00:31.895 INFO net.spy.memcached.MemcachedConnection:  Added {QA sa=/127.0.0.1:11222, #Rops=0, #Wops=0, #iq=0, topRop=null, topWop=null, toWrite=0, interested=0} to connect queue
2026-06-11 07:00:31.895 INFO net.spy.memcached.MemcachedConnection:  Added {QA sa=/127.0.0.1:11222, #Rops=0, #Wops=0, #iq=0, topRop=null, topWop=null, toWrite=0, interested=0} to connect queue
DBWrapper: report latency for each error is false and specific error codes to track for latency are: []
DBWrapper: report latency for each error is false and specific error codes to track for latency are: []
DBWrapper: report latency for each error is false and specific error codes to track for latency are: []
2026-06-11 07:00:41:804 10 sec: 598002 operations; 59800.2 current ops/sec; est completion in 4 hours 38 minutes [READ: Count=107630, Max=28687, Min=65, Avg=257.78, 90=372, 99=977, 99.9=3507, 99.99=6655] [UPDATE: Count=491817, Max=53151, Min=65, Avg=262.78, 90=376, 99=1041, 99.9=3639, 99.99=7163] 
2026-06-11 07:00:51:806 20 sec: 1362122 operations; 76404.36 current ops/sec; est completion in 4 hours 4 minutes [READ: Count=138116, Max=6791, Min=65, Avg=204.99, 90=276, 99=376, 99.9=1057, 99.99=3075] [UPDATE: Count=624674, Max=6315, Min=61, Avg=207.95, 90=281, 99=386, 99.9=1101, 99.99=3057] 
Maximum time elapsed. Requesting stop for the workload.
Stop requested for workload. Now Joining!
2026-06-11 07:01:01:805 30 sec: 2131162 operations; 76911.69 current ops/sec; est completion in 3 hours 54 minutes [READ: Count=138643, Max=3749, Min=67, Avg=203.23, 90=273, 99=368, 99.9=918, 99.99=3021] [UPDATE: Count=630389, Max=7315, Min=63, Avg=206.75, 90=279, 99=380, 99.9=948, 99.99=3315] 
2026-06-11 07:01:01.814 INFO net.spy.memcached.MemcachedConnection:  Shut down memcached client
2026-06-11 07:01:01.814 INFO net.spy.memcached.MemcachedConnection:  Shut down memcached client
2026-06-11 07:01:01.814 INFO net.spy.memcached.MemcachedConnection:  Shut down memcached client
2026-06-11 07:01:01.815 INFO net.spy.memcached.MemcachedConnection:  Shut down memcached client
2026-06-11 07:01:01.815 INFO net.spy.memcached.MemcachedConnection:  Shut down memcached client
2026-06-11 07:01:01.816 INFO net.spy.memcached.MemcachedConnection:  Shut down memcached client
2026-06-11 07:01:01.816 INFO net.spy.memcached.MemcachedConnection:  Shut down memcached client
2026-06-11 07:01:01.816 INFO net.spy.memcached.MemcachedConnection:  Shut down memcached client
2026-06-11 07:01:01.816 INFO net.spy.memcached.MemcachedConnection:  Shut down memcached client
2026-06-11 07:01:01.818 INFO net.spy.memcached.MemcachedConnection:  Shut down memcached client
2026-06-11 07:01:01:815 30 sec: 2131339 operations; 16090.91 current ops/sec; est completion in 3 hours 54 minutes [READ: Count=20, Max=542, Min=119, Avg=222.55, 90=339, 99=542, 99.9=542, 99.99=542] [CLEANUP: Count=16, Max=7211, Min=5652, Avg=6426.25, 90=6811, 99=7211, 99.9=7211, 99.99=7211] [UPDATE: Count=50, Max=2589, Min=106, Avg=406.86, 90=860, 99=2589, 99.9=2589, 99.99=2589] 
2026-06-11 07:01:01.819 INFO net.spy.memcached.MemcachedConnection:  Shut down memcached client
2026-06-11 07:01:01.819 INFO net.spy.memcached.MemcachedConnection:  Shut down memcached client
2026-06-11 07:01:01.819 INFO net.spy.memcached.MemcachedConnection:  Shut down memcached client
2026-06-11 07:01:01.819 INFO net.spy.memcached.MemcachedConnection:  Shut down memcached client
2026-06-11 07:01:01.820 INFO net.spy.memcached.MemcachedConnection:  Shut down memcached client
2026-06-11 07:01:01.820 INFO net.spy.memcached.MemcachedConnection:  Shut down memcached client
[OVERALL], RunTime(ms), 30011
[OVERALL], Throughput(ops/sec), 71018.59318249975
[TOTAL_GCS_G1_Young_Generation], Count, 47
[TOTAL_GC_TIME_G1_Young_Generation], Time(ms), 60
[TOTAL_GC_TIME_%_G1_Young_Generation], Time(%), 0.19992669354569992
[TOTAL_GCS_G1_Concurrent_GC], Count, 0
[TOTAL_GC_TIME_G1_Concurrent_GC], Time(ms), 0
[TOTAL_GC_TIME_%_G1_Concurrent_GC], Time(%), 0.0
[TOTAL_GCS_G1_Old_Generation], Count, 0
[TOTAL_GC_TIME_G1_Old_Generation], Time(ms), 0
[TOTAL_GC_TIME_%_G1_Old_Generation], Time(%), 0.0
[TOTAL_GCs], Count, 47
[TOTAL_GC_TIME], Time(ms), 60
[TOTAL_GC_TIME_%], Time(%), 0.19992669354569992
[READ], Operations, 384409
[READ], AverageLatency(us), 219.1368776485462
[READ], MinLatency(us), 65
[READ], MaxLatency(us), 28687
[READ], 95thPercentileLatency(us), 341
[READ], 99thPercentileLatency(us), 582
[READ], Return=OK, 384409
[CLEANUP], Operations, 16
[CLEANUP], AverageLatency(us), 6426.25
[CLEANUP], MinLatency(us), 5652
[CLEANUP], MaxLatency(us), 7211
[CLEANUP], 95thPercentileLatency(us), 6827
[CLEANUP], 99thPercentileLatency(us), 7211
[UPDATE], Operations, 1746930
[UPDATE], AverageLatency(us), 222.96099385779624
[UPDATE], MinLatency(us), 61
[UPDATE], MaxLatency(us), 53151
[UPDATE], 95thPercentileLatency(us), 347
[UPDATE], 99thPercentileLatency(us), 598
[UPDATE], Return=OK, 1746930
