/usr/bin/java  -classpath /home/morisaki/Application/ycsb-0.17.0/conf:/home/morisaki/Application/ycsb-0.17.0/lib/HdrHistogram-2.1.4.jar:/home/morisaki/Application/ycsb-0.17.0/lib/core-0.17.0.jar:/home/morisaki/Application/ycsb-0.17.0/lib/htrace-core4-4.1.0-incubating.jar:/home/morisaki/Application/ycsb-0.17.0/lib/jackson-core-asl-1.9.4.jar:/home/morisaki/Application/ycsb-0.17.0/lib/jackson-mapper-asl-1.9.4.jar:/home/morisaki/Application/ycsb-0.17.0/memcached-binding/lib/HdrHistogram-2.1.4.jar:/home/morisaki/Application/ycsb-0.17.0/memcached-binding/lib/core-0.17.0.jar:/home/morisaki/Application/ycsb-0.17.0/memcached-binding/lib/htrace-core4-4.1.0-incubating.jar:/home/morisaki/Application/ycsb-0.17.0/memcached-binding/lib/jackson-core-asl-1.9.4.jar:/home/morisaki/Application/ycsb-0.17.0/memcached-binding/lib/jackson-mapper-asl-1.9.13.jar:/home/morisaki/Application/ycsb-0.17.0/memcached-binding/lib/log4j-1.2.17.jar:/home/morisaki/Application/ycsb-0.17.0/memcached-binding/lib/memcached-binding-0.17.0.jar:/home/morisaki/Application/ycsb-0.17.0/memcached-binding/lib/spymemcached-2.11.4.jar site.ycsb.Client -t -db site.ycsb.db.MemcachedClient -s -P ./experiment/workloads/var_workload.dat -p memcached.hosts=127.0.0.1:11222 -p maxexecutiontime=30 -threads 16
Command line: -t -db site.ycsb.db.MemcachedClient -s -P ./experiment/workloads/var_workload.dat -p memcached.hosts=127.0.0.1:11222 -p maxexecutiontime=30 -threads 16
YCSB Client 0.17.0

Loading workload...
log4j:WARN No appenders could be found for logger (org.apache.htrace.core.Tracer).
log4j:WARN Please initialize the log4j system properly.
log4j:WARN See http://logging.apache.org/log4j/1.2/faq.html#noconfig for more info.
Starting test.
2026-06-11 06:48:35:476 0 sec: 0 operations; est completion in 0 second 
Maximum execution time specified as: 30 secs
2026-06-11 06:48:35.555 INFO net.spy.memcached.MemcachedConnection:  Added {QA sa=/127.0.0.1:11222, #Rops=0, #Wops=0, #iq=0, topRop=null, topWop=null, toWrite=0, interested=0} to connect queue
2026-06-11 06:48:35.555 INFO net.spy.memcached.MemcachedConnection:  Added {QA sa=/127.0.0.1:11222, #Rops=0, #Wops=0, #iq=0, topRop=null, topWop=null, toWrite=0, interested=0} to connect queue
2026-06-11 06:48:35.556 INFO net.spy.memcached.MemcachedConnection:  Added {QA sa=/127.0.0.1:11222, #Rops=0, #Wops=0, #iq=0, topRop=null, topWop=null, toWrite=0, interested=0} to connect queue
2026-06-11 06:48:35.556 INFO net.spy.memcached.MemcachedConnection:  Added {QA sa=/127.0.0.1:11222, #Rops=0, #Wops=0, #iq=0, topRop=null, topWop=null, toWrite=0, interested=0} to connect queue
2026-06-11 06:48:35.556 INFO net.spy.memcached.MemcachedConnection:  Added {QA sa=/127.0.0.1:11222, #Rops=0, #Wops=0, #iq=0, topRop=null, topWop=null, toWrite=0, interested=0} to connect queue
2026-06-11 06:48:35.557 INFO net.spy.memcached.MemcachedConnection:  Added {QA sa=/127.0.0.1:11222, #Rops=0, #Wops=0, #iq=0, topRop=null, topWop=null, toWrite=0, interested=0} to connect queue
2026-06-11 06:48:35.557 INFO net.spy.memcached.MemcachedConnection:  Added {QA sa=/127.0.0.1:11222, #Rops=0, #Wops=0, #iq=0, topRop=null, topWop=null, toWrite=0, interested=0} to connect queue
2026-06-11 06:48:35.557 INFO net.spy.memcached.MemcachedConnection:  Added {QA sa=/127.0.0.1:11222, #Rops=0, #Wops=0, #iq=0, topRop=null, topWop=null, toWrite=0, interested=0} to connect queue
2026-06-11 06:48:35.558 INFO net.spy.memcached.MemcachedConnection:  Added {QA sa=/127.0.0.1:11222, #Rops=0, #Wops=0, #iq=0, topRop=null, topWop=null, toWrite=0, interested=0} to connect queue
2026-06-11 06:48:35.558 INFO net.spy.memcached.MemcachedConnection:  Added {QA sa=/127.0.0.1:11222, #Rops=0, #Wops=0, #iq=0, topRop=null, topWop=null, toWrite=0, interested=0} to connect queue
DBWrapper: report latency for each error is false and specific error codes to track for latency are: []
2026-06-11 06:48:35.558 INFO net.spy.memcached.MemcachedConnection:  Added {QA sa=/127.0.0.1:11222, #Rops=0, #Wops=0, #iq=0, topRop=null, topWop=null, toWrite=0, interested=0} to connect queue
DBWrapper: report latency for each error is false and specific error codes to track for latency are: []
DBWrapper: report latency for each error is false and specific error codes to track for latency are: []
DBWrapper: report latency for each error is false and specific error codes to track for latency are: []
DBWrapper: report latency for each error is false and specific error codes to track for latency are: []
DBWrapper: report latency for each error is false and specific error codes to track for latency are: []
DBWrapper: report latency for each error is false and specific error codes to track for latency are: []
2026-06-11 06:48:35.559 INFO net.spy.memcached.MemcachedConnection:  Added {QA sa=/127.0.0.1:11222, #Rops=0, #Wops=0, #iq=0, topRop=null, topWop=null, toWrite=0, interested=0} to connect queue
DBWrapper: report latency for each error is false and specific error codes to track for latency are: []
DBWrapper: report latency for each error is false and specific error codes to track for latency are: []
DBWrapper: report latency for each error is false and specific error codes to track for latency are: []
DBWrapper: report latency for each error is false and specific error codes to track for latency are: []
DBWrapper: report latency for each error is false and specific error codes to track for latency are: []
2026-06-11 06:48:35.561 INFO net.spy.memcached.MemcachedConnection:  Added {QA sa=/127.0.0.1:11222, #Rops=0, #Wops=0, #iq=0, topRop=null, topWop=null, toWrite=0, interested=0} to connect queue
2026-06-11 06:48:35.561 INFO net.spy.memcached.MemcachedConnection:  Added {QA sa=/127.0.0.1:11222, #Rops=0, #Wops=0, #iq=0, topRop=null, topWop=null, toWrite=0, interested=0} to connect queue
DBWrapper: report latency for each error is false and specific error codes to track for latency are: []
DBWrapper: report latency for each error is false and specific error codes to track for latency are: []
2026-06-11 06:48:35.561 INFO net.spy.memcached.MemcachedConnection:  Added {QA sa=/127.0.0.1:11222, #Rops=0, #Wops=0, #iq=0, topRop=null, topWop=null, toWrite=0, interested=0} to connect queue
2026-06-11 06:48:35.562 INFO net.spy.memcached.MemcachedConnection:  Added {QA sa=/127.0.0.1:11222, #Rops=0, #Wops=0, #iq=0, topRop=null, topWop=null, toWrite=0, interested=0} to connect queue
DBWrapper: report latency for each error is false and specific error codes to track for latency are: []
DBWrapper: report latency for each error is false and specific error codes to track for latency are: []
2026-06-11 06:48:45:476 10 sec: 594336 operations; 59433.6 current ops/sec; est completion in 4 hours 40 minutes [READ: Count=107206, Max=36127, Min=67, Avg=259.59, 90=378, 99=917, 99.9=3377, 99.99=7767] [UPDATE: Count=487853, Max=54943, Min=64, Avg=264.07, 90=384, 99=1011, 99.9=3463, 99.99=6691] 
2026-06-11 06:48:55:476 20 sec: 1364977 operations; 77056.39 current ops/sec; est completion in 4 hours 3 minutes [READ: Count=138592, Max=6251, Min=63, Avg=203.46, 90=274, 99=367, 99.9=1070, 99.99=3373] [UPDATE: Count=631414, Max=7175, Min=65, Avg=205.85, 90=278, 99=378, 99.9=1072, 99.99=3275] 
Maximum time elapsed. Requesting stop for the workload.
Stop requested for workload. Now Joining!
2026-06-11 06:49:05:476 30 sec: 2144608 operations; 77970.9 current ops/sec; est completion in 3 hours 52 minutes [READ: Count=140275, Max=4655, Min=66, Avg=200.95, 90=269, 99=361, 99.9=836, 99.99=2599] [UPDATE: Count=639358, Max=4427, Min=61, Avg=203.7, 90=274, 99=370, 99.9=833, 99.99=2891] 
2026-06-11 06:49:05.484 INFO net.spy.memcached.MemcachedConnection:  Shut down memcached client
2026-06-11 06:49:05.484 INFO net.spy.memcached.MemcachedConnection:  Shut down memcached client
2026-06-11 06:49:05.485 INFO net.spy.memcached.MemcachedConnection:  Shut down memcached client
2026-06-11 06:49:05.485 INFO net.spy.memcached.MemcachedConnection:  Shut down memcached client
2026-06-11 06:49:05.485 INFO net.spy.memcached.MemcachedConnection:  Shut down memcached client
2026-06-11 06:49:05.486 INFO net.spy.memcached.MemcachedConnection:  Shut down memcached client
2026-06-11 06:49:05.486 INFO net.spy.memcached.MemcachedConnection:  Shut down memcached client
2026-06-11 06:49:05.486 INFO net.spy.memcached.MemcachedConnection:  Shut down memcached client
2026-06-11 06:49:05.487 INFO net.spy.memcached.MemcachedConnection:  Shut down memcached client
2026-06-11 06:49:05.487 INFO net.spy.memcached.MemcachedConnection:  Shut down memcached client
2026-06-11 06:49:05.487 INFO net.spy.memcached.MemcachedConnection:  Shut down memcached client
2026-06-11 06:49:05.488 INFO net.spy.memcached.MemcachedConnection:  Shut down memcached client
2026-06-11 06:49:05.488 INFO net.spy.memcached.MemcachedConnection:  Shut down memcached client
2026-06-11 06:49:05.488 INFO net.spy.memcached.MemcachedConnection:  Shut down memcached client
2026-06-11 06:49:05.488 INFO net.spy.memcached.MemcachedConnection:  Shut down memcached client
2026-06-11 06:49:05.488 INFO net.spy.memcached.MemcachedConnection:  Shut down memcached client
2026-06-11 06:49:05:486 30 sec: 2144836 operations; 20727.27 current ops/sec; est completion in 3 hours 52 minutes [READ: Count=29, Max=589, Min=85, Avg=235.9, 90=305, 99=589, 99.9=589, 99.99=589] [CLEANUP: Count=16, Max=5431, Min=3992, Avg=4861.94, 90=5195, 99=5431, 99.9=5431, 99.99=5431] [UPDATE: Count=109, Max=4003, Min=105, Avg=346.77, 90=362, 99=3799, 99.9=4003, 99.99=4003] 
[OVERALL], RunTime(ms), 30011
[OVERALL], Throughput(ops/sec), 71468.3282796308
[TOTAL_GCS_G1_Young_Generation], Count, 47
[TOTAL_GC_TIME_G1_Young_Generation], Time(ms), 56
[TOTAL_GC_TIME_%_G1_Young_Generation], Time(%), 0.18659824730931993
[TOTAL_GCS_G1_Concurrent_GC], Count, 0
[TOTAL_GC_TIME_G1_Concurrent_GC], Time(ms), 0
[TOTAL_GC_TIME_%_G1_Concurrent_GC], Time(%), 0.0
[TOTAL_GCS_G1_Old_Generation], Count, 0
[TOTAL_GC_TIME_G1_Old_Generation], Time(ms), 0
[TOTAL_GC_TIME_%_G1_Old_Generation], Time(%), 0.0
[TOTAL_GCs], Count, 47
[TOTAL_GC_TIME], Time(ms), 56
[TOTAL_GC_TIME_%], Time(%), 0.18659824730931993
[READ], Operations, 386102
[READ], AverageLatency(us), 218.13821736225142
[READ], MinLatency(us), 63
[READ], MaxLatency(us), 36127
[READ], 95thPercentileLatency(us), 341
[READ], 99thPercentileLatency(us), 564
[READ], Return=OK, 386102
[CLEANUP], Operations, 16
[CLEANUP], AverageLatency(us), 4861.9375
[CLEANUP], MinLatency(us), 3992
[CLEANUP], MaxLatency(us), 5431
[CLEANUP], 95thPercentileLatency(us), 5311
[CLEANUP], 99thPercentileLatency(us), 5431
[UPDATE], Operations, 1758734
[UPDATE], AverageLatency(us), 221.226702844205
[UPDATE], MinLatency(us), 61
[UPDATE], MaxLatency(us), 54943
[UPDATE], 95thPercentileLatency(us), 347
[UPDATE], 99thPercentileLatency(us), 585
[UPDATE], Return=OK, 1758734
