/usr/bin/java  -classpath /home/morisaki/Application/ycsb-0.17.0/conf:/home/morisaki/Application/ycsb-0.17.0/lib/HdrHistogram-2.1.4.jar:/home/morisaki/Application/ycsb-0.17.0/lib/core-0.17.0.jar:/home/morisaki/Application/ycsb-0.17.0/lib/htrace-core4-4.1.0-incubating.jar:/home/morisaki/Application/ycsb-0.17.0/lib/jackson-core-asl-1.9.4.jar:/home/morisaki/Application/ycsb-0.17.0/lib/jackson-mapper-asl-1.9.4.jar:/home/morisaki/Application/ycsb-0.17.0/memcached-binding/lib/HdrHistogram-2.1.4.jar:/home/morisaki/Application/ycsb-0.17.0/memcached-binding/lib/core-0.17.0.jar:/home/morisaki/Application/ycsb-0.17.0/memcached-binding/lib/htrace-core4-4.1.0-incubating.jar:/home/morisaki/Application/ycsb-0.17.0/memcached-binding/lib/jackson-core-asl-1.9.4.jar:/home/morisaki/Application/ycsb-0.17.0/memcached-binding/lib/jackson-mapper-asl-1.9.13.jar:/home/morisaki/Application/ycsb-0.17.0/memcached-binding/lib/log4j-1.2.17.jar:/home/morisaki/Application/ycsb-0.17.0/memcached-binding/lib/memcached-binding-0.17.0.jar:/home/morisaki/Application/ycsb-0.17.0/memcached-binding/lib/spymemcached-2.11.4.jar site.ycsb.Client -t -db site.ycsb.db.MemcachedClient -s -P ./experiment/workloads/var_workload.dat -p memcached.hosts=127.0.0.1:11222 -p maxexecutiontime=30 -threads 16
Command line: -t -db site.ycsb.db.MemcachedClient -s -P ./experiment/workloads/var_workload.dat -p memcached.hosts=127.0.0.1:11222 -p maxexecutiontime=30 -threads 16
YCSB Client 0.17.0

Loading workload...
log4j:WARN No appenders could be found for logger (org.apache.htrace.core.Tracer).
log4j:WARN Please initialize the log4j system properly.
log4j:WARN See http://logging.apache.org/log4j/1.2/faq.html#noconfig for more info.
Starting test.
2026-06-11 06:59:30:807 0 sec: 0 operations; est completion in 0 second 
Maximum execution time specified as: 30 secs
2026-06-11 06:59:30.881 INFO net.spy.memcached.MemcachedConnection:  Added {QA sa=/127.0.0.1:11222, #Rops=0, #Wops=0, #iq=0, topRop=null, topWop=null, toWrite=0, interested=0} to connect queue
2026-06-11 06:59:30.881 INFO net.spy.memcached.MemcachedConnection:  Added {QA sa=/127.0.0.1:11222, #Rops=0, #Wops=0, #iq=0, topRop=null, topWop=null, toWrite=0, interested=0} to connect queue
2026-06-11 06:59:30.881 INFO net.spy.memcached.MemcachedConnection:  Added {QA sa=/127.0.0.1:11222, #Rops=0, #Wops=0, #iq=0, topRop=null, topWop=null, toWrite=0, interested=0} to connect queue
2026-06-11 06:59:30.883 INFO net.spy.memcached.MemcachedConnection:  Added {QA sa=/127.0.0.1:11222, #Rops=0, #Wops=0, #iq=0, topRop=null, topWop=null, toWrite=0, interested=0} to connect queue
2026-06-11 06:59:30.884 INFO net.spy.memcached.MemcachedConnection:  Added {QA sa=/127.0.0.1:11222, #Rops=0, #Wops=0, #iq=0, topRop=null, topWop=null, toWrite=0, interested=0} to connect queue
2026-06-11 06:59:30.884 INFO net.spy.memcached.MemcachedConnection:  Added {QA sa=/127.0.0.1:11222, #Rops=0, #Wops=0, #iq=0, topRop=null, topWop=null, toWrite=0, interested=0} to connect queue
2026-06-11 06:59:30.885 INFO net.spy.memcached.MemcachedConnection:  Added {QA sa=/127.0.0.1:11222, #Rops=0, #Wops=0, #iq=0, topRop=null, topWop=null, toWrite=0, interested=0} to connect queue
2026-06-11 06:59:30.885 INFO net.spy.memcached.MemcachedConnection:  Added {QA sa=/127.0.0.1:11222, #Rops=0, #Wops=0, #iq=0, topRop=null, topWop=null, toWrite=0, interested=0} to connect queue
DBWrapper: report latency for each error is false and specific error codes to track for latency are: []
2026-06-11 06:59:30.885 INFO net.spy.memcached.MemcachedConnection:  Added {QA sa=/127.0.0.1:11222, #Rops=0, #Wops=0, #iq=0, topRop=null, topWop=null, toWrite=0, interested=0} to connect queue
DBWrapper: report latency for each error is false and specific error codes to track for latency are: []
2026-06-11 06:59:30.886 INFO net.spy.memcached.MemcachedConnection:  Added {QA sa=/127.0.0.1:11222, #Rops=0, #Wops=0, #iq=0, topRop=null, topWop=null, toWrite=0, interested=0} to connect queue
2026-06-11 06:59:30.886 INFO net.spy.memcached.MemcachedConnection:  Added {QA sa=/127.0.0.1:11222, #Rops=0, #Wops=0, #iq=0, topRop=null, topWop=null, toWrite=0, interested=0} to connect queue
DBWrapper: report latency for each error is false and specific error codes to track for latency are: []
2026-06-11 06:59:30.887 INFO net.spy.memcached.MemcachedConnection:  Added {QA sa=/127.0.0.1:11222, #Rops=0, #Wops=0, #iq=0, topRop=null, topWop=null, toWrite=0, interested=0} to connect queue
DBWrapper: report latency for each error is false and specific error codes to track for latency are: []
DBWrapper: report latency for each error is false and specific error codes to track for latency are: []
2026-06-11 06:59:30.887 INFO net.spy.memcached.MemcachedConnection:  Added {QA sa=/127.0.0.1:11222, #Rops=0, #Wops=0, #iq=0, topRop=null, topWop=null, toWrite=0, interested=0} to connect queue
DBWrapper: report latency for each error is false and specific error codes to track for latency are: []
DBWrapper: report latency for each error is false and specific error codes to track for latency are: []
DBWrapper: report latency for each error is false and specific error codes to track for latency are: []
DBWrapper: report latency for each error is false and specific error codes to track for latency are: []
DBWrapper: report latency for each error is false and specific error codes to track for latency are: []
DBWrapper: report latency for each error is false and specific error codes to track for latency are: []
DBWrapper: report latency for each error is false and specific error codes to track for latency are: []
DBWrapper: report latency for each error is false and specific error codes to track for latency are: []
2026-06-11 06:59:30.890 INFO net.spy.memcached.MemcachedConnection:  Added {QA sa=/127.0.0.1:11222, #Rops=0, #Wops=0, #iq=0, topRop=null, topWop=null, toWrite=0, interested=0} to connect queue
2026-06-11 06:59:30.890 INFO net.spy.memcached.MemcachedConnection:  Added {QA sa=/127.0.0.1:11222, #Rops=0, #Wops=0, #iq=0, topRop=null, topWop=null, toWrite=0, interested=0} to connect queue
DBWrapper: report latency for each error is false and specific error codes to track for latency are: []
2026-06-11 06:59:30.891 INFO net.spy.memcached.MemcachedConnection:  Added {QA sa=/127.0.0.1:11222, #Rops=0, #Wops=0, #iq=0, topRop=null, topWop=null, toWrite=0, interested=0} to connect queue
DBWrapper: report latency for each error is false and specific error codes to track for latency are: []
DBWrapper: report latency for each error is false and specific error codes to track for latency are: []
2026-06-11 06:59:40:807 10 sec: 579552 operations; 57955.2 current ops/sec; est completion in 4 hours 47 minutes [READ: Count=104667, Max=28047, Min=63, Avg=264.95, 90=383, 99=997, 99.9=3583, 99.99=7507] [UPDATE: Count=476170, Max=56095, Min=64, Avg=271.56, 90=397, 99=1069, 99.9=3525, 99.99=5731] 
2026-06-11 06:59:50:812 20 sec: 1340164 operations; 76045.99 current ops/sec; est completion in 4 hours 8 minutes [READ: Count=137462, Max=7867, Min=65, Avg=205.5, 90=276, 99=371, 99.9=1040, 99.99=3193] [UPDATE: Count=622094, Max=7987, Min=63, Avg=208.99, 90=282, 99=385, 99.9=977, 99.99=2983] 
Maximum time elapsed. Requesting stop for the workload.
Stop requested for workload. Now Joining!
2026-06-11 07:00:00:807 30 sec: 2102042 operations; 76203.04 current ops/sec; est completion in 3 hours 57 minutes [READ: Count=137265, Max=4033, Min=62, Avg=205.06, 90=276, 99=373, 99.9=1113, 99.99=3041] [UPDATE: Count=624471, Max=5371, Min=61, Avg=208.58, 90=282, 99=386, 99.9=1039, 99.99=3149] 
2026-06-11 07:00:00.819 INFO net.spy.memcached.MemcachedConnection:  Shut down memcached client
2026-06-11 07:00:00.819 INFO net.spy.memcached.MemcachedConnection:  Shut down memcached client
2026-06-11 07:00:00.820 INFO net.spy.memcached.MemcachedConnection:  Shut down memcached client
2026-06-11 07:00:00.820 INFO net.spy.memcached.MemcachedConnection:  Shut down memcached client
2026-06-11 07:00:00.820 INFO net.spy.memcached.MemcachedConnection:  Shut down memcached client
2026-06-11 07:00:00.821 INFO net.spy.memcached.MemcachedConnection:  Shut down memcached client
2026-06-11 07:00:00.821 INFO net.spy.memcached.MemcachedConnection:  Shut down memcached client
2026-06-11 07:00:00.821 INFO net.spy.memcached.MemcachedConnection:  Shut down memcached client
2026-06-11 07:00:00.821 INFO net.spy.memcached.MemcachedConnection:  Shut down memcached client
2026-06-11 07:00:00.822 INFO net.spy.memcached.MemcachedConnection:  Shut down memcached client
2026-06-11 07:00:00.822 INFO net.spy.memcached.MemcachedConnection:  Shut down memcached client
2026-06-11 07:00:00.822 INFO net.spy.memcached.MemcachedConnection:  Shut down memcached client
2026-06-11 07:00:00.822 INFO net.spy.memcached.MemcachedConnection:  Shut down memcached client
2026-06-11 07:00:00.823 INFO net.spy.memcached.MemcachedConnection:  Shut down memcached client
2026-06-11 07:00:00.823 INFO net.spy.memcached.MemcachedConnection:  Shut down memcached client
2026-06-11 07:00:00.823 INFO net.spy.memcached.MemcachedConnection:  Shut down memcached client
2026-06-11 07:00:00:823 30 sec: 2102179 operations; 8058.82 current ops/sec; est completion in 3 hours 57 minutes [READ: Count=25, Max=3565, Min=73, Avg=285.64, 90=211, 99=3565, 99.9=3565, 99.99=3565] [CLEANUP: Count=16, Max=11263, Min=9048, Avg=10239, 90=10967, 99=11263, 99.9=11263, 99.99=11263] [UPDATE: Count=25, Max=3919, Min=73, Avg=771.36, 90=3051, 99=3919, 99.9=3919, 99.99=3919] 
[OVERALL], RunTime(ms), 30014
[OVERALL], Throughput(ops/sec), 70039.94802425535
[TOTAL_GCS_G1_Young_Generation], Count, 47
[TOTAL_GC_TIME_G1_Young_Generation], Time(ms), 64
[TOTAL_GC_TIME_%_G1_Young_Generation], Time(%), 0.21323382421536619
[TOTAL_GCS_G1_Concurrent_GC], Count, 0
[TOTAL_GC_TIME_G1_Concurrent_GC], Time(ms), 0
[TOTAL_GC_TIME_%_G1_Concurrent_GC], Time(%), 0.0
[TOTAL_GCS_G1_Old_Generation], Count, 0
[TOTAL_GC_TIME_G1_Old_Generation], Time(ms), 0
[TOTAL_GC_TIME_%_G1_Old_Generation], Time(%), 0.0
[TOTAL_GCs], Count, 47
[TOTAL_GC_TIME], Time(ms), 64
[TOTAL_GC_TIME_%], Time(%), 0.21323382421536619
[READ], Operations, 379419
[READ], AverageLatency(us), 221.74792775269557
[READ], MinLatency(us), 62
[READ], MaxLatency(us), 28047
[READ], 95thPercentileLatency(us), 349
[READ], 99thPercentileLatency(us), 579
[READ], Return=OK, 379419
[CLEANUP], Operations, 16
[CLEANUP], AverageLatency(us), 10239.0
[CLEANUP], MinLatency(us), 9048
[CLEANUP], MaxLatency(us), 11263
[CLEANUP], 95thPercentileLatency(us), 11079
[CLEANUP], 99thPercentileLatency(us), 11263
[UPDATE], Operations, 1722760
[UPDATE], AverageLatency(us), 226.14343669460632
[UPDATE], MinLatency(us), 61
[UPDATE], MaxLatency(us), 56095
[UPDATE], 95thPercentileLatency(us), 358
[UPDATE], 99thPercentileLatency(us), 610
[UPDATE], Return=OK, 1722760
