/usr/bin/java  -classpath /home/morisaki/Application/ycsb-0.17.0/conf:/home/morisaki/Application/ycsb-0.17.0/lib/HdrHistogram-2.1.4.jar:/home/morisaki/Application/ycsb-0.17.0/lib/core-0.17.0.jar:/home/morisaki/Application/ycsb-0.17.0/lib/htrace-core4-4.1.0-incubating.jar:/home/morisaki/Application/ycsb-0.17.0/lib/jackson-core-asl-1.9.4.jar:/home/morisaki/Application/ycsb-0.17.0/lib/jackson-mapper-asl-1.9.4.jar:/home/morisaki/Application/ycsb-0.17.0/memcached-binding/lib/HdrHistogram-2.1.4.jar:/home/morisaki/Application/ycsb-0.17.0/memcached-binding/lib/core-0.17.0.jar:/home/morisaki/Application/ycsb-0.17.0/memcached-binding/lib/htrace-core4-4.1.0-incubating.jar:/home/morisaki/Application/ycsb-0.17.0/memcached-binding/lib/jackson-core-asl-1.9.4.jar:/home/morisaki/Application/ycsb-0.17.0/memcached-binding/lib/jackson-mapper-asl-1.9.13.jar:/home/morisaki/Application/ycsb-0.17.0/memcached-binding/lib/log4j-1.2.17.jar:/home/morisaki/Application/ycsb-0.17.0/memcached-binding/lib/memcached-binding-0.17.0.jar:/home/morisaki/Application/ycsb-0.17.0/memcached-binding/lib/spymemcached-2.11.4.jar site.ycsb.Client -t -db site.ycsb.db.MemcachedClient -s -P ./experiment/workloads/var_workload.dat -p memcached.hosts=127.0.0.1:11222 -p maxexecutiontime=60 -threads 16
Command line: -t -db site.ycsb.db.MemcachedClient -s -P ./experiment/workloads/var_workload.dat -p memcached.hosts=127.0.0.1:11222 -p maxexecutiontime=60 -threads 16
YCSB Client 0.17.0

Loading workload...
log4j:WARN No appenders could be found for logger (org.apache.htrace.core.Tracer).
log4j:WARN Please initialize the log4j system properly.
log4j:WARN See http://logging.apache.org/log4j/1.2/faq.html#noconfig for more info.
Starting test.
2026-06-11 07:02:08:306 0 sec: 0 operations; est completion in 0 second 
Maximum execution time specified as: 60 secs
2026-06-11 07:02:08.389 INFO net.spy.memcached.MemcachedConnection:  Added {QA sa=/127.0.0.1:11222, #Rops=0, #Wops=0, #iq=0, topRop=null, topWop=null, toWrite=0, interested=0} to connect queue
2026-06-11 07:02:08.389 INFO net.spy.memcached.MemcachedConnection:  Added {QA sa=/127.0.0.1:11222, #Rops=0, #Wops=0, #iq=0, topRop=null, topWop=null, toWrite=0, interested=0} to connect queue
2026-06-11 07:02:08.389 INFO net.spy.memcached.MemcachedConnection:  Added {QA sa=/127.0.0.1:11222, #Rops=0, #Wops=0, #iq=0, topRop=null, topWop=null, toWrite=0, interested=0} to connect queue
2026-06-11 07:02:08.389 INFO net.spy.memcached.MemcachedConnection:  Added {QA sa=/127.0.0.1:11222, #Rops=0, #Wops=0, #iq=0, topRop=null, topWop=null, toWrite=0, interested=0} to connect queue
2026-06-11 07:02:08.389 INFO net.spy.memcached.MemcachedConnection:  Added {QA sa=/127.0.0.1:11222, #Rops=0, #Wops=0, #iq=0, topRop=null, topWop=null, toWrite=0, interested=0} to connect queue
2026-06-11 07:02:08.389 INFO net.spy.memcached.MemcachedConnection:  Added {QA sa=/127.0.0.1:11222, #Rops=0, #Wops=0, #iq=0, topRop=null, topWop=null, toWrite=0, interested=0} to connect queue
2026-06-11 07:02:08.390 INFO net.spy.memcached.MemcachedConnection:  Added {QA sa=/127.0.0.1:11222, #Rops=0, #Wops=0, #iq=0, topRop=null, topWop=null, toWrite=0, interested=0} to connect queue
2026-06-11 07:02:08.390 INFO net.spy.memcached.MemcachedConnection:  Added {QA sa=/127.0.0.1:11222, #Rops=0, #Wops=0, #iq=0, topRop=null, topWop=null, toWrite=0, interested=0} to connect queue
2026-06-11 07:02:08.390 INFO net.spy.memcached.MemcachedConnection:  Added {QA sa=/127.0.0.1:11222, #Rops=0, #Wops=0, #iq=0, topRop=null, topWop=null, toWrite=0, interested=0} to connect queue
2026-06-11 07:02:08.391 INFO net.spy.memcached.MemcachedConnection:  Added {QA sa=/127.0.0.1:11222, #Rops=0, #Wops=0, #iq=0, topRop=null, topWop=null, toWrite=0, interested=0} to connect queue
2026-06-11 07:02:08.392 INFO net.spy.memcached.MemcachedConnection:  Added {QA sa=/127.0.0.1:11222, #Rops=0, #Wops=0, #iq=0, topRop=null, topWop=null, toWrite=0, interested=0} to connect queue
DBWrapper: report latency for each error is false and specific error codes to track for latency are: []
2026-06-11 07:02:08.392 INFO net.spy.memcached.MemcachedConnection:  Added {QA sa=/127.0.0.1:11222, #Rops=0, #Wops=0, #iq=0, topRop=null, topWop=null, toWrite=0, interested=0} to connect queue
DBWrapper: report latency for each error is false and specific error codes to track for latency are: []
2026-06-11 07:02:08.392 INFO net.spy.memcached.MemcachedConnection:  Added {QA sa=/127.0.0.1:11222, #Rops=0, #Wops=0, #iq=0, topRop=null, topWop=null, toWrite=0, interested=0} to connect queue
DBWrapper: report latency for each error is false and specific error codes to track for latency are: []
DBWrapper: report latency for each error is false and specific error codes to track for latency are: []
DBWrapper: report latency for each error is false and specific error codes to track for latency are: []
DBWrapper: report latency for each error is false and specific error codes to track for latency are: []
DBWrapper: report latency for each error is false and specific error codes to track for latency are: []
2026-06-11 07:02:08.393 INFO net.spy.memcached.MemcachedConnection:  Added {QA sa=/127.0.0.1:11222, #Rops=0, #Wops=0, #iq=0, topRop=null, topWop=null, toWrite=0, interested=0} to connect queue
2026-06-11 07:02:08.394 INFO net.spy.memcached.MemcachedConnection:  Added {QA sa=/127.0.0.1:11222, #Rops=0, #Wops=0, #iq=0, topRop=null, topWop=null, toWrite=0, interested=0} to connect queue
DBWrapper: report latency for each error is false and specific error codes to track for latency are: []
DBWrapper: report latency for each error is false and specific error codes to track for latency are: []
2026-06-11 07:02:08.394 INFO net.spy.memcached.MemcachedConnection:  Added {QA sa=/127.0.0.1:11222, #Rops=0, #Wops=0, #iq=0, topRop=null, topWop=null, toWrite=0, interested=0} to connect queue
DBWrapper: report latency for each error is false and specific error codes to track for latency are: []
DBWrapper: report latency for each error is false and specific error codes to track for latency are: []
DBWrapper: report latency for each error is false and specific error codes to track for latency are: []
DBWrapper: report latency for each error is false and specific error codes to track for latency are: []
DBWrapper: report latency for each error is false and specific error codes to track for latency are: []
DBWrapper: report latency for each error is false and specific error codes to track for latency are: []
DBWrapper: report latency for each error is false and specific error codes to track for latency are: []
2026-06-11 07:02:18:306 10 sec: 596264 operations; 59626.4 current ops/sec; est completion in 4 hours 39 minutes [READ: Count=107486, Max=31999, Min=66, Avg=256.21, 90=375, 99=890, 99.9=3253, 99.99=5179] [UPDATE: Count=489887, Max=50399, Min=64, Avg=263.63, 90=383, 99=998, 99.9=3447, 99.99=6687] 
2026-06-11 07:02:28:307 20 sec: 1368733 operations; 77246.9 current ops/sec; est completion in 4 hours 3 minutes [READ: Count=139300, Max=3925, Min=67, Avg=202.68, 90=272, 99=361, 99.9=1038, 99.99=3243] [UPDATE: Count=632437, Max=5835, Min=63, Avg=205.55, 90=277, 99=374, 99.9=1164, 99.99=3315] 
2026-06-11 07:02:38:307 30 sec: 2151586 operations; 78285.3 current ops/sec; est completion in 3 hours 51 minutes [READ: Count=140738, Max=4507, Min=64, Avg=199.89, 90=274, 99=362, 99.9=915, 99.99=2999] [UPDATE: Count=642143, Max=4671, Min=64, Avg=202.85, 90=280, 99=376, 99.9=989, 99.99=3023] 
2026-06-11 07:02:48:306 40 sec: 2931313 operations; 77972.7 current ops/sec; est completion in 3 hours 46 minutes [READ: Count=140639, Max=3755, Min=62, Avg=200.37, 90=272, 99=361, 99.9=839, 99.99=2793] [UPDATE: Count=638767, Max=7395, Min=63, Avg=203.71, 90=277, 99=373, 99.9=964, 99.99=2917] 
2026-06-11 07:02:58:306 50 sec: 3708900 operations; 77758.7 current ops/sec; est completion in 3 hours 43 minutes [READ: Count=140014, Max=4057, Min=66, Avg=201.31, 90=271, 99=359, 99.9=964, 99.99=3021] [UPDATE: Count=637583, Max=17823, Min=63, Avg=204.21, 90=276, 99=370, 99.9=972, 99.99=2963] 
Maximum time elapsed. Requesting stop for the workload.
Stop requested for workload. Now Joining!
2026-06-11 07:03:08:306 60 sec: 4480525 operations; 77162.5 current ops/sec; est completion in 3 hours 42 minutes [READ: Count=139023, Max=3773, Min=66, Avg=202.59, 90=275, 99=365, 99.9=798, 99.99=2953] [UPDATE: Count=632592, Max=10687, Min=59, Avg=205.86, 90=281, 99=378, 99.9=963, 99.99=3267] 
2026-06-11 07:03:08.328 INFO net.spy.memcached.MemcachedConnection:  Shut down memcached client
2026-06-11 07:03:08.328 INFO net.spy.memcached.MemcachedConnection:  Shut down memcached client
2026-06-11 07:03:08.328 INFO net.spy.memcached.MemcachedConnection:  Shut down memcached client
2026-06-11 07:03:08.328 INFO net.spy.memcached.MemcachedConnection:  Shut down memcached client
2026-06-11 07:03:08.329 INFO net.spy.memcached.MemcachedConnection:  Shut down memcached client
2026-06-11 07:03:08.329 INFO net.spy.memcached.MemcachedConnection:  Shut down memcached client
2026-06-11 07:03:08.329 INFO net.spy.memcached.MemcachedConnection:  Shut down memcached client
2026-06-11 07:03:08.330 INFO net.spy.memcached.MemcachedConnection:  Shut down memcached client
2026-06-11 07:03:08.330 INFO net.spy.memcached.MemcachedConnection:  Shut down memcached client
2026-06-11 07:03:08.330 INFO net.spy.memcached.MemcachedConnection:  Shut down memcached client
2026-06-11 07:03:08.331 INFO net.spy.memcached.MemcachedConnection:  Shut down memcached client
2026-06-11 07:03:08.331 INFO net.spy.memcached.MemcachedConnection:  Shut down memcached client
2026-06-11 07:03:08.331 INFO net.spy.memcached.MemcachedConnection:  Shut down memcached client
2026-06-11 07:03:08.331 INFO net.spy.memcached.MemcachedConnection:  Shut down memcached client
2026-06-11 07:03:08.332 INFO net.spy.memcached.MemcachedConnection:  Shut down memcached client
2026-06-11 07:03:08.332 INFO net.spy.memcached.MemcachedConnection:  Shut down memcached client
2026-06-11 07:03:08:330 60 sec: 4480702 operations; 7375 current ops/sec; est completion in 3 hours 42 minutes [READ: Count=29, Max=3357, Min=83, Avg=350.52, 90=284, 99=3357, 99.9=3357, 99.99=3357] [CLEANUP: Count=16, Max=20559, Min=18688, Avg=19474, 90=20127, 99=20559, 99.9=20559, 99.99=20559] [UPDATE: Count=64, Max=4045, Min=86, Avg=421.94, 90=971, 99=3777, 99.9=4045, 99.99=4045] 
[OVERALL], RunTime(ms), 60024
[OVERALL], Throughput(ops/sec), 74648.50726376116
[TOTAL_GCS_G1_Young_Generation], Count, 97
[TOTAL_GC_TIME_G1_Young_Generation], Time(ms), 112
[TOTAL_GC_TIME_%_G1_Young_Generation], Time(%), 0.18659202985472478
[TOTAL_GCS_G1_Concurrent_GC], Count, 0
[TOTAL_GC_TIME_G1_Concurrent_GC], Time(ms), 0
[TOTAL_GC_TIME_%_G1_Concurrent_GC], Time(%), 0.0
[TOTAL_GCS_G1_Old_Generation], Count, 0
[TOTAL_GC_TIME_G1_Old_Generation], Time(ms), 0
[TOTAL_GC_TIME_%_G1_Old_Generation], Time(%), 0.0
[TOTAL_GCs], Count, 97
[TOTAL_GC_TIME], Time(ms), 112
[TOTAL_GC_TIME_%], Time(%), 0.18659202985472478
[READ], Operations, 807229
[READ], AverageLatency(us), 208.67147364626393
[READ], MinLatency(us), 62
[READ], MaxLatency(us), 31999
[READ], 95thPercentileLatency(us), 317
[READ], 99thPercentileLatency(us), 453
[READ], Return=OK, 807229
[CLEANUP], Operations, 16
[CLEANUP], AverageLatency(us), 19474.0
[CLEANUP], MinLatency(us), 18688
[CLEANUP], MaxLatency(us), 20559
[CLEANUP], 95thPercentileLatency(us), 20303
[CLEANUP], 99thPercentileLatency(us), 20559
[UPDATE], Operations, 3673473
[UPDATE], AverageLatency(us), 212.32881662666364
[UPDATE], MinLatency(us), 59
[UPDATE], MaxLatency(us), 50399
[UPDATE], 95thPercentileLatency(us), 324
[UPDATE], 99thPercentileLatency(us), 473
[UPDATE], Return=OK, 3673473
