/usr/bin/java  -classpath /home/morisaki/Application/ycsb-0.17.0/conf:/home/morisaki/Application/ycsb-0.17.0/lib/HdrHistogram-2.1.4.jar:/home/morisaki/Application/ycsb-0.17.0/lib/core-0.17.0.jar:/home/morisaki/Application/ycsb-0.17.0/lib/htrace-core4-4.1.0-incubating.jar:/home/morisaki/Application/ycsb-0.17.0/lib/jackson-core-asl-1.9.4.jar:/home/morisaki/Application/ycsb-0.17.0/lib/jackson-mapper-asl-1.9.4.jar:/home/morisaki/Application/ycsb-0.17.0/memcached-binding/lib/HdrHistogram-2.1.4.jar:/home/morisaki/Application/ycsb-0.17.0/memcached-binding/lib/core-0.17.0.jar:/home/morisaki/Application/ycsb-0.17.0/memcached-binding/lib/htrace-core4-4.1.0-incubating.jar:/home/morisaki/Application/ycsb-0.17.0/memcached-binding/lib/jackson-core-asl-1.9.4.jar:/home/morisaki/Application/ycsb-0.17.0/memcached-binding/lib/jackson-mapper-asl-1.9.13.jar:/home/morisaki/Application/ycsb-0.17.0/memcached-binding/lib/log4j-1.2.17.jar:/home/morisaki/Application/ycsb-0.17.0/memcached-binding/lib/memcached-binding-0.17.0.jar:/home/morisaki/Application/ycsb-0.17.0/memcached-binding/lib/spymemcached-2.11.4.jar site.ycsb.Client -t -db site.ycsb.db.MemcachedClient -s -P ./experiment/workloads/var_workload.dat -p memcached.hosts=127.0.0.1:11222 -p maxexecutiontime=30 -threads 16
Command line: -t -db site.ycsb.db.MemcachedClient -s -P ./experiment/workloads/var_workload.dat -p memcached.hosts=127.0.0.1:11222 -p maxexecutiontime=30 -threads 16
YCSB Client 0.17.0

Loading workload...
log4j:WARN No appenders could be found for logger (org.apache.htrace.core.Tracer).
log4j:WARN Please initialize the log4j system properly.
log4j:WARN See http://logging.apache.org/log4j/1.2/faq.html#noconfig for more info.
Starting test.
2026-06-08 15:04:07:247 0 sec: 0 operations; est completion in 0 second 
Maximum execution time specified as: 30 secs
2026-06-08 15:04:07.328 INFO net.spy.memcached.MemcachedConnection:  Added {QA sa=/127.0.0.1:11222, #Rops=0, #Wops=0, #iq=0, topRop=null, topWop=null, toWrite=0, interested=0} to connect queue
2026-06-08 15:04:07.329 INFO net.spy.memcached.MemcachedConnection:  Added {QA sa=/127.0.0.1:11222, #Rops=0, #Wops=0, #iq=0, topRop=null, topWop=null, toWrite=0, interested=0} to connect queue
2026-06-08 15:04:07.329 INFO net.spy.memcached.MemcachedConnection:  Added {QA sa=/127.0.0.1:11222, #Rops=0, #Wops=0, #iq=0, topRop=null, topWop=null, toWrite=0, interested=0} to connect queue
2026-06-08 15:04:07.329 INFO net.spy.memcached.MemcachedConnection:  Added {QA sa=/127.0.0.1:11222, #Rops=0, #Wops=0, #iq=0, topRop=null, topWop=null, toWrite=0, interested=0} to connect queue
2026-06-08 15:04:07.330 INFO net.spy.memcached.MemcachedConnection:  Added {QA sa=/127.0.0.1:11222, #Rops=0, #Wops=0, #iq=0, topRop=null, topWop=null, toWrite=0, interested=0} to connect queue
2026-06-08 15:04:07.330 INFO net.spy.memcached.MemcachedConnection:  Added {QA sa=/127.0.0.1:11222, #Rops=0, #Wops=0, #iq=0, topRop=null, topWop=null, toWrite=0, interested=0} to connect queue
2026-06-08 15:04:07.330 INFO net.spy.memcached.MemcachedConnection:  Added {QA sa=/127.0.0.1:11222, #Rops=0, #Wops=0, #iq=0, topRop=null, topWop=null, toWrite=0, interested=0} to connect queue
2026-06-08 15:04:07.331 INFO net.spy.memcached.MemcachedConnection:  Added {QA sa=/127.0.0.1:11222, #Rops=0, #Wops=0, #iq=0, topRop=null, topWop=null, toWrite=0, interested=0} to connect queue
2026-06-08 15:04:07.331 INFO net.spy.memcached.MemcachedConnection:  Added {QA sa=/127.0.0.1:11222, #Rops=0, #Wops=0, #iq=0, topRop=null, topWop=null, toWrite=0, interested=0} to connect queue
2026-06-08 15:04:07.331 INFO net.spy.memcached.MemcachedConnection:  Added {QA sa=/127.0.0.1:11222, #Rops=0, #Wops=0, #iq=0, topRop=null, topWop=null, toWrite=0, interested=0} to connect queue
2026-06-08 15:04:07.331 INFO net.spy.memcached.MemcachedConnection:  Added {QA sa=/127.0.0.1:11222, #Rops=0, #Wops=0, #iq=0, topRop=null, topWop=null, toWrite=0, interested=0} to connect queue
2026-06-08 15:04:07.332 INFO net.spy.memcached.MemcachedConnection:  Added {QA sa=/127.0.0.1:11222, #Rops=0, #Wops=0, #iq=0, topRop=null, topWop=null, toWrite=0, interested=0} to connect queue
DBWrapper: report latency for each error is false and specific error codes to track for latency are: []
DBWrapper: report latency for each error is false and specific error codes to track for latency are: []
2026-06-08 15:04:07.332 INFO net.spy.memcached.MemcachedConnection:  Added {QA sa=/127.0.0.1:11222, #Rops=0, #Wops=0, #iq=0, topRop=null, topWop=null, toWrite=0, interested=0} to connect queue
DBWrapper: report latency for each error is false and specific error codes to track for latency are: []
DBWrapper: report latency for each error is false and specific error codes to track for latency are: []
DBWrapper: report latency for each error is false and specific error codes to track for latency are: []
DBWrapper: report latency for each error is false and specific error codes to track for latency are: []
2026-06-08 15:04:07.333 INFO net.spy.memcached.MemcachedConnection:  Added {QA sa=/127.0.0.1:11222, #Rops=0, #Wops=0, #iq=0, topRop=null, topWop=null, toWrite=0, interested=0} to connect queue
DBWrapper: report latency for each error is false and specific error codes to track for latency are: []
DBWrapper: report latency for each error is false and specific error codes to track for latency are: []
DBWrapper: report latency for each error is false and specific error codes to track for latency are: []
DBWrapper: report latency for each error is false and specific error codes to track for latency are: []
2026-06-08 15:04:07.334 INFO net.spy.memcached.MemcachedConnection:  Added {QA sa=/127.0.0.1:11222, #Rops=0, #Wops=0, #iq=0, topRop=null, topWop=null, toWrite=0, interested=0} to connect queue
DBWrapper: report latency for each error is false and specific error codes to track for latency are: []
2026-06-08 15:04:07.334 INFO net.spy.memcached.MemcachedConnection:  Added {QA sa=/127.0.0.1:11222, #Rops=0, #Wops=0, #iq=0, topRop=null, topWop=null, toWrite=0, interested=0} to connect queue
DBWrapper: report latency for each error is false and specific error codes to track for latency are: []
DBWrapper: report latency for each error is false and specific error codes to track for latency are: []
DBWrapper: report latency for each error is false and specific error codes to track for latency are: []
DBWrapper: report latency for each error is false and specific error codes to track for latency are: []
DBWrapper: report latency for each error is false and specific error codes to track for latency are: []
2026-06-08 15:04:17:247 10 sec: 578382 operations; 57838.2 current ops/sec; est completion in 4 hours 48 minutes [READ: Count=103996, Max=27583, Min=67, Avg=261.35, 90=377, 99=966, 99.9=3455, 99.99=5431] [UPDATE: Count=475368, Max=55999, Min=63, Avg=272.53, 90=393, 99=1208, 99.9=3735, 99.99=6707] 
2026-06-08 15:04:27:247 20 sec: 1364583 operations; 78620.1 current ops/sec; est completion in 4 hours 3 minutes [READ: Count=141683, Max=5503, Min=64, Avg=199.82, 90=266, 99=351, 99.9=878, 99.99=3341] [UPDATE: Count=643812, Max=5447, Min=63, Avg=201.66, 90=270, 99=358, 99.9=717, 99.99=2945] 
Maximum time elapsed. Requesting stop for the workload.
Stop requested for workload. Now Joining!
2026-06-08 15:04:37:247 30 sec: 2151114 operations; 78645.24 current ops/sec; est completion in 3 hours 51 minutes [READ: Count=142474, Max=3645, Min=67, Avg=199.42, 90=266, 99=349, 99.9=570, 99.99=2433] [UPDATE: Count=643863, Max=6127, Min=65, Avg=201.8, 90=270, 99=357, 99.9=580, 99.99=2559] 
2026-06-08 15:04:37.255 INFO net.spy.memcached.MemcachedConnection:  Shut down memcached client
2026-06-08 15:04:37.255 INFO net.spy.memcached.MemcachedConnection:  Shut down memcached client
2026-06-08 15:04:37.256 INFO net.spy.memcached.MemcachedConnection:  Shut down memcached client
2026-06-08 15:04:37.256 INFO net.spy.memcached.MemcachedConnection:  Shut down memcached client
2026-06-08 15:04:37.256 INFO net.spy.memcached.MemcachedConnection:  Shut down memcached client
2026-06-08 15:04:37.258 INFO net.spy.memcached.MemcachedConnection:  Shut down memcached client
2026-06-08 15:04:37.259 INFO net.spy.memcached.MemcachedConnection:  Shut down memcached client
2026-06-08 15:04:37.259 INFO net.spy.memcached.MemcachedConnection:  Shut down memcached client
2026-06-08 15:04:37.259 INFO net.spy.memcached.MemcachedConnection:  Shut down memcached client
2026-06-08 15:04:37.260 INFO net.spy.memcached.MemcachedConnection:  Shut down memcached client
2026-06-08 15:04:37:256 30 sec: 2151257 operations; 15888.89 current ops/sec; est completion in 3 hours 52 minutes [READ: Count=26, Max=261, Min=98, Avg=173.38, 90=231, 99=261, 99.9=261, 99.99=261] [CLEANUP: Count=16, Max=6615, Min=4724, Avg=5800.5, 90=6219, 99=6615, 99.9=6615, 99.99=6615] [UPDATE: Count=35, Max=3215, Min=96, Avg=609.09, 90=1781, 99=3215, 99.9=3215, 99.99=3215] 
2026-06-08 15:04:37.260 INFO net.spy.memcached.MemcachedConnection:  Shut down memcached client
2026-06-08 15:04:37.260 INFO net.spy.memcached.MemcachedConnection:  Shut down memcached client
2026-06-08 15:04:37.260 INFO net.spy.memcached.MemcachedConnection:  Shut down memcached client
2026-06-08 15:04:37.261 INFO net.spy.memcached.MemcachedConnection:  Shut down memcached client
2026-06-08 15:04:37.261 INFO net.spy.memcached.MemcachedConnection:  Shut down memcached client
2026-06-08 15:04:37.261 INFO net.spy.memcached.MemcachedConnection:  Shut down memcached client
[OVERALL], RunTime(ms), 30010
[OVERALL], Throughput(ops/sec), 71684.67177607464
[TOTAL_GCS_G1_Young_Generation], Count, 48
[TOTAL_GC_TIME_G1_Young_Generation], Time(ms), 58
[TOTAL_GC_TIME_%_G1_Young_Generation], Time(%), 0.19326891036321225
[TOTAL_GCS_G1_Concurrent_GC], Count, 0
[TOTAL_GC_TIME_G1_Concurrent_GC], Time(ms), 0
[TOTAL_GC_TIME_%_G1_Concurrent_GC], Time(%), 0.0
[TOTAL_GCS_G1_Old_Generation], Count, 0
[TOTAL_GC_TIME_G1_Old_Generation], Time(ms), 0
[TOTAL_GC_TIME_%_G1_Old_Generation], Time(%), 0.0
[TOTAL_GCs], Count, 48
[TOTAL_GC_TIME], Time(ms), 58
[TOTAL_GC_TIME_%], Time(%), 0.19326891036321225
[READ], Operations, 388179
[READ], AverageLatency(us), 216.15615733978396
[READ], MinLatency(us), 64
[READ], MaxLatency(us), 27583
[READ], 95thPercentileLatency(us), 337
[READ], 99thPercentileLatency(us), 521
[READ], Return=OK, 388179
[CLEANUP], Operations, 16
[CLEANUP], AverageLatency(us), 5800.5
[CLEANUP], MinLatency(us), 4724
[CLEANUP], MaxLatency(us), 6615
[CLEANUP], 95thPercentileLatency(us), 6243
[CLEANUP], 99thPercentileLatency(us), 6615
[UPDATE], Operations, 1763078
[UPDATE], AverageLatency(us), 220.83033875982798
[UPDATE], MinLatency(us), 63
[UPDATE], MaxLatency(us), 55999
[UPDATE], 95thPercentileLatency(us), 346
[UPDATE], 99thPercentileLatency(us), 563
[UPDATE], Return=OK, 1763078
