/usr/bin/java  -classpath /home/morisaki/Application/ycsb-0.17.0/conf:/home/morisaki/Application/ycsb-0.17.0/lib/HdrHistogram-2.1.4.jar:/home/morisaki/Application/ycsb-0.17.0/lib/core-0.17.0.jar:/home/morisaki/Application/ycsb-0.17.0/lib/htrace-core4-4.1.0-incubating.jar:/home/morisaki/Application/ycsb-0.17.0/lib/jackson-core-asl-1.9.4.jar:/home/morisaki/Application/ycsb-0.17.0/lib/jackson-mapper-asl-1.9.4.jar:/home/morisaki/Application/ycsb-0.17.0/memcached-binding/lib/HdrHistogram-2.1.4.jar:/home/morisaki/Application/ycsb-0.17.0/memcached-binding/lib/core-0.17.0.jar:/home/morisaki/Application/ycsb-0.17.0/memcached-binding/lib/htrace-core4-4.1.0-incubating.jar:/home/morisaki/Application/ycsb-0.17.0/memcached-binding/lib/jackson-core-asl-1.9.4.jar:/home/morisaki/Application/ycsb-0.17.0/memcached-binding/lib/jackson-mapper-asl-1.9.13.jar:/home/morisaki/Application/ycsb-0.17.0/memcached-binding/lib/log4j-1.2.17.jar:/home/morisaki/Application/ycsb-0.17.0/memcached-binding/lib/memcached-binding-0.17.0.jar:/home/morisaki/Application/ycsb-0.17.0/memcached-binding/lib/spymemcached-2.11.4.jar site.ycsb.Client -t -db site.ycsb.db.MemcachedClient -s -P ./experiment/workloads/var_workload.dat -p memcached.hosts=127.0.0.1:11222 -p maxexecutiontime=30 -threads 16
Command line: -t -db site.ycsb.db.MemcachedClient -s -P ./experiment/workloads/var_workload.dat -p memcached.hosts=127.0.0.1:11222 -p maxexecutiontime=30 -threads 16
YCSB Client 0.17.0

Loading workload...
log4j:WARN No appenders could be found for logger (org.apache.htrace.core.Tracer).
log4j:WARN Please initialize the log4j system properly.
log4j:WARN See http://logging.apache.org/log4j/1.2/faq.html#noconfig for more info.
Starting test.
2026-06-08 15:20:56:410 0 sec: 0 operations; est completion in 0 second 
Maximum execution time specified as: 30 secs
2026-06-08 15:20:56.488 INFO net.spy.memcached.MemcachedConnection:  Added {QA sa=/127.0.0.1:11222, #Rops=0, #Wops=0, #iq=0, topRop=null, topWop=null, toWrite=0, interested=0} to connect queue
2026-06-08 15:20:56.488 INFO net.spy.memcached.MemcachedConnection:  Added {QA sa=/127.0.0.1:11222, #Rops=0, #Wops=0, #iq=0, topRop=null, topWop=null, toWrite=0, interested=0} to connect queue
2026-06-08 15:20:56.488 INFO net.spy.memcached.MemcachedConnection:  Added {QA sa=/127.0.0.1:11222, #Rops=0, #Wops=0, #iq=0, topRop=null, topWop=null, toWrite=0, interested=0} to connect queue
2026-06-08 15:20:56.489 INFO net.spy.memcached.MemcachedConnection:  Added {QA sa=/127.0.0.1:11222, #Rops=0, #Wops=0, #iq=0, topRop=null, topWop=null, toWrite=0, interested=0} to connect queue
2026-06-08 15:20:56.489 INFO net.spy.memcached.MemcachedConnection:  Added {QA sa=/127.0.0.1:11222, #Rops=0, #Wops=0, #iq=0, topRop=null, topWop=null, toWrite=0, interested=0} to connect queue
2026-06-08 15:20:56.490 INFO net.spy.memcached.MemcachedConnection:  Added {QA sa=/127.0.0.1:11222, #Rops=0, #Wops=0, #iq=0, topRop=null, topWop=null, toWrite=0, interested=0} to connect queue
2026-06-08 15:20:56.490 INFO net.spy.memcached.MemcachedConnection:  Added {QA sa=/127.0.0.1:11222, #Rops=0, #Wops=0, #iq=0, topRop=null, topWop=null, toWrite=0, interested=0} to connect queue
2026-06-08 15:20:56.490 INFO net.spy.memcached.MemcachedConnection:  Added {QA sa=/127.0.0.1:11222, #Rops=0, #Wops=0, #iq=0, topRop=null, topWop=null, toWrite=0, interested=0} to connect queue
2026-06-08 15:20:56.491 INFO net.spy.memcached.MemcachedConnection:  Added {QA sa=/127.0.0.1:11222, #Rops=0, #Wops=0, #iq=0, topRop=null, topWop=null, toWrite=0, interested=0} to connect queue
2026-06-08 15:20:56.491 INFO net.spy.memcached.MemcachedConnection:  Added {QA sa=/127.0.0.1:11222, #Rops=0, #Wops=0, #iq=0, topRop=null, topWop=null, toWrite=0, interested=0} to connect queue
DBWrapper: report latency for each error is false and specific error codes to track for latency are: []
DBWrapper: report latency for each error is false and specific error codes to track for latency are: []
DBWrapper: report latency for each error is false and specific error codes to track for latency are: []
2026-06-08 15:20:56.491 INFO net.spy.memcached.MemcachedConnection:  Added {QA sa=/127.0.0.1:11222, #Rops=0, #Wops=0, #iq=0, topRop=null, topWop=null, toWrite=0, interested=0} to connect queue
DBWrapper: report latency for each error is false and specific error codes to track for latency are: []
DBWrapper: report latency for each error is false and specific error codes to track for latency are: []
DBWrapper: report latency for each error is false and specific error codes to track for latency are: []
DBWrapper: report latency for each error is false and specific error codes to track for latency are: []
2026-06-08 15:20:56.492 INFO net.spy.memcached.MemcachedConnection:  Added {QA sa=/127.0.0.1:11222, #Rops=0, #Wops=0, #iq=0, topRop=null, topWop=null, toWrite=0, interested=0} to connect queue
DBWrapper: report latency for each error is false and specific error codes to track for latency are: []
2026-06-08 15:20:56.492 INFO net.spy.memcached.MemcachedConnection:  Added {QA sa=/127.0.0.1:11222, #Rops=0, #Wops=0, #iq=0, topRop=null, topWop=null, toWrite=0, interested=0} to connect queue
DBWrapper: report latency for each error is false and specific error codes to track for latency are: []
2026-06-08 15:20:56.493 INFO net.spy.memcached.MemcachedConnection:  Added {QA sa=/127.0.0.1:11222, #Rops=0, #Wops=0, #iq=0, topRop=null, topWop=null, toWrite=0, interested=0} to connect queue
2026-06-08 15:20:56.493 INFO net.spy.memcached.MemcachedConnection:  Added {QA sa=/127.0.0.1:11222, #Rops=0, #Wops=0, #iq=0, topRop=null, topWop=null, toWrite=0, interested=0} to connect queue
DBWrapper: report latency for each error is false and specific error codes to track for latency are: []
DBWrapper: report latency for each error is false and specific error codes to track for latency are: []
DBWrapper: report latency for each error is false and specific error codes to track for latency are: []
DBWrapper: report latency for each error is false and specific error codes to track for latency are: []
DBWrapper: report latency for each error is false and specific error codes to track for latency are: []
DBWrapper: report latency for each error is false and specific error codes to track for latency are: []
2026-06-08 15:20:56.494 INFO net.spy.memcached.MemcachedConnection:  Added {QA sa=/127.0.0.1:11222, #Rops=0, #Wops=0, #iq=0, topRop=null, topWop=null, toWrite=0, interested=0} to connect queue
DBWrapper: report latency for each error is false and specific error codes to track for latency are: []
2026-06-08 15:21:06:411 10 sec: 577091 operations; 57703.33 current ops/sec; est completion in 4 hours 48 minutes [READ: Count=104312, Max=24463, Min=66, Avg=256.06, 90=366, 99=973, 99.9=3343, 99.99=5855] [UPDATE: Count=473824, Max=59999, Min=62, Avg=274.41, 90=388, 99=1412, 99.9=3491, 99.99=6511] 
2026-06-08 15:21:16:410 20 sec: 1359504 operations; 78249.12 current ops/sec; est completion in 4 hours 4 minutes [READ: Count=140641, Max=4759, Min=66, Avg=201.08, 90=268, 99=351, 99.9=829, 99.99=3383] [UPDATE: Count=640813, Max=5363, Min=65, Avg=202.62, 90=272, 99=362, 99.9=769, 99.99=3189] 
Maximum time elapsed. Requesting stop for the workload.
Stop requested for workload. Now Joining!
2026-06-08 15:21:26:410 30 sec: 2155155 operations; 79565.1 current ops/sec; est completion in 3 hours 51 minutes [READ: Count=143761, Max=6555, Min=67, Avg=197.52, 90=264, 99=344, 99.9=517, 99.99=2729] [UPDATE: Count=651963, Max=6427, Min=64, Avg=199.42, 90=268, 99=352, 99.9=535, 99.99=2407] 
2026-06-08 15:21:26.420 INFO net.spy.memcached.MemcachedConnection:  Shut down memcached client
2026-06-08 15:21:26.421 INFO net.spy.memcached.MemcachedConnection:  Shut down memcached client
2026-06-08 15:21:26.421 INFO net.spy.memcached.MemcachedConnection:  Shut down memcached client
2026-06-08 15:21:26.421 INFO net.spy.memcached.MemcachedConnection:  Shut down memcached client
2026-06-08 15:21:26.422 INFO net.spy.memcached.MemcachedConnection:  Shut down memcached client
2026-06-08 15:21:26.422 INFO net.spy.memcached.MemcachedConnection:  Shut down memcached client
2026-06-08 15:21:26.422 INFO net.spy.memcached.MemcachedConnection:  Shut down memcached client
2026-06-08 15:21:26.422 INFO net.spy.memcached.MemcachedConnection:  Shut down memcached client
2026-06-08 15:21:26.423 INFO net.spy.memcached.MemcachedConnection:  Shut down memcached client
2026-06-08 15:21:26.423 INFO net.spy.memcached.MemcachedConnection:  Shut down memcached client
2026-06-08 15:21:26.423 INFO net.spy.memcached.MemcachedConnection:  Shut down memcached client
2026-06-08 15:21:26.423 INFO net.spy.memcached.MemcachedConnection:  Shut down memcached client
2026-06-08 15:21:26.424 INFO net.spy.memcached.MemcachedConnection:  Shut down memcached client
2026-06-08 15:21:26.424 INFO net.spy.memcached.MemcachedConnection:  Shut down memcached client
2026-06-08 15:21:26.424 INFO net.spy.memcached.MemcachedConnection:  Shut down memcached client
2026-06-08 15:21:26.424 INFO net.spy.memcached.MemcachedConnection:  Shut down memcached client
2026-06-08 15:21:26:423 30 sec: 2155356 operations; 16750 current ops/sec; est completion in 3 hours 51 minutes [READ: Count=41, Max=1690, Min=78, Avg=234.39, 90=296, 99=1690, 99.9=1690, 99.99=1690] [CLEANUP: Count=16, Max=8335, Min=5984, Avg=7506.88, 90=8003, 99=8335, 99.9=8335, 99.99=8335] [UPDATE: Count=1, Max=3265, Min=3264, Avg=3265, 90=3265, 99=3265, 99.9=3265, 99.99=3265] 
[OVERALL], RunTime(ms), 30012
[OVERALL], Throughput(ops/sec), 71816.47341063575
[TOTAL_GCS_G1_Young_Generation], Count, 47
[TOTAL_GC_TIME_G1_Young_Generation], Time(ms), 61
[TOTAL_GC_TIME_%_G1_Young_Generation], Time(%), 0.20325203252032523
[TOTAL_GCS_G1_Concurrent_GC], Count, 0
[TOTAL_GC_TIME_G1_Concurrent_GC], Time(ms), 0
[TOTAL_GC_TIME_%_G1_Concurrent_GC], Time(%), 0.0
[TOTAL_GCS_G1_Old_Generation], Count, 0
[TOTAL_GC_TIME_G1_Old_Generation], Time(ms), 0
[TOTAL_GC_TIME_%_G1_Old_Generation], Time(%), 0.0
[TOTAL_GCs], Count, 47
[TOTAL_GC_TIME], Time(ms), 61
[TOTAL_GC_TIME_%], Time(%), 0.20325203252032523
[READ], Operations, 388755
[READ], AverageLatency(us), 214.5184705019871
[READ], MinLatency(us), 66
[READ], MaxLatency(us), 24463
[READ], 95thPercentileLatency(us), 329
[READ], 99thPercentileLatency(us), 513
[READ], Return=OK, 388755
[CLEANUP], Operations, 16
[CLEANUP], AverageLatency(us), 7506.875
[CLEANUP], MinLatency(us), 5984
[CLEANUP], MaxLatency(us), 8335
[CLEANUP], 95thPercentileLatency(us), 8063
[CLEANUP], 99thPercentileLatency(us), 8335
[UPDATE], Operations, 1766601
[UPDATE], AverageLatency(us), 220.69955128520814
[UPDATE], MinLatency(us), 62
[UPDATE], MaxLatency(us), 59999
[UPDATE], 95thPercentileLatency(us), 340
[UPDATE], 99thPercentileLatency(us), 623
[UPDATE], Return=OK, 1766601
