/usr/bin/java  -classpath /home/morisaki/Application/ycsb-0.17.0/conf:/home/morisaki/Application/ycsb-0.17.0/lib/HdrHistogram-2.1.4.jar:/home/morisaki/Application/ycsb-0.17.0/lib/core-0.17.0.jar:/home/morisaki/Application/ycsb-0.17.0/lib/htrace-core4-4.1.0-incubating.jar:/home/morisaki/Application/ycsb-0.17.0/lib/jackson-core-asl-1.9.4.jar:/home/morisaki/Application/ycsb-0.17.0/lib/jackson-mapper-asl-1.9.4.jar:/home/morisaki/Application/ycsb-0.17.0/memcached-binding/lib/HdrHistogram-2.1.4.jar:/home/morisaki/Application/ycsb-0.17.0/memcached-binding/lib/core-0.17.0.jar:/home/morisaki/Application/ycsb-0.17.0/memcached-binding/lib/htrace-core4-4.1.0-incubating.jar:/home/morisaki/Application/ycsb-0.17.0/memcached-binding/lib/jackson-core-asl-1.9.4.jar:/home/morisaki/Application/ycsb-0.17.0/memcached-binding/lib/jackson-mapper-asl-1.9.13.jar:/home/morisaki/Application/ycsb-0.17.0/memcached-binding/lib/log4j-1.2.17.jar:/home/morisaki/Application/ycsb-0.17.0/memcached-binding/lib/memcached-binding-0.17.0.jar:/home/morisaki/Application/ycsb-0.17.0/memcached-binding/lib/spymemcached-2.11.4.jar site.ycsb.Client -t -db site.ycsb.db.MemcachedClient -s -P ./experiment/workloads/var_workload.dat -p memcached.hosts=127.0.0.1:11222 -p maxexecutiontime=30 -threads 16
Command line: -t -db site.ycsb.db.MemcachedClient -s -P ./experiment/workloads/var_workload.dat -p memcached.hosts=127.0.0.1:11222 -p maxexecutiontime=30 -threads 16
YCSB Client 0.17.0

Loading workload...
log4j:WARN No appenders could be found for logger (org.apache.htrace.core.Tracer).
log4j:WARN Please initialize the log4j system properly.
log4j:WARN See http://logging.apache.org/log4j/1.2/faq.html#noconfig for more info.
Starting test.
2026-06-08 15:18:38:711 0 sec: 0 operations; est completion in 0 second 
Maximum execution time specified as: 30 secs
2026-06-08 15:18:38.793 INFO net.spy.memcached.MemcachedConnection:  Added {QA sa=/127.0.0.1:11222, #Rops=0, #Wops=0, #iq=0, topRop=null, topWop=null, toWrite=0, interested=0} to connect queue
2026-06-08 15:18:38.793 INFO net.spy.memcached.MemcachedConnection:  Added {QA sa=/127.0.0.1:11222, #Rops=0, #Wops=0, #iq=0, topRop=null, topWop=null, toWrite=0, interested=0} to connect queue
2026-06-08 15:18:38.793 INFO net.spy.memcached.MemcachedConnection:  Added {QA sa=/127.0.0.1:11222, #Rops=0, #Wops=0, #iq=0, topRop=null, topWop=null, toWrite=0, interested=0} to connect queue
2026-06-08 15:18:38.794 INFO net.spy.memcached.MemcachedConnection:  Added {QA sa=/127.0.0.1:11222, #Rops=0, #Wops=0, #iq=0, topRop=null, topWop=null, toWrite=0, interested=0} to connect queue
2026-06-08 15:18:38.794 INFO net.spy.memcached.MemcachedConnection:  Added {QA sa=/127.0.0.1:11222, #Rops=0, #Wops=0, #iq=0, topRop=null, topWop=null, toWrite=0, interested=0} to connect queue
2026-06-08 15:18:38.794 INFO net.spy.memcached.MemcachedConnection:  Added {QA sa=/127.0.0.1:11222, #Rops=0, #Wops=0, #iq=0, topRop=null, topWop=null, toWrite=0, interested=0} to connect queue
2026-06-08 15:18:38.795 INFO net.spy.memcached.MemcachedConnection:  Added {QA sa=/127.0.0.1:11222, #Rops=0, #Wops=0, #iq=0, topRop=null, topWop=null, toWrite=0, interested=0} to connect queue
2026-06-08 15:18:38.795 INFO net.spy.memcached.MemcachedConnection:  Added {QA sa=/127.0.0.1:11222, #Rops=0, #Wops=0, #iq=0, topRop=null, topWop=null, toWrite=0, interested=0} to connect queue
2026-06-08 15:18:38.795 INFO net.spy.memcached.MemcachedConnection:  Added {QA sa=/127.0.0.1:11222, #Rops=0, #Wops=0, #iq=0, topRop=null, topWop=null, toWrite=0, interested=0} to connect queue
2026-06-08 15:18:38.795 INFO net.spy.memcached.MemcachedConnection:  Added {QA sa=/127.0.0.1:11222, #Rops=0, #Wops=0, #iq=0, topRop=null, topWop=null, toWrite=0, interested=0} to connect queue
2026-06-08 15:18:38.796 INFO net.spy.memcached.MemcachedConnection:  Added {QA sa=/127.0.0.1:11222, #Rops=0, #Wops=0, #iq=0, topRop=null, topWop=null, toWrite=0, interested=0} to connect queue
DBWrapper: report latency for each error is false and specific error codes to track for latency are: []
DBWrapper: report latency for each error is false and specific error codes to track for latency are: []
2026-06-08 15:18:38.796 INFO net.spy.memcached.MemcachedConnection:  Added {QA sa=/127.0.0.1:11222, #Rops=0, #Wops=0, #iq=0, topRop=null, topWop=null, toWrite=0, interested=0} to connect queue
DBWrapper: report latency for each error is false and specific error codes to track for latency are: []
2026-06-08 15:18:38.796 INFO net.spy.memcached.MemcachedConnection:  Added {QA sa=/127.0.0.1:11222, #Rops=0, #Wops=0, #iq=0, topRop=null, topWop=null, toWrite=0, interested=0} to connect queue
DBWrapper: report latency for each error is false and specific error codes to track for latency are: []
DBWrapper: report latency for each error is false and specific error codes to track for latency are: []
2026-06-08 15:18:38.797 INFO net.spy.memcached.MemcachedConnection:  Added {QA sa=/127.0.0.1:11222, #Rops=0, #Wops=0, #iq=0, topRop=null, topWop=null, toWrite=0, interested=0} to connect queue
DBWrapper: report latency for each error is false and specific error codes to track for latency are: []
2026-06-08 15:18:38.797 INFO net.spy.memcached.MemcachedConnection:  Added {QA sa=/127.0.0.1:11222, #Rops=0, #Wops=0, #iq=0, topRop=null, topWop=null, toWrite=0, interested=0} to connect queue
DBWrapper: report latency for each error is false and specific error codes to track for latency are: []
2026-06-08 15:18:38.797 INFO net.spy.memcached.MemcachedConnection:  Added {QA sa=/127.0.0.1:11222, #Rops=0, #Wops=0, #iq=0, topRop=null, topWop=null, toWrite=0, interested=0} to connect queue
DBWrapper: report latency for each error is false and specific error codes to track for latency are: []
DBWrapper: report latency for each error is false and specific error codes to track for latency are: []
DBWrapper: report latency for each error is false and specific error codes to track for latency are: []
DBWrapper: report latency for each error is false and specific error codes to track for latency are: []
DBWrapper: report latency for each error is false and specific error codes to track for latency are: []
DBWrapper: report latency for each error is false and specific error codes to track for latency are: []
DBWrapper: report latency for each error is false and specific error codes to track for latency are: []
DBWrapper: report latency for each error is false and specific error codes to track for latency are: []
DBWrapper: report latency for each error is false and specific error codes to track for latency are: []
2026-06-08 15:18:48:711 10 sec: 572858 operations; 57280.07 current ops/sec; est completion in 4 hours 50 minutes [READ: Count=103278, Max=17743, Min=66, Avg=270.26, 90=390, 99=1054, 99.9=3623, 99.99=9631] [UPDATE: Count=470860, Max=63679, Min=64, Avg=273.09, 90=394, 99=1076, 99.9=3525, 99.99=5871] 
2026-06-08 15:18:58:711 20 sec: 1362072 operations; 78921.4 current ops/sec; est completion in 4 hours 4 minutes [READ: Count=141839, Max=4055, Min=66, Avg=198.18, 90=264, 99=348, 99.9=603, 99.99=2465] [UPDATE: Count=646496, Max=5403, Min=62, Avg=201.28, 90=270, 99=358, 99.9=584, 99.99=2235] 
Maximum time elapsed. Requesting stop for the workload.
Stop requested for workload. Now Joining!
2026-06-08 15:19:08:711 30 sec: 2154943 operations; 79287.1 current ops/sec; est completion in 3 hours 51 minutes [READ: Count=142258, Max=3803, Min=67, Avg=197.13, 90=263, 99=342, 99.9=528, 99.99=1605] [UPDATE: Count=650287, Max=3959, Min=60, Avg=200.43, 90=267, 99=351, 99.9=553, 99.99=2127] 
2026-06-08 15:19:08.727 INFO net.spy.memcached.MemcachedConnection:  Shut down memcached client
2026-06-08 15:19:08.728 INFO net.spy.memcached.MemcachedConnection:  Shut down memcached client
2026-06-08 15:19:08.728 INFO net.spy.memcached.MemcachedConnection:  Shut down memcached client
2026-06-08 15:19:08.729 INFO net.spy.memcached.MemcachedConnection:  Shut down memcached client
2026-06-08 15:19:08.729 INFO net.spy.memcached.MemcachedConnection:  Shut down memcached client
2026-06-08 15:19:08.730 INFO net.spy.memcached.MemcachedConnection:  Shut down memcached client
2026-06-08 15:19:08.730 INFO net.spy.memcached.MemcachedConnection:  Shut down memcached client
2026-06-08 15:19:08.730 INFO net.spy.memcached.MemcachedConnection:  Shut down memcached client
2026-06-08 15:19:08.730 INFO net.spy.memcached.MemcachedConnection:  Shut down memcached client
2026-06-08 15:19:08.731 INFO net.spy.memcached.MemcachedConnection:  Shut down memcached client
2026-06-08 15:19:08.731 INFO net.spy.memcached.MemcachedConnection:  Shut down memcached client
2026-06-08 15:19:08.731 INFO net.spy.memcached.MemcachedConnection:  Shut down memcached client
2026-06-08 15:19:08.733 INFO net.spy.memcached.MemcachedConnection:  Shut down memcached client
2026-06-08 15:19:08.733 INFO net.spy.memcached.MemcachedConnection:  Shut down memcached client
2026-06-08 15:19:08.733 INFO net.spy.memcached.MemcachedConnection:  Shut down memcached client
2026-06-08 15:19:08.733 INFO net.spy.memcached.MemcachedConnection:  Shut down memcached client
2026-06-08 15:19:08:729 30 sec: 2155035 operations; 5111.11 current ops/sec; est completion in 3 hours 51 minutes [READ: Count=12, Max=360, Min=108, Avg=190.75, 90=284, 99=360, 99.9=360, 99.99=360] [CLEANUP: Count=16, Max=15367, Min=13624, Avg=14573, 90=15263, 99=15367, 99.9=15367, 99.99=15367] [UPDATE: Count=5, Max=3507, Min=2478, Avg=2927.8, 90=3507, 99=3507, 99.9=3507, 99.99=3507] 
[OVERALL], RunTime(ms), 30019
[OVERALL], Throughput(ops/sec), 71789.0336120457
[TOTAL_GCS_G1_Young_Generation], Count, 48
[TOTAL_GC_TIME_G1_Young_Generation], Time(ms), 58
[TOTAL_GC_TIME_%_G1_Young_Generation], Time(%), 0.1932109663879543
[TOTAL_GCS_G1_Concurrent_GC], Count, 0
[TOTAL_GC_TIME_G1_Concurrent_GC], Time(ms), 0
[TOTAL_GC_TIME_%_G1_Concurrent_GC], Time(%), 0.0
[TOTAL_GCS_G1_Old_Generation], Count, 0
[TOTAL_GC_TIME_G1_Old_Generation], Time(ms), 0
[TOTAL_GC_TIME_%_G1_Old_Generation], Time(%), 0.0
[TOTAL_GCs], Count, 48
[TOTAL_GC_TIME], Time(ms), 58
[TOTAL_GC_TIME_%], Time(%), 0.1932109663879543
[READ], Operations, 387387
[READ], AverageLatency(us), 217.01058373151398
[READ], MinLatency(us), 66
[READ], MaxLatency(us), 17743
[READ], 95thPercentileLatency(us), 341
[READ], 99thPercentileLatency(us), 557
[READ], Return=OK, 387387
[CLEANUP], Operations, 16
[CLEANUP], AverageLatency(us), 14573.0
[CLEANUP], MinLatency(us), 13624
[CLEANUP], MaxLatency(us), 15367
[CLEANUP], 95thPercentileLatency(us), 15311
[CLEANUP], 99thPercentileLatency(us), 15367
[UPDATE], Operations, 1767648
[UPDATE], AverageLatency(us), 220.10392001122395
[UPDATE], MinLatency(us), 60
[UPDATE], MaxLatency(us), 63679
[UPDATE], 95thPercentileLatency(us), 346
[UPDATE], 99thPercentileLatency(us), 561
[UPDATE], Return=OK, 1767648
