/usr/bin/java  -classpath /home/morisaki/Application/ycsb-0.17.0/conf:/home/morisaki/Application/ycsb-0.17.0/lib/HdrHistogram-2.1.4.jar:/home/morisaki/Application/ycsb-0.17.0/lib/core-0.17.0.jar:/home/morisaki/Application/ycsb-0.17.0/lib/htrace-core4-4.1.0-incubating.jar:/home/morisaki/Application/ycsb-0.17.0/lib/jackson-core-asl-1.9.4.jar:/home/morisaki/Application/ycsb-0.17.0/lib/jackson-mapper-asl-1.9.4.jar:/home/morisaki/Application/ycsb-0.17.0/memcached-binding/lib/HdrHistogram-2.1.4.jar:/home/morisaki/Application/ycsb-0.17.0/memcached-binding/lib/core-0.17.0.jar:/home/morisaki/Application/ycsb-0.17.0/memcached-binding/lib/htrace-core4-4.1.0-incubating.jar:/home/morisaki/Application/ycsb-0.17.0/memcached-binding/lib/jackson-core-asl-1.9.4.jar:/home/morisaki/Application/ycsb-0.17.0/memcached-binding/lib/jackson-mapper-asl-1.9.13.jar:/home/morisaki/Application/ycsb-0.17.0/memcached-binding/lib/log4j-1.2.17.jar:/home/morisaki/Application/ycsb-0.17.0/memcached-binding/lib/memcached-binding-0.17.0.jar:/home/morisaki/Application/ycsb-0.17.0/memcached-binding/lib/spymemcached-2.11.4.jar site.ycsb.Client -t -db site.ycsb.db.MemcachedClient -s -P ./experiment/workloads/var_workload.dat -p memcached.hosts=127.0.0.1:11222 -p maxexecutiontime=30 -threads 16
Command line: -t -db site.ycsb.db.MemcachedClient -s -P ./experiment/workloads/var_workload.dat -p memcached.hosts=127.0.0.1:11222 -p maxexecutiontime=30 -threads 16
YCSB Client 0.17.0

Loading workload...
log4j:WARN No appenders could be found for logger (org.apache.htrace.core.Tracer).
log4j:WARN Please initialize the log4j system properly.
log4j:WARN See http://logging.apache.org/log4j/1.2/faq.html#noconfig for more info.
Starting test.
2026-06-08 15:23:14:114 0 sec: 0 operations; est completion in 0 second 
Maximum execution time specified as: 30 secs
2026-06-08 15:23:14.198 INFO net.spy.memcached.MemcachedConnection:  Added {QA sa=/127.0.0.1:11222, #Rops=0, #Wops=0, #iq=0, topRop=null, topWop=null, toWrite=0, interested=0} to connect queue
2026-06-08 15:23:14.198 INFO net.spy.memcached.MemcachedConnection:  Added {QA sa=/127.0.0.1:11222, #Rops=0, #Wops=0, #iq=0, topRop=null, topWop=null, toWrite=0, interested=0} to connect queue
2026-06-08 15:23:14.198 INFO net.spy.memcached.MemcachedConnection:  Added {QA sa=/127.0.0.1:11222, #Rops=0, #Wops=0, #iq=0, topRop=null, topWop=null, toWrite=0, interested=0} to connect queue
2026-06-08 15:23:14.198 INFO net.spy.memcached.MemcachedConnection:  Added {QA sa=/127.0.0.1:11222, #Rops=0, #Wops=0, #iq=0, topRop=null, topWop=null, toWrite=0, interested=0} to connect queue
2026-06-08 15:23:14.199 INFO net.spy.memcached.MemcachedConnection:  Added {QA sa=/127.0.0.1:11222, #Rops=0, #Wops=0, #iq=0, topRop=null, topWop=null, toWrite=0, interested=0} to connect queue
2026-06-08 15:23:14.199 INFO net.spy.memcached.MemcachedConnection:  Added {QA sa=/127.0.0.1:11222, #Rops=0, #Wops=0, #iq=0, topRop=null, topWop=null, toWrite=0, interested=0} to connect queue
2026-06-08 15:23:14.200 INFO net.spy.memcached.MemcachedConnection:  Added {QA sa=/127.0.0.1:11222, #Rops=0, #Wops=0, #iq=0, topRop=null, topWop=null, toWrite=0, interested=0} to connect queue
2026-06-08 15:23:14.200 INFO net.spy.memcached.MemcachedConnection:  Added {QA sa=/127.0.0.1:11222, #Rops=0, #Wops=0, #iq=0, topRop=null, topWop=null, toWrite=0, interested=0} to connect queue
2026-06-08 15:23:14.200 INFO net.spy.memcached.MemcachedConnection:  Added {QA sa=/127.0.0.1:11222, #Rops=0, #Wops=0, #iq=0, topRop=null, topWop=null, toWrite=0, interested=0} to connect queue
2026-06-08 15:23:14.201 INFO net.spy.memcached.MemcachedConnection:  Added {QA sa=/127.0.0.1:11222, #Rops=0, #Wops=0, #iq=0, topRop=null, topWop=null, toWrite=0, interested=0} to connect queue
DBWrapper: report latency for each error is false and specific error codes to track for latency are: []
2026-06-08 15:23:14.201 INFO net.spy.memcached.MemcachedConnection:  Added {QA sa=/127.0.0.1:11222, #Rops=0, #Wops=0, #iq=0, topRop=null, topWop=null, toWrite=0, interested=0} to connect queue
DBWrapper: report latency for each error is false and specific error codes to track for latency are: []
2026-06-08 15:23:14.202 INFO net.spy.memcached.MemcachedConnection:  Added {QA sa=/127.0.0.1:11222, #Rops=0, #Wops=0, #iq=0, topRop=null, topWop=null, toWrite=0, interested=0} to connect queue
DBWrapper: report latency for each error is false and specific error codes to track for latency are: []
DBWrapper: report latency for each error is false and specific error codes to track for latency are: []
DBWrapper: report latency for each error is false and specific error codes to track for latency are: []
DBWrapper: report latency for each error is false and specific error codes to track for latency are: []
DBWrapper: report latency for each error is false and specific error codes to track for latency are: []
DBWrapper: report latency for each error is false and specific error codes to track for latency are: []
DBWrapper: report latency for each error is false and specific error codes to track for latency are: []
2026-06-08 15:23:14.202 INFO net.spy.memcached.MemcachedConnection:  Added {QA sa=/127.0.0.1:11222, #Rops=0, #Wops=0, #iq=0, topRop=null, topWop=null, toWrite=0, interested=0} to connect queue
DBWrapper: report latency for each error is false and specific error codes to track for latency are: []
DBWrapper: report latency for each error is false and specific error codes to track for latency are: []
DBWrapper: report latency for each error is false and specific error codes to track for latency are: []
DBWrapper: report latency for each error is false and specific error codes to track for latency are: []
2026-06-08 15:23:14.204 INFO net.spy.memcached.MemcachedConnection:  Added {QA sa=/127.0.0.1:11222, #Rops=0, #Wops=0, #iq=0, topRop=null, topWop=null, toWrite=0, interested=0} to connect queue
2026-06-08 15:23:14.204 INFO net.spy.memcached.MemcachedConnection:  Added {QA sa=/127.0.0.1:11222, #Rops=0, #Wops=0, #iq=0, topRop=null, topWop=null, toWrite=0, interested=0} to connect queue
DBWrapper: report latency for each error is false and specific error codes to track for latency are: []
2026-06-08 15:23:14.204 INFO net.spy.memcached.MemcachedConnection:  Added {QA sa=/127.0.0.1:11222, #Rops=0, #Wops=0, #iq=0, topRop=null, topWop=null, toWrite=0, interested=0} to connect queue
DBWrapper: report latency for each error is false and specific error codes to track for latency are: []
DBWrapper: report latency for each error is false and specific error codes to track for latency are: []
2026-06-08 15:23:24:114 10 sec: 590134 operations; 59013.4 current ops/sec; est completion in 4 hours 42 minutes [READ: Count=105930, Max=31535, Min=65, Avg=264.44, 90=391, 99=994, 99.9=3305, 99.99=5787] [UPDATE: Count=486167, Max=59359, Min=64, Avg=265.33, 90=383, 99=1012, 99.9=3465, 99.99=6095] 
2026-06-08 15:23:34:116 20 sec: 1384519 operations; 79422.62 current ops/sec; est completion in 4 hours [READ: Count=143572, Max=3929, Min=66, Avg=197.31, 90=263, 99=343, 99.9=625, 99.99=2751] [UPDATE: Count=649006, Max=8799, Min=65, Avg=199.86, 90=268, 99=352, 99.9=597, 99.99=2607] 
Maximum time elapsed. Requesting stop for the workload.
Stop requested for workload. Now Joining!
2026-06-08 15:23:44:114 30 sec: 2178543 operations; 79418.28 current ops/sec; est completion in 3 hours 49 minutes [READ: Count=143028, Max=3943, Min=65, Avg=197.07, 90=263, 99=344, 99.9=627, 99.99=2331] [UPDATE: Count=650993, Max=5055, Min=64, Avg=200.07, 90=268, 99=355, 99.9=654, 99.99=2537] 
2026-06-08 15:23:44.137 INFO net.spy.memcached.MemcachedConnection:  Shut down memcached client
2026-06-08 15:23:44.138 INFO net.spy.memcached.MemcachedConnection:  Shut down memcached client
2026-06-08 15:23:44.137 INFO net.spy.memcached.MemcachedConnection:  Shut down memcached client
2026-06-08 15:23:44.137 INFO net.spy.memcached.MemcachedConnection:  Shut down memcached client
2026-06-08 15:23:44.138 INFO net.spy.memcached.MemcachedConnection:  Shut down memcached client
2026-06-08 15:23:44.139 INFO net.spy.memcached.MemcachedConnection:  Shut down memcached client
2026-06-08 15:23:44.139 INFO net.spy.memcached.MemcachedConnection:  Shut down memcached client
2026-06-08 15:23:44.139 INFO net.spy.memcached.MemcachedConnection:  Shut down memcached client
2026-06-08 15:23:44.140 INFO net.spy.memcached.MemcachedConnection:  Shut down memcached client
2026-06-08 15:23:44.140 INFO net.spy.memcached.MemcachedConnection:  Shut down memcached client
2026-06-08 15:23:44.140 INFO net.spy.memcached.MemcachedConnection:  Shut down memcached client
2026-06-08 15:23:44.141 INFO net.spy.memcached.MemcachedConnection:  Shut down memcached client
2026-06-08 15:23:44.141 INFO net.spy.memcached.MemcachedConnection:  Shut down memcached client
2026-06-08 15:23:44.141 INFO net.spy.memcached.MemcachedConnection:  Shut down memcached client
2026-06-08 15:23:44.141 INFO net.spy.memcached.MemcachedConnection:  Shut down memcached client
2026-06-08 15:23:44.141 INFO net.spy.memcached.MemcachedConnection:  Shut down memcached client
2026-06-08 15:23:44:139 30 sec: 2178697 operations; 6160 current ops/sec; est completion in 3 hours 49 minutes [READ: Count=1, Max=328, Min=328, Avg=328, 90=328, 99=328, 99.9=328, 99.99=328] [CLEANUP: Count=16, Max=21247, Min=20144, Avg=20935, 90=21231, 99=21247, 99.9=21247, 99.99=21247] [UPDATE: Count=0, Max=0, Min=9223372036854775807, Avg=NaN, 90=0, 99=0, 99.9=0, 99.99=0] 
[OVERALL], RunTime(ms), 30025
[OVERALL], Throughput(ops/sec), 72562.7643630308
[TOTAL_GCS_G1_Young_Generation], Count, 49
[TOTAL_GC_TIME_G1_Young_Generation], Time(ms), 63
[TOTAL_GC_TIME_%_G1_Young_Generation], Time(%), 0.20982514571190677
[TOTAL_GCS_G1_Concurrent_GC], Count, 0
[TOTAL_GC_TIME_G1_Concurrent_GC], Time(ms), 0
[TOTAL_GC_TIME_%_G1_Concurrent_GC], Time(%), 0.0
[TOTAL_GCS_G1_Old_Generation], Count, 0
[TOTAL_GC_TIME_G1_Old_Generation], Time(ms), 0
[TOTAL_GC_TIME_%_G1_Old_Generation], Time(%), 0.0
[TOTAL_GCs], Count, 49
[TOTAL_GC_TIME], Time(ms), 63
[TOTAL_GC_TIME_%], Time(%), 0.20982514571190677
[READ], Operations, 392531
[READ], AverageLatency(us), 215.33759371871267
[READ], MinLatency(us), 65
[READ], MaxLatency(us), 31535
[READ], 95thPercentileLatency(us), 337
[READ], 99thPercentileLatency(us), 565
[READ], Return=OK, 392531
[CLEANUP], Operations, 16
[CLEANUP], AverageLatency(us), 20935.0
[CLEANUP], MinLatency(us), 20144
[CLEANUP], MaxLatency(us), 21247
[CLEANUP], 95thPercentileLatency(us), 21247
[CLEANUP], 99thPercentileLatency(us), 21247
[UPDATE], Operations, 1786166
[UPDATE], AverageLatency(us), 217.75700354838241
[UPDATE], MinLatency(us), 64
[UPDATE], MaxLatency(us), 59359
[UPDATE], 95thPercentileLatency(us), 339
[UPDATE], 99thPercentileLatency(us), 558
[UPDATE], Return=OK, 1786166
