/usr/bin/java  -classpath /home/morisaki/Application/ycsb-0.17.0/conf:/home/morisaki/Application/ycsb-0.17.0/lib/HdrHistogram-2.1.4.jar:/home/morisaki/Application/ycsb-0.17.0/lib/core-0.17.0.jar:/home/morisaki/Application/ycsb-0.17.0/lib/htrace-core4-4.1.0-incubating.jar:/home/morisaki/Application/ycsb-0.17.0/lib/jackson-core-asl-1.9.4.jar:/home/morisaki/Application/ycsb-0.17.0/lib/jackson-mapper-asl-1.9.4.jar:/home/morisaki/Application/ycsb-0.17.0/memcached-binding/lib/HdrHistogram-2.1.4.jar:/home/morisaki/Application/ycsb-0.17.0/memcached-binding/lib/core-0.17.0.jar:/home/morisaki/Application/ycsb-0.17.0/memcached-binding/lib/htrace-core4-4.1.0-incubating.jar:/home/morisaki/Application/ycsb-0.17.0/memcached-binding/lib/jackson-core-asl-1.9.4.jar:/home/morisaki/Application/ycsb-0.17.0/memcached-binding/lib/jackson-mapper-asl-1.9.13.jar:/home/morisaki/Application/ycsb-0.17.0/memcached-binding/lib/log4j-1.2.17.jar:/home/morisaki/Application/ycsb-0.17.0/memcached-binding/lib/memcached-binding-0.17.0.jar:/home/morisaki/Application/ycsb-0.17.0/memcached-binding/lib/spymemcached-2.11.4.jar site.ycsb.Client -t -db site.ycsb.db.MemcachedClient -s -P ./experiment/workloads/var_workload.dat -p memcached.hosts=127.0.0.1:11222 -p maxexecutiontime=30 -threads 16
Command line: -t -db site.ycsb.db.MemcachedClient -s -P ./experiment/workloads/var_workload.dat -p memcached.hosts=127.0.0.1:11222 -p maxexecutiontime=30 -threads 16
YCSB Client 0.17.0

Loading workload...
log4j:WARN No appenders could be found for logger (org.apache.htrace.core.Tracer).
log4j:WARN Please initialize the log4j system properly.
log4j:WARN See http://logging.apache.org/log4j/1.2/faq.html#noconfig for more info.
Starting test.
2026-06-08 15:15:20:005 0 sec: 0 operations; est completion in 0 second 
Maximum execution time specified as: 30 secs
2026-06-08 15:15:20.087 INFO net.spy.memcached.MemcachedConnection:  Added {QA sa=/127.0.0.1:11222, #Rops=0, #Wops=0, #iq=0, topRop=null, topWop=null, toWrite=0, interested=0} to connect queue
2026-06-08 15:15:20.088 INFO net.spy.memcached.MemcachedConnection:  Added {QA sa=/127.0.0.1:11222, #Rops=0, #Wops=0, #iq=0, topRop=null, topWop=null, toWrite=0, interested=0} to connect queue
2026-06-08 15:15:20.088 INFO net.spy.memcached.MemcachedConnection:  Added {QA sa=/127.0.0.1:11222, #Rops=0, #Wops=0, #iq=0, topRop=null, topWop=null, toWrite=0, interested=0} to connect queue
2026-06-08 15:15:20.088 INFO net.spy.memcached.MemcachedConnection:  Added {QA sa=/127.0.0.1:11222, #Rops=0, #Wops=0, #iq=0, topRop=null, topWop=null, toWrite=0, interested=0} to connect queue
2026-06-08 15:15:20.089 INFO net.spy.memcached.MemcachedConnection:  Added {QA sa=/127.0.0.1:11222, #Rops=0, #Wops=0, #iq=0, topRop=null, topWop=null, toWrite=0, interested=0} to connect queue
2026-06-08 15:15:20.089 INFO net.spy.memcached.MemcachedConnection:  Added {QA sa=/127.0.0.1:11222, #Rops=0, #Wops=0, #iq=0, topRop=null, topWop=null, toWrite=0, interested=0} to connect queue
2026-06-08 15:15:20.089 INFO net.spy.memcached.MemcachedConnection:  Added {QA sa=/127.0.0.1:11222, #Rops=0, #Wops=0, #iq=0, topRop=null, topWop=null, toWrite=0, interested=0} to connect queue
2026-06-08 15:15:20.090 INFO net.spy.memcached.MemcachedConnection:  Added {QA sa=/127.0.0.1:11222, #Rops=0, #Wops=0, #iq=0, topRop=null, topWop=null, toWrite=0, interested=0} to connect queue
2026-06-08 15:15:20.090 INFO net.spy.memcached.MemcachedConnection:  Added {QA sa=/127.0.0.1:11222, #Rops=0, #Wops=0, #iq=0, topRop=null, topWop=null, toWrite=0, interested=0} to connect queue
DBWrapper: report latency for each error is false and specific error codes to track for latency are: []
2026-06-08 15:15:20.090 INFO net.spy.memcached.MemcachedConnection:  Added {QA sa=/127.0.0.1:11222, #Rops=0, #Wops=0, #iq=0, topRop=null, topWop=null, toWrite=0, interested=0} to connect queue
DBWrapper: report latency for each error is false and specific error codes to track for latency are: []
DBWrapper: report latency for each error is false and specific error codes to track for latency are: []
2026-06-08 15:15:20.091 INFO net.spy.memcached.MemcachedConnection:  Added {QA sa=/127.0.0.1:11222, #Rops=0, #Wops=0, #iq=0, topRop=null, topWop=null, toWrite=0, interested=0} to connect queue
DBWrapper: report latency for each error is false and specific error codes to track for latency are: []
DBWrapper: report latency for each error is false and specific error codes to track for latency are: []
DBWrapper: report latency for each error is false and specific error codes to track for latency are: []
DBWrapper: report latency for each error is false and specific error codes to track for latency are: []
DBWrapper: report latency for each error is false and specific error codes to track for latency are: []
2026-06-08 15:15:20.091 INFO net.spy.memcached.MemcachedConnection:  Added {QA sa=/127.0.0.1:11222, #Rops=0, #Wops=0, #iq=0, topRop=null, topWop=null, toWrite=0, interested=0} to connect queue
DBWrapper: report latency for each error is false and specific error codes to track for latency are: []
DBWrapper: report latency for each error is false and specific error codes to track for latency are: []
DBWrapper: report latency for each error is false and specific error codes to track for latency are: []
DBWrapper: report latency for each error is false and specific error codes to track for latency are: []
2026-06-08 15:15:20.092 INFO net.spy.memcached.MemcachedConnection:  Added {QA sa=/127.0.0.1:11222, #Rops=0, #Wops=0, #iq=0, topRop=null, topWop=null, toWrite=0, interested=0} to connect queue
2026-06-08 15:15:20.095 INFO net.spy.memcached.MemcachedConnection:  Added {QA sa=/127.0.0.1:11222, #Rops=0, #Wops=0, #iq=0, topRop=null, topWop=null, toWrite=0, interested=0} to connect queue
DBWrapper: report latency for each error is false and specific error codes to track for latency are: []
DBWrapper: report latency for each error is false and specific error codes to track for latency are: []
2026-06-08 15:15:20.096 INFO net.spy.memcached.MemcachedConnection:  Added {QA sa=/127.0.0.1:11222, #Rops=0, #Wops=0, #iq=0, topRop=null, topWop=null, toWrite=0, interested=0} to connect queue
2026-06-08 15:15:20.096 INFO net.spy.memcached.MemcachedConnection:  Added {QA sa=/127.0.0.1:11222, #Rops=0, #Wops=0, #iq=0, topRop=null, topWop=null, toWrite=0, interested=0} to connect queue
DBWrapper: report latency for each error is false and specific error codes to track for latency are: []
DBWrapper: report latency for each error is false and specific error codes to track for latency are: []
2026-06-08 15:15:30:005 10 sec: 564440 operations; 56444 current ops/sec; est completion in 4 hours 55 minutes [READ: Count=101883, Max=22831, Min=70, Avg=253.67, 90=352, 99=1033, 99.9=3445, 99.99=5327] [UPDATE: Count=463910, Max=61375, Min=63, Avg=281.93, 90=389, 99=1514, 99.9=3931, 99.99=6439] 
2026-06-08 15:15:40:006 20 sec: 1350641 operations; 78612.24 current ops/sec; est completion in 4 hours 6 minutes [READ: Count=141368, Max=4943, Min=65, Avg=199.06, 90=266, 99=349, 99.9=605, 99.99=2341] [UPDATE: Count=643600, Max=7067, Min=65, Avg=201.98, 90=270, 99=359, 99.9=680, 99.99=2689] 
Maximum time elapsed. Requesting stop for the workload.
Stop requested for workload. Now Joining!
2026-06-08 15:15:50:005 30 sec: 2142070 operations; 79150.82 current ops/sec; est completion in 3 hours 52 minutes [READ: Count=142583, Max=6907, Min=68, Avg=198.53, 90=264, 99=343, 99.9=559, 99.99=3061] [UPDATE: Count=648873, Max=6887, Min=63, Avg=200.57, 90=268, 99=353, 99.9=593, 99.99=2651] 
2026-06-08 15:15:50.015 INFO net.spy.memcached.MemcachedConnection:  Shut down memcached client
2026-06-08 15:15:50.015 INFO net.spy.memcached.MemcachedConnection:  Shut down memcached client
2026-06-08 15:15:50.015 INFO net.spy.memcached.MemcachedConnection:  Shut down memcached client
2026-06-08 15:15:50.016 INFO net.spy.memcached.MemcachedConnection:  Shut down memcached client
2026-06-08 15:15:50.016 INFO net.spy.memcached.MemcachedConnection:  Shut down memcached client
2026-06-08 15:15:50.016 INFO net.spy.memcached.MemcachedConnection:  Shut down memcached client
2026-06-08 15:15:50.017 INFO net.spy.memcached.MemcachedConnection:  Shut down memcached client
2026-06-08 15:15:50.017 INFO net.spy.memcached.MemcachedConnection:  Shut down memcached client
2026-06-08 15:15:50.017 INFO net.spy.memcached.MemcachedConnection:  Shut down memcached client
2026-06-08 15:15:50.017 INFO net.spy.memcached.MemcachedConnection:  Shut down memcached client
2026-06-08 15:15:50.018 INFO net.spy.memcached.MemcachedConnection:  Shut down memcached client
2026-06-08 15:15:50.018 INFO net.spy.memcached.MemcachedConnection:  Shut down memcached client
2026-06-08 15:15:50.018 INFO net.spy.memcached.MemcachedConnection:  Shut down memcached client
2026-06-08 15:15:50.018 INFO net.spy.memcached.MemcachedConnection:  Shut down memcached client
2026-06-08 15:15:50.018 INFO net.spy.memcached.MemcachedConnection:  Shut down memcached client
2026-06-08 15:15:50.018 INFO net.spy.memcached.MemcachedConnection:  Shut down memcached client
2026-06-08 15:15:50:016 30 sec: 2142231 operations; 14636.36 current ops/sec; est completion in 3 hours 53 minutes [READ: Count=14, Max=791, Min=90, Avg=228.86, 90=300, 99=791, 99.9=791, 99.99=791] [CLEANUP: Count=16, Max=8003, Min=6768, Avg=7172.75, 90=7475, 99=8003, 99.9=8003, 99.99=8003] [UPDATE: Count=0, Max=0, Min=9223372036854775807, Avg=NaN, 90=0, 99=0, 99.9=0, 99.99=0] 
[OVERALL], RunTime(ms), 30011
[OVERALL], Throughput(ops/sec), 71381.52677351638
[TOTAL_GCS_G1_Young_Generation], Count, 47
[TOTAL_GC_TIME_G1_Young_Generation], Time(ms), 61
[TOTAL_GC_TIME_%_G1_Young_Generation], Time(%), 0.20325880510479488
[TOTAL_GCS_G1_Concurrent_GC], Count, 0
[TOTAL_GC_TIME_G1_Concurrent_GC], Time(ms), 0
[TOTAL_GC_TIME_%_G1_Concurrent_GC], Time(%), 0.0
[TOTAL_GCS_G1_Old_Generation], Count, 0
[TOTAL_GC_TIME_G1_Old_Generation], Time(ms), 0
[TOTAL_GC_TIME_%_G1_Old_Generation], Time(%), 0.0
[TOTAL_GCs], Count, 47
[TOTAL_GC_TIME], Time(ms), 61
[TOTAL_GC_TIME_%], Time(%), 0.20325880510479488
[READ], Operations, 385848
[READ], AverageLatency(us), 213.28237803487383
[READ], MinLatency(us), 65
[READ], MaxLatency(us), 22831
[READ], 95thPercentileLatency(us), 322
[READ], 99thPercentileLatency(us), 521
[READ], Return=OK, 385848
[CLEANUP], Operations, 16
[CLEANUP], AverageLatency(us), 7172.75
[CLEANUP], MinLatency(us), 6768
[CLEANUP], MaxLatency(us), 8003
[CLEANUP], 95thPercentileLatency(us), 7495
[CLEANUP], 99thPercentileLatency(us), 8003
[UPDATE], Operations, 1756383
[UPDATE], AverageLatency(us), 222.57814895726045
[UPDATE], MinLatency(us), 63
[UPDATE], MaxLatency(us), 61375
[UPDATE], 95thPercentileLatency(us), 337
[UPDATE], 99thPercentileLatency(us), 771
[UPDATE], Return=OK, 1756383
