/usr/bin/java  -classpath /home/morisaki/Application/ycsb-0.17.0/conf:/home/morisaki/Application/ycsb-0.17.0/lib/HdrHistogram-2.1.4.jar:/home/morisaki/Application/ycsb-0.17.0/lib/core-0.17.0.jar:/home/morisaki/Application/ycsb-0.17.0/lib/htrace-core4-4.1.0-incubating.jar:/home/morisaki/Application/ycsb-0.17.0/lib/jackson-core-asl-1.9.4.jar:/home/morisaki/Application/ycsb-0.17.0/lib/jackson-mapper-asl-1.9.4.jar:/home/morisaki/Application/ycsb-0.17.0/memcached-binding/lib/HdrHistogram-2.1.4.jar:/home/morisaki/Application/ycsb-0.17.0/memcached-binding/lib/core-0.17.0.jar:/home/morisaki/Application/ycsb-0.17.0/memcached-binding/lib/htrace-core4-4.1.0-incubating.jar:/home/morisaki/Application/ycsb-0.17.0/memcached-binding/lib/jackson-core-asl-1.9.4.jar:/home/morisaki/Application/ycsb-0.17.0/memcached-binding/lib/jackson-mapper-asl-1.9.13.jar:/home/morisaki/Application/ycsb-0.17.0/memcached-binding/lib/log4j-1.2.17.jar:/home/morisaki/Application/ycsb-0.17.0/memcached-binding/lib/memcached-binding-0.17.0.jar:/home/morisaki/Application/ycsb-0.17.0/memcached-binding/lib/spymemcached-2.11.4.jar site.ycsb.Client -t -db site.ycsb.db.MemcachedClient -s -P ./experiment/workloads/var_workload.dat -p memcached.hosts=127.0.0.1:11222 -p maxexecutiontime=30 -threads 16
Command line: -t -db site.ycsb.db.MemcachedClient -s -P ./experiment/workloads/var_workload.dat -p memcached.hosts=127.0.0.1:11222 -p maxexecutiontime=30 -threads 16
YCSB Client 0.17.0

Loading workload...
log4j:WARN No appenders could be found for logger (org.apache.htrace.core.Tracer).
log4j:WARN Please initialize the log4j system properly.
log4j:WARN See http://logging.apache.org/log4j/1.2/faq.html#noconfig for more info.
Starting test.
2026-06-08 15:04:37:724 0 sec: 0 operations; est completion in 0 second 
Maximum execution time specified as: 30 secs
2026-06-08 15:04:37.803 INFO net.spy.memcached.MemcachedConnection:  Added {QA sa=/127.0.0.1:11222, #Rops=0, #Wops=0, #iq=0, topRop=null, topWop=null, toWrite=0, interested=0} to connect queue
2026-06-08 15:04:37.803 INFO net.spy.memcached.MemcachedConnection:  Added {QA sa=/127.0.0.1:11222, #Rops=0, #Wops=0, #iq=0, topRop=null, topWop=null, toWrite=0, interested=0} to connect queue
2026-06-08 15:04:37.804 INFO net.spy.memcached.MemcachedConnection:  Added {QA sa=/127.0.0.1:11222, #Rops=0, #Wops=0, #iq=0, topRop=null, topWop=null, toWrite=0, interested=0} to connect queue
2026-06-08 15:04:37.804 INFO net.spy.memcached.MemcachedConnection:  Added {QA sa=/127.0.0.1:11222, #Rops=0, #Wops=0, #iq=0, topRop=null, topWop=null, toWrite=0, interested=0} to connect queue
2026-06-08 15:04:37.805 INFO net.spy.memcached.MemcachedConnection:  Added {QA sa=/127.0.0.1:11222, #Rops=0, #Wops=0, #iq=0, topRop=null, topWop=null, toWrite=0, interested=0} to connect queue
2026-06-08 15:04:37.805 INFO net.spy.memcached.MemcachedConnection:  Added {QA sa=/127.0.0.1:11222, #Rops=0, #Wops=0, #iq=0, topRop=null, topWop=null, toWrite=0, interested=0} to connect queue
2026-06-08 15:04:37.805 INFO net.spy.memcached.MemcachedConnection:  Added {QA sa=/127.0.0.1:11222, #Rops=0, #Wops=0, #iq=0, topRop=null, topWop=null, toWrite=0, interested=0} to connect queue
2026-06-08 15:04:37.805 INFO net.spy.memcached.MemcachedConnection:  Added {QA sa=/127.0.0.1:11222, #Rops=0, #Wops=0, #iq=0, topRop=null, topWop=null, toWrite=0, interested=0} to connect queue
2026-06-08 15:04:37.806 INFO net.spy.memcached.MemcachedConnection:  Added {QA sa=/127.0.0.1:11222, #Rops=0, #Wops=0, #iq=0, topRop=null, topWop=null, toWrite=0, interested=0} to connect queue
2026-06-08 15:04:37.806 INFO net.spy.memcached.MemcachedConnection:  Added {QA sa=/127.0.0.1:11222, #Rops=0, #Wops=0, #iq=0, topRop=null, topWop=null, toWrite=0, interested=0} to connect queue
DBWrapper: report latency for each error is false and specific error codes to track for latency are: []
2026-06-08 15:04:37.806 INFO net.spy.memcached.MemcachedConnection:  Added {QA sa=/127.0.0.1:11222, #Rops=0, #Wops=0, #iq=0, topRop=null, topWop=null, toWrite=0, interested=0} to connect queue
DBWrapper: report latency for each error is false and specific error codes to track for latency are: []
DBWrapper: report latency for each error is false and specific error codes to track for latency are: []
DBWrapper: report latency for each error is false and specific error codes to track for latency are: []
2026-06-08 15:04:37.807 INFO net.spy.memcached.MemcachedConnection:  Added {QA sa=/127.0.0.1:11222, #Rops=0, #Wops=0, #iq=0, topRop=null, topWop=null, toWrite=0, interested=0} to connect queue
DBWrapper: report latency for each error is false and specific error codes to track for latency are: []
2026-06-08 15:04:37.807 INFO net.spy.memcached.MemcachedConnection:  Added {QA sa=/127.0.0.1:11222, #Rops=0, #Wops=0, #iq=0, topRop=null, topWop=null, toWrite=0, interested=0} to connect queue
DBWrapper: report latency for each error is false and specific error codes to track for latency are: []
DBWrapper: report latency for each error is false and specific error codes to track for latency are: []
DBWrapper: report latency for each error is false and specific error codes to track for latency are: []
2026-06-08 15:04:37.808 INFO net.spy.memcached.MemcachedConnection:  Added {QA sa=/127.0.0.1:11222, #Rops=0, #Wops=0, #iq=0, topRop=null, topWop=null, toWrite=0, interested=0} to connect queue
DBWrapper: report latency for each error is false and specific error codes to track for latency are: []
2026-06-08 15:04:37.809 INFO net.spy.memcached.MemcachedConnection:  Added {QA sa=/127.0.0.1:11222, #Rops=0, #Wops=0, #iq=0, topRop=null, topWop=null, toWrite=0, interested=0} to connect queue
DBWrapper: report latency for each error is false and specific error codes to track for latency are: []
2026-06-08 15:04:37.809 INFO net.spy.memcached.MemcachedConnection:  Added {QA sa=/127.0.0.1:11222, #Rops=0, #Wops=0, #iq=0, topRop=null, topWop=null, toWrite=0, interested=0} to connect queue
DBWrapper: report latency for each error is false and specific error codes to track for latency are: []
DBWrapper: report latency for each error is false and specific error codes to track for latency are: []
DBWrapper: report latency for each error is false and specific error codes to track for latency are: []
DBWrapper: report latency for each error is false and specific error codes to track for latency are: []
DBWrapper: report latency for each error is false and specific error codes to track for latency are: []
DBWrapper: report latency for each error is false and specific error codes to track for latency are: []
2026-06-08 15:04:47:724 10 sec: 617873 operations; 61787.3 current ops/sec; est completion in 4 hours 29 minutes [READ: Count=111617, Max=27215, Min=66, Avg=251.64, 90=359, 99=977, 99.9=3589, 99.99=6567] [UPDATE: Count=507778, Max=53887, Min=64, Avg=253.6, 90=360, 99=1007, 99.9=3647, 99.99=6623] 
2026-06-08 15:04:57:726 20 sec: 1408565 operations; 79061.29 current ops/sec; est completion in 3 hours 56 minutes [READ: Count=142330, Max=4879, Min=64, Avg=198.38, 90=265, 99=347, 99.9=625, 99.99=2575] [UPDATE: Count=646960, Max=5251, Min=63, Avg=200.78, 90=269, 99=355, 99.9=613, 99.99=2507] 
Maximum time elapsed. Requesting stop for the workload.
Stop requested for workload. Now Joining!
2026-06-08 15:05:07:725 30 sec: 2202454 operations; 79396.84 current ops/sec; est completion in 3 hours 46 minutes [READ: Count=143160, Max=3409, Min=67, Avg=197.22, 90=263, 99=342, 99.9=527, 99.99=1887] [UPDATE: Count=650689, Max=5583, Min=65, Avg=200.08, 90=267, 99=352, 99.9=554, 99.99=1679] 
2026-06-08 15:05:07.744 INFO net.spy.memcached.MemcachedConnection:  Shut down memcached client
2026-06-08 15:05:07.744 INFO net.spy.memcached.MemcachedConnection:  Shut down memcached client
2026-06-08 15:05:07.744 INFO net.spy.memcached.MemcachedConnection:  Shut down memcached client
2026-06-08 15:05:07.745 INFO net.spy.memcached.MemcachedConnection:  Shut down memcached client
2026-06-08 15:05:07.745 INFO net.spy.memcached.MemcachedConnection:  Shut down memcached client
2026-06-08 15:05:07.746 INFO net.spy.memcached.MemcachedConnection:  Shut down memcached client
2026-06-08 15:05:07.746 INFO net.spy.memcached.MemcachedConnection:  Shut down memcached client
2026-06-08 15:05:07.746 INFO net.spy.memcached.MemcachedConnection:  Shut down memcached client
2026-06-08 15:05:07.746 INFO net.spy.memcached.MemcachedConnection:  Shut down memcached client
2026-06-08 15:05:07.747 INFO net.spy.memcached.MemcachedConnection:  Shut down memcached client
2026-06-08 15:05:07.747 INFO net.spy.memcached.MemcachedConnection:  Shut down memcached client
2026-06-08 15:05:07.747 INFO net.spy.memcached.MemcachedConnection:  Shut down memcached client
2026-06-08 15:05:07.747 INFO net.spy.memcached.MemcachedConnection:  Shut down memcached client
2026-06-08 15:05:07.748 INFO net.spy.memcached.MemcachedConnection:  Shut down memcached client
2026-06-08 15:05:07.748 INFO net.spy.memcached.MemcachedConnection:  Shut down memcached client
2026-06-08 15:05:07.748 INFO net.spy.memcached.MemcachedConnection:  Shut down memcached client
2026-06-08 15:05:07:745 30 sec: 2202538 operations; 4000 current ops/sec; est completion in 3 hours 46 minutes [READ: Count=4, Max=563, Min=132, Avg=249.5, 90=563, 99=563, 99.9=563, 99.99=563] [CLEANUP: Count=16, Max=18271, Min=16656, Avg=17534, 90=17791, 99=18271, 99.9=18271, 99.99=18271] [UPDATE: Count=0, Max=0, Min=9223372036854775807, Avg=NaN, 90=0, 99=0, 99.9=0, 99.99=0] 
[OVERALL], RunTime(ms), 30021
[OVERALL], Throughput(ops/sec), 73366.5767296226
[TOTAL_GCS_G1_Young_Generation], Count, 49
[TOTAL_GC_TIME_G1_Young_Generation], Time(ms), 58
[TOTAL_GC_TIME_%_G1_Young_Generation], Time(%), 0.1931980946670664
[TOTAL_GCS_G1_Concurrent_GC], Count, 0
[TOTAL_GC_TIME_G1_Concurrent_GC], Time(ms), 0
[TOTAL_GC_TIME_%_G1_Concurrent_GC], Time(%), 0.0
[TOTAL_GCS_G1_Old_Generation], Count, 0
[TOTAL_GC_TIME_G1_Old_Generation], Time(ms), 0
[TOTAL_GC_TIME_%_G1_Old_Generation], Time(%), 0.0
[TOTAL_GCs], Count, 49
[TOTAL_GC_TIME], Time(ms), 58
[TOTAL_GC_TIME_%], Time(%), 0.1931980946670664
[READ], Operations, 397111
[READ], AverageLatency(us), 212.93204167096857
[READ], MinLatency(us), 64
[READ], MaxLatency(us), 27215
[READ], 95thPercentileLatency(us), 325
[READ], 99thPercentileLatency(us), 550
[READ], Return=OK, 397111
[CLEANUP], Operations, 16
[CLEANUP], AverageLatency(us), 17534.0
[CLEANUP], MinLatency(us), 16656
[CLEANUP], MaxLatency(us), 18271
[CLEANUP], 95thPercentileLatency(us), 17807
[CLEANUP], 99thPercentileLatency(us), 18271
[UPDATE], Operations, 1805427
[UPDATE], AverageLatency(us), 215.38642603661074
[UPDATE], MinLatency(us), 63
[UPDATE], MaxLatency(us), 53887
[UPDATE], 95thPercentileLatency(us), 329
[UPDATE], 99thPercentileLatency(us), 542
[UPDATE], Return=OK, 1805427
