/usr/bin/java  -classpath /home/morisaki/Application/ycsb-0.17.0/conf:/home/morisaki/Application/ycsb-0.17.0/lib/HdrHistogram-2.1.4.jar:/home/morisaki/Application/ycsb-0.17.0/lib/core-0.17.0.jar:/home/morisaki/Application/ycsb-0.17.0/lib/htrace-core4-4.1.0-incubating.jar:/home/morisaki/Application/ycsb-0.17.0/lib/jackson-core-asl-1.9.4.jar:/home/morisaki/Application/ycsb-0.17.0/lib/jackson-mapper-asl-1.9.4.jar:/home/morisaki/Application/ycsb-0.17.0/memcached-binding/lib/HdrHistogram-2.1.4.jar:/home/morisaki/Application/ycsb-0.17.0/memcached-binding/lib/core-0.17.0.jar:/home/morisaki/Application/ycsb-0.17.0/memcached-binding/lib/htrace-core4-4.1.0-incubating.jar:/home/morisaki/Application/ycsb-0.17.0/memcached-binding/lib/jackson-core-asl-1.9.4.jar:/home/morisaki/Application/ycsb-0.17.0/memcached-binding/lib/jackson-mapper-asl-1.9.13.jar:/home/morisaki/Application/ycsb-0.17.0/memcached-binding/lib/log4j-1.2.17.jar:/home/morisaki/Application/ycsb-0.17.0/memcached-binding/lib/memcached-binding-0.17.0.jar:/home/morisaki/Application/ycsb-0.17.0/memcached-binding/lib/spymemcached-2.11.4.jar site.ycsb.Client -t -db site.ycsb.db.MemcachedClient -s -P ./experiment/workloads/var_workload.dat -p memcached.hosts=127.0.0.1:11222 -p maxexecutiontime=30 -threads 16
Command line: -t -db site.ycsb.db.MemcachedClient -s -P ./experiment/workloads/var_workload.dat -p memcached.hosts=127.0.0.1:11222 -p maxexecutiontime=30 -threads 16
YCSB Client 0.17.0

Loading workload...
log4j:WARN No appenders could be found for logger (org.apache.htrace.core.Tracer).
log4j:WARN Please initialize the log4j system properly.
log4j:WARN See http://logging.apache.org/log4j/1.2/faq.html#noconfig for more info.
Starting test.
2026-06-08 15:10:14:308 0 sec: 0 operations; est completion in 0 second 
Maximum execution time specified as: 30 secs
2026-06-08 15:10:14.388 INFO net.spy.memcached.MemcachedConnection:  Added {QA sa=/127.0.0.1:11222, #Rops=0, #Wops=0, #iq=0, topRop=null, topWop=null, toWrite=0, interested=0} to connect queue
2026-06-08 15:10:14.388 INFO net.spy.memcached.MemcachedConnection:  Added {QA sa=/127.0.0.1:11222, #Rops=0, #Wops=0, #iq=0, topRop=null, topWop=null, toWrite=0, interested=0} to connect queue
2026-06-08 15:10:14.389 INFO net.spy.memcached.MemcachedConnection:  Added {QA sa=/127.0.0.1:11222, #Rops=0, #Wops=0, #iq=0, topRop=null, topWop=null, toWrite=0, interested=0} to connect queue
2026-06-08 15:10:14.389 INFO net.spy.memcached.MemcachedConnection:  Added {QA sa=/127.0.0.1:11222, #Rops=0, #Wops=0, #iq=0, topRop=null, topWop=null, toWrite=0, interested=0} to connect queue
2026-06-08 15:10:14.390 INFO net.spy.memcached.MemcachedConnection:  Added {QA sa=/127.0.0.1:11222, #Rops=0, #Wops=0, #iq=0, topRop=null, topWop=null, toWrite=0, interested=0} to connect queue
2026-06-08 15:10:14.390 INFO net.spy.memcached.MemcachedConnection:  Added {QA sa=/127.0.0.1:11222, #Rops=0, #Wops=0, #iq=0, topRop=null, topWop=null, toWrite=0, interested=0} to connect queue
2026-06-08 15:10:14.390 INFO net.spy.memcached.MemcachedConnection:  Added {QA sa=/127.0.0.1:11222, #Rops=0, #Wops=0, #iq=0, topRop=null, topWop=null, toWrite=0, interested=0} to connect queue
2026-06-08 15:10:14.390 INFO net.spy.memcached.MemcachedConnection:  Added {QA sa=/127.0.0.1:11222, #Rops=0, #Wops=0, #iq=0, topRop=null, topWop=null, toWrite=0, interested=0} to connect queue
2026-06-08 15:10:14.391 INFO net.spy.memcached.MemcachedConnection:  Added {QA sa=/127.0.0.1:11222, #Rops=0, #Wops=0, #iq=0, topRop=null, topWop=null, toWrite=0, interested=0} to connect queue
2026-06-08 15:10:14.391 INFO net.spy.memcached.MemcachedConnection:  Added {QA sa=/127.0.0.1:11222, #Rops=0, #Wops=0, #iq=0, topRop=null, topWop=null, toWrite=0, interested=0} to connect queue
DBWrapper: report latency for each error is false and specific error codes to track for latency are: []
2026-06-08 15:10:14.391 INFO net.spy.memcached.MemcachedConnection:  Added {QA sa=/127.0.0.1:11222, #Rops=0, #Wops=0, #iq=0, topRop=null, topWop=null, toWrite=0, interested=0} to connect queue
DBWrapper: report latency for each error is false and specific error codes to track for latency are: []
DBWrapper: report latency for each error is false and specific error codes to track for latency are: []
DBWrapper: report latency for each error is false and specific error codes to track for latency are: []
DBWrapper: report latency for each error is false and specific error codes to track for latency are: []
DBWrapper: report latency for each error is false and specific error codes to track for latency are: []
2026-06-08 15:10:14.392 INFO net.spy.memcached.MemcachedConnection:  Added {QA sa=/127.0.0.1:11222, #Rops=0, #Wops=0, #iq=0, topRop=null, topWop=null, toWrite=0, interested=0} to connect queue
DBWrapper: report latency for each error is false and specific error codes to track for latency are: []
DBWrapper: report latency for each error is false and specific error codes to track for latency are: []
DBWrapper: report latency for each error is false and specific error codes to track for latency are: []
DBWrapper: report latency for each error is false and specific error codes to track for latency are: []
2026-06-08 15:10:14.393 INFO net.spy.memcached.MemcachedConnection:  Added {QA sa=/127.0.0.1:11222, #Rops=0, #Wops=0, #iq=0, topRop=null, topWop=null, toWrite=0, interested=0} to connect queue
DBWrapper: report latency for each error is false and specific error codes to track for latency are: []
DBWrapper: report latency for each error is false and specific error codes to track for latency are: []
DBWrapper: report latency for each error is false and specific error codes to track for latency are: []
2026-06-08 15:10:14.394 INFO net.spy.memcached.MemcachedConnection:  Added {QA sa=/127.0.0.1:11222, #Rops=0, #Wops=0, #iq=0, topRop=null, topWop=null, toWrite=0, interested=0} to connect queue
2026-06-08 15:10:14.394 INFO net.spy.memcached.MemcachedConnection:  Added {QA sa=/127.0.0.1:11222, #Rops=0, #Wops=0, #iq=0, topRop=null, topWop=null, toWrite=0, interested=0} to connect queue
2026-06-08 15:10:14.395 INFO net.spy.memcached.MemcachedConnection:  Added {QA sa=/127.0.0.1:11222, #Rops=0, #Wops=0, #iq=0, topRop=null, topWop=null, toWrite=0, interested=0} to connect queue
DBWrapper: report latency for each error is false and specific error codes to track for latency are: []
DBWrapper: report latency for each error is false and specific error codes to track for latency are: []
DBWrapper: report latency for each error is false and specific error codes to track for latency are: []
2026-06-08 15:10:24:309 10 sec: 581219 operations; 58121.9 current ops/sec; est completion in 4 hours 46 minutes [READ: Count=104735, Max=23471, Min=66, Avg=263.23, 90=391, 99=1035, 99.9=3371, 99.99=5595] [UPDATE: Count=477463, Max=58783, Min=60, Avg=269.97, 90=393, 99=1271, 99.9=3621, 99.99=6887] 
2026-06-08 15:10:34:309 20 sec: 1377055 operations; 79583.6 current ops/sec; est completion in 4 hours 1 minute [READ: Count=142903, Max=4743, Min=62, Avg=196.74, 90=262, 99=346, 99.9=1051, 99.99=3293] [UPDATE: Count=652421, Max=5243, Min=61, Avg=199.37, 90=267, 99=355, 99.9=917, 99.99=3305] 
Maximum time elapsed. Requesting stop for the workload.
Stop requested for workload. Now Joining!
2026-06-08 15:10:44:309 30 sec: 2174516 operations; 79738.13 current ops/sec; est completion in 3 hours 49 minutes [READ: Count=143688, Max=4083, Min=66, Avg=196.24, 90=261, 99=338, 99.9=580, 99.99=2329] [UPDATE: Count=653459, Max=4675, Min=64, Avg=199.04, 90=266, 99=348, 99.9=554, 99.99=2307] 
2026-06-08 15:10:44.323 INFO net.spy.memcached.MemcachedConnection:  Shut down memcached client
2026-06-08 15:10:44.323 INFO net.spy.memcached.MemcachedConnection:  Shut down memcached client
2026-06-08 15:10:44.324 INFO net.spy.memcached.MemcachedConnection:  Shut down memcached client
2026-06-08 15:10:44.324 INFO net.spy.memcached.MemcachedConnection:  Shut down memcached client
2026-06-08 15:10:44.325 INFO net.spy.memcached.MemcachedConnection:  Shut down memcached client
2026-06-08 15:10:44.325 INFO net.spy.memcached.MemcachedConnection:  Shut down memcached client
2026-06-08 15:10:44.325 INFO net.spy.memcached.MemcachedConnection:  Shut down memcached client
2026-06-08 15:10:44.326 INFO net.spy.memcached.MemcachedConnection:  Shut down memcached client
2026-06-08 15:10:44.326 INFO net.spy.memcached.MemcachedConnection:  Shut down memcached client
2026-06-08 15:10:44.326 INFO net.spy.memcached.MemcachedConnection:  Shut down memcached client
2026-06-08 15:10:44.326 INFO net.spy.memcached.MemcachedConnection:  Shut down memcached client
2026-06-08 15:10:44.326 INFO net.spy.memcached.MemcachedConnection:  Shut down memcached client
2026-06-08 15:10:44.327 INFO net.spy.memcached.MemcachedConnection:  Shut down memcached client
2026-06-08 15:10:44.327 INFO net.spy.memcached.MemcachedConnection:  Shut down memcached client
2026-06-08 15:10:44.327 INFO net.spy.memcached.MemcachedConnection:  Shut down memcached client
2026-06-08 15:10:44.327 INFO net.spy.memcached.MemcachedConnection:  Shut down memcached client
2026-06-08 15:10:44:325 30 sec: 2174697 operations; 11312.5 current ops/sec; est completion in 3 hours 49 minutes [READ: Count=27, Max=349, Min=125, Avg=219.33, 90=290, 99=349, 99.9=349, 99.99=349] [CLEANUP: Count=16, Max=13639, Min=7056, Avg=11548.88, 90=12943, 99=13639, 99.9=13639, 99.99=13639] [UPDATE: Count=1, Max=2979, Min=2978, Avg=2979, 90=2979, 99=2979, 99.9=2979, 99.99=2979] 
[OVERALL], RunTime(ms), 30017
[OVERALL], Throughput(ops/sec), 72448.84565412933
[TOTAL_GCS_G1_Young_Generation], Count, 48
[TOTAL_GC_TIME_G1_Young_Generation], Time(ms), 60
[TOTAL_GC_TIME_%_G1_Young_Generation], Time(%), 0.1998867308525169
[TOTAL_GCS_G1_Concurrent_GC], Count, 0
[TOTAL_GC_TIME_G1_Concurrent_GC], Time(ms), 0
[TOTAL_GC_TIME_%_G1_Concurrent_GC], Time(%), 0.0
[TOTAL_GCS_G1_Old_Generation], Count, 0
[TOTAL_GC_TIME_G1_Old_Generation], Time(ms), 0
[TOTAL_GC_TIME_%_G1_Old_Generation], Time(%), 0.0
[TOTAL_GCs], Count, 48
[TOTAL_GC_TIME], Time(ms), 60
[TOTAL_GC_TIME_%], Time(%), 0.1998867308525169
[READ], Operations, 391353
[READ], AverageLatency(us), 214.35105646309086
[READ], MinLatency(us), 62
[READ], MaxLatency(us), 23471
[READ], 95thPercentileLatency(us), 338
[READ], 99thPercentileLatency(us), 547
[READ], Return=OK, 391353
[CLEANUP], Operations, 16
[CLEANUP], AverageLatency(us), 11548.875
[CLEANUP], MinLatency(us), 7056
[CLEANUP], MaxLatency(us), 13639
[CLEANUP], 95thPercentileLatency(us), 13135
[CLEANUP], 99thPercentileLatency(us), 13639
[UPDATE], Operations, 1783344
[UPDATE], AverageLatency(us), 218.15142171112248
[UPDATE], MinLatency(us), 60
[UPDATE], MaxLatency(us), 58783
[UPDATE], 95thPercentileLatency(us), 342
[UPDATE], 99thPercentileLatency(us), 565
[UPDATE], Return=OK, 1783344
