/usr/bin/java  -classpath /home/morisaki/Application/ycsb-0.17.0/conf:/home/morisaki/Application/ycsb-0.17.0/lib/HdrHistogram-2.1.4.jar:/home/morisaki/Application/ycsb-0.17.0/lib/core-0.17.0.jar:/home/morisaki/Application/ycsb-0.17.0/lib/htrace-core4-4.1.0-incubating.jar:/home/morisaki/Application/ycsb-0.17.0/lib/jackson-core-asl-1.9.4.jar:/home/morisaki/Application/ycsb-0.17.0/lib/jackson-mapper-asl-1.9.4.jar:/home/morisaki/Application/ycsb-0.17.0/memcached-binding/lib/HdrHistogram-2.1.4.jar:/home/morisaki/Application/ycsb-0.17.0/memcached-binding/lib/core-0.17.0.jar:/home/morisaki/Application/ycsb-0.17.0/memcached-binding/lib/htrace-core4-4.1.0-incubating.jar:/home/morisaki/Application/ycsb-0.17.0/memcached-binding/lib/jackson-core-asl-1.9.4.jar:/home/morisaki/Application/ycsb-0.17.0/memcached-binding/lib/jackson-mapper-asl-1.9.13.jar:/home/morisaki/Application/ycsb-0.17.0/memcached-binding/lib/log4j-1.2.17.jar:/home/morisaki/Application/ycsb-0.17.0/memcached-binding/lib/memcached-binding-0.17.0.jar:/home/morisaki/Application/ycsb-0.17.0/memcached-binding/lib/spymemcached-2.11.4.jar site.ycsb.Client -t -db site.ycsb.db.MemcachedClient -s -P ./experiment/workloads/var_workload.dat -p memcached.hosts=127.0.0.1:11222 -p maxexecutiontime=30 -threads 16
Command line: -t -db site.ycsb.db.MemcachedClient -s -P ./experiment/workloads/var_workload.dat -p memcached.hosts=127.0.0.1:11222 -p maxexecutiontime=30 -threads 16
YCSB Client 0.17.0

Loading workload...
log4j:WARN No appenders could be found for logger (org.apache.htrace.core.Tracer).
log4j:WARN Please initialize the log4j system properly.
log4j:WARN See http://logging.apache.org/log4j/1.2/faq.html#noconfig for more info.
Starting test.
2026-06-08 15:07:56:388 0 sec: 0 operations; est completion in 0 second 
Maximum execution time specified as: 30 secs
2026-06-08 15:07:56.471 INFO net.spy.memcached.MemcachedConnection:  Added {QA sa=/127.0.0.1:11222, #Rops=0, #Wops=0, #iq=0, topRop=null, topWop=null, toWrite=0, interested=0} to connect queue
2026-06-08 15:07:56.472 INFO net.spy.memcached.MemcachedConnection:  Added {QA sa=/127.0.0.1:11222, #Rops=0, #Wops=0, #iq=0, topRop=null, topWop=null, toWrite=0, interested=0} to connect queue
2026-06-08 15:07:56.472 INFO net.spy.memcached.MemcachedConnection:  Added {QA sa=/127.0.0.1:11222, #Rops=0, #Wops=0, #iq=0, topRop=null, topWop=null, toWrite=0, interested=0} to connect queue
2026-06-08 15:07:56.472 INFO net.spy.memcached.MemcachedConnection:  Added {QA sa=/127.0.0.1:11222, #Rops=0, #Wops=0, #iq=0, topRop=null, topWop=null, toWrite=0, interested=0} to connect queue
2026-06-08 15:07:56.472 INFO net.spy.memcached.MemcachedConnection:  Added {QA sa=/127.0.0.1:11222, #Rops=0, #Wops=0, #iq=0, topRop=null, topWop=null, toWrite=0, interested=0} to connect queue
2026-06-08 15:07:56.473 INFO net.spy.memcached.MemcachedConnection:  Added {QA sa=/127.0.0.1:11222, #Rops=0, #Wops=0, #iq=0, topRop=null, topWop=null, toWrite=0, interested=0} to connect queue
2026-06-08 15:07:56.473 INFO net.spy.memcached.MemcachedConnection:  Added {QA sa=/127.0.0.1:11222, #Rops=0, #Wops=0, #iq=0, topRop=null, topWop=null, toWrite=0, interested=0} to connect queue
2026-06-08 15:07:56.473 INFO net.spy.memcached.MemcachedConnection:  Added {QA sa=/127.0.0.1:11222, #Rops=0, #Wops=0, #iq=0, topRop=null, topWop=null, toWrite=0, interested=0} to connect queue
2026-06-08 15:07:56.474 INFO net.spy.memcached.MemcachedConnection:  Added {QA sa=/127.0.0.1:11222, #Rops=0, #Wops=0, #iq=0, topRop=null, topWop=null, toWrite=0, interested=0} to connect queue
2026-06-08 15:07:56.474 INFO net.spy.memcached.MemcachedConnection:  Added {QA sa=/127.0.0.1:11222, #Rops=0, #Wops=0, #iq=0, topRop=null, topWop=null, toWrite=0, interested=0} to connect queue
DBWrapper: report latency for each error is false and specific error codes to track for latency are: []
DBWrapper: report latency for each error is false and specific error codes to track for latency are: []
DBWrapper: report latency for each error is false and specific error codes to track for latency are: []
DBWrapper: report latency for each error is false and specific error codes to track for latency are: []
DBWrapper: report latency for each error is false and specific error codes to track for latency are: []
DBWrapper: report latency for each error is false and specific error codes to track for latency are: []
DBWrapper: report latency for each error is false and specific error codes to track for latency are: []
DBWrapper: report latency for each error is false and specific error codes to track for latency are: []
2026-06-08 15:07:56.476 INFO net.spy.memcached.MemcachedConnection:  Added {QA sa=/127.0.0.1:11222, #Rops=0, #Wops=0, #iq=0, topRop=null, topWop=null, toWrite=0, interested=0} to connect queue
DBWrapper: report latency for each error is false and specific error codes to track for latency are: []
2026-06-08 15:07:56.477 INFO net.spy.memcached.MemcachedConnection:  Added {QA sa=/127.0.0.1:11222, #Rops=0, #Wops=0, #iq=0, topRop=null, topWop=null, toWrite=0, interested=0} to connect queue
DBWrapper: report latency for each error is false and specific error codes to track for latency are: []
2026-06-08 15:07:56.477 INFO net.spy.memcached.MemcachedConnection:  Added {QA sa=/127.0.0.1:11222, #Rops=0, #Wops=0, #iq=0, topRop=null, topWop=null, toWrite=0, interested=0} to connect queue
DBWrapper: report latency for each error is false and specific error codes to track for latency are: []
DBWrapper: report latency for each error is false and specific error codes to track for latency are: []
DBWrapper: report latency for each error is false and specific error codes to track for latency are: []
2026-06-08 15:07:56.479 INFO net.spy.memcached.MemcachedConnection:  Added {QA sa=/127.0.0.1:11222, #Rops=0, #Wops=0, #iq=0, topRop=null, topWop=null, toWrite=0, interested=0} to connect queue
2026-06-08 15:07:56.479 INFO net.spy.memcached.MemcachedConnection:  Added {QA sa=/127.0.0.1:11222, #Rops=0, #Wops=0, #iq=0, topRop=null, topWop=null, toWrite=0, interested=0} to connect queue
2026-06-08 15:07:56.479 INFO net.spy.memcached.MemcachedConnection:  Added {QA sa=/127.0.0.1:11222, #Rops=0, #Wops=0, #iq=0, topRop=null, topWop=null, toWrite=0, interested=0} to connect queue
DBWrapper: report latency for each error is false and specific error codes to track for latency are: []
DBWrapper: report latency for each error is false and specific error codes to track for latency are: []
DBWrapper: report latency for each error is false and specific error codes to track for latency are: []
2026-06-08 15:08:06:389 10 sec: 601678 operations; 60161.78 current ops/sec; est completion in 4 hours 36 minutes [READ: Count=107977, Max=33503, Min=69, Avg=257.21, 90=377, 99=988, 99.9=3569, 99.99=5187] [UPDATE: Count=494737, Max=63327, Min=66, Avg=260.95, 90=381, 99=1015, 99.9=3553, 99.99=5727] 
2026-06-08 15:08:16:388 20 sec: 1389941 operations; 78826.3 current ops/sec; est completion in 3 hours 59 minutes [READ: Count=141980, Max=5731, Min=66, Avg=198.63, 90=265, 99=348, 99.9=616, 99.99=2977] [UPDATE: Count=645339, Max=4267, Min=62, Avg=201.27, 90=270, 99=358, 99.9=660, 99.99=2661] 
Maximum time elapsed. Requesting stop for the workload.
Stop requested for workload. Now Joining!
2026-06-08 15:08:26:388 30 sec: 2183631 operations; 79369 current ops/sec; est completion in 3 hours 48 minutes [READ: Count=143408, Max=4427, Min=68, Avg=197.53, 90=263, 99=343, 99.9=549, 99.99=2627] [UPDATE: Count=650277, Max=4415, Min=60, Avg=199.96, 90=267, 99=353, 99.9=561, 99.99=2321] 
2026-06-08 15:08:26.397 INFO net.spy.memcached.MemcachedConnection:  Shut down memcached client
2026-06-08 15:08:26.397 INFO net.spy.memcached.MemcachedConnection:  Shut down memcached client
2026-06-08 15:08:26.398 INFO net.spy.memcached.MemcachedConnection:  Shut down memcached client
2026-06-08 15:08:26.398 INFO net.spy.memcached.MemcachedConnection:  Shut down memcached client
2026-06-08 15:08:26.398 INFO net.spy.memcached.MemcachedConnection:  Shut down memcached client
2026-06-08 15:08:26.399 INFO net.spy.memcached.MemcachedConnection:  Shut down memcached client
2026-06-08 15:08:26.399 INFO net.spy.memcached.MemcachedConnection:  Shut down memcached client
2026-06-08 15:08:26.399 INFO net.spy.memcached.MemcachedConnection:  Shut down memcached client
2026-06-08 15:08:26.399 INFO net.spy.memcached.MemcachedConnection:  Shut down memcached client
2026-06-08 15:08:26.400 INFO net.spy.memcached.MemcachedConnection:  Shut down memcached client
2026-06-08 15:08:26.401 INFO net.spy.memcached.MemcachedConnection:  Shut down memcached client
2026-06-08 15:08:26.401 INFO net.spy.memcached.MemcachedConnection:  Shut down memcached client
2026-06-08 15:08:26.401 INFO net.spy.memcached.MemcachedConnection:  Shut down memcached client
2026-06-08 15:08:26.401 INFO net.spy.memcached.MemcachedConnection:  Shut down memcached client
2026-06-08 15:08:26.401 INFO net.spy.memcached.MemcachedConnection:  Shut down memcached client
2026-06-08 15:08:26.402 INFO net.spy.memcached.MemcachedConnection:  Shut down memcached client
2026-06-08 15:08:26:398 30 sec: 2183794 operations; 16300 current ops/sec; est completion in 3 hours 48 minutes [READ: Count=32, Max=3195, Min=75, Avg=330.44, 90=218, 99=3195, 99.9=3195, 99.99=3195] [CLEANUP: Count=16, Max=7423, Min=5564, Avg=6846.75, 90=7243, 99=7423, 99.9=7423, 99.99=7423] [UPDATE: Count=44, Max=3241, Min=78, Avg=383.91, 90=410, 99=3241, 99.9=3241, 99.99=3241] 
[OVERALL], RunTime(ms), 30011
[OVERALL], Throughput(ops/sec), 72766.45230082303
[TOTAL_GCS_G1_Young_Generation], Count, 50
[TOTAL_GC_TIME_G1_Young_Generation], Time(ms), 63
[TOTAL_GC_TIME_%_G1_Young_Generation], Time(%), 0.2099230282229849
[TOTAL_GCS_G1_Concurrent_GC], Count, 0
[TOTAL_GC_TIME_G1_Concurrent_GC], Time(ms), 0
[TOTAL_GC_TIME_%_G1_Concurrent_GC], Time(%), 0.0
[TOTAL_GCS_G1_Old_Generation], Count, 0
[TOTAL_GC_TIME_G1_Old_Generation], Time(ms), 0
[TOTAL_GC_TIME_%_G1_Old_Generation], Time(%), 0.0
[TOTAL_GCs], Count, 50
[TOTAL_GC_TIME], Time(ms), 63
[TOTAL_GC_TIME_%], Time(%), 0.2099230282229849
[READ], Operations, 393397
[READ], AverageLatency(us), 214.3160420643777
[READ], MinLatency(us), 66
[READ], MaxLatency(us), 33503
[READ], 95thPercentileLatency(us), 334
[READ], 99thPercentileLatency(us), 546
[READ], Return=OK, 393397
[CLEANUP], Operations, 16
[CLEANUP], AverageLatency(us), 6846.75
[CLEANUP], MinLatency(us), 5564
[CLEANUP], MaxLatency(us), 7423
[CLEANUP], 95thPercentileLatency(us), 7271
[CLEANUP], 99thPercentileLatency(us), 7423
[UPDATE], Operations, 1790397
[UPDATE], AverageLatency(us), 217.28969440855855
[UPDATE], MinLatency(us), 60
[UPDATE], MaxLatency(us), 63327
[UPDATE], 95thPercentileLatency(us), 339
[UPDATE], 99thPercentileLatency(us), 551
[UPDATE], Return=OK, 1790397
