/usr/bin/java  -classpath /home/morisaki/Application/ycsb-0.17.0/conf:/home/morisaki/Application/ycsb-0.17.0/lib/HdrHistogram-2.1.4.jar:/home/morisaki/Application/ycsb-0.17.0/lib/core-0.17.0.jar:/home/morisaki/Application/ycsb-0.17.0/lib/htrace-core4-4.1.0-incubating.jar:/home/morisaki/Application/ycsb-0.17.0/lib/jackson-core-asl-1.9.4.jar:/home/morisaki/Application/ycsb-0.17.0/lib/jackson-mapper-asl-1.9.4.jar:/home/morisaki/Application/ycsb-0.17.0/memcached-binding/lib/HdrHistogram-2.1.4.jar:/home/morisaki/Application/ycsb-0.17.0/memcached-binding/lib/core-0.17.0.jar:/home/morisaki/Application/ycsb-0.17.0/memcached-binding/lib/htrace-core4-4.1.0-incubating.jar:/home/morisaki/Application/ycsb-0.17.0/memcached-binding/lib/jackson-core-asl-1.9.4.jar:/home/morisaki/Application/ycsb-0.17.0/memcached-binding/lib/jackson-mapper-asl-1.9.13.jar:/home/morisaki/Application/ycsb-0.17.0/memcached-binding/lib/log4j-1.2.17.jar:/home/morisaki/Application/ycsb-0.17.0/memcached-binding/lib/memcached-binding-0.17.0.jar:/home/morisaki/Application/ycsb-0.17.0/memcached-binding/lib/spymemcached-2.11.4.jar site.ycsb.Client -t -db site.ycsb.db.MemcachedClient -s -P ./experiment/workloads/var_workload.dat -p memcached.hosts=127.0.0.1:11222 -p maxexecutiontime=30 -threads 16
Command line: -t -db site.ycsb.db.MemcachedClient -s -P ./experiment/workloads/var_workload.dat -p memcached.hosts=127.0.0.1:11222 -p maxexecutiontime=30 -threads 16
YCSB Client 0.17.0

Loading workload...
log4j:WARN No appenders could be found for logger (org.apache.htrace.core.Tracer).
log4j:WARN Please initialize the log4j system properly.
log4j:WARN See http://logging.apache.org/log4j/1.2/faq.html#noconfig for more info.
Starting test.
2026-06-08 15:21:57:393 0 sec: 0 operations; est completion in 0 second 
Maximum execution time specified as: 30 secs
2026-06-08 15:21:57.478 INFO net.spy.memcached.MemcachedConnection:  Added {QA sa=/127.0.0.1:11222, #Rops=0, #Wops=0, #iq=0, topRop=null, topWop=null, toWrite=0, interested=0} to connect queue
2026-06-08 15:21:57.478 INFO net.spy.memcached.MemcachedConnection:  Added {QA sa=/127.0.0.1:11222, #Rops=0, #Wops=0, #iq=0, topRop=null, topWop=null, toWrite=0, interested=0} to connect queue
2026-06-08 15:21:57.478 INFO net.spy.memcached.MemcachedConnection:  Added {QA sa=/127.0.0.1:11222, #Rops=0, #Wops=0, #iq=0, topRop=null, topWop=null, toWrite=0, interested=0} to connect queue
2026-06-08 15:21:57.479 INFO net.spy.memcached.MemcachedConnection:  Added {QA sa=/127.0.0.1:11222, #Rops=0, #Wops=0, #iq=0, topRop=null, topWop=null, toWrite=0, interested=0} to connect queue
2026-06-08 15:21:57.479 INFO net.spy.memcached.MemcachedConnection:  Added {QA sa=/127.0.0.1:11222, #Rops=0, #Wops=0, #iq=0, topRop=null, topWop=null, toWrite=0, interested=0} to connect queue
2026-06-08 15:21:57.479 INFO net.spy.memcached.MemcachedConnection:  Added {QA sa=/127.0.0.1:11222, #Rops=0, #Wops=0, #iq=0, topRop=null, topWop=null, toWrite=0, interested=0} to connect queue
2026-06-08 15:21:57.479 INFO net.spy.memcached.MemcachedConnection:  Added {QA sa=/127.0.0.1:11222, #Rops=0, #Wops=0, #iq=0, topRop=null, topWop=null, toWrite=0, interested=0} to connect queue
2026-06-08 15:21:57.480 INFO net.spy.memcached.MemcachedConnection:  Added {QA sa=/127.0.0.1:11222, #Rops=0, #Wops=0, #iq=0, topRop=null, topWop=null, toWrite=0, interested=0} to connect queue
2026-06-08 15:21:57.480 INFO net.spy.memcached.MemcachedConnection:  Added {QA sa=/127.0.0.1:11222, #Rops=0, #Wops=0, #iq=0, topRop=null, topWop=null, toWrite=0, interested=0} to connect queue
2026-06-08 15:21:57.480 INFO net.spy.memcached.MemcachedConnection:  Added {QA sa=/127.0.0.1:11222, #Rops=0, #Wops=0, #iq=0, topRop=null, topWop=null, toWrite=0, interested=0} to connect queue
2026-06-08 15:21:57.481 INFO net.spy.memcached.MemcachedConnection:  Added {QA sa=/127.0.0.1:11222, #Rops=0, #Wops=0, #iq=0, topRop=null, topWop=null, toWrite=0, interested=0} to connect queue
DBWrapper: report latency for each error is false and specific error codes to track for latency are: []
2026-06-08 15:21:57.481 INFO net.spy.memcached.MemcachedConnection:  Added {QA sa=/127.0.0.1:11222, #Rops=0, #Wops=0, #iq=0, topRop=null, topWop=null, toWrite=0, interested=0} to connect queue
DBWrapper: report latency for each error is false and specific error codes to track for latency are: []
2026-06-08 15:21:57.481 INFO net.spy.memcached.MemcachedConnection:  Added {QA sa=/127.0.0.1:11222, #Rops=0, #Wops=0, #iq=0, topRop=null, topWop=null, toWrite=0, interested=0} to connect queue
DBWrapper: report latency for each error is false and specific error codes to track for latency are: []
2026-06-08 15:21:57.482 INFO net.spy.memcached.MemcachedConnection:  Added {QA sa=/127.0.0.1:11222, #Rops=0, #Wops=0, #iq=0, topRop=null, topWop=null, toWrite=0, interested=0} to connect queue
DBWrapper: report latency for each error is false and specific error codes to track for latency are: []
2026-06-08 15:21:57.482 INFO net.spy.memcached.MemcachedConnection:  Added {QA sa=/127.0.0.1:11222, #Rops=0, #Wops=0, #iq=0, topRop=null, topWop=null, toWrite=0, interested=0} to connect queue
DBWrapper: report latency for each error is false and specific error codes to track for latency are: []
DBWrapper: report latency for each error is false and specific error codes to track for latency are: []
2026-06-08 15:21:57.483 INFO net.spy.memcached.MemcachedConnection:  Added {QA sa=/127.0.0.1:11222, #Rops=0, #Wops=0, #iq=0, topRop=null, topWop=null, toWrite=0, interested=0} to connect queue
DBWrapper: report latency for each error is false and specific error codes to track for latency are: []
DBWrapper: report latency for each error is false and specific error codes to track for latency are: []
DBWrapper: report latency for each error is false and specific error codes to track for latency are: []
DBWrapper: report latency for each error is false and specific error codes to track for latency are: []
DBWrapper: report latency for each error is false and specific error codes to track for latency are: []
DBWrapper: report latency for each error is false and specific error codes to track for latency are: []
DBWrapper: report latency for each error is false and specific error codes to track for latency are: []
DBWrapper: report latency for each error is false and specific error codes to track for latency are: []
DBWrapper: report latency for each error is false and specific error codes to track for latency are: []
DBWrapper: report latency for each error is false and specific error codes to track for latency are: []
2026-06-08 15:22:07:393 10 sec: 548123 operations; 54812.3 current ops/sec; est completion in 5 hours 3 minutes [READ: Count=98193, Max=25423, Min=63, Avg=263.34, 90=374, 99=1056, 99.9=3473, 99.99=7003] [UPDATE: Count=451292, Max=58911, Min=66, Avg=289.82, 90=411, 99=1536, 99.9=3881, 99.99=7143] 
2026-06-08 15:22:17:401 20 sec: 1337709 operations; 78919.14 current ops/sec; est completion in 4 hours 8 minutes [READ: Count=142035, Max=4463, Min=64, Avg=198.42, 90=265, 99=347, 99.9=622, 99.99=2551] [UPDATE: Count=646371, Max=5955, Min=61, Avg=201.14, 90=270, 99=358, 99.9=653, 99.99=2505] 
Maximum time elapsed. Requesting stop for the workload.
Stop requested for workload. Now Joining!
2026-06-08 15:22:27:393 30 sec: 2126245 operations; 78885.15 current ops/sec; est completion in 3 hours 54 minutes [READ: Count=142047, Max=3533, Min=66, Avg=198.34, 90=263, 99=343, 99.9=554, 99.99=2051] [UPDATE: Count=646387, Max=3873, Min=62, Avg=201.16, 90=268, 99=351, 99.9=557, 99.99=2085] 
2026-06-08 15:22:27.403 INFO net.spy.memcached.MemcachedConnection:  Shut down memcached client
2026-06-08 15:22:27.403 INFO net.spy.memcached.MemcachedConnection:  Shut down memcached client
2026-06-08 15:22:27.404 INFO net.spy.memcached.MemcachedConnection:  Shut down memcached client
2026-06-08 15:22:27.404 INFO net.spy.memcached.MemcachedConnection:  Shut down memcached client
2026-06-08 15:22:27.404 INFO net.spy.memcached.MemcachedConnection:  Shut down memcached client
2026-06-08 15:22:27.404 INFO net.spy.memcached.MemcachedConnection:  Shut down memcached client
2026-06-08 15:22:27.405 INFO net.spy.memcached.MemcachedConnection:  Shut down memcached client
2026-06-08 15:22:27.405 INFO net.spy.memcached.MemcachedConnection:  Shut down memcached client
2026-06-08 15:22:27.405 INFO net.spy.memcached.MemcachedConnection:  Shut down memcached client
2026-06-08 15:22:27.405 INFO net.spy.memcached.MemcachedConnection:  Shut down memcached client
2026-06-08 15:22:27.406 INFO net.spy.memcached.MemcachedConnection:  Shut down memcached client
2026-06-08 15:22:27.406 INFO net.spy.memcached.MemcachedConnection:  Shut down memcached client
2026-06-08 15:22:27.406 INFO net.spy.memcached.MemcachedConnection:  Shut down memcached client
2026-06-08 15:22:27.406 INFO net.spy.memcached.MemcachedConnection:  Shut down memcached client
2026-06-08 15:22:27.406 INFO net.spy.memcached.MemcachedConnection:  Shut down memcached client
2026-06-08 15:22:27.407 INFO net.spy.memcached.MemcachedConnection:  Shut down memcached client
2026-06-08 15:22:27:404 30 sec: 2126380 operations; 12272.73 current ops/sec; est completion in 3 hours 54 minutes [READ: Count=22, Max=3577, Min=118, Avg=466.23, 90=615, 99=3577, 99.9=3577, 99.99=3577] [CLEANUP: Count=16, Max=8471, Min=3324, Avg=7329.06, 90=8247, 99=8471, 99.9=8471, 99.99=8471] [UPDATE: Count=33, Max=5163, Min=113, Avg=593.94, 90=2273, 99=5163, 99.9=5163, 99.99=5163] 
[OVERALL], RunTime(ms), 30012
[OVERALL], Throughput(ops/sec), 70850.99293615887
[TOTAL_GCS_G1_Young_Generation], Count, 48
[TOTAL_GC_TIME_G1_Young_Generation], Time(ms), 62
[TOTAL_GC_TIME_%_G1_Young_Generation], Time(%), 0.20658403305344528
[TOTAL_GCS_G1_Concurrent_GC], Count, 0
[TOTAL_GC_TIME_G1_Concurrent_GC], Time(ms), 0
[TOTAL_GC_TIME_%_G1_Concurrent_GC], Time(%), 0.0
[TOTAL_GCS_G1_Old_Generation], Count, 0
[TOTAL_GC_TIME_G1_Old_Generation], Time(ms), 0
[TOTAL_GC_TIME_%_G1_Old_Generation], Time(%), 0.0
[TOTAL_GCs], Count, 48
[TOTAL_GC_TIME], Time(ms), 62
[TOTAL_GC_TIME_%], Time(%), 0.20658403305344528
[READ], Operations, 382297
[READ], AverageLatency(us), 215.08191536946404
[READ], MinLatency(us), 63
[READ], MaxLatency(us), 25423
[READ], 95thPercentileLatency(us), 330
[READ], 99thPercentileLatency(us), 563
[READ], Return=OK, 382297
[CLEANUP], Operations, 16
[CLEANUP], AverageLatency(us), 7329.0625
[CLEANUP], MinLatency(us), 3324
[CLEANUP], MaxLatency(us), 8471
[CLEANUP], 95thPercentileLatency(us), 8311
[CLEANUP], 99thPercentileLatency(us), 8471
[UPDATE], Operations, 1744083
[UPDATE], AverageLatency(us), 224.10528340681034
[UPDATE], MinLatency(us), 61
[UPDATE], MaxLatency(us), 58911
[UPDATE], 95thPercentileLatency(us), 345
[UPDATE], 99thPercentileLatency(us), 799
[UPDATE], Return=OK, 1744083
