/usr/bin/java  -classpath /home/morisaki/Application/ycsb-0.17.0/conf:/home/morisaki/Application/ycsb-0.17.0/lib/HdrHistogram-2.1.4.jar:/home/morisaki/Application/ycsb-0.17.0/lib/core-0.17.0.jar:/home/morisaki/Application/ycsb-0.17.0/lib/htrace-core4-4.1.0-incubating.jar:/home/morisaki/Application/ycsb-0.17.0/lib/jackson-core-asl-1.9.4.jar:/home/morisaki/Application/ycsb-0.17.0/lib/jackson-mapper-asl-1.9.4.jar:/home/morisaki/Application/ycsb-0.17.0/memcached-binding/lib/HdrHistogram-2.1.4.jar:/home/morisaki/Application/ycsb-0.17.0/memcached-binding/lib/core-0.17.0.jar:/home/morisaki/Application/ycsb-0.17.0/memcached-binding/lib/htrace-core4-4.1.0-incubating.jar:/home/morisaki/Application/ycsb-0.17.0/memcached-binding/lib/jackson-core-asl-1.9.4.jar:/home/morisaki/Application/ycsb-0.17.0/memcached-binding/lib/jackson-mapper-asl-1.9.13.jar:/home/morisaki/Application/ycsb-0.17.0/memcached-binding/lib/log4j-1.2.17.jar:/home/morisaki/Application/ycsb-0.17.0/memcached-binding/lib/memcached-binding-0.17.0.jar:/home/morisaki/Application/ycsb-0.17.0/memcached-binding/lib/spymemcached-2.11.4.jar site.ycsb.Client -t -db site.ycsb.db.MemcachedClient -s -P ./experiment/workloads/var_workload.dat -p memcached.hosts=127.0.0.1:11222 -p maxexecutiontime=30 -threads 16
Command line: -t -db site.ycsb.db.MemcachedClient -s -P ./experiment/workloads/var_workload.dat -p memcached.hosts=127.0.0.1:11222 -p maxexecutiontime=30 -threads 16
YCSB Client 0.17.0

Loading workload...
log4j:WARN No appenders could be found for logger (org.apache.htrace.core.Tracer).
log4j:WARN Please initialize the log4j system properly.
log4j:WARN See http://logging.apache.org/log4j/1.2/faq.html#noconfig for more info.
Starting test.
2026-06-08 15:19:09:214 0 sec: 0 operations; est completion in 0 second 
Maximum execution time specified as: 30 secs
2026-06-08 15:19:09.295 INFO net.spy.memcached.MemcachedConnection:  Added {QA sa=/127.0.0.1:11222, #Rops=0, #Wops=0, #iq=0, topRop=null, topWop=null, toWrite=0, interested=0} to connect queue
2026-06-08 15:19:09.296 INFO net.spy.memcached.MemcachedConnection:  Added {QA sa=/127.0.0.1:11222, #Rops=0, #Wops=0, #iq=0, topRop=null, topWop=null, toWrite=0, interested=0} to connect queue
2026-06-08 15:19:09.296 INFO net.spy.memcached.MemcachedConnection:  Added {QA sa=/127.0.0.1:11222, #Rops=0, #Wops=0, #iq=0, topRop=null, topWop=null, toWrite=0, interested=0} to connect queue
2026-06-08 15:19:09.296 INFO net.spy.memcached.MemcachedConnection:  Added {QA sa=/127.0.0.1:11222, #Rops=0, #Wops=0, #iq=0, topRop=null, topWop=null, toWrite=0, interested=0} to connect queue
2026-06-08 15:19:09.296 INFO net.spy.memcached.MemcachedConnection:  Added {QA sa=/127.0.0.1:11222, #Rops=0, #Wops=0, #iq=0, topRop=null, topWop=null, toWrite=0, interested=0} to connect queue
2026-06-08 15:19:09.297 INFO net.spy.memcached.MemcachedConnection:  Added {QA sa=/127.0.0.1:11222, #Rops=0, #Wops=0, #iq=0, topRop=null, topWop=null, toWrite=0, interested=0} to connect queue
2026-06-08 15:19:09.297 INFO net.spy.memcached.MemcachedConnection:  Added {QA sa=/127.0.0.1:11222, #Rops=0, #Wops=0, #iq=0, topRop=null, topWop=null, toWrite=0, interested=0} to connect queue
2026-06-08 15:19:09.297 INFO net.spy.memcached.MemcachedConnection:  Added {QA sa=/127.0.0.1:11222, #Rops=0, #Wops=0, #iq=0, topRop=null, topWop=null, toWrite=0, interested=0} to connect queue
2026-06-08 15:19:09.298 INFO net.spy.memcached.MemcachedConnection:  Added {QA sa=/127.0.0.1:11222, #Rops=0, #Wops=0, #iq=0, topRop=null, topWop=null, toWrite=0, interested=0} to connect queue
DBWrapper: report latency for each error is false and specific error codes to track for latency are: []
2026-06-08 15:19:09.298 INFO net.spy.memcached.MemcachedConnection:  Added {QA sa=/127.0.0.1:11222, #Rops=0, #Wops=0, #iq=0, topRop=null, topWop=null, toWrite=0, interested=0} to connect queue
DBWrapper: report latency for each error is false and specific error codes to track for latency are: []
2026-06-08 15:19:09.298 INFO net.spy.memcached.MemcachedConnection:  Added {QA sa=/127.0.0.1:11222, #Rops=0, #Wops=0, #iq=0, topRop=null, topWop=null, toWrite=0, interested=0} to connect queue
DBWrapper: report latency for each error is false and specific error codes to track for latency are: []
2026-06-08 15:19:09.299 INFO net.spy.memcached.MemcachedConnection:  Added {QA sa=/127.0.0.1:11222, #Rops=0, #Wops=0, #iq=0, topRop=null, topWop=null, toWrite=0, interested=0} to connect queue
2026-06-08 15:19:09.299 INFO net.spy.memcached.MemcachedConnection:  Added {QA sa=/127.0.0.1:11222, #Rops=0, #Wops=0, #iq=0, topRop=null, topWop=null, toWrite=0, interested=0} to connect queue
DBWrapper: report latency for each error is false and specific error codes to track for latency are: []
2026-06-08 15:19:09.299 INFO net.spy.memcached.MemcachedConnection:  Added {QA sa=/127.0.0.1:11222, #Rops=0, #Wops=0, #iq=0, topRop=null, topWop=null, toWrite=0, interested=0} to connect queue
2026-06-08 15:19:09.300 INFO net.spy.memcached.MemcachedConnection:  Added {QA sa=/127.0.0.1:11222, #Rops=0, #Wops=0, #iq=0, topRop=null, topWop=null, toWrite=0, interested=0} to connect queue
DBWrapper: report latency for each error is false and specific error codes to track for latency are: []
2026-06-08 15:19:09.300 INFO net.spy.memcached.MemcachedConnection:  Added {QA sa=/127.0.0.1:11222, #Rops=0, #Wops=0, #iq=0, topRop=null, topWop=null, toWrite=0, interested=0} to connect queue
DBWrapper: report latency for each error is false and specific error codes to track for latency are: []
DBWrapper: report latency for each error is false and specific error codes to track for latency are: []
DBWrapper: report latency for each error is false and specific error codes to track for latency are: []
DBWrapper: report latency for each error is false and specific error codes to track for latency are: []
DBWrapper: report latency for each error is false and specific error codes to track for latency are: []
DBWrapper: report latency for each error is false and specific error codes to track for latency are: []
DBWrapper: report latency for each error is false and specific error codes to track for latency are: []
DBWrapper: report latency for each error is false and specific error codes to track for latency are: []
DBWrapper: report latency for each error is false and specific error codes to track for latency are: []
DBWrapper: report latency for each error is false and specific error codes to track for latency are: []
DBWrapper: report latency for each error is false and specific error codes to track for latency are: []
2026-06-08 15:19:09.312 WARN net.spy.memcached.MemcachedConnection:  Could not redistribute to another node, retrying primary node for usertable-user528752841053858917.
2026-06-08 15:19:19:214 10 sec: 602342 operations; 60234.2 current ops/sec; est completion in 4 hours 36 minutes [READ: Count=108920, Max=24847, Min=68, Avg=258.4, 90=375, 99=999, 99.9=3421, 99.99=6527] [UPDATE: Count=494766, Max=54047, Min=65, Avg=260.26, 90=372, 99=993, 99.9=3503, 99.99=6735] 
2026-06-08 15:19:29:215 20 sec: 1391069 operations; 78864.81 current ops/sec; est completion in 3 hours 59 minutes [READ: Count=142229, Max=3987, Min=64, Avg=197.79, 90=265, 99=345, 99.9=599, 99.99=2809] [UPDATE: Count=645250, Max=4067, Min=63, Avg=201.34, 90=269, 99=357, 99.9=658, 99.99=2943] 
Maximum time elapsed. Requesting stop for the workload.
Stop requested for workload. Now Joining!
2026-06-08 15:19:39:214 30 sec: 2183490 operations; 79250.03 current ops/sec; est completion in 3 hours 48 minutes [READ: Count=142672, Max=4599, Min=65, Avg=197.04, 90=263, 99=342, 99.9=550, 99.99=2567] [UPDATE: Count=649793, Max=4635, Min=59, Avg=200.54, 90=268, 99=354, 99.9=579, 99.99=2499] 
2026-06-08 15:19:39.226 INFO net.spy.memcached.MemcachedConnection:  Shut down memcached client
2026-06-08 15:19:39.226 INFO net.spy.memcached.MemcachedConnection:  Shut down memcached client
2026-06-08 15:19:39.226 INFO net.spy.memcached.MemcachedConnection:  Shut down memcached client
2026-06-08 15:19:39.227 INFO net.spy.memcached.MemcachedConnection:  Shut down memcached client
2026-06-08 15:19:39.227 INFO net.spy.memcached.MemcachedConnection:  Shut down memcached client
2026-06-08 15:19:39.227 INFO net.spy.memcached.MemcachedConnection:  Shut down memcached client
2026-06-08 15:19:39.227 INFO net.spy.memcached.MemcachedConnection:  Shut down memcached client
2026-06-08 15:19:39.228 INFO net.spy.memcached.MemcachedConnection:  Shut down memcached client
2026-06-08 15:19:39.228 INFO net.spy.memcached.MemcachedConnection:  Shut down memcached client
2026-06-08 15:19:39.228 INFO net.spy.memcached.MemcachedConnection:  Shut down memcached client
2026-06-08 15:19:39.229 INFO net.spy.memcached.MemcachedConnection:  Shut down memcached client
2026-06-08 15:19:39.230 INFO net.spy.memcached.MemcachedConnection:  Shut down memcached client
2026-06-08 15:19:39.230 INFO net.spy.memcached.MemcachedConnection:  Shut down memcached client
2026-06-08 15:19:39.230 INFO net.spy.memcached.MemcachedConnection:  Shut down memcached client
2026-06-08 15:19:39.230 INFO net.spy.memcached.MemcachedConnection:  Shut down memcached client
2026-06-08 15:19:39.230 INFO net.spy.memcached.MemcachedConnection:  Shut down memcached client
2026-06-08 15:19:39:227 30 sec: 2183652 operations; 11571.43 current ops/sec; est completion in 3 hours 48 minutes [READ: Count=22, Max=572, Min=111, Avg=224.09, 90=326, 99=572, 99.9=572, 99.99=572] [CLEANUP: Count=16, Max=10935, Min=9320, Avg=10156, 90=10679, 99=10935, 99.9=10935, 99.99=10935] [UPDATE: Count=0, Max=0, Min=9223372036854775807, Avg=NaN, 90=0, 99=0, 99.9=0, 99.99=0] 
[OVERALL], RunTime(ms), 30014
[OVERALL], Throughput(ops/sec), 72754.44792430199
[TOTAL_GCS_G1_Young_Generation], Count, 50
[TOTAL_GC_TIME_G1_Young_Generation], Time(ms), 60
[TOTAL_GC_TIME_%_G1_Young_Generation], Time(%), 0.19990671020190579
[TOTAL_GCS_G1_Concurrent_GC], Count, 0
[TOTAL_GC_TIME_G1_Concurrent_GC], Time(ms), 0
[TOTAL_GC_TIME_%_G1_Concurrent_GC], Time(%), 0.0
[TOTAL_GCS_G1_Old_Generation], Count, 0
[TOTAL_GC_TIME_G1_Old_Generation], Time(ms), 0
[TOTAL_GC_TIME_%_G1_Old_Generation], Time(%), 0.0
[TOTAL_GCs], Count, 50
[TOTAL_GC_TIME], Time(ms), 60
[TOTAL_GC_TIME_%], Time(%), 0.19990671020190579
[READ], Operations, 393843
[READ], AverageLatency(us), 214.2813913158289
[READ], MinLatency(us), 64
[READ], MaxLatency(us), 24847
[READ], 95thPercentileLatency(us), 333
[READ], 99thPercentileLatency(us), 555
[READ], Return=OK, 393843
[CLEANUP], Operations, 16
[CLEANUP], AverageLatency(us), 10156.0
[CLEANUP], MinLatency(us), 9320
[CLEANUP], MaxLatency(us), 10935
[CLEANUP], 95thPercentileLatency(us), 10703
[CLEANUP], 99thPercentileLatency(us), 10935
[UPDATE], Operations, 1789809
[UPDATE], AverageLatency(us), 217.33599730474035
[UPDATE], MinLatency(us), 59
[UPDATE], MaxLatency(us), 54047
[UPDATE], 95thPercentileLatency(us), 337
[UPDATE], 99thPercentileLatency(us), 542
[UPDATE], Return=OK, 1789809
