/usr/bin/java  -classpath /home/morisaki/Application/ycsb-0.17.0/conf:/home/morisaki/Application/ycsb-0.17.0/lib/HdrHistogram-2.1.4.jar:/home/morisaki/Application/ycsb-0.17.0/lib/core-0.17.0.jar:/home/morisaki/Application/ycsb-0.17.0/lib/htrace-core4-4.1.0-incubating.jar:/home/morisaki/Application/ycsb-0.17.0/lib/jackson-core-asl-1.9.4.jar:/home/morisaki/Application/ycsb-0.17.0/lib/jackson-mapper-asl-1.9.4.jar:/home/morisaki/Application/ycsb-0.17.0/memcached-binding/lib/HdrHistogram-2.1.4.jar:/home/morisaki/Application/ycsb-0.17.0/memcached-binding/lib/core-0.17.0.jar:/home/morisaki/Application/ycsb-0.17.0/memcached-binding/lib/htrace-core4-4.1.0-incubating.jar:/home/morisaki/Application/ycsb-0.17.0/memcached-binding/lib/jackson-core-asl-1.9.4.jar:/home/morisaki/Application/ycsb-0.17.0/memcached-binding/lib/jackson-mapper-asl-1.9.13.jar:/home/morisaki/Application/ycsb-0.17.0/memcached-binding/lib/log4j-1.2.17.jar:/home/morisaki/Application/ycsb-0.17.0/memcached-binding/lib/memcached-binding-0.17.0.jar:/home/morisaki/Application/ycsb-0.17.0/memcached-binding/lib/spymemcached-2.11.4.jar site.ycsb.Client -t -db site.ycsb.db.MemcachedClient -s -P ./experiment/workloads/var_workload.dat -p memcached.hosts=127.0.0.1:11222 -p maxexecutiontime=30 -threads 16
Command line: -t -db site.ycsb.db.MemcachedClient -s -P ./experiment/workloads/var_workload.dat -p memcached.hosts=127.0.0.1:11222 -p maxexecutiontime=30 -threads 16
YCSB Client 0.17.0

Loading workload...
log4j:WARN No appenders could be found for logger (org.apache.htrace.core.Tracer).
log4j:WARN Please initialize the log4j system properly.
log4j:WARN See http://logging.apache.org/log4j/1.2/faq.html#noconfig for more info.
Starting test.
2026-06-08 15:26:02:317 0 sec: 0 operations; est completion in 0 second 
Maximum execution time specified as: 30 secs
2026-06-08 15:26:02.398 INFO net.spy.memcached.MemcachedConnection:  Added {QA sa=/127.0.0.1:11222, #Rops=0, #Wops=0, #iq=0, topRop=null, topWop=null, toWrite=0, interested=0} to connect queue
2026-06-08 15:26:02.398 INFO net.spy.memcached.MemcachedConnection:  Added {QA sa=/127.0.0.1:11222, #Rops=0, #Wops=0, #iq=0, topRop=null, topWop=null, toWrite=0, interested=0} to connect queue
2026-06-08 15:26:02.398 INFO net.spy.memcached.MemcachedConnection:  Added {QA sa=/127.0.0.1:11222, #Rops=0, #Wops=0, #iq=0, topRop=null, topWop=null, toWrite=0, interested=0} to connect queue
2026-06-08 15:26:02.398 INFO net.spy.memcached.MemcachedConnection:  Added {QA sa=/127.0.0.1:11222, #Rops=0, #Wops=0, #iq=0, topRop=null, topWop=null, toWrite=0, interested=0} to connect queue
2026-06-08 15:26:02.399 INFO net.spy.memcached.MemcachedConnection:  Added {QA sa=/127.0.0.1:11222, #Rops=0, #Wops=0, #iq=0, topRop=null, topWop=null, toWrite=0, interested=0} to connect queue
2026-06-08 15:26:02.399 INFO net.spy.memcached.MemcachedConnection:  Added {QA sa=/127.0.0.1:11222, #Rops=0, #Wops=0, #iq=0, topRop=null, topWop=null, toWrite=0, interested=0} to connect queue
2026-06-08 15:26:02.399 INFO net.spy.memcached.MemcachedConnection:  Added {QA sa=/127.0.0.1:11222, #Rops=0, #Wops=0, #iq=0, topRop=null, topWop=null, toWrite=0, interested=0} to connect queue
2026-06-08 15:26:02.400 INFO net.spy.memcached.MemcachedConnection:  Added {QA sa=/127.0.0.1:11222, #Rops=0, #Wops=0, #iq=0, topRop=null, topWop=null, toWrite=0, interested=0} to connect queue
2026-06-08 15:26:02.400 INFO net.spy.memcached.MemcachedConnection:  Added {QA sa=/127.0.0.1:11222, #Rops=0, #Wops=0, #iq=0, topRop=null, topWop=null, toWrite=0, interested=0} to connect queue
2026-06-08 15:26:02.400 INFO net.spy.memcached.MemcachedConnection:  Added {QA sa=/127.0.0.1:11222, #Rops=0, #Wops=0, #iq=0, topRop=null, topWop=null, toWrite=0, interested=0} to connect queue
DBWrapper: report latency for each error is false and specific error codes to track for latency are: []
DBWrapper: report latency for each error is false and specific error codes to track for latency are: []
2026-06-08 15:26:02.401 INFO net.spy.memcached.MemcachedConnection:  Added {QA sa=/127.0.0.1:11222, #Rops=0, #Wops=0, #iq=0, topRop=null, topWop=null, toWrite=0, interested=0} to connect queue
2026-06-08 15:26:02.401 INFO net.spy.memcached.MemcachedConnection:  Added {QA sa=/127.0.0.1:11222, #Rops=0, #Wops=0, #iq=0, topRop=null, topWop=null, toWrite=0, interested=0} to connect queue
DBWrapper: report latency for each error is false and specific error codes to track for latency are: []
DBWrapper: report latency for each error is false and specific error codes to track for latency are: []
2026-06-08 15:26:02.401 INFO net.spy.memcached.MemcachedConnection:  Added {QA sa=/127.0.0.1:11222, #Rops=0, #Wops=0, #iq=0, topRop=null, topWop=null, toWrite=0, interested=0} to connect queue
DBWrapper: report latency for each error is false and specific error codes to track for latency are: []
DBWrapper: report latency for each error is false and specific error codes to track for latency are: []
2026-06-08 15:26:02.402 INFO net.spy.memcached.MemcachedConnection:  Added {QA sa=/127.0.0.1:11222, #Rops=0, #Wops=0, #iq=0, topRop=null, topWop=null, toWrite=0, interested=0} to connect queue
DBWrapper: report latency for each error is false and specific error codes to track for latency are: []
2026-06-08 15:26:02.402 INFO net.spy.memcached.MemcachedConnection:  Added {QA sa=/127.0.0.1:11222, #Rops=0, #Wops=0, #iq=0, topRop=null, topWop=null, toWrite=0, interested=0} to connect queue
DBWrapper: report latency for each error is false and specific error codes to track for latency are: []
DBWrapper: report latency for each error is false and specific error codes to track for latency are: []
2026-06-08 15:26:02.403 INFO net.spy.memcached.MemcachedConnection:  Added {QA sa=/127.0.0.1:11222, #Rops=0, #Wops=0, #iq=0, topRop=null, topWop=null, toWrite=0, interested=0} to connect queue
DBWrapper: report latency for each error is false and specific error codes to track for latency are: []
DBWrapper: report latency for each error is false and specific error codes to track for latency are: []
DBWrapper: report latency for each error is false and specific error codes to track for latency are: []
DBWrapper: report latency for each error is false and specific error codes to track for latency are: []
DBWrapper: report latency for each error is false and specific error codes to track for latency are: []
DBWrapper: report latency for each error is false and specific error codes to track for latency are: []
DBWrapper: report latency for each error is false and specific error codes to track for latency are: []
2026-06-08 15:26:12:317 10 sec: 603213 operations; 60321.3 current ops/sec; est completion in 4 hours 36 minutes [READ: Count=108668, Max=34207, Min=66, Avg=255.82, 90=371, 99=947, 99.9=3513, 99.99=5563] [UPDATE: Count=495905, Max=54239, Min=56, Avg=260.09, 90=373, 99=1137, 99.9=3571, 99.99=6367] 
2026-06-08 15:26:22:318 20 sec: 1400519 operations; 79730.6 current ops/sec; est completion in 3 hours 57 minutes [READ: Count=143244, Max=3989, Min=64, Avg=197.14, 90=263, 99=341, 99.9=593, 99.99=2435] [UPDATE: Count=652982, Max=6647, Min=61, Avg=198.95, 90=266, 99=352, 99.9=624, 99.99=2621] 
Maximum time elapsed. Requesting stop for the workload.
Stop requested for workload. Now Joining!
2026-06-08 15:26:32:317 30 sec: 2201662 operations; 80114.3 current ops/sec; est completion in 3 hours 46 minutes [READ: Count=143876, Max=3415, Min=63, Avg=196.02, 90=262, 99=344, 99.9=643, 99.99=2509] [UPDATE: Count=657140, Max=5295, Min=63, Avg=198.08, 90=266, 99=354, 99.9=649, 99.99=2641] 
2026-06-08 15:26:32.332 INFO net.spy.memcached.MemcachedConnection:  Shut down memcached client
2026-06-08 15:26:32.332 INFO net.spy.memcached.MemcachedConnection:  Shut down memcached client
2026-06-08 15:26:32.332 INFO net.spy.memcached.MemcachedConnection:  Shut down memcached client
2026-06-08 15:26:32.333 INFO net.spy.memcached.MemcachedConnection:  Shut down memcached client
2026-06-08 15:26:32.333 INFO net.spy.memcached.MemcachedConnection:  Shut down memcached client
2026-06-08 15:26:32.333 INFO net.spy.memcached.MemcachedConnection:  Shut down memcached client
2026-06-08 15:26:32.334 INFO net.spy.memcached.MemcachedConnection:  Shut down memcached client
2026-06-08 15:26:32.337 INFO net.spy.memcached.MemcachedConnection:  Shut down memcached client
2026-06-08 15:26:32.338 INFO net.spy.memcached.MemcachedConnection:  Shut down memcached client
2026-06-08 15:26:32.338 INFO net.spy.memcached.MemcachedConnection:  Shut down memcached client
2026-06-08 15:26:32.338 INFO net.spy.memcached.MemcachedConnection:  Shut down memcached client
2026-06-08 15:26:32.338 INFO net.spy.memcached.MemcachedConnection:  Shut down memcached client
2026-06-08 15:26:32.339 INFO net.spy.memcached.MemcachedConnection:  Shut down memcached client
2026-06-08 15:26:32.339 INFO net.spy.memcached.MemcachedConnection:  Shut down memcached client
2026-06-08 15:26:32.339 INFO net.spy.memcached.MemcachedConnection:  Shut down memcached client
2026-06-08 15:26:32.339 INFO net.spy.memcached.MemcachedConnection:  Shut down memcached client
2026-06-08 15:26:32:334 30 sec: 2201848 operations; 11625 current ops/sec; est completion in 3 hours 46 minutes [READ: Count=29, Max=8511, Min=71, Avg=744.97, 90=1454, 99=8511, 99.9=8511, 99.99=8511] [CLEANUP: Count=16, Max=12607, Min=4424, Avg=10610.25, 90=12503, 99=12607, 99.9=12607, 99.99=12607] [UPDATE: Count=4, Max=7859, Min=2144, Avg=4204.75, 90=7859, 99=7859, 99.9=7859, 99.99=7859] 
[OVERALL], RunTime(ms), 30017
[OVERALL], Throughput(ops/sec), 73353.3664256921
[TOTAL_GCS_G1_Young_Generation], Count, 49
[TOTAL_GC_TIME_G1_Young_Generation], Time(ms), 63
[TOTAL_GC_TIME_%_G1_Young_Generation], Time(%), 0.20988106739514276
[TOTAL_GCS_G1_Concurrent_GC], Count, 0
[TOTAL_GC_TIME_G1_Concurrent_GC], Time(ms), 0
[TOTAL_GC_TIME_%_G1_Concurrent_GC], Time(%), 0.0
[TOTAL_GCS_G1_Old_Generation], Count, 0
[TOTAL_GC_TIME_G1_Old_Generation], Time(ms), 0
[TOTAL_GC_TIME_%_G1_Old_Generation], Time(%), 0.0
[TOTAL_GCs], Count, 49
[TOTAL_GC_TIME], Time(ms), 63
[TOTAL_GC_TIME_%], Time(%), 0.20988106739514276
[READ], Operations, 395817
[READ], AverageLatency(us), 212.88059380976563
[READ], MinLatency(us), 63
[READ], MaxLatency(us), 34207
[READ], 95thPercentileLatency(us), 330
[READ], 99thPercentileLatency(us), 536
[READ], Return=OK, 395817
[CLEANUP], Operations, 16
[CLEANUP], AverageLatency(us), 10610.25
[CLEANUP], MinLatency(us), 4424
[CLEANUP], MaxLatency(us), 12607
[CLEANUP], 95thPercentileLatency(us), 12543
[CLEANUP], 99thPercentileLatency(us), 12607
[UPDATE], Operations, 1806031
[UPDATE], AverageLatency(us), 215.43247485785128
[UPDATE], MinLatency(us), 56
[UPDATE], MaxLatency(us), 54239
[UPDATE], 95thPercentileLatency(us), 333
[UPDATE], 99thPercentileLatency(us), 560
[UPDATE], Return=OK, 1806031
