/usr/bin/java  -classpath /home/morisaki/Application/ycsb-0.17.0/conf:/home/morisaki/Application/ycsb-0.17.0/lib/HdrHistogram-2.1.4.jar:/home/morisaki/Application/ycsb-0.17.0/lib/core-0.17.0.jar:/home/morisaki/Application/ycsb-0.17.0/lib/htrace-core4-4.1.0-incubating.jar:/home/morisaki/Application/ycsb-0.17.0/lib/jackson-core-asl-1.9.4.jar:/home/morisaki/Application/ycsb-0.17.0/lib/jackson-mapper-asl-1.9.4.jar:/home/morisaki/Application/ycsb-0.17.0/memcached-binding/lib/HdrHistogram-2.1.4.jar:/home/morisaki/Application/ycsb-0.17.0/memcached-binding/lib/core-0.17.0.jar:/home/morisaki/Application/ycsb-0.17.0/memcached-binding/lib/htrace-core4-4.1.0-incubating.jar:/home/morisaki/Application/ycsb-0.17.0/memcached-binding/lib/jackson-core-asl-1.9.4.jar:/home/morisaki/Application/ycsb-0.17.0/memcached-binding/lib/jackson-mapper-asl-1.9.13.jar:/home/morisaki/Application/ycsb-0.17.0/memcached-binding/lib/log4j-1.2.17.jar:/home/morisaki/Application/ycsb-0.17.0/memcached-binding/lib/memcached-binding-0.17.0.jar:/home/morisaki/Application/ycsb-0.17.0/memcached-binding/lib/spymemcached-2.11.4.jar site.ycsb.Client -t -db site.ycsb.db.MemcachedClient -s -P ./experiment/workloads/var_workload.dat -p memcached.hosts=127.0.0.1:11222 -p maxexecutiontime=30 -threads 16
Command line: -t -db site.ycsb.db.MemcachedClient -s -P ./experiment/workloads/var_workload.dat -p memcached.hosts=127.0.0.1:11222 -p maxexecutiontime=30 -threads 16
YCSB Client 0.17.0

Loading workload...
log4j:WARN No appenders could be found for logger (org.apache.htrace.core.Tracer).
log4j:WARN Please initialize the log4j system properly.
log4j:WARN See http://logging.apache.org/log4j/1.2/faq.html#noconfig for more info.
Starting test.
2026-06-08 15:17:07:249 0 sec: 0 operations; est completion in 0 second 
Maximum execution time specified as: 30 secs
2026-06-08 15:17:07.330 INFO net.spy.memcached.MemcachedConnection:  Added {QA sa=/127.0.0.1:11222, #Rops=0, #Wops=0, #iq=0, topRop=null, topWop=null, toWrite=0, interested=0} to connect queue
2026-06-08 15:17:07.330 INFO net.spy.memcached.MemcachedConnection:  Added {QA sa=/127.0.0.1:11222, #Rops=0, #Wops=0, #iq=0, topRop=null, topWop=null, toWrite=0, interested=0} to connect queue
2026-06-08 15:17:07.330 INFO net.spy.memcached.MemcachedConnection:  Added {QA sa=/127.0.0.1:11222, #Rops=0, #Wops=0, #iq=0, topRop=null, topWop=null, toWrite=0, interested=0} to connect queue
2026-06-08 15:17:07.331 INFO net.spy.memcached.MemcachedConnection:  Added {QA sa=/127.0.0.1:11222, #Rops=0, #Wops=0, #iq=0, topRop=null, topWop=null, toWrite=0, interested=0} to connect queue
2026-06-08 15:17:07.331 INFO net.spy.memcached.MemcachedConnection:  Added {QA sa=/127.0.0.1:11222, #Rops=0, #Wops=0, #iq=0, topRop=null, topWop=null, toWrite=0, interested=0} to connect queue
2026-06-08 15:17:07.332 INFO net.spy.memcached.MemcachedConnection:  Added {QA sa=/127.0.0.1:11222, #Rops=0, #Wops=0, #iq=0, topRop=null, topWop=null, toWrite=0, interested=0} to connect queue
2026-06-08 15:17:07.332 INFO net.spy.memcached.MemcachedConnection:  Added {QA sa=/127.0.0.1:11222, #Rops=0, #Wops=0, #iq=0, topRop=null, topWop=null, toWrite=0, interested=0} to connect queue
2026-06-08 15:17:07.332 INFO net.spy.memcached.MemcachedConnection:  Added {QA sa=/127.0.0.1:11222, #Rops=0, #Wops=0, #iq=0, topRop=null, topWop=null, toWrite=0, interested=0} to connect queue
2026-06-08 15:17:07.333 INFO net.spy.memcached.MemcachedConnection:  Added {QA sa=/127.0.0.1:11222, #Rops=0, #Wops=0, #iq=0, topRop=null, topWop=null, toWrite=0, interested=0} to connect queue
DBWrapper: report latency for each error is false and specific error codes to track for latency are: []
2026-06-08 15:17:07.333 INFO net.spy.memcached.MemcachedConnection:  Added {QA sa=/127.0.0.1:11222, #Rops=0, #Wops=0, #iq=0, topRop=null, topWop=null, toWrite=0, interested=0} to connect queue
DBWrapper: report latency for each error is false and specific error codes to track for latency are: []
DBWrapper: report latency for each error is false and specific error codes to track for latency are: []
DBWrapper: report latency for each error is false and specific error codes to track for latency are: []
2026-06-08 15:17:07.334 INFO net.spy.memcached.MemcachedConnection:  Added {QA sa=/127.0.0.1:11222, #Rops=0, #Wops=0, #iq=0, topRop=null, topWop=null, toWrite=0, interested=0} to connect queue
DBWrapper: report latency for each error is false and specific error codes to track for latency are: []
2026-06-08 15:17:07.334 INFO net.spy.memcached.MemcachedConnection:  Added {QA sa=/127.0.0.1:11222, #Rops=0, #Wops=0, #iq=0, topRop=null, topWop=null, toWrite=0, interested=0} to connect queue
2026-06-08 15:17:07.335 INFO net.spy.memcached.MemcachedConnection:  Added {QA sa=/127.0.0.1:11222, #Rops=0, #Wops=0, #iq=0, topRop=null, topWop=null, toWrite=0, interested=0} to connect queue
DBWrapper: report latency for each error is false and specific error codes to track for latency are: []
DBWrapper: report latency for each error is false and specific error codes to track for latency are: []
DBWrapper: report latency for each error is false and specific error codes to track for latency are: []
DBWrapper: report latency for each error is false and specific error codes to track for latency are: []
DBWrapper: report latency for each error is false and specific error codes to track for latency are: []
2026-06-08 15:17:07.335 INFO net.spy.memcached.MemcachedConnection:  Added {QA sa=/127.0.0.1:11222, #Rops=0, #Wops=0, #iq=0, topRop=null, topWop=null, toWrite=0, interested=0} to connect queue
2026-06-08 15:17:07.336 INFO net.spy.memcached.MemcachedConnection:  Added {QA sa=/127.0.0.1:11222, #Rops=0, #Wops=0, #iq=0, topRop=null, topWop=null, toWrite=0, interested=0} to connect queue
2026-06-08 15:17:07.336 INFO net.spy.memcached.MemcachedConnection:  Added {QA sa=/127.0.0.1:11222, #Rops=0, #Wops=0, #iq=0, topRop=null, topWop=null, toWrite=0, interested=0} to connect queue
DBWrapper: report latency for each error is false and specific error codes to track for latency are: []
DBWrapper: report latency for each error is false and specific error codes to track for latency are: []
DBWrapper: report latency for each error is false and specific error codes to track for latency are: []
DBWrapper: report latency for each error is false and specific error codes to track for latency are: []
DBWrapper: report latency for each error is false and specific error codes to track for latency are: []
DBWrapper: report latency for each error is false and specific error codes to track for latency are: []
2026-06-08 15:17:17:250 10 sec: 610863 operations; 61080.19 current ops/sec; est completion in 4 hours 32 minutes [READ: Count=110063, Max=32991, Min=69, Avg=254.1, 90=378, 99=932, 99.9=3179, 99.99=5475] [UPDATE: Count=501953, Max=61855, Min=63, Avg=256.21, 90=374, 99=924, 99.9=3269, 99.99=5967] 
2026-06-08 15:17:27:249 20 sec: 1403294 operations; 79243.1 current ops/sec; est completion in 3 hours 57 minutes [READ: Count=143029, Max=4351, Min=66, Avg=196.86, 90=263, 99=343, 99.9=520, 99.99=2339] [UPDATE: Count=648460, Max=4583, Min=62, Avg=200.36, 90=268, 99=353, 99.9=555, 99.99=2399] 
Maximum time elapsed. Requesting stop for the workload.
Stop requested for workload. Now Joining!
2026-06-08 15:17:37:251 30 sec: 2198044 operations; 79467.05 current ops/sec; est completion in 3 hours 47 minutes [READ: Count=143686, Max=4195, Min=62, Avg=197.08, 90=263, 99=343, 99.9=603, 99.99=2585] [UPDATE: Count=650859, Max=7087, Min=64, Avg=199.76, 90=267, 99=352, 99.9=612, 99.99=2533] 
2026-06-08 15:17:37.257 INFO net.spy.memcached.MemcachedConnection:  Shut down memcached client
2026-06-08 15:17:37.258 INFO net.spy.memcached.MemcachedConnection:  Shut down memcached client
2026-06-08 15:17:37.258 INFO net.spy.memcached.MemcachedConnection:  Shut down memcached client
2026-06-08 15:17:37.258 INFO net.spy.memcached.MemcachedConnection:  Shut down memcached client
2026-06-08 15:17:37.258 INFO net.spy.memcached.MemcachedConnection:  Shut down memcached client
2026-06-08 15:17:37.259 INFO net.spy.memcached.MemcachedConnection:  Shut down memcached client
2026-06-08 15:17:37.259 INFO net.spy.memcached.MemcachedConnection:  Shut down memcached client
2026-06-08 15:17:37.259 INFO net.spy.memcached.MemcachedConnection:  Shut down memcached client
2026-06-08 15:17:37.260 INFO net.spy.memcached.MemcachedConnection:  Shut down memcached client
2026-06-08 15:17:37.260 INFO net.spy.memcached.MemcachedConnection:  Shut down memcached client
2026-06-08 15:17:37.260 INFO net.spy.memcached.MemcachedConnection:  Shut down memcached client
2026-06-08 15:17:37.260 INFO net.spy.memcached.MemcachedConnection:  Shut down memcached client
2026-06-08 15:17:37.260 INFO net.spy.memcached.MemcachedConnection:  Shut down memcached client
2026-06-08 15:17:37.261 INFO net.spy.memcached.MemcachedConnection:  Shut down memcached client
2026-06-08 15:17:37.261 INFO net.spy.memcached.MemcachedConnection:  Shut down memcached client
2026-06-08 15:17:37.261 INFO net.spy.memcached.MemcachedConnection:  Shut down memcached client
2026-06-08 15:17:37:259 30 sec: 2198050 operations; 666.67 current ops/sec; est completion in 3 hours 47 minutes [READ: Count=0, Max=0, Min=9223372036854775807, Avg=NaN, 90=0, 99=0, 99.9=0, 99.99=0] [CLEANUP: Count=16, Max=7639, Min=4984, Avg=6586.5, 90=6899, 99=7639, 99.9=7639, 99.99=7639] [UPDATE: Count=0, Max=0, Min=9223372036854775807, Avg=NaN, 90=0, 99=0, 99.9=0, 99.99=0] 
[OVERALL], RunTime(ms), 30010
[OVERALL], Throughput(ops/sec), 73243.91869376875
[TOTAL_GCS_G1_Young_Generation], Count, 48
[TOTAL_GC_TIME_G1_Young_Generation], Time(ms), 65
[TOTAL_GC_TIME_%_G1_Young_Generation], Time(%), 0.2165944685104965
[TOTAL_GCS_G1_Concurrent_GC], Count, 0
[TOTAL_GC_TIME_G1_Concurrent_GC], Time(ms), 0
[TOTAL_GC_TIME_%_G1_Concurrent_GC], Time(%), 0.0
[TOTAL_GCS_G1_Old_Generation], Count, 0
[TOTAL_GC_TIME_G1_Old_Generation], Time(ms), 0
[TOTAL_GC_TIME_%_G1_Old_Generation], Time(%), 0.0
[TOTAL_GCs], Count, 48
[TOTAL_GC_TIME], Time(ms), 65
[TOTAL_GC_TIME_%], Time(%), 0.2165944685104965
[READ], Operations, 396778
[READ], AverageLatency(us), 212.81739158925143
[READ], MinLatency(us), 62
[READ], MaxLatency(us), 32991
[READ], 95thPercentileLatency(us), 330
[READ], 99thPercentileLatency(us), 559
[READ], Return=OK, 396778
[CLEANUP], Operations, 16
[CLEANUP], AverageLatency(us), 6586.5
[CLEANUP], MinLatency(us), 4984
[CLEANUP], MaxLatency(us), 7639
[CLEANUP], 95thPercentileLatency(us), 7571
[CLEANUP], 99thPercentileLatency(us), 7639
[UPDATE], Operations, 1801272
[UPDATE], AverageLatency(us), 215.70490908646778
[UPDATE], MinLatency(us), 62
[UPDATE], MaxLatency(us), 61855
[UPDATE], 95thPercentileLatency(us), 334
[UPDATE], 99thPercentileLatency(us), 548
[UPDATE], Return=OK, 1801272
