/usr/bin/java  -classpath /home/morisaki/Application/ycsb-0.17.0/conf:/home/morisaki/Application/ycsb-0.17.0/lib/HdrHistogram-2.1.4.jar:/home/morisaki/Application/ycsb-0.17.0/lib/core-0.17.0.jar:/home/morisaki/Application/ycsb-0.17.0/lib/htrace-core4-4.1.0-incubating.jar:/home/morisaki/Application/ycsb-0.17.0/lib/jackson-core-asl-1.9.4.jar:/home/morisaki/Application/ycsb-0.17.0/lib/jackson-mapper-asl-1.9.4.jar:/home/morisaki/Application/ycsb-0.17.0/memcached-binding/lib/HdrHistogram-2.1.4.jar:/home/morisaki/Application/ycsb-0.17.0/memcached-binding/lib/core-0.17.0.jar:/home/morisaki/Application/ycsb-0.17.0/memcached-binding/lib/htrace-core4-4.1.0-incubating.jar:/home/morisaki/Application/ycsb-0.17.0/memcached-binding/lib/jackson-core-asl-1.9.4.jar:/home/morisaki/Application/ycsb-0.17.0/memcached-binding/lib/jackson-mapper-asl-1.9.13.jar:/home/morisaki/Application/ycsb-0.17.0/memcached-binding/lib/log4j-1.2.17.jar:/home/morisaki/Application/ycsb-0.17.0/memcached-binding/lib/memcached-binding-0.17.0.jar:/home/morisaki/Application/ycsb-0.17.0/memcached-binding/lib/spymemcached-2.11.4.jar site.ycsb.Client -t -db site.ycsb.db.MemcachedClient -s -P ./experiment/workloads/var_workload.dat -p memcached.hosts=127.0.0.1:11222 -p maxexecutiontime=30 -threads 16
Command line: -t -db site.ycsb.db.MemcachedClient -s -P ./experiment/workloads/var_workload.dat -p memcached.hosts=127.0.0.1:11222 -p maxexecutiontime=30 -threads 16
YCSB Client 0.17.0

Loading workload...
log4j:WARN No appenders could be found for logger (org.apache.htrace.core.Tracer).
log4j:WARN Please initialize the log4j system properly.
log4j:WARN See http://logging.apache.org/log4j/1.2/faq.html#noconfig for more info.
Starting test.
2026-06-08 15:29:20:987 0 sec: 0 operations; est completion in 0 second 
Maximum execution time specified as: 30 secs
2026-06-08 15:29:21.070 INFO net.spy.memcached.MemcachedConnection:  Added {QA sa=/127.0.0.1:11222, #Rops=0, #Wops=0, #iq=0, topRop=null, topWop=null, toWrite=0, interested=0} to connect queue
2026-06-08 15:29:21.070 INFO net.spy.memcached.MemcachedConnection:  Added {QA sa=/127.0.0.1:11222, #Rops=0, #Wops=0, #iq=0, topRop=null, topWop=null, toWrite=0, interested=0} to connect queue
2026-06-08 15:29:21.071 INFO net.spy.memcached.MemcachedConnection:  Added {QA sa=/127.0.0.1:11222, #Rops=0, #Wops=0, #iq=0, topRop=null, topWop=null, toWrite=0, interested=0} to connect queue
2026-06-08 15:29:21.071 INFO net.spy.memcached.MemcachedConnection:  Added {QA sa=/127.0.0.1:11222, #Rops=0, #Wops=0, #iq=0, topRop=null, topWop=null, toWrite=0, interested=0} to connect queue
2026-06-08 15:29:21.071 INFO net.spy.memcached.MemcachedConnection:  Added {QA sa=/127.0.0.1:11222, #Rops=0, #Wops=0, #iq=0, topRop=null, topWop=null, toWrite=0, interested=0} to connect queue
2026-06-08 15:29:21.072 INFO net.spy.memcached.MemcachedConnection:  Added {QA sa=/127.0.0.1:11222, #Rops=0, #Wops=0, #iq=0, topRop=null, topWop=null, toWrite=0, interested=0} to connect queue
2026-06-08 15:29:21.072 INFO net.spy.memcached.MemcachedConnection:  Added {QA sa=/127.0.0.1:11222, #Rops=0, #Wops=0, #iq=0, topRop=null, topWop=null, toWrite=0, interested=0} to connect queue
2026-06-08 15:29:21.072 INFO net.spy.memcached.MemcachedConnection:  Added {QA sa=/127.0.0.1:11222, #Rops=0, #Wops=0, #iq=0, topRop=null, topWop=null, toWrite=0, interested=0} to connect queue
2026-06-08 15:29:21.072 INFO net.spy.memcached.MemcachedConnection:  Added {QA sa=/127.0.0.1:11222, #Rops=0, #Wops=0, #iq=0, topRop=null, topWop=null, toWrite=0, interested=0} to connect queue
2026-06-08 15:29:21.073 INFO net.spy.memcached.MemcachedConnection:  Added {QA sa=/127.0.0.1:11222, #Rops=0, #Wops=0, #iq=0, topRop=null, topWop=null, toWrite=0, interested=0} to connect queue
DBWrapper: report latency for each error is false and specific error codes to track for latency are: []
DBWrapper: report latency for each error is false and specific error codes to track for latency are: []
2026-06-08 15:29:21.073 INFO net.spy.memcached.MemcachedConnection:  Added {QA sa=/127.0.0.1:11222, #Rops=0, #Wops=0, #iq=0, topRop=null, topWop=null, toWrite=0, interested=0} to connect queue
DBWrapper: report latency for each error is false and specific error codes to track for latency are: []
2026-06-08 15:29:21.073 INFO net.spy.memcached.MemcachedConnection:  Added {QA sa=/127.0.0.1:11222, #Rops=0, #Wops=0, #iq=0, topRop=null, topWop=null, toWrite=0, interested=0} to connect queue
DBWrapper: report latency for each error is false and specific error codes to track for latency are: []
2026-06-08 15:29:21.074 INFO net.spy.memcached.MemcachedConnection:  Added {QA sa=/127.0.0.1:11222, #Rops=0, #Wops=0, #iq=0, topRop=null, topWop=null, toWrite=0, interested=0} to connect queue
DBWrapper: report latency for each error is false and specific error codes to track for latency are: []
DBWrapper: report latency for each error is false and specific error codes to track for latency are: []
DBWrapper: report latency for each error is false and specific error codes to track for latency are: []
2026-06-08 15:29:21.074 INFO net.spy.memcached.MemcachedConnection:  Added {QA sa=/127.0.0.1:11222, #Rops=0, #Wops=0, #iq=0, topRop=null, topWop=null, toWrite=0, interested=0} to connect queue
DBWrapper: report latency for each error is false and specific error codes to track for latency are: []
DBWrapper: report latency for each error is false and specific error codes to track for latency are: []
DBWrapper: report latency for each error is false and specific error codes to track for latency are: []
DBWrapper: report latency for each error is false and specific error codes to track for latency are: []
DBWrapper: report latency for each error is false and specific error codes to track for latency are: []
DBWrapper: report latency for each error is false and specific error codes to track for latency are: []
DBWrapper: report latency for each error is false and specific error codes to track for latency are: []
2026-06-08 15:29:21.076 INFO net.spy.memcached.MemcachedConnection:  Added {QA sa=/127.0.0.1:11222, #Rops=0, #Wops=0, #iq=0, topRop=null, topWop=null, toWrite=0, interested=0} to connect queue
2026-06-08 15:29:21.076 INFO net.spy.memcached.MemcachedConnection:  Added {QA sa=/127.0.0.1:11222, #Rops=0, #Wops=0, #iq=0, topRop=null, topWop=null, toWrite=0, interested=0} to connect queue
DBWrapper: report latency for each error is false and specific error codes to track for latency are: []
DBWrapper: report latency for each error is false and specific error codes to track for latency are: []
2026-06-08 15:29:30:989 10 sec: 562034 operations; 56203.4 current ops/sec; est completion in 4 hours 56 minutes [READ: Count=101185, Max=33535, Min=69, Avg=261.74, 90=379, 99=963, 99.9=3387, 99.99=5035] [UPDATE: Count=462857, Max=53727, Min=64, Avg=281.81, 90=405, 99=1359, 99.9=3709, 99.99=7031] 
2026-06-08 15:29:40:987 20 sec: 1346019 operations; 78398.5 current ops/sec; est completion in 4 hours 7 minutes [READ: Count=140833, Max=5551, Min=65, Avg=200.48, 90=267, 99=354, 99.9=806, 99.99=2833] [UPDATE: Count=641428, Max=7507, Min=61, Avg=202.25, 90=270, 99=362, 99.9=739, 99.99=2807] 
Maximum time elapsed. Requesting stop for the workload.
Stop requested for workload. Now Joining!
2026-06-08 15:29:50:987 30 sec: 2138347 operations; 79232.8 current ops/sec; est completion in 3 hours 53 minutes [READ: Count=142837, Max=3351, Min=67, Avg=198.57, 90=265, 99=346, 99.9=563, 99.99=2329] [UPDATE: Count=649291, Max=4347, Min=55, Avg=200.17, 90=269, 99=354, 99.9=548, 99.99=1539] 
2026-06-08 15:29:50.996 INFO net.spy.memcached.MemcachedConnection:  Shut down memcached client
2026-06-08 15:29:50.996 INFO net.spy.memcached.MemcachedConnection:  Shut down memcached client
2026-06-08 15:29:50.996 INFO net.spy.memcached.MemcachedConnection:  Shut down memcached client
2026-06-08 15:29:50.997 INFO net.spy.memcached.MemcachedConnection:  Shut down memcached client
2026-06-08 15:29:50.997 INFO net.spy.memcached.MemcachedConnection:  Shut down memcached client
2026-06-08 15:29:50.997 INFO net.spy.memcached.MemcachedConnection:  Shut down memcached client
2026-06-08 15:29:50.997 INFO net.spy.memcached.MemcachedConnection:  Shut down memcached client
2026-06-08 15:29:50.998 INFO net.spy.memcached.MemcachedConnection:  Shut down memcached client
2026-06-08 15:29:50.998 INFO net.spy.memcached.MemcachedConnection:  Shut down memcached client
2026-06-08 15:29:50.998 INFO net.spy.memcached.MemcachedConnection:  Shut down memcached client
2026-06-08 15:29:50.998 INFO net.spy.memcached.MemcachedConnection:  Shut down memcached client
2026-06-08 15:29:50.998 INFO net.spy.memcached.MemcachedConnection:  Shut down memcached client
2026-06-08 15:29:50.999 INFO net.spy.memcached.MemcachedConnection:  Shut down memcached client
2026-06-08 15:29:50.999 INFO net.spy.memcached.MemcachedConnection:  Shut down memcached client
2026-06-08 15:29:50.999 INFO net.spy.memcached.MemcachedConnection:  Shut down memcached client
2026-06-08 15:29:50.999 INFO net.spy.memcached.MemcachedConnection:  Shut down memcached client
2026-06-08 15:29:50:999 30 sec: 2138493 operations; 12166.67 current ops/sec; est completion in 3 hours 53 minutes [READ: Count=17, Max=3591, Min=100, Avg=785, 90=3097, 99=3591, 99.9=3591, 99.99=3591] [CLEANUP: Count=16, Max=8967, Min=4184, Avg=6091.62, 90=6563, 99=8967, 99.9=8967, 99.99=8967] [UPDATE: Count=45, Max=3793, Min=91, Avg=387.24, 90=446, 99=3793, 99.9=3793, 99.99=3793] 
[OVERALL], RunTime(ms), 30012
[OVERALL], Throughput(ops/sec), 71254.59816073571
[TOTAL_GCS_G1_Young_Generation], Count, 48
[TOTAL_GC_TIME_G1_Young_Generation], Time(ms), 61
[TOTAL_GC_TIME_%_G1_Young_Generation], Time(%), 0.20325203252032523
[TOTAL_GCS_G1_Concurrent_GC], Count, 0
[TOTAL_GC_TIME_G1_Concurrent_GC], Time(ms), 0
[TOTAL_GC_TIME_%_G1_Concurrent_GC], Time(%), 0.0
[TOTAL_GCS_G1_Old_Generation], Count, 0
[TOTAL_GC_TIME_G1_Old_Generation], Time(ms), 0
[TOTAL_GC_TIME_%_G1_Old_Generation], Time(%), 0.0
[TOTAL_GCs], Count, 48
[TOTAL_GC_TIME], Time(ms), 61
[TOTAL_GC_TIME_%], Time(%), 0.20325203252032523
[READ], Operations, 384872
[READ], AverageLatency(us), 215.90081637531438
[READ], MinLatency(us), 65
[READ], MaxLatency(us), 33535
[READ], 95thPercentileLatency(us), 336
[READ], 99thPercentileLatency(us), 540
[READ], Return=OK, 384872
[CLEANUP], Operations, 16
[CLEANUP], AverageLatency(us), 6091.625
[CLEANUP], MinLatency(us), 4184
[CLEANUP], MaxLatency(us), 8967
[CLEANUP], 95thPercentileLatency(us), 6715
[CLEANUP], 99thPercentileLatency(us), 8967
[UPDATE], Operations, 1753621
[UPDATE], AverageLatency(us), 222.4839312485423
[UPDATE], MinLatency(us), 55
[UPDATE], MaxLatency(us), 53727
[UPDATE], 95thPercentileLatency(us), 347
[UPDATE], 99thPercentileLatency(us), 693
[UPDATE], Return=OK, 1753621
