/usr/bin/java  -classpath /home/morisaki/Application/ycsb-0.17.0/conf:/home/morisaki/Application/ycsb-0.17.0/lib/HdrHistogram-2.1.4.jar:/home/morisaki/Application/ycsb-0.17.0/lib/core-0.17.0.jar:/home/morisaki/Application/ycsb-0.17.0/lib/htrace-core4-4.1.0-incubating.jar:/home/morisaki/Application/ycsb-0.17.0/lib/jackson-core-asl-1.9.4.jar:/home/morisaki/Application/ycsb-0.17.0/lib/jackson-mapper-asl-1.9.4.jar:/home/morisaki/Application/ycsb-0.17.0/memcached-binding/lib/HdrHistogram-2.1.4.jar:/home/morisaki/Application/ycsb-0.17.0/memcached-binding/lib/core-0.17.0.jar:/home/morisaki/Application/ycsb-0.17.0/memcached-binding/lib/htrace-core4-4.1.0-incubating.jar:/home/morisaki/Application/ycsb-0.17.0/memcached-binding/lib/jackson-core-asl-1.9.4.jar:/home/morisaki/Application/ycsb-0.17.0/memcached-binding/lib/jackson-mapper-asl-1.9.13.jar:/home/morisaki/Application/ycsb-0.17.0/memcached-binding/lib/log4j-1.2.17.jar:/home/morisaki/Application/ycsb-0.17.0/memcached-binding/lib/memcached-binding-0.17.0.jar:/home/morisaki/Application/ycsb-0.17.0/memcached-binding/lib/spymemcached-2.11.4.jar site.ycsb.Client -t -db site.ycsb.db.MemcachedClient -s -P ./experiment/workloads/var_workload.dat -p memcached.hosts=127.0.0.1:11222 -p maxexecutiontime=30 -threads 16
Command line: -t -db site.ycsb.db.MemcachedClient -s -P ./experiment/workloads/var_workload.dat -p memcached.hosts=127.0.0.1:11222 -p maxexecutiontime=30 -threads 16
YCSB Client 0.17.0

Loading workload...
log4j:WARN No appenders could be found for logger (org.apache.htrace.core.Tracer).
log4j:WARN Please initialize the log4j system properly.
log4j:WARN See http://logging.apache.org/log4j/1.2/faq.html#noconfig for more info.
Starting test.
2026-06-08 15:09:43:810 0 sec: 0 operations; est completion in 0 second 
Maximum execution time specified as: 30 secs
2026-06-08 15:09:43.888 INFO net.spy.memcached.MemcachedConnection:  Added {QA sa=/127.0.0.1:11222, #Rops=0, #Wops=0, #iq=0, topRop=null, topWop=null, toWrite=0, interested=0} to connect queue
2026-06-08 15:09:43.889 INFO net.spy.memcached.MemcachedConnection:  Added {QA sa=/127.0.0.1:11222, #Rops=0, #Wops=0, #iq=0, topRop=null, topWop=null, toWrite=0, interested=0} to connect queue
2026-06-08 15:09:43.889 INFO net.spy.memcached.MemcachedConnection:  Added {QA sa=/127.0.0.1:11222, #Rops=0, #Wops=0, #iq=0, topRop=null, topWop=null, toWrite=0, interested=0} to connect queue
2026-06-08 15:09:43.889 INFO net.spy.memcached.MemcachedConnection:  Added {QA sa=/127.0.0.1:11222, #Rops=0, #Wops=0, #iq=0, topRop=null, topWop=null, toWrite=0, interested=0} to connect queue
2026-06-08 15:09:43.889 INFO net.spy.memcached.MemcachedConnection:  Added {QA sa=/127.0.0.1:11222, #Rops=0, #Wops=0, #iq=0, topRop=null, topWop=null, toWrite=0, interested=0} to connect queue
2026-06-08 15:09:43.890 INFO net.spy.memcached.MemcachedConnection:  Added {QA sa=/127.0.0.1:11222, #Rops=0, #Wops=0, #iq=0, topRop=null, topWop=null, toWrite=0, interested=0} to connect queue
2026-06-08 15:09:43.890 INFO net.spy.memcached.MemcachedConnection:  Added {QA sa=/127.0.0.1:11222, #Rops=0, #Wops=0, #iq=0, topRop=null, topWop=null, toWrite=0, interested=0} to connect queue
2026-06-08 15:09:43.890 INFO net.spy.memcached.MemcachedConnection:  Added {QA sa=/127.0.0.1:11222, #Rops=0, #Wops=0, #iq=0, topRop=null, topWop=null, toWrite=0, interested=0} to connect queue
2026-06-08 15:09:43.891 INFO net.spy.memcached.MemcachedConnection:  Added {QA sa=/127.0.0.1:11222, #Rops=0, #Wops=0, #iq=0, topRop=null, topWop=null, toWrite=0, interested=0} to connect queue
2026-06-08 15:09:43.891 INFO net.spy.memcached.MemcachedConnection:  Added {QA sa=/127.0.0.1:11222, #Rops=0, #Wops=0, #iq=0, topRop=null, topWop=null, toWrite=0, interested=0} to connect queue
DBWrapper: report latency for each error is false and specific error codes to track for latency are: []
DBWrapper: report latency for each error is false and specific error codes to track for latency are: []
DBWrapper: report latency for each error is false and specific error codes to track for latency are: []
DBWrapper: report latency for each error is false and specific error codes to track for latency are: []
2026-06-08 15:09:43.891 INFO net.spy.memcached.MemcachedConnection:  Added {QA sa=/127.0.0.1:11222, #Rops=0, #Wops=0, #iq=0, topRop=null, topWop=null, toWrite=0, interested=0} to connect queue
DBWrapper: report latency for each error is false and specific error codes to track for latency are: []
DBWrapper: report latency for each error is false and specific error codes to track for latency are: []
2026-06-08 15:09:43.892 INFO net.spy.memcached.MemcachedConnection:  Added {QA sa=/127.0.0.1:11222, #Rops=0, #Wops=0, #iq=0, topRop=null, topWop=null, toWrite=0, interested=0} to connect queue
2026-06-08 15:09:43.893 INFO net.spy.memcached.MemcachedConnection:  Added {QA sa=/127.0.0.1:11222, #Rops=0, #Wops=0, #iq=0, topRop=null, topWop=null, toWrite=0, interested=0} to connect queue
DBWrapper: report latency for each error is false and specific error codes to track for latency are: []
2026-06-08 15:09:43.893 INFO net.spy.memcached.MemcachedConnection:  Added {QA sa=/127.0.0.1:11222, #Rops=0, #Wops=0, #iq=0, topRop=null, topWop=null, toWrite=0, interested=0} to connect queue
DBWrapper: report latency for each error is false and specific error codes to track for latency are: []
2026-06-08 15:09:43.893 INFO net.spy.memcached.MemcachedConnection:  Added {QA sa=/127.0.0.1:11222, #Rops=0, #Wops=0, #iq=0, topRop=null, topWop=null, toWrite=0, interested=0} to connect queue
2026-06-08 15:09:43.894 INFO net.spy.memcached.MemcachedConnection:  Added {QA sa=/127.0.0.1:11222, #Rops=0, #Wops=0, #iq=0, topRop=null, topWop=null, toWrite=0, interested=0} to connect queue
DBWrapper: report latency for each error is false and specific error codes to track for latency are: []
DBWrapper: report latency for each error is false and specific error codes to track for latency are: []
DBWrapper: report latency for each error is false and specific error codes to track for latency are: []
DBWrapper: report latency for each error is false and specific error codes to track for latency are: []
DBWrapper: report latency for each error is false and specific error codes to track for latency are: []
DBWrapper: report latency for each error is false and specific error codes to track for latency are: []
DBWrapper: report latency for each error is false and specific error codes to track for latency are: []
DBWrapper: report latency for each error is false and specific error codes to track for latency are: []
2026-06-08 15:09:53:810 10 sec: 602882 operations; 60288.2 current ops/sec; est completion in 4 hours 36 minutes [READ: Count=108854, Max=26655, Min=70, Avg=255.96, 90=372, 99=951, 99.9=3427, 99.99=4971] [UPDATE: Count=495665, Max=63359, Min=66, Avg=260.46, 90=379, 99=1044, 99.9=3537, 99.99=6019] 
2026-06-08 15:10:03:810 20 sec: 1384386 operations; 78142.59 current ops/sec; est completion in 4 hours [READ: Count=141186, Max=10311, Min=67, Avg=201.75, 90=268, 99=355, 99.9=1026, 99.99=4039] [UPDATE: Count=638892, Max=11911, Min=61, Avg=202.88, 90=271, 99=363, 99.9=851, 99.99=3447] 
Maximum time elapsed. Requesting stop for the workload.
Stop requested for workload. Now Joining!
2026-06-08 15:10:13:811 30 sec: 2171094 operations; 78670.8 current ops/sec; est completion in 3 hours 49 minutes [READ: Count=141457, Max=3403, Min=66, Avg=200.4, 90=267, 99=348, 99.9=578, 99.99=1951] [UPDATE: Count=645106, Max=6371, Min=62, Avg=201.62, 90=270, 99=356, 99.9=560, 99.99=1997] 
2026-06-08 15:10:13.826 INFO net.spy.memcached.MemcachedConnection:  Shut down memcached client
2026-06-08 15:10:13.827 INFO net.spy.memcached.MemcachedConnection:  Shut down memcached client
2026-06-08 15:10:13.827 INFO net.spy.memcached.MemcachedConnection:  Shut down memcached client
2026-06-08 15:10:13.828 INFO net.spy.memcached.MemcachedConnection:  Shut down memcached client
2026-06-08 15:10:13.828 INFO net.spy.memcached.MemcachedConnection:  Shut down memcached client
2026-06-08 15:10:13.828 INFO net.spy.memcached.MemcachedConnection:  Shut down memcached client
2026-06-08 15:10:13.828 INFO net.spy.memcached.MemcachedConnection:  Shut down memcached client
2026-06-08 15:10:13.829 INFO net.spy.memcached.MemcachedConnection:  Shut down memcached client
2026-06-08 15:10:13.829 INFO net.spy.memcached.MemcachedConnection:  Shut down memcached client
2026-06-08 15:10:13.829 INFO net.spy.memcached.MemcachedConnection:  Shut down memcached client
2026-06-08 15:10:13.829 INFO net.spy.memcached.MemcachedConnection:  Shut down memcached client
2026-06-08 15:10:13.830 INFO net.spy.memcached.MemcachedConnection:  Shut down memcached client
2026-06-08 15:10:13.830 INFO net.spy.memcached.MemcachedConnection:  Shut down memcached client
2026-06-08 15:10:13.830 INFO net.spy.memcached.MemcachedConnection:  Shut down memcached client
2026-06-08 15:10:13.830 INFO net.spy.memcached.MemcachedConnection:  Shut down memcached client
2026-06-08 15:10:13.830 INFO net.spy.memcached.MemcachedConnection:  Shut down memcached client
2026-06-08 15:10:13:827 30 sec: 2171175 operations; 4764.71 current ops/sec; est completion in 3 hours 49 minutes [READ: Count=14, Max=2427, Min=137, Avg=410.07, 90=719, 99=2427, 99.9=2427, 99.99=2427] [CLEANUP: Count=16, Max=14983, Min=9840, Avg=14027, 90=14831, 99=14983, 99.9=14983, 99.99=14983] [UPDATE: Count=1, Max=2237, Min=2236, Avg=2237, 90=2237, 99=2237, 99.9=2237, 99.99=2237] 
[OVERALL], RunTime(ms), 30019
[OVERALL], Throughput(ops/sec), 72326.69309437356
[TOTAL_GCS_G1_Young_Generation], Count, 50
[TOTAL_GC_TIME_G1_Young_Generation], Time(ms), 63
[TOTAL_GC_TIME_%_G1_Young_Generation], Time(%), 0.20986708418001934
[TOTAL_GCS_G1_Concurrent_GC], Count, 0
[TOTAL_GC_TIME_G1_Concurrent_GC], Time(ms), 0
[TOTAL_GC_TIME_%_G1_Concurrent_GC], Time(%), 0.0
[TOTAL_GCS_G1_Old_Generation], Count, 0
[TOTAL_GC_TIME_G1_Old_Generation], Time(ms), 0
[TOTAL_GC_TIME_%_G1_Old_Generation], Time(%), 0.0
[TOTAL_GCs], Count, 50
[TOTAL_GC_TIME], Time(ms), 63
[TOTAL_GC_TIME_%], Time(%), 0.20986708418001934
[READ], Operations, 391511
[READ], AverageLatency(us), 216.34217684816008
[READ], MinLatency(us), 66
[READ], MaxLatency(us), 26655
[READ], 95thPercentileLatency(us), 333
[READ], 99thPercentileLatency(us), 549
[READ], Return=OK, 391511
[CLEANUP], Operations, 16
[CLEANUP], AverageLatency(us), 14027.0
[CLEANUP], MinLatency(us), 9840
[CLEANUP], MaxLatency(us), 14983
[CLEANUP], 95thPercentileLatency(us), 14927
[CLEANUP], 99thPercentileLatency(us), 14983
[UPDATE], Operations, 1779664
[UPDATE], AverageLatency(us), 218.46418874574076
[UPDATE], MinLatency(us), 61
[UPDATE], MaxLatency(us), 63359
[UPDATE], 95thPercentileLatency(us), 338
[UPDATE], 99thPercentileLatency(us), 567
[UPDATE], Return=OK, 1779664
