/usr/bin/java  -classpath /home/morisaki/Application/ycsb-0.17.0/conf:/home/morisaki/Application/ycsb-0.17.0/lib/HdrHistogram-2.1.4.jar:/home/morisaki/Application/ycsb-0.17.0/lib/core-0.17.0.jar:/home/morisaki/Application/ycsb-0.17.0/lib/htrace-core4-4.1.0-incubating.jar:/home/morisaki/Application/ycsb-0.17.0/lib/jackson-core-asl-1.9.4.jar:/home/morisaki/Application/ycsb-0.17.0/lib/jackson-mapper-asl-1.9.4.jar:/home/morisaki/Application/ycsb-0.17.0/memcached-binding/lib/HdrHistogram-2.1.4.jar:/home/morisaki/Application/ycsb-0.17.0/memcached-binding/lib/core-0.17.0.jar:/home/morisaki/Application/ycsb-0.17.0/memcached-binding/lib/htrace-core4-4.1.0-incubating.jar:/home/morisaki/Application/ycsb-0.17.0/memcached-binding/lib/jackson-core-asl-1.9.4.jar:/home/morisaki/Application/ycsb-0.17.0/memcached-binding/lib/jackson-mapper-asl-1.9.13.jar:/home/morisaki/Application/ycsb-0.17.0/memcached-binding/lib/log4j-1.2.17.jar:/home/morisaki/Application/ycsb-0.17.0/memcached-binding/lib/memcached-binding-0.17.0.jar:/home/morisaki/Application/ycsb-0.17.0/memcached-binding/lib/spymemcached-2.11.4.jar site.ycsb.Client -t -db site.ycsb.db.MemcachedClient -s -P ./experiment/workloads/var_workload.dat -p memcached.hosts=127.0.0.1:11222 -p maxexecutiontime=30 -threads 16
Command line: -t -db site.ycsb.db.MemcachedClient -s -P ./experiment/workloads/var_workload.dat -p memcached.hosts=127.0.0.1:11222 -p maxexecutiontime=30 -threads 16
YCSB Client 0.17.0

Loading workload...
log4j:WARN No appenders could be found for logger (org.apache.htrace.core.Tracer).
log4j:WARN Please initialize the log4j system properly.
log4j:WARN See http://logging.apache.org/log4j/1.2/faq.html#noconfig for more info.
Starting test.
2026-06-08 15:16:20:971 0 sec: 0 operations; est completion in 0 second 
Maximum execution time specified as: 30 secs
2026-06-08 15:16:21.057 INFO net.spy.memcached.MemcachedConnection:  Added {QA sa=/127.0.0.1:11222, #Rops=0, #Wops=0, #iq=0, topRop=null, topWop=null, toWrite=0, interested=0} to connect queue
2026-06-08 15:16:21.057 INFO net.spy.memcached.MemcachedConnection:  Added {QA sa=/127.0.0.1:11222, #Rops=0, #Wops=0, #iq=0, topRop=null, topWop=null, toWrite=0, interested=0} to connect queue
2026-06-08 15:16:21.057 INFO net.spy.memcached.MemcachedConnection:  Added {QA sa=/127.0.0.1:11222, #Rops=0, #Wops=0, #iq=0, topRop=null, topWop=null, toWrite=0, interested=0} to connect queue
2026-06-08 15:16:21.058 INFO net.spy.memcached.MemcachedConnection:  Added {QA sa=/127.0.0.1:11222, #Rops=0, #Wops=0, #iq=0, topRop=null, topWop=null, toWrite=0, interested=0} to connect queue
2026-06-08 15:16:21.058 INFO net.spy.memcached.MemcachedConnection:  Added {QA sa=/127.0.0.1:11222, #Rops=0, #Wops=0, #iq=0, topRop=null, topWop=null, toWrite=0, interested=0} to connect queue
2026-06-08 15:16:21.058 INFO net.spy.memcached.MemcachedConnection:  Added {QA sa=/127.0.0.1:11222, #Rops=0, #Wops=0, #iq=0, topRop=null, topWop=null, toWrite=0, interested=0} to connect queue
2026-06-08 15:16:21.058 INFO net.spy.memcached.MemcachedConnection:  Added {QA sa=/127.0.0.1:11222, #Rops=0, #Wops=0, #iq=0, topRop=null, topWop=null, toWrite=0, interested=0} to connect queue
2026-06-08 15:16:21.059 INFO net.spy.memcached.MemcachedConnection:  Added {QA sa=/127.0.0.1:11222, #Rops=0, #Wops=0, #iq=0, topRop=null, topWop=null, toWrite=0, interested=0} to connect queue
2026-06-08 15:16:21.059 INFO net.spy.memcached.MemcachedConnection:  Added {QA sa=/127.0.0.1:11222, #Rops=0, #Wops=0, #iq=0, topRop=null, topWop=null, toWrite=0, interested=0} to connect queue
2026-06-08 15:16:21.059 INFO net.spy.memcached.MemcachedConnection:  Added {QA sa=/127.0.0.1:11222, #Rops=0, #Wops=0, #iq=0, topRop=null, topWop=null, toWrite=0, interested=0} to connect queue
DBWrapper: report latency for each error is false and specific error codes to track for latency are: []
DBWrapper: report latency for each error is false and specific error codes to track for latency are: []
DBWrapper: report latency for each error is false and specific error codes to track for latency are: []
DBWrapper: report latency for each error is false and specific error codes to track for latency are: []
DBWrapper: report latency for each error is false and specific error codes to track for latency are: []
2026-06-08 15:16:21.060 INFO net.spy.memcached.MemcachedConnection:  Added {QA sa=/127.0.0.1:11222, #Rops=0, #Wops=0, #iq=0, topRop=null, topWop=null, toWrite=0, interested=0} to connect queue
DBWrapper: report latency for each error is false and specific error codes to track for latency are: []
2026-06-08 15:16:21.061 INFO net.spy.memcached.MemcachedConnection:  Added {QA sa=/127.0.0.1:11222, #Rops=0, #Wops=0, #iq=0, topRop=null, topWop=null, toWrite=0, interested=0} to connect queue
DBWrapper: report latency for each error is false and specific error codes to track for latency are: []
DBWrapper: report latency for each error is false and specific error codes to track for latency are: []
DBWrapper: report latency for each error is false and specific error codes to track for latency are: []
2026-06-08 15:16:21.061 INFO net.spy.memcached.MemcachedConnection:  Added {QA sa=/127.0.0.1:11222, #Rops=0, #Wops=0, #iq=0, topRop=null, topWop=null, toWrite=0, interested=0} to connect queue
DBWrapper: report latency for each error is false and specific error codes to track for latency are: []
2026-06-08 15:16:21.062 INFO net.spy.memcached.MemcachedConnection:  Added {QA sa=/127.0.0.1:11222, #Rops=0, #Wops=0, #iq=0, topRop=null, topWop=null, toWrite=0, interested=0} to connect queue
2026-06-08 15:16:21.062 INFO net.spy.memcached.MemcachedConnection:  Added {QA sa=/127.0.0.1:11222, #Rops=0, #Wops=0, #iq=0, topRop=null, topWop=null, toWrite=0, interested=0} to connect queue
DBWrapper: report latency for each error is false and specific error codes to track for latency are: []
2026-06-08 15:16:21.062 INFO net.spy.memcached.MemcachedConnection:  Added {QA sa=/127.0.0.1:11222, #Rops=0, #Wops=0, #iq=0, topRop=null, topWop=null, toWrite=0, interested=0} to connect queue
DBWrapper: report latency for each error is false and specific error codes to track for latency are: []
DBWrapper: report latency for each error is false and specific error codes to track for latency are: []
DBWrapper: report latency for each error is false and specific error codes to track for latency are: []
DBWrapper: report latency for each error is false and specific error codes to track for latency are: []
DBWrapper: report latency for each error is false and specific error codes to track for latency are: []
2026-06-08 15:16:30:971 10 sec: 572900 operations; 57290 current ops/sec; est completion in 4 hours 50 minutes [READ: Count=102726, Max=30623, Min=66, Avg=267.06, 90=396, 99=967, 99.9=3419, 99.99=6323] [UPDATE: Count=471361, Max=53727, Min=67, Avg=274.05, 90=408, 99=1061, 99.9=3547, 99.99=6483] 
2026-06-08 15:16:40:972 20 sec: 1365496 operations; 79259.6 current ops/sec; est completion in 4 hours 3 minutes [READ: Count=143208, Max=5771, Min=66, Avg=198.17, 90=266, 99=347, 99.9=725, 99.99=2615] [UPDATE: Count=648330, Max=4963, Min=61, Avg=200.08, 90=270, 99=358, 99.9=635, 99.99=2661] 
Maximum time elapsed. Requesting stop for the workload.
Stop requested for workload. Now Joining!
2026-06-08 15:16:50:971 30 sec: 2157632 operations; 79213.6 current ops/sec; est completion in 3 hours 51 minutes [READ: Count=142195, Max=3893, Min=67, Avg=198.49, 90=265, 99=347, 99.9=582, 99.99=2271] [UPDATE: Count=649909, Max=3921, Min=65, Avg=200.29, 90=268, 99=354, 99.9=554, 99.99=2335] 
2026-06-08 15:16:50.979 INFO net.spy.memcached.MemcachedConnection:  Shut down memcached client
2026-06-08 15:16:50.980 INFO net.spy.memcached.MemcachedConnection:  Shut down memcached client
2026-06-08 15:16:50.982 INFO net.spy.memcached.MemcachedConnection:  Shut down memcached client
2026-06-08 15:16:50.982 INFO net.spy.memcached.MemcachedConnection:  Shut down memcached client
2026-06-08 15:16:50.983 INFO net.spy.memcached.MemcachedConnection:  Shut down memcached client
2026-06-08 15:16:50.983 INFO net.spy.memcached.MemcachedConnection:  Shut down memcached client
2026-06-08 15:16:50.983 INFO net.spy.memcached.MemcachedConnection:  Shut down memcached client
2026-06-08 15:16:50.983 INFO net.spy.memcached.MemcachedConnection:  Shut down memcached client
2026-06-08 15:16:50.984 INFO net.spy.memcached.MemcachedConnection:  Shut down memcached client
2026-06-08 15:16:50.984 INFO net.spy.memcached.MemcachedConnection:  Shut down memcached client
2026-06-08 15:16:50.984 INFO net.spy.memcached.MemcachedConnection:  Shut down memcached client
2026-06-08 15:16:50.984 INFO net.spy.memcached.MemcachedConnection:  Shut down memcached client
2026-06-08 15:16:50.985 INFO net.spy.memcached.MemcachedConnection:  Shut down memcached client
2026-06-08 15:16:50.985 INFO net.spy.memcached.MemcachedConnection:  Shut down memcached client
2026-06-08 15:16:50.985 INFO net.spy.memcached.MemcachedConnection:  Shut down memcached client
2026-06-08 15:16:50.985 INFO net.spy.memcached.MemcachedConnection:  Shut down memcached client
2026-06-08 15:16:50:985 30 sec: 2157798 operations; 12769.23 current ops/sec; est completion in 3 hours 51 minutes [READ: Count=17, Max=4331, Min=99, Avg=451.76, 90=296, 99=4331, 99.9=4331, 99.99=4331] [CLEANUP: Count=16, Max=9535, Min=3224, Avg=5655.06, 90=6511, 99=9535, 99.9=9535, 99.99=9535] [UPDATE: Count=52, Max=3275, Min=75, Avg=389.62, 90=785, 99=2431, 99.9=3275, 99.99=3275] 
[OVERALL], RunTime(ms), 30013
[OVERALL], Throughput(ops/sec), 71895.44530703362
[TOTAL_GCS_G1_Young_Generation], Count, 48
[TOTAL_GC_TIME_G1_Young_Generation], Time(ms), 59
[TOTAL_GC_TIME_%_G1_Young_Generation], Time(%), 0.19658148135807815
[TOTAL_GCS_G1_Concurrent_GC], Count, 0
[TOTAL_GC_TIME_G1_Concurrent_GC], Time(ms), 0
[TOTAL_GC_TIME_%_G1_Concurrent_GC], Time(%), 0.0
[TOTAL_GCS_G1_Old_Generation], Count, 0
[TOTAL_GC_TIME_G1_Old_Generation], Time(ms), 0
[TOTAL_GC_TIME_%_G1_Old_Generation], Time(%), 0.0
[TOTAL_GCs], Count, 48
[TOTAL_GC_TIME], Time(ms), 59
[TOTAL_GC_TIME_%], Time(%), 0.19658148135807815
[READ], Operations, 388146
[READ], AverageLatency(us), 216.53177154988072
[READ], MinLatency(us), 66
[READ], MaxLatency(us), 30623
[READ], 95thPercentileLatency(us), 343
[READ], 99thPercentileLatency(us), 556
[READ], Return=OK, 388146
[CLEANUP], Operations, 16
[CLEANUP], AverageLatency(us), 5655.0625
[CLEANUP], MinLatency(us), 3224
[CLEANUP], MaxLatency(us), 9535
[CLEANUP], 95thPercentileLatency(us), 6743
[CLEANUP], 99thPercentileLatency(us), 9535
[UPDATE], Operations, 1769652
[UPDATE], AverageLatency(us), 219.86320248274802
[UPDATE], MinLatency(us), 61
[UPDATE], MaxLatency(us), 53727
[UPDATE], 95thPercentileLatency(us), 351
[UPDATE], 99thPercentileLatency(us), 578
[UPDATE], Return=OK, 1769652
