/usr/bin/java  -classpath /home/morisaki/Application/ycsb-0.17.0/conf:/home/morisaki/Application/ycsb-0.17.0/lib/HdrHistogram-2.1.4.jar:/home/morisaki/Application/ycsb-0.17.0/lib/core-0.17.0.jar:/home/morisaki/Application/ycsb-0.17.0/lib/htrace-core4-4.1.0-incubating.jar:/home/morisaki/Application/ycsb-0.17.0/lib/jackson-core-asl-1.9.4.jar:/home/morisaki/Application/ycsb-0.17.0/lib/jackson-mapper-asl-1.9.4.jar:/home/morisaki/Application/ycsb-0.17.0/memcached-binding/lib/HdrHistogram-2.1.4.jar:/home/morisaki/Application/ycsb-0.17.0/memcached-binding/lib/core-0.17.0.jar:/home/morisaki/Application/ycsb-0.17.0/memcached-binding/lib/htrace-core4-4.1.0-incubating.jar:/home/morisaki/Application/ycsb-0.17.0/memcached-binding/lib/jackson-core-asl-1.9.4.jar:/home/morisaki/Application/ycsb-0.17.0/memcached-binding/lib/jackson-mapper-asl-1.9.13.jar:/home/morisaki/Application/ycsb-0.17.0/memcached-binding/lib/log4j-1.2.17.jar:/home/morisaki/Application/ycsb-0.17.0/memcached-binding/lib/memcached-binding-0.17.0.jar:/home/morisaki/Application/ycsb-0.17.0/memcached-binding/lib/spymemcached-2.11.4.jar site.ycsb.Client -t -db site.ycsb.db.MemcachedClient -s -P ./experiment/workloads/var_workload.dat -p memcached.hosts=127.0.0.1:11222 -p maxexecutiontime=30 -threads 16
Command line: -t -db site.ycsb.db.MemcachedClient -s -P ./experiment/workloads/var_workload.dat -p memcached.hosts=127.0.0.1:11222 -p maxexecutiontime=30 -threads 16
YCSB Client 0.17.0

Loading workload...
log4j:WARN No appenders could be found for logger (org.apache.htrace.core.Tracer).
log4j:WARN Please initialize the log4j system properly.
log4j:WARN See http://logging.apache.org/log4j/1.2/faq.html#noconfig for more info.
Starting test.
2026-06-08 15:24:15:125 0 sec: 0 operations; est completion in 0 second 
Maximum execution time specified as: 30 secs
2026-06-08 15:24:15.207 INFO net.spy.memcached.MemcachedConnection:  Added {QA sa=/127.0.0.1:11222, #Rops=0, #Wops=0, #iq=0, topRop=null, topWop=null, toWrite=0, interested=0} to connect queue
2026-06-08 15:24:15.207 INFO net.spy.memcached.MemcachedConnection:  Added {QA sa=/127.0.0.1:11222, #Rops=0, #Wops=0, #iq=0, topRop=null, topWop=null, toWrite=0, interested=0} to connect queue
2026-06-08 15:24:15.207 INFO net.spy.memcached.MemcachedConnection:  Added {QA sa=/127.0.0.1:11222, #Rops=0, #Wops=0, #iq=0, topRop=null, topWop=null, toWrite=0, interested=0} to connect queue
2026-06-08 15:24:15.208 INFO net.spy.memcached.MemcachedConnection:  Added {QA sa=/127.0.0.1:11222, #Rops=0, #Wops=0, #iq=0, topRop=null, topWop=null, toWrite=0, interested=0} to connect queue
2026-06-08 15:24:15.208 INFO net.spy.memcached.MemcachedConnection:  Added {QA sa=/127.0.0.1:11222, #Rops=0, #Wops=0, #iq=0, topRop=null, topWop=null, toWrite=0, interested=0} to connect queue
2026-06-08 15:24:15.208 INFO net.spy.memcached.MemcachedConnection:  Added {QA sa=/127.0.0.1:11222, #Rops=0, #Wops=0, #iq=0, topRop=null, topWop=null, toWrite=0, interested=0} to connect queue
2026-06-08 15:24:15.208 INFO net.spy.memcached.MemcachedConnection:  Added {QA sa=/127.0.0.1:11222, #Rops=0, #Wops=0, #iq=0, topRop=null, topWop=null, toWrite=0, interested=0} to connect queue
2026-06-08 15:24:15.209 INFO net.spy.memcached.MemcachedConnection:  Added {QA sa=/127.0.0.1:11222, #Rops=0, #Wops=0, #iq=0, topRop=null, topWop=null, toWrite=0, interested=0} to connect queue
2026-06-08 15:24:15.209 INFO net.spy.memcached.MemcachedConnection:  Added {QA sa=/127.0.0.1:11222, #Rops=0, #Wops=0, #iq=0, topRop=null, topWop=null, toWrite=0, interested=0} to connect queue
2026-06-08 15:24:15.209 INFO net.spy.memcached.MemcachedConnection:  Added {QA sa=/127.0.0.1:11222, #Rops=0, #Wops=0, #iq=0, topRop=null, topWop=null, toWrite=0, interested=0} to connect queue
2026-06-08 15:24:15.210 INFO net.spy.memcached.MemcachedConnection:  Added {QA sa=/127.0.0.1:11222, #Rops=0, #Wops=0, #iq=0, topRop=null, topWop=null, toWrite=0, interested=0} to connect queue
DBWrapper: report latency for each error is false and specific error codes to track for latency are: []
2026-06-08 15:24:15.210 INFO net.spy.memcached.MemcachedConnection:  Added {QA sa=/127.0.0.1:11222, #Rops=0, #Wops=0, #iq=0, topRop=null, topWop=null, toWrite=0, interested=0} to connect queue
DBWrapper: report latency for each error is false and specific error codes to track for latency are: []
DBWrapper: report latency for each error is false and specific error codes to track for latency are: []
DBWrapper: report latency for each error is false and specific error codes to track for latency are: []
DBWrapper: report latency for each error is false and specific error codes to track for latency are: []
DBWrapper: report latency for each error is false and specific error codes to track for latency are: []
DBWrapper: report latency for each error is false and specific error codes to track for latency are: []
DBWrapper: report latency for each error is false and specific error codes to track for latency are: []
2026-06-08 15:24:15.211 INFO net.spy.memcached.MemcachedConnection:  Added {QA sa=/127.0.0.1:11222, #Rops=0, #Wops=0, #iq=0, topRop=null, topWop=null, toWrite=0, interested=0} to connect queue
DBWrapper: report latency for each error is false and specific error codes to track for latency are: []
2026-06-08 15:24:15.212 INFO net.spy.memcached.MemcachedConnection:  Added {QA sa=/127.0.0.1:11222, #Rops=0, #Wops=0, #iq=0, topRop=null, topWop=null, toWrite=0, interested=0} to connect queue
2026-06-08 15:24:15.212 INFO net.spy.memcached.MemcachedConnection:  Added {QA sa=/127.0.0.1:11222, #Rops=0, #Wops=0, #iq=0, topRop=null, topWop=null, toWrite=0, interested=0} to connect queue
DBWrapper: report latency for each error is false and specific error codes to track for latency are: []
DBWrapper: report latency for each error is false and specific error codes to track for latency are: []
DBWrapper: report latency for each error is false and specific error codes to track for latency are: []
2026-06-08 15:24:15.212 INFO net.spy.memcached.MemcachedConnection:  Added {QA sa=/127.0.0.1:11222, #Rops=0, #Wops=0, #iq=0, topRop=null, topWop=null, toWrite=0, interested=0} to connect queue
DBWrapper: report latency for each error is false and specific error codes to track for latency are: []
DBWrapper: report latency for each error is false and specific error codes to track for latency are: []
DBWrapper: report latency for each error is false and specific error codes to track for latency are: []
DBWrapper: report latency for each error is false and specific error codes to track for latency are: []
2026-06-08 15:24:25:125 10 sec: 556946 operations; 55694.6 current ops/sec; est completion in 4 hours 59 minutes [READ: Count=100209, Max=25199, Min=66, Avg=252.46, 90=356, 99=1030, 99.9=3133, 99.99=5383] [UPDATE: Count=457761, Max=59935, Min=64, Avg=287.41, 90=395, 99=1621, 99.9=3823, 99.99=6431] 
2026-06-08 15:24:35:125 20 sec: 1346245 operations; 78929.9 current ops/sec; est completion in 4 hours 7 minutes [READ: Count=141997, Max=3865, Min=64, Avg=197.92, 90=265, 99=347, 99.9=591, 99.99=2581] [UPDATE: Count=646555, Max=4089, Min=60, Avg=201.36, 90=270, 99=360, 99.9=649, 99.99=2497] 
Maximum time elapsed. Requesting stop for the workload.
Stop requested for workload. Now Joining!
2026-06-08 15:24:45:125 30 sec: 2145471 operations; 79922.6 current ops/sec; est completion in 3 hours 52 minutes [READ: Count=143233, Max=3419, Min=68, Avg=195.63, 90=261, 99=340, 99.9=546, 99.99=2563] [UPDATE: Count=655790, Max=4143, Min=60, Avg=198.84, 90=266, 99=350, 99.9=603, 99.99=2525] 
2026-06-08 15:24:45.144 INFO net.spy.memcached.MemcachedConnection:  Shut down memcached client
2026-06-08 15:24:45.144 INFO net.spy.memcached.MemcachedConnection:  Shut down memcached client
2026-06-08 15:24:45.145 INFO net.spy.memcached.MemcachedConnection:  Shut down memcached client
2026-06-08 15:24:45.145 INFO net.spy.memcached.MemcachedConnection:  Shut down memcached client
2026-06-08 15:24:45.145 INFO net.spy.memcached.MemcachedConnection:  Shut down memcached client
2026-06-08 15:24:45.145 INFO net.spy.memcached.MemcachedConnection:  Shut down memcached client
2026-06-08 15:24:45.146 INFO net.spy.memcached.MemcachedConnection:  Shut down memcached client
2026-06-08 15:24:45.146 INFO net.spy.memcached.MemcachedConnection:  Shut down memcached client
2026-06-08 15:24:45.146 INFO net.spy.memcached.MemcachedConnection:  Shut down memcached client
2026-06-08 15:24:45.146 INFO net.spy.memcached.MemcachedConnection:  Shut down memcached client
2026-06-08 15:24:45.147 INFO net.spy.memcached.MemcachedConnection:  Shut down memcached client
2026-06-08 15:24:45.147 INFO net.spy.memcached.MemcachedConnection:  Shut down memcached client
2026-06-08 15:24:45.147 INFO net.spy.memcached.MemcachedConnection:  Shut down memcached client
2026-06-08 15:24:45.147 INFO net.spy.memcached.MemcachedConnection:  Shut down memcached client
2026-06-08 15:24:45.147 INFO net.spy.memcached.MemcachedConnection:  Shut down memcached client
2026-06-08 15:24:45.148 INFO net.spy.memcached.MemcachedConnection:  Shut down memcached client
2026-06-08 15:24:45:146 30 sec: 2145597 operations; 6000 current ops/sec; est completion in 3 hours 52 minutes [READ: Count=25, Max=3105, Min=103, Avg=331.44, 90=631, 99=3105, 99.9=3105, 99.99=3105] [CLEANUP: Count=16, Max=17535, Min=15552, Avg=16820.75, 90=17359, 99=17535, 99.9=17535, 99.99=17535] [UPDATE: Count=27, Max=3669, Min=107, Avg=733.48, 90=1495, 99=3669, 99.9=3669, 99.99=3669] 
[OVERALL], RunTime(ms), 30021
[OVERALL], Throughput(ops/sec), 71469.87109023683
[TOTAL_GCS_G1_Young_Generation], Count, 47
[TOTAL_GC_TIME_G1_Young_Generation], Time(ms), 57
[TOTAL_GC_TIME_%_G1_Young_Generation], Time(%), 0.1898670930348756
[TOTAL_GCS_G1_Concurrent_GC], Count, 0
[TOTAL_GC_TIME_G1_Concurrent_GC], Time(ms), 0
[TOTAL_GC_TIME_%_G1_Concurrent_GC], Time(%), 0.0
[TOTAL_GCS_G1_Old_Generation], Count, 0
[TOTAL_GC_TIME_G1_Old_Generation], Time(ms), 0
[TOTAL_GC_TIME_%_G1_Old_Generation], Time(%), 0.0
[TOTAL_GCs], Count, 47
[TOTAL_GC_TIME], Time(ms), 57
[TOTAL_GC_TIME_%], Time(%), 0.1898670930348756
[READ], Operations, 385464
[READ], AverageLatency(us), 211.25751821181746
[READ], MinLatency(us), 64
[READ], MaxLatency(us), 25199
[READ], 95thPercentileLatency(us), 322
[READ], 99thPercentileLatency(us), 523
[READ], Return=OK, 385464
[CLEANUP], Operations, 16
[CLEANUP], AverageLatency(us), 16820.75
[CLEANUP], MinLatency(us), 15552
[CLEANUP], MaxLatency(us), 17535
[CLEANUP], 95thPercentileLatency(us), 17519
[CLEANUP], 99thPercentileLatency(us), 17535
[UPDATE], Operations, 1760133
[UPDATE], AverageLatency(us), 222.8103711480894
[UPDATE], MinLatency(us), 60
[UPDATE], MaxLatency(us), 59935
[UPDATE], 95thPercentileLatency(us), 337
[UPDATE], 99thPercentileLatency(us), 890
[UPDATE], Return=OK, 1760133
