/usr/bin/java  -classpath /home/morisaki/Application/ycsb-0.17.0/conf:/home/morisaki/Application/ycsb-0.17.0/lib/HdrHistogram-2.1.4.jar:/home/morisaki/Application/ycsb-0.17.0/lib/core-0.17.0.jar:/home/morisaki/Application/ycsb-0.17.0/lib/htrace-core4-4.1.0-incubating.jar:/home/morisaki/Application/ycsb-0.17.0/lib/jackson-core-asl-1.9.4.jar:/home/morisaki/Application/ycsb-0.17.0/lib/jackson-mapper-asl-1.9.4.jar:/home/morisaki/Application/ycsb-0.17.0/memcached-binding/lib/HdrHistogram-2.1.4.jar:/home/morisaki/Application/ycsb-0.17.0/memcached-binding/lib/core-0.17.0.jar:/home/morisaki/Application/ycsb-0.17.0/memcached-binding/lib/htrace-core4-4.1.0-incubating.jar:/home/morisaki/Application/ycsb-0.17.0/memcached-binding/lib/jackson-core-asl-1.9.4.jar:/home/morisaki/Application/ycsb-0.17.0/memcached-binding/lib/jackson-mapper-asl-1.9.13.jar:/home/morisaki/Application/ycsb-0.17.0/memcached-binding/lib/log4j-1.2.17.jar:/home/morisaki/Application/ycsb-0.17.0/memcached-binding/lib/memcached-binding-0.17.0.jar:/home/morisaki/Application/ycsb-0.17.0/memcached-binding/lib/spymemcached-2.11.4.jar site.ycsb.Client -t -db site.ycsb.db.MemcachedClient -s -P ./experiment/workloads/var_workload.dat -p memcached.hosts=127.0.0.1:11222 -p maxexecutiontime=30 -threads 16
Command line: -t -db site.ycsb.db.MemcachedClient -s -P ./experiment/workloads/var_workload.dat -p memcached.hosts=127.0.0.1:11222 -p maxexecutiontime=30 -threads 16
YCSB Client 0.17.0

Loading workload...
log4j:WARN No appenders could be found for logger (org.apache.htrace.core.Tracer).
log4j:WARN Please initialize the log4j system properly.
log4j:WARN See http://logging.apache.org/log4j/1.2/faq.html#noconfig for more info.
Starting test.
2026-06-08 15:23:44:621 0 sec: 0 operations; est completion in 0 second 
Maximum execution time specified as: 30 secs
2026-06-08 15:23:44.703 INFO net.spy.memcached.MemcachedConnection:  Added {QA sa=/127.0.0.1:11222, #Rops=0, #Wops=0, #iq=0, topRop=null, topWop=null, toWrite=0, interested=0} to connect queue
2026-06-08 15:23:44.703 INFO net.spy.memcached.MemcachedConnection:  Added {QA sa=/127.0.0.1:11222, #Rops=0, #Wops=0, #iq=0, topRop=null, topWop=null, toWrite=0, interested=0} to connect queue
2026-06-08 15:23:44.703 INFO net.spy.memcached.MemcachedConnection:  Added {QA sa=/127.0.0.1:11222, #Rops=0, #Wops=0, #iq=0, topRop=null, topWop=null, toWrite=0, interested=0} to connect queue
2026-06-08 15:23:44.703 INFO net.spy.memcached.MemcachedConnection:  Added {QA sa=/127.0.0.1:11222, #Rops=0, #Wops=0, #iq=0, topRop=null, topWop=null, toWrite=0, interested=0} to connect queue
2026-06-08 15:23:44.704 INFO net.spy.memcached.MemcachedConnection:  Added {QA sa=/127.0.0.1:11222, #Rops=0, #Wops=0, #iq=0, topRop=null, topWop=null, toWrite=0, interested=0} to connect queue
2026-06-08 15:23:44.704 INFO net.spy.memcached.MemcachedConnection:  Added {QA sa=/127.0.0.1:11222, #Rops=0, #Wops=0, #iq=0, topRop=null, topWop=null, toWrite=0, interested=0} to connect queue
2026-06-08 15:23:44.705 INFO net.spy.memcached.MemcachedConnection:  Added {QA sa=/127.0.0.1:11222, #Rops=0, #Wops=0, #iq=0, topRop=null, topWop=null, toWrite=0, interested=0} to connect queue
2026-06-08 15:23:44.705 INFO net.spy.memcached.MemcachedConnection:  Added {QA sa=/127.0.0.1:11222, #Rops=0, #Wops=0, #iq=0, topRop=null, topWop=null, toWrite=0, interested=0} to connect queue
2026-06-08 15:23:44.705 INFO net.spy.memcached.MemcachedConnection:  Added {QA sa=/127.0.0.1:11222, #Rops=0, #Wops=0, #iq=0, topRop=null, topWop=null, toWrite=0, interested=0} to connect queue
2026-06-08 15:23:44.706 INFO net.spy.memcached.MemcachedConnection:  Added {QA sa=/127.0.0.1:11222, #Rops=0, #Wops=0, #iq=0, topRop=null, topWop=null, toWrite=0, interested=0} to connect queue
DBWrapper: report latency for each error is false and specific error codes to track for latency are: []
2026-06-08 15:23:44.706 INFO net.spy.memcached.MemcachedConnection:  Added {QA sa=/127.0.0.1:11222, #Rops=0, #Wops=0, #iq=0, topRop=null, topWop=null, toWrite=0, interested=0} to connect queue
DBWrapper: report latency for each error is false and specific error codes to track for latency are: []
2026-06-08 15:23:44.706 INFO net.spy.memcached.MemcachedConnection:  Added {QA sa=/127.0.0.1:11222, #Rops=0, #Wops=0, #iq=0, topRop=null, topWop=null, toWrite=0, interested=0} to connect queue
DBWrapper: report latency for each error is false and specific error codes to track for latency are: []
DBWrapper: report latency for each error is false and specific error codes to track for latency are: []
DBWrapper: report latency for each error is false and specific error codes to track for latency are: []
DBWrapper: report latency for each error is false and specific error codes to track for latency are: []
DBWrapper: report latency for each error is false and specific error codes to track for latency are: []
DBWrapper: report latency for each error is false and specific error codes to track for latency are: []
2026-06-08 15:23:44.707 INFO net.spy.memcached.MemcachedConnection:  Added {QA sa=/127.0.0.1:11222, #Rops=0, #Wops=0, #iq=0, topRop=null, topWop=null, toWrite=0, interested=0} to connect queue
DBWrapper: report latency for each error is false and specific error codes to track for latency are: []
2026-06-08 15:23:44.707 INFO net.spy.memcached.MemcachedConnection:  Added {QA sa=/127.0.0.1:11222, #Rops=0, #Wops=0, #iq=0, topRop=null, topWop=null, toWrite=0, interested=0} to connect queue
2026-06-08 15:23:44.708 INFO net.spy.memcached.MemcachedConnection:  Added {QA sa=/127.0.0.1:11222, #Rops=0, #Wops=0, #iq=0, topRop=null, topWop=null, toWrite=0, interested=0} to connect queue
2026-06-08 15:23:44.708 INFO net.spy.memcached.MemcachedConnection:  Added {QA sa=/127.0.0.1:11222, #Rops=0, #Wops=0, #iq=0, topRop=null, topWop=null, toWrite=0, interested=0} to connect queue
DBWrapper: report latency for each error is false and specific error codes to track for latency are: []
DBWrapper: report latency for each error is false and specific error codes to track for latency are: []
DBWrapper: report latency for each error is false and specific error codes to track for latency are: []
DBWrapper: report latency for each error is false and specific error codes to track for latency are: []
DBWrapper: report latency for each error is false and specific error codes to track for latency are: []
DBWrapper: report latency for each error is false and specific error codes to track for latency are: []
DBWrapper: report latency for each error is false and specific error codes to track for latency are: []
2026-06-08 15:23:54:621 10 sec: 529817 operations; 52981.7 current ops/sec; est completion in 5 hours 14 minutes [READ: Count=95430, Max=24687, Min=67, Avg=275.05, 90=398, 99=1102, 99.9=3399, 99.99=6131] [UPDATE: Count=435847, Max=52223, Min=65, Avg=299.42, 90=430, 99=1545, 99.9=3785, 99.99=6499] 
2026-06-08 15:24:04:622 20 sec: 1314760 operations; 78494.3 current ops/sec; est completion in 4 hours 13 minutes [READ: Count=141397, Max=4483, Min=65, Avg=199.6, 90=266, 99=348, 99.9=824, 99.99=3253] [UPDATE: Count=642266, Max=5775, Min=65, Avg=202.33, 90=270, 99=358, 99.9=801, 99.99=3103] 
Maximum time elapsed. Requesting stop for the workload.
Stop requested for workload. Now Joining!
2026-06-08 15:24:14:622 30 sec: 2107178 operations; 79241.8 current ops/sec; est completion in 3 hours 56 minutes [READ: Count=141900, Max=3755, Min=67, Avg=197.97, 90=265, 99=344, 99.9=519, 99.99=2145] [UPDATE: Count=650485, Max=6599, Min=63, Avg=200.4, 90=269, 99=352, 99.9=540, 99.99=2205] 
2026-06-08 15:24:14.638 INFO net.spy.memcached.MemcachedConnection:  Shut down memcached client
2026-06-08 15:24:14.639 INFO net.spy.memcached.MemcachedConnection:  Shut down memcached client
2026-06-08 15:24:14.640 INFO net.spy.memcached.MemcachedConnection:  Shut down memcached client
2026-06-08 15:24:14.641 INFO net.spy.memcached.MemcachedConnection:  Shut down memcached client
2026-06-08 15:24:14.641 INFO net.spy.memcached.MemcachedConnection:  Shut down memcached client
2026-06-08 15:24:14.641 INFO net.spy.memcached.MemcachedConnection:  Shut down memcached client
2026-06-08 15:24:14.642 INFO net.spy.memcached.MemcachedConnection:  Shut down memcached client
2026-06-08 15:24:14.642 INFO net.spy.memcached.MemcachedConnection:  Shut down memcached client
2026-06-08 15:24:14.642 INFO net.spy.memcached.MemcachedConnection:  Shut down memcached client
2026-06-08 15:24:14.642 INFO net.spy.memcached.MemcachedConnection:  Shut down memcached client
2026-06-08 15:24:14.642 INFO net.spy.memcached.MemcachedConnection:  Shut down memcached client
2026-06-08 15:24:14.643 INFO net.spy.memcached.MemcachedConnection:  Shut down memcached client
2026-06-08 15:24:14.643 INFO net.spy.memcached.MemcachedConnection:  Shut down memcached client
2026-06-08 15:24:14.643 INFO net.spy.memcached.MemcachedConnection:  Shut down memcached client
2026-06-08 15:24:14.643 INFO net.spy.memcached.MemcachedConnection:  Shut down memcached client
2026-06-08 15:24:14.643 INFO net.spy.memcached.MemcachedConnection:  Shut down memcached client
2026-06-08 15:24:14:641 30 sec: 2107347 operations; 8450 current ops/sec; est completion in 3 hours 56 minutes [READ: Count=22, Max=1612, Min=76, Avg=338.77, 90=850, 99=1612, 99.9=1612, 99.99=1612] [CLEANUP: Count=16, Max=16199, Min=13072, Avg=13993, 90=14647, 99=16199, 99.9=16199, 99.99=16199] [UPDATE: Count=0, Max=0, Min=9223372036854775807, Avg=NaN, 90=0, 99=0, 99.9=0, 99.99=0] 
[OVERALL], RunTime(ms), 30020
[OVERALL], Throughput(ops/sec), 70198.10126582278
[TOTAL_GCS_G1_Young_Generation], Count, 47
[TOTAL_GC_TIME_G1_Young_Generation], Time(ms), 60
[TOTAL_GC_TIME_%_G1_Young_Generation], Time(%), 0.19986675549633579
[TOTAL_GCS_G1_Concurrent_GC], Count, 0
[TOTAL_GC_TIME_G1_Concurrent_GC], Time(ms), 0
[TOTAL_GC_TIME_%_G1_Concurrent_GC], Time(%), 0.0
[TOTAL_GCS_G1_Old_Generation], Count, 0
[TOTAL_GC_TIME_G1_Old_Generation], Time(ms), 0
[TOTAL_GC_TIME_%_G1_Old_Generation], Time(%), 0.0
[TOTAL_GCs], Count, 47
[TOTAL_GC_TIME], Time(ms), 60
[TOTAL_GC_TIME_%], Time(%), 0.19986675549633579
[READ], Operations, 378749
[READ], AverageLatency(us), 218.00956834209464
[READ], MinLatency(us), 65
[READ], MaxLatency(us), 24687
[READ], 95thPercentileLatency(us), 343
[READ], 99thPercentileLatency(us), 565
[READ], Return=OK, 378749
[CLEANUP], Operations, 16
[CLEANUP], AverageLatency(us), 13993.0
[CLEANUP], MinLatency(us), 13072
[CLEANUP], MaxLatency(us), 16199
[CLEANUP], 95thPercentileLatency(us), 14839
[CLEANUP], 99thPercentileLatency(us), 16199
[UPDATE], Operations, 1728598
[UPDATE], AverageLatency(us), 226.08219667036522
[UPDATE], MinLatency(us), 63
[UPDATE], MaxLatency(us), 52223
[UPDATE], 95thPercentileLatency(us), 357
[UPDATE], 99thPercentileLatency(us), 767
[UPDATE], Return=OK, 1728598
