/usr/bin/java  -classpath /home/morisaki/Application/ycsb-0.17.0/conf:/home/morisaki/Application/ycsb-0.17.0/lib/HdrHistogram-2.1.4.jar:/home/morisaki/Application/ycsb-0.17.0/lib/core-0.17.0.jar:/home/morisaki/Application/ycsb-0.17.0/lib/htrace-core4-4.1.0-incubating.jar:/home/morisaki/Application/ycsb-0.17.0/lib/jackson-core-asl-1.9.4.jar:/home/morisaki/Application/ycsb-0.17.0/lib/jackson-mapper-asl-1.9.4.jar:/home/morisaki/Application/ycsb-0.17.0/memcached-binding/lib/HdrHistogram-2.1.4.jar:/home/morisaki/Application/ycsb-0.17.0/memcached-binding/lib/core-0.17.0.jar:/home/morisaki/Application/ycsb-0.17.0/memcached-binding/lib/htrace-core4-4.1.0-incubating.jar:/home/morisaki/Application/ycsb-0.17.0/memcached-binding/lib/jackson-core-asl-1.9.4.jar:/home/morisaki/Application/ycsb-0.17.0/memcached-binding/lib/jackson-mapper-asl-1.9.13.jar:/home/morisaki/Application/ycsb-0.17.0/memcached-binding/lib/log4j-1.2.17.jar:/home/morisaki/Application/ycsb-0.17.0/memcached-binding/lib/memcached-binding-0.17.0.jar:/home/morisaki/Application/ycsb-0.17.0/memcached-binding/lib/spymemcached-2.11.4.jar site.ycsb.Client -t -db site.ycsb.db.MemcachedClient -s -P ./experiment/workloads/var_workload.dat -p memcached.hosts=127.0.0.1:11222 -p maxexecutiontime=30 -threads 16
Command line: -t -db site.ycsb.db.MemcachedClient -s -P ./experiment/workloads/var_workload.dat -p memcached.hosts=127.0.0.1:11222 -p maxexecutiontime=30 -threads 16
YCSB Client 0.17.0

Loading workload...
log4j:WARN No appenders could be found for logger (org.apache.htrace.core.Tracer).
log4j:WARN Please initialize the log4j system properly.
log4j:WARN See http://logging.apache.org/log4j/1.2/faq.html#noconfig for more info.
Starting test.
2026-06-08 15:18:08:215 0 sec: 0 operations; est completion in 0 second 
Maximum execution time specified as: 30 secs
2026-06-08 15:18:08.293 INFO net.spy.memcached.MemcachedConnection:  Added {QA sa=/127.0.0.1:11222, #Rops=0, #Wops=0, #iq=0, topRop=null, topWop=null, toWrite=0, interested=0} to connect queue
2026-06-08 15:18:08.293 INFO net.spy.memcached.MemcachedConnection:  Added {QA sa=/127.0.0.1:11222, #Rops=0, #Wops=0, #iq=0, topRop=null, topWop=null, toWrite=0, interested=0} to connect queue
2026-06-08 15:18:08.294 INFO net.spy.memcached.MemcachedConnection:  Added {QA sa=/127.0.0.1:11222, #Rops=0, #Wops=0, #iq=0, topRop=null, topWop=null, toWrite=0, interested=0} to connect queue
2026-06-08 15:18:08.294 INFO net.spy.memcached.MemcachedConnection:  Added {QA sa=/127.0.0.1:11222, #Rops=0, #Wops=0, #iq=0, topRop=null, topWop=null, toWrite=0, interested=0} to connect queue
2026-06-08 15:18:08.294 INFO net.spy.memcached.MemcachedConnection:  Added {QA sa=/127.0.0.1:11222, #Rops=0, #Wops=0, #iq=0, topRop=null, topWop=null, toWrite=0, interested=0} to connect queue
2026-06-08 15:18:08.294 INFO net.spy.memcached.MemcachedConnection:  Added {QA sa=/127.0.0.1:11222, #Rops=0, #Wops=0, #iq=0, topRop=null, topWop=null, toWrite=0, interested=0} to connect queue
2026-06-08 15:18:08.295 INFO net.spy.memcached.MemcachedConnection:  Added {QA sa=/127.0.0.1:11222, #Rops=0, #Wops=0, #iq=0, topRop=null, topWop=null, toWrite=0, interested=0} to connect queue
2026-06-08 15:18:08.295 INFO net.spy.memcached.MemcachedConnection:  Added {QA sa=/127.0.0.1:11222, #Rops=0, #Wops=0, #iq=0, topRop=null, topWop=null, toWrite=0, interested=0} to connect queue
2026-06-08 15:18:08.295 INFO net.spy.memcached.MemcachedConnection:  Added {QA sa=/127.0.0.1:11222, #Rops=0, #Wops=0, #iq=0, topRop=null, topWop=null, toWrite=0, interested=0} to connect queue
2026-06-08 15:18:08.295 INFO net.spy.memcached.MemcachedConnection:  Added {QA sa=/127.0.0.1:11222, #Rops=0, #Wops=0, #iq=0, topRop=null, topWop=null, toWrite=0, interested=0} to connect queue
DBWrapper: report latency for each error is false and specific error codes to track for latency are: []
2026-06-08 15:18:08.296 INFO net.spy.memcached.MemcachedConnection:  Added {QA sa=/127.0.0.1:11222, #Rops=0, #Wops=0, #iq=0, topRop=null, topWop=null, toWrite=0, interested=0} to connect queue
DBWrapper: report latency for each error is false and specific error codes to track for latency are: []
2026-06-08 15:18:08.296 INFO net.spy.memcached.MemcachedConnection:  Added {QA sa=/127.0.0.1:11222, #Rops=0, #Wops=0, #iq=0, topRop=null, topWop=null, toWrite=0, interested=0} to connect queue
DBWrapper: report latency for each error is false and specific error codes to track for latency are: []
DBWrapper: report latency for each error is false and specific error codes to track for latency are: []
DBWrapper: report latency for each error is false and specific error codes to track for latency are: []
2026-06-08 15:18:08.297 INFO net.spy.memcached.MemcachedConnection:  Added {QA sa=/127.0.0.1:11222, #Rops=0, #Wops=0, #iq=0, topRop=null, topWop=null, toWrite=0, interested=0} to connect queue
2026-06-08 15:18:08.297 INFO net.spy.memcached.MemcachedConnection:  Added {QA sa=/127.0.0.1:11222, #Rops=0, #Wops=0, #iq=0, topRop=null, topWop=null, toWrite=0, interested=0} to connect queue
2026-06-08 15:18:08.297 INFO net.spy.memcached.MemcachedConnection:  Added {QA sa=/127.0.0.1:11222, #Rops=0, #Wops=0, #iq=0, topRop=null, topWop=null, toWrite=0, interested=0} to connect queue
2026-06-08 15:18:08.298 INFO net.spy.memcached.MemcachedConnection:  Added {QA sa=/127.0.0.1:11222, #Rops=0, #Wops=0, #iq=0, topRop=null, topWop=null, toWrite=0, interested=0} to connect queue
DBWrapper: report latency for each error is false and specific error codes to track for latency are: []
DBWrapper: report latency for each error is false and specific error codes to track for latency are: []
DBWrapper: report latency for each error is false and specific error codes to track for latency are: []
DBWrapper: report latency for each error is false and specific error codes to track for latency are: []
DBWrapper: report latency for each error is false and specific error codes to track for latency are: []
DBWrapper: report latency for each error is false and specific error codes to track for latency are: []
DBWrapper: report latency for each error is false and specific error codes to track for latency are: []
DBWrapper: report latency for each error is false and specific error codes to track for latency are: []
DBWrapper: report latency for each error is false and specific error codes to track for latency are: []
DBWrapper: report latency for each error is false and specific error codes to track for latency are: []
DBWrapper: report latency for each error is false and specific error codes to track for latency are: []
2026-06-08 15:18:18:215 10 sec: 548693 operations; 54869.3 current ops/sec; est completion in 5 hours 3 minutes [READ: Count=97887, Max=30655, Min=69, Avg=259.29, 90=366, 99=1056, 99.9=3449, 99.99=7355] [UPDATE: Count=452110, Max=52575, Min=64, Avg=290.57, 90=406, 99=1610, 99.9=3865, 99.99=6583] 
2026-06-08 15:18:28:215 20 sec: 1340173 operations; 79148 current ops/sec; est completion in 4 hours 8 minutes [READ: Count=142204, Max=4503, Min=62, Avg=197.78, 90=264, 99=346, 99.9=597, 99.99=2665] [UPDATE: Count=648115, Max=4047, Min=64, Avg=200.45, 90=269, 99=355, 99.9=609, 99.99=2479] 
Maximum time elapsed. Requesting stop for the workload.
Stop requested for workload. Now Joining!
2026-06-08 15:18:38:215 30 sec: 2134996 operations; 79474.35 current ops/sec; est completion in 3 hours 53 minutes [READ: Count=142760, Max=4207, Min=67, Avg=196.57, 90=262, 99=341, 99.9=550, 99.99=2625] [UPDATE: Count=652030, Max=5499, Min=63, Avg=199.84, 90=267, 99=352, 99.9=565, 99.99=2511] 
2026-06-08 15:18:38.227 INFO net.spy.memcached.MemcachedConnection:  Shut down memcached client
2026-06-08 15:18:38.227 INFO net.spy.memcached.MemcachedConnection:  Shut down memcached client
2026-06-08 15:18:38.227 INFO net.spy.memcached.MemcachedConnection:  Shut down memcached client
2026-06-08 15:18:38.228 INFO net.spy.memcached.MemcachedConnection:  Shut down memcached client
2026-06-08 15:18:38.228 INFO net.spy.memcached.MemcachedConnection:  Shut down memcached client
2026-06-08 15:18:38.228 INFO net.spy.memcached.MemcachedConnection:  Shut down memcached client
2026-06-08 15:18:38.229 INFO net.spy.memcached.MemcachedConnection:  Shut down memcached client
2026-06-08 15:18:38.229 INFO net.spy.memcached.MemcachedConnection:  Shut down memcached client
2026-06-08 15:18:38.229 INFO net.spy.memcached.MemcachedConnection:  Shut down memcached client
2026-06-08 15:18:38.229 INFO net.spy.memcached.MemcachedConnection:  Shut down memcached client
2026-06-08 15:18:38.230 INFO net.spy.memcached.MemcachedConnection:  Shut down memcached client
2026-06-08 15:18:38.230 INFO net.spy.memcached.MemcachedConnection:  Shut down memcached client
2026-06-08 15:18:38.230 INFO net.spy.memcached.MemcachedConnection:  Shut down memcached client
2026-06-08 15:18:38.230 INFO net.spy.memcached.MemcachedConnection:  Shut down memcached client
2026-06-08 15:18:38.230 INFO net.spy.memcached.MemcachedConnection:  Shut down memcached client
2026-06-08 15:18:38.231 INFO net.spy.memcached.MemcachedConnection:  Shut down memcached client
2026-06-08 15:18:38:228 30 sec: 2135128 operations; 10153.85 current ops/sec; est completion in 3 hours 53 minutes [READ: Count=21, Max=1498, Min=72, Avg=381.57, 90=1360, 99=1498, 99.9=1498, 99.99=1498] [CLEANUP: Count=16, Max=10783, Min=7004, Avg=9856.62, 90=10447, 99=10783, 99.9=10783, 99.99=10783] [UPDATE: Count=1, Max=3001, Min=3000, Avg=3001, 90=3001, 99=3001, 99.9=3001, 99.99=3001] 
[OVERALL], RunTime(ms), 30014
[OVERALL], Throughput(ops/sec), 71137.73572332911
[TOTAL_GCS_G1_Young_Generation], Count, 47
[TOTAL_GC_TIME_G1_Young_Generation], Time(ms), 57
[TOTAL_GC_TIME_%_G1_Young_Generation], Time(%), 0.1899113746918105
[TOTAL_GCS_G1_Concurrent_GC], Count, 0
[TOTAL_GC_TIME_G1_Concurrent_GC], Time(ms), 0
[TOTAL_GC_TIME_%_G1_Concurrent_GC], Time(%), 0.0
[TOTAL_GCS_G1_Old_Generation], Count, 0
[TOTAL_GC_TIME_G1_Old_Generation], Time(ms), 0
[TOTAL_GC_TIME_%_G1_Old_Generation], Time(%), 0.0
[TOTAL_GCs], Count, 47
[TOTAL_GC_TIME], Time(ms), 57
[TOTAL_GC_TIME_%], Time(%), 0.1899113746918105
[READ], Operations, 382872
[READ], AverageLatency(us), 213.062940094862
[READ], MinLatency(us), 62
[READ], MaxLatency(us), 30655
[READ], 95thPercentileLatency(us), 326
[READ], 99thPercentileLatency(us), 523
[READ], Return=OK, 382872
[CLEANUP], Operations, 16
[CLEANUP], AverageLatency(us), 9856.625
[CLEANUP], MinLatency(us), 7004
[CLEANUP], MaxLatency(us), 10783
[CLEANUP], 95thPercentileLatency(us), 10623
[CLEANUP], 99thPercentileLatency(us), 10783
[UPDATE], Operations, 1752256
[UPDATE], AverageLatency(us), 223.47540085466963
[UPDATE], MinLatency(us), 63
[UPDATE], MaxLatency(us), 52575
[UPDATE], 95thPercentileLatency(us), 342
[UPDATE], 99thPercentileLatency(us), 838
[UPDATE], Return=OK, 1752256
