/usr/bin/java  -classpath /home/morisaki/Application/ycsb-0.17.0/conf:/home/morisaki/Application/ycsb-0.17.0/lib/HdrHistogram-2.1.4.jar:/home/morisaki/Application/ycsb-0.17.0/lib/core-0.17.0.jar:/home/morisaki/Application/ycsb-0.17.0/lib/htrace-core4-4.1.0-incubating.jar:/home/morisaki/Application/ycsb-0.17.0/lib/jackson-core-asl-1.9.4.jar:/home/morisaki/Application/ycsb-0.17.0/lib/jackson-mapper-asl-1.9.4.jar:/home/morisaki/Application/ycsb-0.17.0/memcached-binding/lib/HdrHistogram-2.1.4.jar:/home/morisaki/Application/ycsb-0.17.0/memcached-binding/lib/core-0.17.0.jar:/home/morisaki/Application/ycsb-0.17.0/memcached-binding/lib/htrace-core4-4.1.0-incubating.jar:/home/morisaki/Application/ycsb-0.17.0/memcached-binding/lib/jackson-core-asl-1.9.4.jar:/home/morisaki/Application/ycsb-0.17.0/memcached-binding/lib/jackson-mapper-asl-1.9.13.jar:/home/morisaki/Application/ycsb-0.17.0/memcached-binding/lib/log4j-1.2.17.jar:/home/morisaki/Application/ycsb-0.17.0/memcached-binding/lib/memcached-binding-0.17.0.jar:/home/morisaki/Application/ycsb-0.17.0/memcached-binding/lib/spymemcached-2.11.4.jar site.ycsb.Client -t -db site.ycsb.db.MemcachedClient -s -P ./experiment/workloads/var_workload.dat -p memcached.hosts=127.0.0.1:11222 -p maxexecutiontime=30 -threads 16
Command line: -t -db site.ycsb.db.MemcachedClient -s -P ./experiment/workloads/var_workload.dat -p memcached.hosts=127.0.0.1:11222 -p maxexecutiontime=30 -threads 16
YCSB Client 0.17.0

Loading workload...
log4j:WARN No appenders could be found for logger (org.apache.htrace.core.Tracer).
log4j:WARN Please initialize the log4j system properly.
log4j:WARN See http://logging.apache.org/log4j/1.2/faq.html#noconfig for more info.
Starting test.
2026-06-08 15:08:42:794 0 sec: 0 operations; est completion in 0 second 
Maximum execution time specified as: 30 secs
2026-06-08 15:08:42.880 INFO net.spy.memcached.MemcachedConnection:  Added {QA sa=/127.0.0.1:11222, #Rops=0, #Wops=0, #iq=0, topRop=null, topWop=null, toWrite=0, interested=0} to connect queue
2026-06-08 15:08:42.880 INFO net.spy.memcached.MemcachedConnection:  Added {QA sa=/127.0.0.1:11222, #Rops=0, #Wops=0, #iq=0, topRop=null, topWop=null, toWrite=0, interested=0} to connect queue
2026-06-08 15:08:42.881 INFO net.spy.memcached.MemcachedConnection:  Added {QA sa=/127.0.0.1:11222, #Rops=0, #Wops=0, #iq=0, topRop=null, topWop=null, toWrite=0, interested=0} to connect queue
2026-06-08 15:08:42.881 INFO net.spy.memcached.MemcachedConnection:  Added {QA sa=/127.0.0.1:11222, #Rops=0, #Wops=0, #iq=0, topRop=null, topWop=null, toWrite=0, interested=0} to connect queue
2026-06-08 15:08:42.881 INFO net.spy.memcached.MemcachedConnection:  Added {QA sa=/127.0.0.1:11222, #Rops=0, #Wops=0, #iq=0, topRop=null, topWop=null, toWrite=0, interested=0} to connect queue
2026-06-08 15:08:42.881 INFO net.spy.memcached.MemcachedConnection:  Added {QA sa=/127.0.0.1:11222, #Rops=0, #Wops=0, #iq=0, topRop=null, topWop=null, toWrite=0, interested=0} to connect queue
2026-06-08 15:08:42.882 INFO net.spy.memcached.MemcachedConnection:  Added {QA sa=/127.0.0.1:11222, #Rops=0, #Wops=0, #iq=0, topRop=null, topWop=null, toWrite=0, interested=0} to connect queue
2026-06-08 15:08:42.882 INFO net.spy.memcached.MemcachedConnection:  Added {QA sa=/127.0.0.1:11222, #Rops=0, #Wops=0, #iq=0, topRop=null, topWop=null, toWrite=0, interested=0} to connect queue
2026-06-08 15:08:42.882 INFO net.spy.memcached.MemcachedConnection:  Added {QA sa=/127.0.0.1:11222, #Rops=0, #Wops=0, #iq=0, topRop=null, topWop=null, toWrite=0, interested=0} to connect queue
2026-06-08 15:08:42.883 INFO net.spy.memcached.MemcachedConnection:  Added {QA sa=/127.0.0.1:11222, #Rops=0, #Wops=0, #iq=0, topRop=null, topWop=null, toWrite=0, interested=0} to connect queue
2026-06-08 15:08:42.883 INFO net.spy.memcached.MemcachedConnection:  Added {QA sa=/127.0.0.1:11222, #Rops=0, #Wops=0, #iq=0, topRop=null, topWop=null, toWrite=0, interested=0} to connect queue
DBWrapper: report latency for each error is false and specific error codes to track for latency are: []
DBWrapper: report latency for each error is false and specific error codes to track for latency are: []
2026-06-08 15:08:42.883 INFO net.spy.memcached.MemcachedConnection:  Added {QA sa=/127.0.0.1:11222, #Rops=0, #Wops=0, #iq=0, topRop=null, topWop=null, toWrite=0, interested=0} to connect queue
DBWrapper: report latency for each error is false and specific error codes to track for latency are: []
2026-06-08 15:08:42.883 INFO net.spy.memcached.MemcachedConnection:  Added {QA sa=/127.0.0.1:11222, #Rops=0, #Wops=0, #iq=0, topRop=null, topWop=null, toWrite=0, interested=0} to connect queue
2026-06-08 15:08:42.884 INFO net.spy.memcached.MemcachedConnection:  Added {QA sa=/127.0.0.1:11222, #Rops=0, #Wops=0, #iq=0, topRop=null, topWop=null, toWrite=0, interested=0} to connect queue
DBWrapper: report latency for each error is false and specific error codes to track for latency are: []
2026-06-08 15:08:42.884 INFO net.spy.memcached.MemcachedConnection:  Added {QA sa=/127.0.0.1:11222, #Rops=0, #Wops=0, #iq=0, topRop=null, topWop=null, toWrite=0, interested=0} to connect queue
DBWrapper: report latency for each error is false and specific error codes to track for latency are: []
2026-06-08 15:08:42.884 INFO net.spy.memcached.MemcachedConnection:  Added {QA sa=/127.0.0.1:11222, #Rops=0, #Wops=0, #iq=0, topRop=null, topWop=null, toWrite=0, interested=0} to connect queue
DBWrapper: report latency for each error is false and specific error codes to track for latency are: []
DBWrapper: report latency for each error is false and specific error codes to track for latency are: []
DBWrapper: report latency for each error is false and specific error codes to track for latency are: []
DBWrapper: report latency for each error is false and specific error codes to track for latency are: []
DBWrapper: report latency for each error is false and specific error codes to track for latency are: []
DBWrapper: report latency for each error is false and specific error codes to track for latency are: []
DBWrapper: report latency for each error is false and specific error codes to track for latency are: []
DBWrapper: report latency for each error is false and specific error codes to track for latency are: []
DBWrapper: report latency for each error is false and specific error codes to track for latency are: []
DBWrapper: report latency for each error is false and specific error codes to track for latency are: []
DBWrapper: report latency for each error is false and specific error codes to track for latency are: []
2026-06-08 15:08:52:794 10 sec: 641401 operations; 64140.1 current ops/sec; est completion in 4 hours 19 minutes [READ: Count=115152, Max=23487, Min=64, Avg=241, 90=341, 99=805, 99.9=3031, 99.99=4839] [UPDATE: Count=527098, Max=58207, Min=61, Avg=244.74, 90=344, 99=843, 99.9=3099, 99.99=5367] 
2026-06-08 15:09:02:795 20 sec: 1434705 operations; 79322.47 current ops/sec; est completion in 3 hours 52 minutes [READ: Count=142515, Max=8007, Min=63, Avg=197.83, 90=264, 99=344, 99.9=586, 99.99=2455] [UPDATE: Count=650369, Max=6499, Min=60, Avg=200.04, 90=268, 99=352, 99.9=608, 99.99=2987] 
Maximum time elapsed. Requesting stop for the workload.
Stop requested for workload. Now Joining!
2026-06-08 15:09:12:796 30 sec: 2228638 operations; 79393.3 current ops/sec; est completion in 3 hours 43 minutes [READ: Count=142959, Max=5539, Min=68, Avg=197.5, 90=263, 99=339, 99.9=521, 99.99=2139] [UPDATE: Count=650606, Max=4947, Min=66, Avg=199.94, 90=267, 99=349, 99.9=534, 99.99=2233] 
2026-06-08 15:09:12.819 INFO net.spy.memcached.MemcachedConnection:  Shut down memcached client
2026-06-08 15:09:12.820 INFO net.spy.memcached.MemcachedConnection:  Shut down memcached client
2026-06-08 15:09:12.820 INFO net.spy.memcached.MemcachedConnection:  Shut down memcached client
2026-06-08 15:09:12.821 INFO net.spy.memcached.MemcachedConnection:  Shut down memcached client
2026-06-08 15:09:12.821 INFO net.spy.memcached.MemcachedConnection:  Shut down memcached client
2026-06-08 15:09:12.821 INFO net.spy.memcached.MemcachedConnection:  Shut down memcached client
2026-06-08 15:09:12.822 INFO net.spy.memcached.MemcachedConnection:  Shut down memcached client
2026-06-08 15:09:12.822 INFO net.spy.memcached.MemcachedConnection:  Shut down memcached client
2026-06-08 15:09:12.822 INFO net.spy.memcached.MemcachedConnection:  Shut down memcached client
2026-06-08 15:09:12.822 INFO net.spy.memcached.MemcachedConnection:  Shut down memcached client
2026-06-08 15:09:12.823 INFO net.spy.memcached.MemcachedConnection:  Shut down memcached client
2026-06-08 15:09:12.823 INFO net.spy.memcached.MemcachedConnection:  Shut down memcached client
2026-06-08 15:09:12.823 INFO net.spy.memcached.MemcachedConnection:  Shut down memcached client
2026-06-08 15:09:12.823 INFO net.spy.memcached.MemcachedConnection:  Shut down memcached client
2026-06-08 15:09:12.823 INFO net.spy.memcached.MemcachedConnection:  Shut down memcached client
2026-06-08 15:09:12.823 INFO net.spy.memcached.MemcachedConnection:  Shut down memcached client
2026-06-08 15:09:12:821 30 sec: 2228708 operations; 2800 current ops/sec; est completion in 3 hours 44 minutes [READ: Count=5, Max=473, Min=158, Avg=304.8, 90=473, 99=473, 99.9=473, 99.99=473] [CLEANUP: Count=16, Max=23967, Min=19120, Avg=22671, 90=23439, 99=23967, 99.9=23967, 99.99=23967] [UPDATE: Count=4, Max=2317, Min=891, Avg=1750, 90=2317, 99=2317, 99.9=2317, 99.99=2317] 
[OVERALL], RunTime(ms), 30027
[OVERALL], Throughput(ops/sec), 74223.46554767375
[TOTAL_GCS_G1_Young_Generation], Count, 50
[TOTAL_GC_TIME_G1_Young_Generation], Time(ms), 63
[TOTAL_GC_TIME_%_G1_Young_Generation], Time(%), 0.20981116994704765
[TOTAL_GCS_G1_Concurrent_GC], Count, 0
[TOTAL_GC_TIME_G1_Concurrent_GC], Time(ms), 0
[TOTAL_GC_TIME_%_G1_Concurrent_GC], Time(%), 0.0
[TOTAL_GCS_G1_Old_Generation], Count, 0
[TOTAL_GC_TIME_G1_Old_Generation], Time(ms), 0
[TOTAL_GC_TIME_%_G1_Old_Generation], Time(%), 0.0
[TOTAL_GCs], Count, 50
[TOTAL_GC_TIME], Time(ms), 63
[TOTAL_GC_TIME_%], Time(%), 0.20981116994704765
[READ], Operations, 400631
[READ], AverageLatency(us), 210.1210889821307
[READ], MinLatency(us), 63
[READ], MaxLatency(us), 23487
[READ], 95thPercentileLatency(us), 319
[READ], 99thPercentileLatency(us), 485
[READ], Return=OK, 400631
[CLEANUP], Operations, 16
[CLEANUP], AverageLatency(us), 22671.0
[CLEANUP], MinLatency(us), 19120
[CLEANUP], MaxLatency(us), 23967
[CLEANUP], 95thPercentileLatency(us), 23551
[CLEANUP], 99thPercentileLatency(us), 23967
[UPDATE], Operations, 1828077
[UPDATE], AverageLatency(us), 212.89415216098666
[UPDATE], MinLatency(us), 60
[UPDATE], MaxLatency(us), 58207
[UPDATE], 95thPercentileLatency(us), 324
[UPDATE], 99thPercentileLatency(us), 494
[UPDATE], Return=OK, 1828077
