/usr/bin/java  -classpath /home/morisaki/Application/ycsb-0.17.0/conf:/home/morisaki/Application/ycsb-0.17.0/lib/HdrHistogram-2.1.4.jar:/home/morisaki/Application/ycsb-0.17.0/lib/core-0.17.0.jar:/home/morisaki/Application/ycsb-0.17.0/lib/htrace-core4-4.1.0-incubating.jar:/home/morisaki/Application/ycsb-0.17.0/lib/jackson-core-asl-1.9.4.jar:/home/morisaki/Application/ycsb-0.17.0/lib/jackson-mapper-asl-1.9.4.jar:/home/morisaki/Application/ycsb-0.17.0/memcached-binding/lib/HdrHistogram-2.1.4.jar:/home/morisaki/Application/ycsb-0.17.0/memcached-binding/lib/core-0.17.0.jar:/home/morisaki/Application/ycsb-0.17.0/memcached-binding/lib/htrace-core4-4.1.0-incubating.jar:/home/morisaki/Application/ycsb-0.17.0/memcached-binding/lib/jackson-core-asl-1.9.4.jar:/home/morisaki/Application/ycsb-0.17.0/memcached-binding/lib/jackson-mapper-asl-1.9.13.jar:/home/morisaki/Application/ycsb-0.17.0/memcached-binding/lib/log4j-1.2.17.jar:/home/morisaki/Application/ycsb-0.17.0/memcached-binding/lib/memcached-binding-0.17.0.jar:/home/morisaki/Application/ycsb-0.17.0/memcached-binding/lib/spymemcached-2.11.4.jar site.ycsb.Client -t -db site.ycsb.db.MemcachedClient -s -P ./experiment/workloads/var_workload.dat -p memcached.hosts=127.0.0.1:11222 -p maxexecutiontime=30 -threads 16
Command line: -t -db site.ycsb.db.MemcachedClient -s -P ./experiment/workloads/var_workload.dat -p memcached.hosts=127.0.0.1:11222 -p maxexecutiontime=30 -threads 16
YCSB Client 0.17.0

Loading workload...
log4j:WARN No appenders could be found for logger (org.apache.htrace.core.Tracer).
log4j:WARN Please initialize the log4j system properly.
log4j:WARN See http://logging.apache.org/log4j/1.2/faq.html#noconfig for more info.
Starting test.
2026-06-08 15:28:20:013 0 sec: 0 operations; est completion in 0 second 
Maximum execution time specified as: 30 secs
2026-06-08 15:28:20.087 INFO net.spy.memcached.MemcachedConnection:  Added {QA sa=/127.0.0.1:11222, #Rops=0, #Wops=0, #iq=0, topRop=null, topWop=null, toWrite=0, interested=0} to connect queue
2026-06-08 15:28:20.088 INFO net.spy.memcached.MemcachedConnection:  Added {QA sa=/127.0.0.1:11222, #Rops=0, #Wops=0, #iq=0, topRop=null, topWop=null, toWrite=0, interested=0} to connect queue
2026-06-08 15:28:20.088 INFO net.spy.memcached.MemcachedConnection:  Added {QA sa=/127.0.0.1:11222, #Rops=0, #Wops=0, #iq=0, topRop=null, topWop=null, toWrite=0, interested=0} to connect queue
2026-06-08 15:28:20.088 INFO net.spy.memcached.MemcachedConnection:  Added {QA sa=/127.0.0.1:11222, #Rops=0, #Wops=0, #iq=0, topRop=null, topWop=null, toWrite=0, interested=0} to connect queue
2026-06-08 15:28:20.088 INFO net.spy.memcached.MemcachedConnection:  Added {QA sa=/127.0.0.1:11222, #Rops=0, #Wops=0, #iq=0, topRop=null, topWop=null, toWrite=0, interested=0} to connect queue
2026-06-08 15:28:20.089 INFO net.spy.memcached.MemcachedConnection:  Added {QA sa=/127.0.0.1:11222, #Rops=0, #Wops=0, #iq=0, topRop=null, topWop=null, toWrite=0, interested=0} to connect queue
2026-06-08 15:28:20.089 INFO net.spy.memcached.MemcachedConnection:  Added {QA sa=/127.0.0.1:11222, #Rops=0, #Wops=0, #iq=0, topRop=null, topWop=null, toWrite=0, interested=0} to connect queue
2026-06-08 15:28:20.089 INFO net.spy.memcached.MemcachedConnection:  Added {QA sa=/127.0.0.1:11222, #Rops=0, #Wops=0, #iq=0, topRop=null, topWop=null, toWrite=0, interested=0} to connect queue
2026-06-08 15:28:20.090 INFO net.spy.memcached.MemcachedConnection:  Added {QA sa=/127.0.0.1:11222, #Rops=0, #Wops=0, #iq=0, topRop=null, topWop=null, toWrite=0, interested=0} to connect queue
2026-06-08 15:28:20.090 INFO net.spy.memcached.MemcachedConnection:  Added {QA sa=/127.0.0.1:11222, #Rops=0, #Wops=0, #iq=0, topRop=null, topWop=null, toWrite=0, interested=0} to connect queue
2026-06-08 15:28:20.090 INFO net.spy.memcached.MemcachedConnection:  Added {QA sa=/127.0.0.1:11222, #Rops=0, #Wops=0, #iq=0, topRop=null, topWop=null, toWrite=0, interested=0} to connect queue
2026-06-08 15:28:20.091 INFO net.spy.memcached.MemcachedConnection:  Added {QA sa=/127.0.0.1:11222, #Rops=0, #Wops=0, #iq=0, topRop=null, topWop=null, toWrite=0, interested=0} to connect queue
DBWrapper: report latency for each error is false and specific error codes to track for latency are: []
2026-06-08 15:28:20.091 INFO net.spy.memcached.MemcachedConnection:  Added {QA sa=/127.0.0.1:11222, #Rops=0, #Wops=0, #iq=0, topRop=null, topWop=null, toWrite=0, interested=0} to connect queue
DBWrapper: report latency for each error is false and specific error codes to track for latency are: []
DBWrapper: report latency for each error is false and specific error codes to track for latency are: []
DBWrapper: report latency for each error is false and specific error codes to track for latency are: []
2026-06-08 15:28:20.091 INFO net.spy.memcached.MemcachedConnection:  Added {QA sa=/127.0.0.1:11222, #Rops=0, #Wops=0, #iq=0, topRop=null, topWop=null, toWrite=0, interested=0} to connect queue
DBWrapper: report latency for each error is false and specific error codes to track for latency are: []
DBWrapper: report latency for each error is false and specific error codes to track for latency are: []
2026-06-08 15:28:20.092 INFO net.spy.memcached.MemcachedConnection:  Added {QA sa=/127.0.0.1:11222, #Rops=0, #Wops=0, #iq=0, topRop=null, topWop=null, toWrite=0, interested=0} to connect queue
DBWrapper: report latency for each error is false and specific error codes to track for latency are: []
2026-06-08 15:28:20.092 INFO net.spy.memcached.MemcachedConnection:  Added {QA sa=/127.0.0.1:11222, #Rops=0, #Wops=0, #iq=0, topRop=null, topWop=null, toWrite=0, interested=0} to connect queue
DBWrapper: report latency for each error is false and specific error codes to track for latency are: []
DBWrapper: report latency for each error is false and specific error codes to track for latency are: []
DBWrapper: report latency for each error is false and specific error codes to track for latency are: []
DBWrapper: report latency for each error is false and specific error codes to track for latency are: []
DBWrapper: report latency for each error is false and specific error codes to track for latency are: []
DBWrapper: report latency for each error is false and specific error codes to track for latency are: []
DBWrapper: report latency for each error is false and specific error codes to track for latency are: []
DBWrapper: report latency for each error is false and specific error codes to track for latency are: []
DBWrapper: report latency for each error is false and specific error codes to track for latency are: []
2026-06-08 15:28:30:013 10 sec: 579546 operations; 57954.6 current ops/sec; est completion in 4 hours 47 minutes [READ: Count=104017, Max=29919, Min=65, Avg=249.57, 90=345, 99=948, 99.9=3183, 99.99=4571] [UPDATE: Count=476962, Max=51327, Min=62, Avg=274.66, 90=376, 99=1406, 99.9=3415, 99.99=6119] 
2026-06-08 15:28:40:013 20 sec: 1361206 operations; 78158.18 current ops/sec; est completion in 4 hours 4 minutes [READ: Count=140856, Max=4631, Min=65, Avg=200.71, 90=267, 99=350, 99.9=605, 99.99=2707] [UPDATE: Count=639569, Max=4347, Min=61, Avg=203.12, 90=271, 99=360, 99.9=651, 99.99=2717] 
Maximum time elapsed. Requesting stop for the workload.
Stop requested for workload. Now Joining!
2026-06-08 15:28:50:014 30 sec: 2152796 operations; 79166.92 current ops/sec; est completion in 3 hours 51 minutes [READ: Count=141929, Max=3481, Min=65, Avg=198.03, 90=264, 99=343, 99.9=567, 99.99=2473] [UPDATE: Count=649518, Max=7275, Min=61, Avg=200.68, 90=268, 99=354, 99.9=579, 99.99=2493] 
2026-06-08 15:28:50.022 INFO net.spy.memcached.MemcachedConnection:  Shut down memcached client
2026-06-08 15:28:50.022 INFO net.spy.memcached.MemcachedConnection:  Shut down memcached client
2026-06-08 15:28:50.023 INFO net.spy.memcached.MemcachedConnection:  Shut down memcached client
2026-06-08 15:28:50.023 INFO net.spy.memcached.MemcachedConnection:  Shut down memcached client
2026-06-08 15:28:50.023 INFO net.spy.memcached.MemcachedConnection:  Shut down memcached client
2026-06-08 15:28:50.024 INFO net.spy.memcached.MemcachedConnection:  Shut down memcached client
2026-06-08 15:28:50.024 INFO net.spy.memcached.MemcachedConnection:  Shut down memcached client
2026-06-08 15:28:50.024 INFO net.spy.memcached.MemcachedConnection:  Shut down memcached client
2026-06-08 15:28:50.024 INFO net.spy.memcached.MemcachedConnection:  Shut down memcached client
2026-06-08 15:28:50.025 INFO net.spy.memcached.MemcachedConnection:  Shut down memcached client
2026-06-08 15:28:50.025 INFO net.spy.memcached.MemcachedConnection:  Shut down memcached client
2026-06-08 15:28:50.025 INFO net.spy.memcached.MemcachedConnection:  Shut down memcached client
2026-06-08 15:28:50.025 INFO net.spy.memcached.MemcachedConnection:  Shut down memcached client
2026-06-08 15:28:50.025 INFO net.spy.memcached.MemcachedConnection:  Shut down memcached client
2026-06-08 15:28:50.026 INFO net.spy.memcached.MemcachedConnection:  Shut down memcached client
2026-06-08 15:28:50.026 INFO net.spy.memcached.MemcachedConnection:  Shut down memcached client
2026-06-08 15:28:50:023 30 sec: 2152855 operations; 5363.64 current ops/sec; est completion in 3 hours 51 minutes [READ: Count=4, Max=1895, Min=155, Avg=1029, 90=1895, 99=1895, 99.9=1895, 99.99=1895] [CLEANUP: Count=16, Max=7387, Min=6088, Avg=6917, 90=7351, 99=7387, 99.9=7387, 99.99=7387] [UPDATE: Count=0, Max=0, Min=9223372036854775807, Avg=NaN, 90=0, 99=0, 99.9=0, 99.99=0] 
[OVERALL], RunTime(ms), 30011
[OVERALL], Throughput(ops/sec), 71735.53030555462
[TOTAL_GCS_G1_Young_Generation], Count, 47
[TOTAL_GC_TIME_G1_Young_Generation], Time(ms), 58
[TOTAL_GC_TIME_%_G1_Young_Generation], Time(%), 0.1932624704275099
[TOTAL_GCS_G1_Concurrent_GC], Count, 0
[TOTAL_GC_TIME_G1_Concurrent_GC], Time(ms), 0
[TOTAL_GC_TIME_%_G1_Concurrent_GC], Time(%), 0.0
[TOTAL_GCS_G1_Old_Generation], Count, 0
[TOTAL_GC_TIME_G1_Old_Generation], Time(ms), 0
[TOTAL_GC_TIME_%_G1_Old_Generation], Time(%), 0.0
[TOTAL_GCs], Count, 47
[TOTAL_GC_TIME], Time(ms), 58
[TOTAL_GC_TIME_%], Time(%), 0.1932624704275099
[READ], Operations, 386806
[READ], AverageLatency(us), 212.87547504433746
[READ], MinLatency(us), 65
[READ], MaxLatency(us), 29919
[READ], 95thPercentileLatency(us), 321
[READ], 99thPercentileLatency(us), 515
[READ], Return=OK, 386806
[CLEANUP], Operations, 16
[CLEANUP], AverageLatency(us), 6917.0
[CLEANUP], MinLatency(us), 6088
[CLEANUP], MaxLatency(us), 7387
[CLEANUP], 95thPercentileLatency(us), 7375
[CLEANUP], 99thPercentileLatency(us), 7387
[UPDATE], Operations, 1766049
[UPDATE], AverageLatency(us), 221.5475872979742
[UPDATE], MinLatency(us), 61
[UPDATE], MaxLatency(us), 51327
[UPDATE], 95thPercentileLatency(us), 334
[UPDATE], 99thPercentileLatency(us), 771
[UPDATE], Return=OK, 1766049
