/usr/bin/java  -classpath /home/morisaki/Application/ycsb-0.17.0/conf:/home/morisaki/Application/ycsb-0.17.0/lib/HdrHistogram-2.1.4.jar:/home/morisaki/Application/ycsb-0.17.0/lib/core-0.17.0.jar:/home/morisaki/Application/ycsb-0.17.0/lib/htrace-core4-4.1.0-incubating.jar:/home/morisaki/Application/ycsb-0.17.0/lib/jackson-core-asl-1.9.4.jar:/home/morisaki/Application/ycsb-0.17.0/lib/jackson-mapper-asl-1.9.4.jar:/home/morisaki/Application/ycsb-0.17.0/memcached-binding/lib/HdrHistogram-2.1.4.jar:/home/morisaki/Application/ycsb-0.17.0/memcached-binding/lib/core-0.17.0.jar:/home/morisaki/Application/ycsb-0.17.0/memcached-binding/lib/htrace-core4-4.1.0-incubating.jar:/home/morisaki/Application/ycsb-0.17.0/memcached-binding/lib/jackson-core-asl-1.9.4.jar:/home/morisaki/Application/ycsb-0.17.0/memcached-binding/lib/jackson-mapper-asl-1.9.13.jar:/home/morisaki/Application/ycsb-0.17.0/memcached-binding/lib/log4j-1.2.17.jar:/home/morisaki/Application/ycsb-0.17.0/memcached-binding/lib/memcached-binding-0.17.0.jar:/home/morisaki/Application/ycsb-0.17.0/memcached-binding/lib/spymemcached-2.11.4.jar site.ycsb.Client -t -db site.ycsb.db.MemcachedClient -s -P ./experiment/workloads/var_workload.dat -p memcached.hosts=127.0.0.1:11222 -p maxexecutiontime=30 -threads 16
Command line: -t -db site.ycsb.db.MemcachedClient -s -P ./experiment/workloads/var_workload.dat -p memcached.hosts=127.0.0.1:11222 -p maxexecutiontime=30 -threads 16
YCSB Client 0.17.0

Loading workload...
log4j:WARN No appenders could be found for logger (org.apache.htrace.core.Tracer).
log4j:WARN Please initialize the log4j system properly.
log4j:WARN See http://logging.apache.org/log4j/1.2/faq.html#noconfig for more info.
Starting test.
2026-06-08 15:14:19:029 0 sec: 0 operations; est completion in 0 second 
Maximum execution time specified as: 30 secs
2026-06-08 15:14:19.111 INFO net.spy.memcached.MemcachedConnection:  Added {QA sa=/127.0.0.1:11222, #Rops=0, #Wops=0, #iq=0, topRop=null, topWop=null, toWrite=0, interested=0} to connect queue
2026-06-08 15:14:19.112 INFO net.spy.memcached.MemcachedConnection:  Added {QA sa=/127.0.0.1:11222, #Rops=0, #Wops=0, #iq=0, topRop=null, topWop=null, toWrite=0, interested=0} to connect queue
2026-06-08 15:14:19.112 INFO net.spy.memcached.MemcachedConnection:  Added {QA sa=/127.0.0.1:11222, #Rops=0, #Wops=0, #iq=0, topRop=null, topWop=null, toWrite=0, interested=0} to connect queue
2026-06-08 15:14:19.112 INFO net.spy.memcached.MemcachedConnection:  Added {QA sa=/127.0.0.1:11222, #Rops=0, #Wops=0, #iq=0, topRop=null, topWop=null, toWrite=0, interested=0} to connect queue
2026-06-08 15:14:19.113 INFO net.spy.memcached.MemcachedConnection:  Added {QA sa=/127.0.0.1:11222, #Rops=0, #Wops=0, #iq=0, topRop=null, topWop=null, toWrite=0, interested=0} to connect queue
2026-06-08 15:14:19.113 INFO net.spy.memcached.MemcachedConnection:  Added {QA sa=/127.0.0.1:11222, #Rops=0, #Wops=0, #iq=0, topRop=null, topWop=null, toWrite=0, interested=0} to connect queue
2026-06-08 15:14:19.113 INFO net.spy.memcached.MemcachedConnection:  Added {QA sa=/127.0.0.1:11222, #Rops=0, #Wops=0, #iq=0, topRop=null, topWop=null, toWrite=0, interested=0} to connect queue
2026-06-08 15:14:19.114 INFO net.spy.memcached.MemcachedConnection:  Added {QA sa=/127.0.0.1:11222, #Rops=0, #Wops=0, #iq=0, topRop=null, topWop=null, toWrite=0, interested=0} to connect queue
2026-06-08 15:14:19.114 INFO net.spy.memcached.MemcachedConnection:  Added {QA sa=/127.0.0.1:11222, #Rops=0, #Wops=0, #iq=0, topRop=null, topWop=null, toWrite=0, interested=0} to connect queue
2026-06-08 15:14:19.114 INFO net.spy.memcached.MemcachedConnection:  Added {QA sa=/127.0.0.1:11222, #Rops=0, #Wops=0, #iq=0, topRop=null, topWop=null, toWrite=0, interested=0} to connect queue
DBWrapper: report latency for each error is false and specific error codes to track for latency are: []
DBWrapper: report latency for each error is false and specific error codes to track for latency are: []
DBWrapper: report latency for each error is false and specific error codes to track for latency are: []
2026-06-08 15:14:19.115 INFO net.spy.memcached.MemcachedConnection:  Added {QA sa=/127.0.0.1:11222, #Rops=0, #Wops=0, #iq=0, topRop=null, topWop=null, toWrite=0, interested=0} to connect queue
DBWrapper: report latency for each error is false and specific error codes to track for latency are: []
2026-06-08 15:14:19.115 INFO net.spy.memcached.MemcachedConnection:  Added {QA sa=/127.0.0.1:11222, #Rops=0, #Wops=0, #iq=0, topRop=null, topWop=null, toWrite=0, interested=0} to connect queue
DBWrapper: report latency for each error is false and specific error codes to track for latency are: []
DBWrapper: report latency for each error is false and specific error codes to track for latency are: []
DBWrapper: report latency for each error is false and specific error codes to track for latency are: []
2026-06-08 15:14:19.116 INFO net.spy.memcached.MemcachedConnection:  Added {QA sa=/127.0.0.1:11222, #Rops=0, #Wops=0, #iq=0, topRop=null, topWop=null, toWrite=0, interested=0} to connect queue
DBWrapper: report latency for each error is false and specific error codes to track for latency are: []
2026-06-08 15:14:19.116 INFO net.spy.memcached.MemcachedConnection:  Added {QA sa=/127.0.0.1:11222, #Rops=0, #Wops=0, #iq=0, topRop=null, topWop=null, toWrite=0, interested=0} to connect queue
2026-06-08 15:14:19.116 INFO net.spy.memcached.MemcachedConnection:  Added {QA sa=/127.0.0.1:11222, #Rops=0, #Wops=0, #iq=0, topRop=null, topWop=null, toWrite=0, interested=0} to connect queue
2026-06-08 15:14:19.116 INFO net.spy.memcached.MemcachedConnection:  Added {QA sa=/127.0.0.1:11222, #Rops=0, #Wops=0, #iq=0, topRop=null, topWop=null, toWrite=0, interested=0} to connect queue
DBWrapper: report latency for each error is false and specific error codes to track for latency are: []
DBWrapper: report latency for each error is false and specific error codes to track for latency are: []
DBWrapper: report latency for each error is false and specific error codes to track for latency are: []
DBWrapper: report latency for each error is false and specific error codes to track for latency are: []
DBWrapper: report latency for each error is false and specific error codes to track for latency are: []
DBWrapper: report latency for each error is false and specific error codes to track for latency are: []
DBWrapper: report latency for each error is false and specific error codes to track for latency are: []
DBWrapper: report latency for each error is false and specific error codes to track for latency are: []
2026-06-08 15:14:29:030 10 sec: 623952 operations; 62395.2 current ops/sec; est completion in 4 hours 26 minutes [READ: Count=112362, Max=33279, Min=61, Avg=247.54, 90=352, 99=882, 99.9=3281, 99.99=4767] [UPDATE: Count=513623, Max=55935, Min=63, Avg=251.16, 90=357, 99=889, 99.9=3355, 99.99=5527] 
2026-06-08 15:14:39:030 20 sec: 1414583 operations; 79063.1 current ops/sec; est completion in 3 hours 55 minutes [READ: Count=141940, Max=4547, Min=61, Avg=198.26, 90=264, 99=347, 99.9=607, 99.99=2665] [UPDATE: Count=646764, Max=9479, Min=63, Avg=200.78, 90=268, 99=357, 99.9=684, 99.99=2879] 
Maximum time elapsed. Requesting stop for the workload.
Stop requested for workload. Now Joining!
2026-06-08 15:14:49:029 30 sec: 2208652 operations; 79406.9 current ops/sec; est completion in 3 hours 45 minutes [READ: Count=143424, Max=3541, Min=66, Avg=197.42, 90=262, 99=339, 99.9=546, 99.99=2247] [UPDATE: Count=650635, Max=4927, Min=65, Avg=199.98, 90=266, 99=350, 99.9=580, 99.99=2341] 
2026-06-08 15:14:49.042 INFO net.spy.memcached.MemcachedConnection:  Shut down memcached client
2026-06-08 15:14:49.042 INFO net.spy.memcached.MemcachedConnection:  Shut down memcached client
2026-06-08 15:14:49.043 INFO net.spy.memcached.MemcachedConnection:  Shut down memcached client
2026-06-08 15:14:49.044 INFO net.spy.memcached.MemcachedConnection:  Shut down memcached client
2026-06-08 15:14:49.044 INFO net.spy.memcached.MemcachedConnection:  Shut down memcached client
2026-06-08 15:14:49.044 INFO net.spy.memcached.MemcachedConnection:  Shut down memcached client
2026-06-08 15:14:49.045 INFO net.spy.memcached.MemcachedConnection:  Shut down memcached client
2026-06-08 15:14:49.045 INFO net.spy.memcached.MemcachedConnection:  Shut down memcached client
2026-06-08 15:14:49.045 INFO net.spy.memcached.MemcachedConnection:  Shut down memcached client
2026-06-08 15:14:49.045 INFO net.spy.memcached.MemcachedConnection:  Shut down memcached client
2026-06-08 15:14:49.046 INFO net.spy.memcached.MemcachedConnection:  Shut down memcached client
2026-06-08 15:14:49.046 INFO net.spy.memcached.MemcachedConnection:  Shut down memcached client
2026-06-08 15:14:49.046 INFO net.spy.memcached.MemcachedConnection:  Shut down memcached client
2026-06-08 15:14:49.046 INFO net.spy.memcached.MemcachedConnection:  Shut down memcached client
2026-06-08 15:14:49.046 INFO net.spy.memcached.MemcachedConnection:  Shut down memcached client
2026-06-08 15:14:49.047 INFO net.spy.memcached.MemcachedConnection:  Shut down memcached client
2026-06-08 15:14:49:043 30 sec: 2208793 operations; 10071.43 current ops/sec; est completion in 3 hours 45 minutes [READ: Count=15, Max=2381, Min=107, Avg=337.07, 90=404, 99=2381, 99.9=2381, 99.99=2381] [CLEANUP: Count=16, Max=11159, Min=9184, Avg=10378.5, 90=11031, 99=11159, 99.9=11159, 99.99=11159] [UPDATE: Count=30, Max=3067, Min=88, Avg=448.87, 90=555, 99=3067, 99.9=3067, 99.99=3067] 
[OVERALL], RunTime(ms), 30015
[OVERALL], Throughput(ops/sec), 73589.6385140763
[TOTAL_GCS_G1_Young_Generation], Count, 51
[TOTAL_GC_TIME_G1_Young_Generation], Time(ms), 63
[TOTAL_GC_TIME_%_G1_Young_Generation], Time(%), 0.2098950524737631
[TOTAL_GCS_G1_Concurrent_GC], Count, 0
[TOTAL_GC_TIME_G1_Concurrent_GC], Time(ms), 0
[TOTAL_GC_TIME_%_G1_Concurrent_GC], Time(%), 0.0
[TOTAL_GCS_G1_Old_Generation], Count, 0
[TOTAL_GC_TIME_G1_Old_Generation], Time(ms), 0
[TOTAL_GC_TIME_%_G1_Old_Generation], Time(%), 0.0
[TOTAL_GCs], Count, 51
[TOTAL_GC_TIME], Time(ms), 63
[TOTAL_GC_TIME_%], Time(%), 0.2098950524737631
[READ], Operations, 397741
[READ], AverageLatency(us), 211.88093759506816
[READ], MinLatency(us), 61
[READ], MaxLatency(us), 33279
[READ], 95thPercentileLatency(us), 322
[READ], 99thPercentileLatency(us), 537
[READ], Return=OK, 397741
[CLEANUP], Operations, 16
[CLEANUP], AverageLatency(us), 10378.5
[CLEANUP], MinLatency(us), 9184
[CLEANUP], MaxLatency(us), 11159
[CLEANUP], 95thPercentileLatency(us), 11111
[CLEANUP], 99thPercentileLatency(us), 11159
[UPDATE], Operations, 1811052
[UPDATE], AverageLatency(us), 214.78612872518292
[UPDATE], MinLatency(us), 63
[UPDATE], MaxLatency(us), 55935
[UPDATE], 95thPercentileLatency(us), 328
[UPDATE], 99thPercentileLatency(us), 545
[UPDATE], Return=OK, 1811052
