/usr/bin/java  -classpath /home/morisaki/Application/ycsb-0.17.0/conf:/home/morisaki/Application/ycsb-0.17.0/lib/HdrHistogram-2.1.4.jar:/home/morisaki/Application/ycsb-0.17.0/lib/core-0.17.0.jar:/home/morisaki/Application/ycsb-0.17.0/lib/htrace-core4-4.1.0-incubating.jar:/home/morisaki/Application/ycsb-0.17.0/lib/jackson-core-asl-1.9.4.jar:/home/morisaki/Application/ycsb-0.17.0/lib/jackson-mapper-asl-1.9.4.jar:/home/morisaki/Application/ycsb-0.17.0/memcached-binding/lib/HdrHistogram-2.1.4.jar:/home/morisaki/Application/ycsb-0.17.0/memcached-binding/lib/core-0.17.0.jar:/home/morisaki/Application/ycsb-0.17.0/memcached-binding/lib/htrace-core4-4.1.0-incubating.jar:/home/morisaki/Application/ycsb-0.17.0/memcached-binding/lib/jackson-core-asl-1.9.4.jar:/home/morisaki/Application/ycsb-0.17.0/memcached-binding/lib/jackson-mapper-asl-1.9.13.jar:/home/morisaki/Application/ycsb-0.17.0/memcached-binding/lib/log4j-1.2.17.jar:/home/morisaki/Application/ycsb-0.17.0/memcached-binding/lib/memcached-binding-0.17.0.jar:/home/morisaki/Application/ycsb-0.17.0/memcached-binding/lib/spymemcached-2.11.4.jar site.ycsb.Client -t -db site.ycsb.db.MemcachedClient -s -P ./experiment/workloads/var_workload.dat -p memcached.hosts=127.0.0.1:11222 -p maxexecutiontime=30 -threads 16
Command line: -t -db site.ycsb.db.MemcachedClient -s -P ./experiment/workloads/var_workload.dat -p memcached.hosts=127.0.0.1:11222 -p maxexecutiontime=30 -threads 16
YCSB Client 0.17.0

Loading workload...
log4j:WARN No appenders could be found for logger (org.apache.htrace.core.Tracer).
log4j:WARN Please initialize the log4j system properly.
log4j:WARN See http://logging.apache.org/log4j/1.2/faq.html#noconfig for more info.
Starting test.
2026-06-08 15:17:37:724 0 sec: 0 operations; est completion in 0 second 
Maximum execution time specified as: 30 secs
2026-06-08 15:17:37.802 INFO net.spy.memcached.MemcachedConnection:  Added {QA sa=/127.0.0.1:11222, #Rops=0, #Wops=0, #iq=0, topRop=null, topWop=null, toWrite=0, interested=0} to connect queue
2026-06-08 15:17:37.802 INFO net.spy.memcached.MemcachedConnection:  Added {QA sa=/127.0.0.1:11222, #Rops=0, #Wops=0, #iq=0, topRop=null, topWop=null, toWrite=0, interested=0} to connect queue
2026-06-08 15:17:37.803 INFO net.spy.memcached.MemcachedConnection:  Added {QA sa=/127.0.0.1:11222, #Rops=0, #Wops=0, #iq=0, topRop=null, topWop=null, toWrite=0, interested=0} to connect queue
2026-06-08 15:17:37.804 INFO net.spy.memcached.MemcachedConnection:  Added {QA sa=/127.0.0.1:11222, #Rops=0, #Wops=0, #iq=0, topRop=null, topWop=null, toWrite=0, interested=0} to connect queue
2026-06-08 15:17:37.804 INFO net.spy.memcached.MemcachedConnection:  Added {QA sa=/127.0.0.1:11222, #Rops=0, #Wops=0, #iq=0, topRop=null, topWop=null, toWrite=0, interested=0} to connect queue
2026-06-08 15:17:37.804 INFO net.spy.memcached.MemcachedConnection:  Added {QA sa=/127.0.0.1:11222, #Rops=0, #Wops=0, #iq=0, topRop=null, topWop=null, toWrite=0, interested=0} to connect queue
DBWrapper: report latency for each error is false and specific error codes to track for latency are: []
2026-06-08 15:17:37.805 INFO net.spy.memcached.MemcachedConnection:  Added {QA sa=/127.0.0.1:11222, #Rops=0, #Wops=0, #iq=0, topRop=null, topWop=null, toWrite=0, interested=0} to connect queue
DBWrapper: report latency for each error is false and specific error codes to track for latency are: []
DBWrapper: report latency for each error is false and specific error codes to track for latency are: []
DBWrapper: report latency for each error is false and specific error codes to track for latency are: []
2026-06-08 15:17:37.805 INFO net.spy.memcached.MemcachedConnection:  Added {QA sa=/127.0.0.1:11222, #Rops=0, #Wops=0, #iq=0, topRop=null, topWop=null, toWrite=0, interested=0} to connect queue
DBWrapper: report latency for each error is false and specific error codes to track for latency are: []
2026-06-08 15:17:37.805 INFO net.spy.memcached.MemcachedConnection:  Added {QA sa=/127.0.0.1:11222, #Rops=0, #Wops=0, #iq=0, topRop=null, topWop=null, toWrite=0, interested=0} to connect queue
DBWrapper: report latency for each error is false and specific error codes to track for latency are: []
DBWrapper: report latency for each error is false and specific error codes to track for latency are: []
2026-06-08 15:17:37.806 INFO net.spy.memcached.MemcachedConnection:  Added {QA sa=/127.0.0.1:11222, #Rops=0, #Wops=0, #iq=0, topRop=null, topWop=null, toWrite=0, interested=0} to connect queue
DBWrapper: report latency for each error is false and specific error codes to track for latency are: []
DBWrapper: report latency for each error is false and specific error codes to track for latency are: []
2026-06-08 15:17:37.807 INFO net.spy.memcached.MemcachedConnection:  Added {QA sa=/127.0.0.1:11222, #Rops=0, #Wops=0, #iq=0, topRop=null, topWop=null, toWrite=0, interested=0} to connect queue
2026-06-08 15:17:37.807 INFO net.spy.memcached.MemcachedConnection:  Added {QA sa=/127.0.0.1:11222, #Rops=0, #Wops=0, #iq=0, topRop=null, topWop=null, toWrite=0, interested=0} to connect queue
DBWrapper: report latency for each error is false and specific error codes to track for latency are: []
2026-06-08 15:17:37.808 INFO net.spy.memcached.MemcachedConnection:  Added {QA sa=/127.0.0.1:11222, #Rops=0, #Wops=0, #iq=0, topRop=null, topWop=null, toWrite=0, interested=0} to connect queue
DBWrapper: report latency for each error is false and specific error codes to track for latency are: []
DBWrapper: report latency for each error is false and specific error codes to track for latency are: []
DBWrapper: report latency for each error is false and specific error codes to track for latency are: []
2026-06-08 15:17:37.809 INFO net.spy.memcached.MemcachedConnection:  Added {QA sa=/127.0.0.1:11222, #Rops=0, #Wops=0, #iq=0, topRop=null, topWop=null, toWrite=0, interested=0} to connect queue
2026-06-08 15:17:37.810 INFO net.spy.memcached.MemcachedConnection:  Added {QA sa=/127.0.0.1:11222, #Rops=0, #Wops=0, #iq=0, topRop=null, topWop=null, toWrite=0, interested=0} to connect queue
DBWrapper: report latency for each error is false and specific error codes to track for latency are: []
2026-06-08 15:17:37.810 INFO net.spy.memcached.MemcachedConnection:  Added {QA sa=/127.0.0.1:11222, #Rops=0, #Wops=0, #iq=0, topRop=null, topWop=null, toWrite=0, interested=0} to connect queue
DBWrapper: report latency for each error is false and specific error codes to track for latency are: []
DBWrapper: report latency for each error is false and specific error codes to track for latency are: []
2026-06-08 15:17:47:724 10 sec: 576403 operations; 57640.3 current ops/sec; est completion in 4 hours 48 minutes [READ: Count=103842, Max=37119, Min=66, Avg=265.33, 90=383, 99=989, 99.9=3469, 99.99=6235] [UPDATE: Count=474172, Max=52511, Min=64, Avg=272.45, 90=395, 99=1190, 99.9=3611, 99.99=6255] 
2026-06-08 15:17:57:727 20 sec: 1365842 operations; 78943.9 current ops/sec; est completion in 4 hours 3 minutes [READ: Count=141924, Max=6667, Min=69, Avg=199.23, 90=265, 99=347, 99.9=632, 99.99=2493] [UPDATE: Count=646389, Max=6687, Min=63, Avg=200.94, 90=268, 99=355, 99.9=622, 99.99=2605] 
Maximum time elapsed. Requesting stop for the workload.
Stop requested for workload. Now Joining!
2026-06-08 15:18:07:725 30 sec: 2157639 operations; 79171.78 current ops/sec; est completion in 3 hours 51 minutes [READ: Count=142524, Max=4151, Min=66, Avg=198.4, 90=265, 99=348, 99.9=624, 99.99=2183] [UPDATE: Count=648877, Max=4107, Min=64, Avg=200.4, 90=268, 99=357, 99.9=601, 99.99=2103] 
2026-06-08 15:18:07.732 INFO net.spy.memcached.MemcachedConnection:  Shut down memcached client
2026-06-08 15:18:07.734 INFO net.spy.memcached.MemcachedConnection:  Shut down memcached client
2026-06-08 15:18:07.736 INFO net.spy.memcached.MemcachedConnection:  Shut down memcached client
2026-06-08 15:18:07.736 INFO net.spy.memcached.MemcachedConnection:  Shut down memcached client
2026-06-08 15:18:07.736 INFO net.spy.memcached.MemcachedConnection:  Shut down memcached client
2026-06-08 15:18:07.736 INFO net.spy.memcached.MemcachedConnection:  Shut down memcached client
2026-06-08 15:18:07.737 INFO net.spy.memcached.MemcachedConnection:  Shut down memcached client
2026-06-08 15:18:07.737 INFO net.spy.memcached.MemcachedConnection:  Shut down memcached client
2026-06-08 15:18:07.737 INFO net.spy.memcached.MemcachedConnection:  Shut down memcached client
2026-06-08 15:18:07.737 INFO net.spy.memcached.MemcachedConnection:  Shut down memcached client
2026-06-08 15:18:07.738 INFO net.spy.memcached.MemcachedConnection:  Shut down memcached client
2026-06-08 15:18:07.738 INFO net.spy.memcached.MemcachedConnection:  Shut down memcached client
2026-06-08 15:18:07.738 INFO net.spy.memcached.MemcachedConnection:  Shut down memcached client
2026-06-08 15:18:07.738 INFO net.spy.memcached.MemcachedConnection:  Shut down memcached client
2026-06-08 15:18:07:735 30 sec: 2157745 operations; 11777.78 current ops/sec; est completion in 3 hours 51 minutes [READ: Count=16, Max=1432, Min=111, Avg=409.38, 90=807, 99=1432, 99.9=1432, 99.99=1432] [CLEANUP: Count=16, Max=8099, Min=6004, Avg=7218, 90=7771, 99=8099, 99.9=8099, 99.99=8099] [UPDATE: Count=1, Max=1899, Min=1899, Avg=1899, 90=1899, 99=1899, 99.9=1899, 99.99=1899] 
2026-06-08 15:18:07.739 INFO net.spy.memcached.MemcachedConnection:  Shut down memcached client
2026-06-08 15:18:07.739 INFO net.spy.memcached.MemcachedConnection:  Shut down memcached client
[OVERALL], RunTime(ms), 30011
[OVERALL], Throughput(ops/sec), 71898.47056079438
[TOTAL_GCS_G1_Young_Generation], Count, 48
[TOTAL_GC_TIME_G1_Young_Generation], Time(ms), 64
[TOTAL_GC_TIME_%_G1_Young_Generation], Time(%), 0.2132551397820799
[TOTAL_GCS_G1_Concurrent_GC], Count, 0
[TOTAL_GC_TIME_G1_Concurrent_GC], Time(ms), 0
[TOTAL_GC_TIME_%_G1_Concurrent_GC], Time(%), 0.0
[TOTAL_GCS_G1_Old_Generation], Count, 0
[TOTAL_GC_TIME_G1_Old_Generation], Time(ms), 0
[TOTAL_GC_TIME_%_G1_Old_Generation], Time(%), 0.0
[TOTAL_GCs], Count, 48
[TOTAL_GC_TIME], Time(ms), 64
[TOTAL_GC_TIME_%], Time(%), 0.2132551397820799
[READ], Operations, 388306
[READ], AverageLatency(us), 216.61452565759993
[READ], MinLatency(us), 66
[READ], MaxLatency(us), 37119
[READ], 95thPercentileLatency(us), 340
[READ], 99thPercentileLatency(us), 534
[READ], Return=OK, 388306
[CLEANUP], Operations, 16
[CLEANUP], AverageLatency(us), 7218.0
[CLEANUP], MinLatency(us), 6004
[CLEANUP], MaxLatency(us), 8099
[CLEANUP], 95thPercentileLatency(us), 7843
[CLEANUP], 99thPercentileLatency(us), 8099
[UPDATE], Operations, 1769439
[UPDATE], AverageLatency(us), 219.90820084783934
[UPDATE], MinLatency(us), 63
[UPDATE], MaxLatency(us), 52511
[UPDATE], 95thPercentileLatency(us), 346
[UPDATE], 99thPercentileLatency(us), 570
[UPDATE], Return=OK, 1769439
