/usr/bin/java  -classpath /home/morisaki/Application/ycsb-0.17.0/conf:/home/morisaki/Application/ycsb-0.17.0/lib/HdrHistogram-2.1.4.jar:/home/morisaki/Application/ycsb-0.17.0/lib/core-0.17.0.jar:/home/morisaki/Application/ycsb-0.17.0/lib/htrace-core4-4.1.0-incubating.jar:/home/morisaki/Application/ycsb-0.17.0/lib/jackson-core-asl-1.9.4.jar:/home/morisaki/Application/ycsb-0.17.0/lib/jackson-mapper-asl-1.9.4.jar:/home/morisaki/Application/ycsb-0.17.0/memcached-binding/lib/HdrHistogram-2.1.4.jar:/home/morisaki/Application/ycsb-0.17.0/memcached-binding/lib/core-0.17.0.jar:/home/morisaki/Application/ycsb-0.17.0/memcached-binding/lib/htrace-core4-4.1.0-incubating.jar:/home/morisaki/Application/ycsb-0.17.0/memcached-binding/lib/jackson-core-asl-1.9.4.jar:/home/morisaki/Application/ycsb-0.17.0/memcached-binding/lib/jackson-mapper-asl-1.9.13.jar:/home/morisaki/Application/ycsb-0.17.0/memcached-binding/lib/log4j-1.2.17.jar:/home/morisaki/Application/ycsb-0.17.0/memcached-binding/lib/memcached-binding-0.17.0.jar:/home/morisaki/Application/ycsb-0.17.0/memcached-binding/lib/spymemcached-2.11.4.jar site.ycsb.Client -t -db site.ycsb.db.MemcachedClient -s -P ./experiment/workloads/var_workload.dat -p memcached.hosts=127.0.0.1:11222 -p maxexecutiontime=30 -threads 16
Command line: -t -db site.ycsb.db.MemcachedClient -s -P ./experiment/workloads/var_workload.dat -p memcached.hosts=127.0.0.1:11222 -p maxexecutiontime=30 -threads 16
YCSB Client 0.17.0

Loading workload...
log4j:WARN No appenders could be found for logger (org.apache.htrace.core.Tracer).
log4j:WARN Please initialize the log4j system properly.
log4j:WARN See http://logging.apache.org/log4j/1.2/faq.html#noconfig for more info.
Starting test.
2026-06-08 15:10:44:805 0 sec: 0 operations; est completion in 0 second 
Maximum execution time specified as: 30 secs
2026-06-08 15:10:44.886 INFO net.spy.memcached.MemcachedConnection:  Added {QA sa=/127.0.0.1:11222, #Rops=0, #Wops=0, #iq=0, topRop=null, topWop=null, toWrite=0, interested=0} to connect queue
2026-06-08 15:10:44.886 INFO net.spy.memcached.MemcachedConnection:  Added {QA sa=/127.0.0.1:11222, #Rops=0, #Wops=0, #iq=0, topRop=null, topWop=null, toWrite=0, interested=0} to connect queue
2026-06-08 15:10:44.886 INFO net.spy.memcached.MemcachedConnection:  Added {QA sa=/127.0.0.1:11222, #Rops=0, #Wops=0, #iq=0, topRop=null, topWop=null, toWrite=0, interested=0} to connect queue
2026-06-08 15:10:44.886 INFO net.spy.memcached.MemcachedConnection:  Added {QA sa=/127.0.0.1:11222, #Rops=0, #Wops=0, #iq=0, topRop=null, topWop=null, toWrite=0, interested=0} to connect queue
2026-06-08 15:10:44.887 INFO net.spy.memcached.MemcachedConnection:  Added {QA sa=/127.0.0.1:11222, #Rops=0, #Wops=0, #iq=0, topRop=null, topWop=null, toWrite=0, interested=0} to connect queue
2026-06-08 15:10:44.887 INFO net.spy.memcached.MemcachedConnection:  Added {QA sa=/127.0.0.1:11222, #Rops=0, #Wops=0, #iq=0, topRop=null, topWop=null, toWrite=0, interested=0} to connect queue
2026-06-08 15:10:44.887 INFO net.spy.memcached.MemcachedConnection:  Added {QA sa=/127.0.0.1:11222, #Rops=0, #Wops=0, #iq=0, topRop=null, topWop=null, toWrite=0, interested=0} to connect queue
2026-06-08 15:10:44.888 INFO net.spy.memcached.MemcachedConnection:  Added {QA sa=/127.0.0.1:11222, #Rops=0, #Wops=0, #iq=0, topRop=null, topWop=null, toWrite=0, interested=0} to connect queue
2026-06-08 15:10:44.888 INFO net.spy.memcached.MemcachedConnection:  Added {QA sa=/127.0.0.1:11222, #Rops=0, #Wops=0, #iq=0, topRop=null, topWop=null, toWrite=0, interested=0} to connect queue
2026-06-08 15:10:44.888 INFO net.spy.memcached.MemcachedConnection:  Added {QA sa=/127.0.0.1:11222, #Rops=0, #Wops=0, #iq=0, topRop=null, topWop=null, toWrite=0, interested=0} to connect queue
DBWrapper: report latency for each error is false and specific error codes to track for latency are: []
2026-06-08 15:10:44.888 INFO net.spy.memcached.MemcachedConnection:  Added {QA sa=/127.0.0.1:11222, #Rops=0, #Wops=0, #iq=0, topRop=null, topWop=null, toWrite=0, interested=0} to connect queue
DBWrapper: report latency for each error is false and specific error codes to track for latency are: []
DBWrapper: report latency for each error is false and specific error codes to track for latency are: []
DBWrapper: report latency for each error is false and specific error codes to track for latency are: []
DBWrapper: report latency for each error is false and specific error codes to track for latency are: []
DBWrapper: report latency for each error is false and specific error codes to track for latency are: []
DBWrapper: report latency for each error is false and specific error codes to track for latency are: []
DBWrapper: report latency for each error is false and specific error codes to track for latency are: []
2026-06-08 15:10:44.889 INFO net.spy.memcached.MemcachedConnection:  Added {QA sa=/127.0.0.1:11222, #Rops=0, #Wops=0, #iq=0, topRop=null, topWop=null, toWrite=0, interested=0} to connect queue
DBWrapper: report latency for each error is false and specific error codes to track for latency are: []
2026-06-08 15:10:44.890 INFO net.spy.memcached.MemcachedConnection:  Added {QA sa=/127.0.0.1:11222, #Rops=0, #Wops=0, #iq=0, topRop=null, topWop=null, toWrite=0, interested=0} to connect queue
DBWrapper: report latency for each error is false and specific error codes to track for latency are: []
DBWrapper: report latency for each error is false and specific error codes to track for latency are: []
DBWrapper: report latency for each error is false and specific error codes to track for latency are: []
DBWrapper: report latency for each error is false and specific error codes to track for latency are: []
2026-06-08 15:10:44.893 INFO net.spy.memcached.MemcachedConnection:  Added {QA sa=/127.0.0.1:11222, #Rops=0, #Wops=0, #iq=0, topRop=null, topWop=null, toWrite=0, interested=0} to connect queue
2026-06-08 15:10:44.893 INFO net.spy.memcached.MemcachedConnection:  Added {QA sa=/127.0.0.1:11222, #Rops=0, #Wops=0, #iq=0, topRop=null, topWop=null, toWrite=0, interested=0} to connect queue
DBWrapper: report latency for each error is false and specific error codes to track for latency are: []
2026-06-08 15:10:44.894 INFO net.spy.memcached.MemcachedConnection:  Added {QA sa=/127.0.0.1:11222, #Rops=0, #Wops=0, #iq=0, topRop=null, topWop=null, toWrite=0, interested=0} to connect queue
DBWrapper: report latency for each error is false and specific error codes to track for latency are: []
DBWrapper: report latency for each error is false and specific error codes to track for latency are: []
2026-06-08 15:10:54:805 10 sec: 605340 operations; 60534 current ops/sec; est completion in 4 hours 35 minutes [READ: Count=108752, Max=26303, Min=67, Avg=254.19, 90=371, 99=916, 99.9=3239, 99.99=4803] [UPDATE: Count=497787, Max=53887, Min=66, Avg=259.48, 90=379, 99=963, 99.9=3391, 99.99=5563] 
2026-06-08 15:11:04:806 20 sec: 1396522 operations; 79118.2 current ops/sec; est completion in 3 hours 58 minutes [READ: Count=142037, Max=5467, Min=65, Avg=197.62, 90=263, 99=343, 99.9=622, 99.99=2773] [UPDATE: Count=648113, Max=8015, Min=59, Avg=200.68, 90=268, 99=354, 99.9=622, 99.99=2655] 
Maximum time elapsed. Requesting stop for the workload.
Stop requested for workload. Now Joining!
2026-06-08 15:11:14:805 30 sec: 2190751 operations; 79422.9 current ops/sec; est completion in 3 hours 47 minutes [READ: Count=142698, Max=6887, Min=65, Avg=196.91, 90=262, 99=341, 99.9=569, 99.99=2183] [UPDATE: Count=651460, Max=4899, Min=63, Avg=199.91, 90=267, 99=352, 99.9=570, 99.99=2249] 
2026-06-08 15:11:14.819 INFO net.spy.memcached.MemcachedConnection:  Shut down memcached client
2026-06-08 15:11:14.819 INFO net.spy.memcached.MemcachedConnection:  Shut down memcached client
2026-06-08 15:11:14.820 INFO net.spy.memcached.MemcachedConnection:  Shut down memcached client
2026-06-08 15:11:14.820 INFO net.spy.memcached.MemcachedConnection:  Shut down memcached client
2026-06-08 15:11:14.820 INFO net.spy.memcached.MemcachedConnection:  Shut down memcached client
2026-06-08 15:11:14.820 INFO net.spy.memcached.MemcachedConnection:  Shut down memcached client
2026-06-08 15:11:14.821 INFO net.spy.memcached.MemcachedConnection:  Shut down memcached client
2026-06-08 15:11:14.821 INFO net.spy.memcached.MemcachedConnection:  Shut down memcached client
2026-06-08 15:11:14.821 INFO net.spy.memcached.MemcachedConnection:  Shut down memcached client
2026-06-08 15:11:14.822 INFO net.spy.memcached.MemcachedConnection:  Shut down memcached client
2026-06-08 15:11:14.822 INFO net.spy.memcached.MemcachedConnection:  Shut down memcached client
2026-06-08 15:11:14.822 INFO net.spy.memcached.MemcachedConnection:  Shut down memcached client
2026-06-08 15:11:14.822 INFO net.spy.memcached.MemcachedConnection:  Shut down memcached client
2026-06-08 15:11:14.822 INFO net.spy.memcached.MemcachedConnection:  Shut down memcached client
2026-06-08 15:11:14.823 INFO net.spy.memcached.MemcachedConnection:  Shut down memcached client
2026-06-08 15:11:14.823 INFO net.spy.memcached.MemcachedConnection:  Shut down memcached client
2026-06-08 15:11:14:821 30 sec: 2190924 operations; 10812.5 current ops/sec; est completion in 3 hours 47 minutes [READ: Count=29, Max=1032, Min=125, Avg=209.55, 90=282, 99=1032, 99.9=1032, 99.99=1032] [CLEANUP: Count=16, Max=13855, Min=11448, Avg=12023.5, 90=12535, 99=13855, 99.9=13855, 99.99=13855] [UPDATE: Count=48, Max=2517, Min=75, Avg=420.92, 90=761, 99=2517, 99.9=2517, 99.99=2517] 
[OVERALL], RunTime(ms), 30020
[OVERALL], Throughput(ops/sec), 72982.145236509
[TOTAL_GCS_G1_Young_Generation], Count, 49
[TOTAL_GC_TIME_G1_Young_Generation], Time(ms), 59
[TOTAL_GC_TIME_%_G1_Young_Generation], Time(%), 0.19653564290473016
[TOTAL_GCS_G1_Concurrent_GC], Count, 0
[TOTAL_GC_TIME_G1_Concurrent_GC], Time(ms), 0
[TOTAL_GC_TIME_%_G1_Concurrent_GC], Time(%), 0.0
[TOTAL_GCS_G1_Old_Generation], Count, 0
[TOTAL_GC_TIME_G1_Old_Generation], Time(ms), 0
[TOTAL_GC_TIME_%_G1_Old_Generation], Time(%), 0.0
[TOTAL_GCs], Count, 49
[TOTAL_GC_TIME], Time(ms), 59
[TOTAL_GC_TIME_%], Time(%), 0.19653564290473016
[READ], Operations, 393516
[READ], AverageLatency(us), 212.99565201923176
[READ], MinLatency(us), 65
[READ], MaxLatency(us), 26303
[READ], 95thPercentileLatency(us), 332
[READ], 99thPercentileLatency(us), 524
[READ], Return=OK, 393516
[CLEANUP], Operations, 16
[CLEANUP], AverageLatency(us), 12023.5
[CLEANUP], MinLatency(us), 11448
[CLEANUP], MaxLatency(us), 13855
[CLEANUP], 95thPercentileLatency(us), 12687
[CLEANUP], 99thPercentileLatency(us), 13855
[UPDATE], Operations, 1797408
[UPDATE], AverageLatency(us), 216.69308526500382
[UPDATE], MinLatency(us), 59
[UPDATE], MaxLatency(us), 53887
[UPDATE], 95thPercentileLatency(us), 338
[UPDATE], 99thPercentileLatency(us), 544
[UPDATE], Return=OK, 1797408
