/usr/bin/java  -classpath /home/morisaki/Application/ycsb-0.17.0/conf:/home/morisaki/Application/ycsb-0.17.0/lib/HdrHistogram-2.1.4.jar:/home/morisaki/Application/ycsb-0.17.0/lib/core-0.17.0.jar:/home/morisaki/Application/ycsb-0.17.0/lib/htrace-core4-4.1.0-incubating.jar:/home/morisaki/Application/ycsb-0.17.0/lib/jackson-core-asl-1.9.4.jar:/home/morisaki/Application/ycsb-0.17.0/lib/jackson-mapper-asl-1.9.4.jar:/home/morisaki/Application/ycsb-0.17.0/memcached-binding/lib/HdrHistogram-2.1.4.jar:/home/morisaki/Application/ycsb-0.17.0/memcached-binding/lib/core-0.17.0.jar:/home/morisaki/Application/ycsb-0.17.0/memcached-binding/lib/htrace-core4-4.1.0-incubating.jar:/home/morisaki/Application/ycsb-0.17.0/memcached-binding/lib/jackson-core-asl-1.9.4.jar:/home/morisaki/Application/ycsb-0.17.0/memcached-binding/lib/jackson-mapper-asl-1.9.13.jar:/home/morisaki/Application/ycsb-0.17.0/memcached-binding/lib/log4j-1.2.17.jar:/home/morisaki/Application/ycsb-0.17.0/memcached-binding/lib/memcached-binding-0.17.0.jar:/home/morisaki/Application/ycsb-0.17.0/memcached-binding/lib/spymemcached-2.11.4.jar site.ycsb.Client -t -db site.ycsb.db.MemcachedClient -s -P ./experiment/workloads/var_workload.dat -p memcached.hosts=127.0.0.1:11222 -p maxexecutiontime=30 -threads 16
Command line: -t -db site.ycsb.db.MemcachedClient -s -P ./experiment/workloads/var_workload.dat -p memcached.hosts=127.0.0.1:11222 -p maxexecutiontime=30 -threads 16
YCSB Client 0.17.0

Loading workload...
log4j:WARN No appenders could be found for logger (org.apache.htrace.core.Tracer).
log4j:WARN Please initialize the log4j system properly.
log4j:WARN See http://logging.apache.org/log4j/1.2/faq.html#noconfig for more info.
Starting test.
2026-06-09 00:02:05:714 0 sec: 0 operations; est completion in 0 second 
Maximum execution time specified as: 30 secs
2026-06-09 00:02:05.795 INFO net.spy.memcached.MemcachedConnection:  Added {QA sa=/127.0.0.1:11222, #Rops=0, #Wops=0, #iq=0, topRop=null, topWop=null, toWrite=0, interested=0} to connect queue
2026-06-09 00:02:05.795 INFO net.spy.memcached.MemcachedConnection:  Added {QA sa=/127.0.0.1:11222, #Rops=0, #Wops=0, #iq=0, topRop=null, topWop=null, toWrite=0, interested=0} to connect queue
2026-06-09 00:02:05.795 INFO net.spy.memcached.MemcachedConnection:  Added {QA sa=/127.0.0.1:11222, #Rops=0, #Wops=0, #iq=0, topRop=null, topWop=null, toWrite=0, interested=0} to connect queue
2026-06-09 00:02:05.796 INFO net.spy.memcached.MemcachedConnection:  Added {QA sa=/127.0.0.1:11222, #Rops=0, #Wops=0, #iq=0, topRop=null, topWop=null, toWrite=0, interested=0} to connect queue
2026-06-09 00:02:05.796 INFO net.spy.memcached.MemcachedConnection:  Added {QA sa=/127.0.0.1:11222, #Rops=0, #Wops=0, #iq=0, topRop=null, topWop=null, toWrite=0, interested=0} to connect queue
2026-06-09 00:02:05.796 INFO net.spy.memcached.MemcachedConnection:  Added {QA sa=/127.0.0.1:11222, #Rops=0, #Wops=0, #iq=0, topRop=null, topWop=null, toWrite=0, interested=0} to connect queue
2026-06-09 00:02:05.797 INFO net.spy.memcached.MemcachedConnection:  Added {QA sa=/127.0.0.1:11222, #Rops=0, #Wops=0, #iq=0, topRop=null, topWop=null, toWrite=0, interested=0} to connect queue
2026-06-09 00:02:05.797 INFO net.spy.memcached.MemcachedConnection:  Added {QA sa=/127.0.0.1:11222, #Rops=0, #Wops=0, #iq=0, topRop=null, topWop=null, toWrite=0, interested=0} to connect queue
2026-06-09 00:02:05.797 INFO net.spy.memcached.MemcachedConnection:  Added {QA sa=/127.0.0.1:11222, #Rops=0, #Wops=0, #iq=0, topRop=null, topWop=null, toWrite=0, interested=0} to connect queue
2026-06-09 00:02:05.798 INFO net.spy.memcached.MemcachedConnection:  Added {QA sa=/127.0.0.1:11222, #Rops=0, #Wops=0, #iq=0, topRop=null, topWop=null, toWrite=0, interested=0} to connect queue
DBWrapper: report latency for each error is false and specific error codes to track for latency are: []
2026-06-09 00:02:05.798 INFO net.spy.memcached.MemcachedConnection:  Added {QA sa=/127.0.0.1:11222, #Rops=0, #Wops=0, #iq=0, topRop=null, topWop=null, toWrite=0, interested=0} to connect queue
DBWrapper: report latency for each error is false and specific error codes to track for latency are: []
2026-06-09 00:02:05.798 INFO net.spy.memcached.MemcachedConnection:  Added {QA sa=/127.0.0.1:11222, #Rops=0, #Wops=0, #iq=0, topRop=null, topWop=null, toWrite=0, interested=0} to connect queue
DBWrapper: report latency for each error is false and specific error codes to track for latency are: []
DBWrapper: report latency for each error is false and specific error codes to track for latency are: []
DBWrapper: report latency for each error is false and specific error codes to track for latency are: []
DBWrapper: report latency for each error is false and specific error codes to track for latency are: []
2026-06-09 00:02:05.799 INFO net.spy.memcached.MemcachedConnection:  Added {QA sa=/127.0.0.1:11222, #Rops=0, #Wops=0, #iq=0, topRop=null, topWop=null, toWrite=0, interested=0} to connect queue
2026-06-09 00:02:05.799 INFO net.spy.memcached.MemcachedConnection:  Added {QA sa=/127.0.0.1:11222, #Rops=0, #Wops=0, #iq=0, topRop=null, topWop=null, toWrite=0, interested=0} to connect queue
DBWrapper: report latency for each error is false and specific error codes to track for latency are: []
DBWrapper: report latency for each error is false and specific error codes to track for latency are: []
2026-06-09 00:02:05.799 INFO net.spy.memcached.MemcachedConnection:  Added {QA sa=/127.0.0.1:11222, #Rops=0, #Wops=0, #iq=0, topRop=null, topWop=null, toWrite=0, interested=0} to connect queue
2026-06-09 00:02:05.800 INFO net.spy.memcached.MemcachedConnection:  Added {QA sa=/127.0.0.1:11222, #Rops=0, #Wops=0, #iq=0, topRop=null, topWop=null, toWrite=0, interested=0} to connect queue
DBWrapper: report latency for each error is false and specific error codes to track for latency are: []
DBWrapper: report latency for each error is false and specific error codes to track for latency are: []
DBWrapper: report latency for each error is false and specific error codes to track for latency are: []
DBWrapper: report latency for each error is false and specific error codes to track for latency are: []
DBWrapper: report latency for each error is false and specific error codes to track for latency are: []
DBWrapper: report latency for each error is false and specific error codes to track for latency are: []
DBWrapper: report latency for each error is false and specific error codes to track for latency are: []
DBWrapper: report latency for each error is false and specific error codes to track for latency are: []
2026-06-09 00:02:15:714 10 sec: 548092 operations; 54803.72 current ops/sec; est completion in 5 hours 3 minutes [READ: Count=98798, Max=29199, Min=64, Avg=264.26, 90=380, 99=1142, 99.9=3623, 99.99=6259] [UPDATE: Count=450828, Max=58015, Min=63, Avg=290.33, 90=418, 99=1624, 99.9=3999, 99.99=6615] 
2026-06-09 00:02:25:714 20 sec: 1292880 operations; 74478.8 current ops/sec; est completion in 4 hours 17 minutes [READ: Count=133966, Max=5431, Min=66, Avg=210.05, 90=280, 99=408, 99.9=2111, 99.99=3771] [UPDATE: Count=609427, Max=16239, Min=61, Avg=213.38, 90=285, 99=424, 99.9=2161, 99.99=3809] 
Maximum time elapsed. Requesting stop for the workload.
Stop requested for workload. Now Joining!
2026-06-09 00:02:35:715 30 sec: 2042885 operations; 75000.5 current ops/sec; est completion in 4 hours 4 minutes [READ: Count=135136, Max=12623, Min=64, Avg=208.24, 90=278, 99=409, 99.9=2103, 99.99=3867] [UPDATE: Count=614814, Max=14159, Min=63, Avg=212.05, 90=283, 99=424, 99.9=2217, 99.99=4039] 
2026-06-09 00:02:35.732 INFO net.spy.memcached.MemcachedConnection:  Shut down memcached client
2026-06-09 00:02:35.732 INFO net.spy.memcached.MemcachedConnection:  Shut down memcached client
2026-06-09 00:02:35.732 INFO net.spy.memcached.MemcachedConnection:  Shut down memcached client
2026-06-09 00:02:35.732 INFO net.spy.memcached.MemcachedConnection:  Shut down memcached client
2026-06-09 00:02:35.733 INFO net.spy.memcached.MemcachedConnection:  Shut down memcached client
2026-06-09 00:02:35.733 INFO net.spy.memcached.MemcachedConnection:  Shut down memcached client
2026-06-09 00:02:35.733 INFO net.spy.memcached.MemcachedConnection:  Shut down memcached client
2026-06-09 00:02:35.734 INFO net.spy.memcached.MemcachedConnection:  Shut down memcached client
2026-06-09 00:02:35.735 INFO net.spy.memcached.MemcachedConnection:  Shut down memcached client
2026-06-09 00:02:35.735 INFO net.spy.memcached.MemcachedConnection:  Shut down memcached client
2026-06-09 00:02:35.735 INFO net.spy.memcached.MemcachedConnection:  Shut down memcached client
2026-06-09 00:02:35.735 INFO net.spy.memcached.MemcachedConnection:  Shut down memcached client
2026-06-09 00:02:35.735 INFO net.spy.memcached.MemcachedConnection:  Shut down memcached client
2026-06-09 00:02:35.736 INFO net.spy.memcached.MemcachedConnection:  Shut down memcached client
2026-06-09 00:02:35.736 INFO net.spy.memcached.MemcachedConnection:  Shut down memcached client
2026-06-09 00:02:35.736 INFO net.spy.memcached.MemcachedConnection:  Shut down memcached client
2026-06-09 00:02:35:732 30 sec: 2042981 operations; 5333.33 current ops/sec; est completion in 4 hours 4 minutes [READ: Count=12, Max=1840, Min=135, Avg=435.08, 90=769, 99=1840, 99.9=1840, 99.99=1840] [CLEANUP: Count=16, Max=15879, Min=13992, Avg=15435, 90=15831, 99=15879, 99.9=15879, 99.99=15879] [UPDATE: Count=0, Max=0, Min=9223372036854775807, Avg=NaN, 90=0, 99=0, 99.9=0, 99.99=0] 
[OVERALL], RunTime(ms), 30018
[OVERALL], Throughput(ops/sec), 68058.53154773802
[TOTAL_GCS_G1_Young_Generation], Count, 47
[TOTAL_GC_TIME_G1_Young_Generation], Time(ms), 69
[TOTAL_GC_TIME_%_G1_Young_Generation], Time(%), 0.2298620827503498
[TOTAL_GCS_G1_Concurrent_GC], Count, 0
[TOTAL_GC_TIME_G1_Concurrent_GC], Time(ms), 0
[TOTAL_GC_TIME_%_G1_Concurrent_GC], Time(%), 0.0
[TOTAL_GCS_G1_Old_Generation], Count, 0
[TOTAL_GC_TIME_G1_Old_Generation], Time(ms), 0
[TOTAL_GC_TIME_%_G1_Old_Generation], Time(%), 0.0
[TOTAL_GCs], Count, 47
[TOTAL_GC_TIME], Time(ms), 69
[TOTAL_GC_TIME_%], Time(%), 0.2298620827503498
[READ], Operations, 367912
[READ], AverageLatency(us), 223.9509719715584
[READ], MinLatency(us), 64
[READ], MaxLatency(us), 29199
[READ], 95thPercentileLatency(us), 347
[READ], 99thPercentileLatency(us), 694
[READ], Return=OK, 367912
[CLEANUP], Operations, 16
[CLEANUP], AverageLatency(us), 15435.0
[CLEANUP], MinLatency(us), 13992
[CLEANUP], MaxLatency(us), 15879
[CLEANUP], 95thPercentileLatency(us), 15863
[CLEANUP], 99thPercentileLatency(us), 15879
[UPDATE], Operations, 1675069
[UPDATE], AverageLatency(us), 233.6027554685807
[UPDATE], MinLatency(us), 61
[UPDATE], MaxLatency(us), 58015
[UPDATE], 95thPercentileLatency(us), 363
[UPDATE], 99thPercentileLatency(us), 955
[UPDATE], Return=OK, 1675069
