/usr/bin/java  -classpath /home/morisaki/Application/ycsb-0.17.0/conf:/home/morisaki/Application/ycsb-0.17.0/lib/HdrHistogram-2.1.4.jar:/home/morisaki/Application/ycsb-0.17.0/lib/core-0.17.0.jar:/home/morisaki/Application/ycsb-0.17.0/lib/htrace-core4-4.1.0-incubating.jar:/home/morisaki/Application/ycsb-0.17.0/lib/jackson-core-asl-1.9.4.jar:/home/morisaki/Application/ycsb-0.17.0/lib/jackson-mapper-asl-1.9.4.jar:/home/morisaki/Application/ycsb-0.17.0/memcached-binding/lib/HdrHistogram-2.1.4.jar:/home/morisaki/Application/ycsb-0.17.0/memcached-binding/lib/core-0.17.0.jar:/home/morisaki/Application/ycsb-0.17.0/memcached-binding/lib/htrace-core4-4.1.0-incubating.jar:/home/morisaki/Application/ycsb-0.17.0/memcached-binding/lib/jackson-core-asl-1.9.4.jar:/home/morisaki/Application/ycsb-0.17.0/memcached-binding/lib/jackson-mapper-asl-1.9.13.jar:/home/morisaki/Application/ycsb-0.17.0/memcached-binding/lib/log4j-1.2.17.jar:/home/morisaki/Application/ycsb-0.17.0/memcached-binding/lib/memcached-binding-0.17.0.jar:/home/morisaki/Application/ycsb-0.17.0/memcached-binding/lib/spymemcached-2.11.4.jar site.ycsb.Client -t -db site.ycsb.db.MemcachedClient -s -P ./experiment/workloads/var_workload.dat -p memcached.hosts=127.0.0.1:11222 -p maxexecutiontime=30 -threads 16
Command line: -t -db site.ycsb.db.MemcachedClient -s -P ./experiment/workloads/var_workload.dat -p memcached.hosts=127.0.0.1:11222 -p maxexecutiontime=30 -threads 16
YCSB Client 0.17.0

Loading workload...
log4j:WARN No appenders could be found for logger (org.apache.htrace.core.Tracer).
log4j:WARN Please initialize the log4j system properly.
log4j:WARN See http://logging.apache.org/log4j/1.2/faq.html#noconfig for more info.
Starting test.
2026-06-09 00:01:35:214 0 sec: 0 operations; est completion in 0 second 
Maximum execution time specified as: 30 secs
2026-06-09 00:01:35.294 INFO net.spy.memcached.MemcachedConnection:  Added {QA sa=/127.0.0.1:11222, #Rops=0, #Wops=0, #iq=0, topRop=null, topWop=null, toWrite=0, interested=0} to connect queue
2026-06-09 00:01:35.294 INFO net.spy.memcached.MemcachedConnection:  Added {QA sa=/127.0.0.1:11222, #Rops=0, #Wops=0, #iq=0, topRop=null, topWop=null, toWrite=0, interested=0} to connect queue
2026-06-09 00:01:35.295 INFO net.spy.memcached.MemcachedConnection:  Added {QA sa=/127.0.0.1:11222, #Rops=0, #Wops=0, #iq=0, topRop=null, topWop=null, toWrite=0, interested=0} to connect queue
2026-06-09 00:01:35.295 INFO net.spy.memcached.MemcachedConnection:  Added {QA sa=/127.0.0.1:11222, #Rops=0, #Wops=0, #iq=0, topRop=null, topWop=null, toWrite=0, interested=0} to connect queue
2026-06-09 00:01:35.295 INFO net.spy.memcached.MemcachedConnection:  Added {QA sa=/127.0.0.1:11222, #Rops=0, #Wops=0, #iq=0, topRop=null, topWop=null, toWrite=0, interested=0} to connect queue
2026-06-09 00:01:35.296 INFO net.spy.memcached.MemcachedConnection:  Added {QA sa=/127.0.0.1:11222, #Rops=0, #Wops=0, #iq=0, topRop=null, topWop=null, toWrite=0, interested=0} to connect queue
2026-06-09 00:01:35.296 INFO net.spy.memcached.MemcachedConnection:  Added {QA sa=/127.0.0.1:11222, #Rops=0, #Wops=0, #iq=0, topRop=null, topWop=null, toWrite=0, interested=0} to connect queue
2026-06-09 00:01:35.296 INFO net.spy.memcached.MemcachedConnection:  Added {QA sa=/127.0.0.1:11222, #Rops=0, #Wops=0, #iq=0, topRop=null, topWop=null, toWrite=0, interested=0} to connect queue
2026-06-09 00:01:35.296 INFO net.spy.memcached.MemcachedConnection:  Added {QA sa=/127.0.0.1:11222, #Rops=0, #Wops=0, #iq=0, topRop=null, topWop=null, toWrite=0, interested=0} to connect queue
2026-06-09 00:01:35.297 INFO net.spy.memcached.MemcachedConnection:  Added {QA sa=/127.0.0.1:11222, #Rops=0, #Wops=0, #iq=0, topRop=null, topWop=null, toWrite=0, interested=0} to connect queue
2026-06-09 00:01:35.297 INFO net.spy.memcached.MemcachedConnection:  Added {QA sa=/127.0.0.1:11222, #Rops=0, #Wops=0, #iq=0, topRop=null, topWop=null, toWrite=0, interested=0} to connect queue
2026-06-09 00:01:35.297 INFO net.spy.memcached.MemcachedConnection:  Added {QA sa=/127.0.0.1:11222, #Rops=0, #Wops=0, #iq=0, topRop=null, topWop=null, toWrite=0, interested=0} to connect queue
DBWrapper: report latency for each error is false and specific error codes to track for latency are: []
DBWrapper: report latency for each error is false and specific error codes to track for latency are: []
DBWrapper: report latency for each error is false and specific error codes to track for latency are: []
DBWrapper: report latency for each error is false and specific error codes to track for latency are: []
DBWrapper: report latency for each error is false and specific error codes to track for latency are: []
2026-06-09 00:01:35.298 INFO net.spy.memcached.MemcachedConnection:  Added {QA sa=/127.0.0.1:11222, #Rops=0, #Wops=0, #iq=0, topRop=null, topWop=null, toWrite=0, interested=0} to connect queue
DBWrapper: report latency for each error is false and specific error codes to track for latency are: []
2026-06-09 00:01:35.298 INFO net.spy.memcached.MemcachedConnection:  Added {QA sa=/127.0.0.1:11222, #Rops=0, #Wops=0, #iq=0, topRop=null, topWop=null, toWrite=0, interested=0} to connect queue
DBWrapper: report latency for each error is false and specific error codes to track for latency are: []
2026-06-09 00:01:35.299 INFO net.spy.memcached.MemcachedConnection:  Added {QA sa=/127.0.0.1:11222, #Rops=0, #Wops=0, #iq=0, topRop=null, topWop=null, toWrite=0, interested=0} to connect queue
2026-06-09 00:01:35.299 INFO net.spy.memcached.MemcachedConnection:  Added {QA sa=/127.0.0.1:11222, #Rops=0, #Wops=0, #iq=0, topRop=null, topWop=null, toWrite=0, interested=0} to connect queue
DBWrapper: report latency for each error is false and specific error codes to track for latency are: []
DBWrapper: report latency for each error is false and specific error codes to track for latency are: []
DBWrapper: report latency for each error is false and specific error codes to track for latency are: []
DBWrapper: report latency for each error is false and specific error codes to track for latency are: []
DBWrapper: report latency for each error is false and specific error codes to track for latency are: []
DBWrapper: report latency for each error is false and specific error codes to track for latency are: []
DBWrapper: report latency for each error is false and specific error codes to track for latency are: []
DBWrapper: report latency for each error is false and specific error codes to track for latency are: []
DBWrapper: report latency for each error is false and specific error codes to track for latency are: []
2026-06-09 00:01:45:214 10 sec: 533549 operations; 53349.57 current ops/sec; est completion in 5 hours 12 minutes [READ: Count=95711, Max=24863, Min=67, Avg=287.93, 90=438, 99=1270, 99.9=3673, 99.99=5579] [UPDATE: Count=438672, Max=59903, Min=67, Avg=294.45, 90=447, 99=1361, 99.9=3871, 99.99=7691] 
2026-06-09 00:01:55:215 20 sec: 1262864 operations; 72931.5 current ops/sec; est completion in 4 hours 23 minutes [READ: Count=131686, Max=11215, Min=65, Avg=213.68, 90=284, 99=406, 99.9=2267, 99.99=4009] [UPDATE: Count=596992, Max=11295, Min=64, Avg=217.97, 90=290, 99=421, 99.9=2315, 99.99=4061] 
Maximum time elapsed. Requesting stop for the workload.
Stop requested for workload. Now Joining!
2026-06-09 00:02:05:214 30 sec: 2003337 operations; 74047.3 current ops/sec; est completion in 4 hours 9 minutes [READ: Count=133085, Max=6175, Min=65, Avg=210.8, 90=280, 99=396, 99.9=2123, 99.99=3787] [UPDATE: Count=607445, Max=6395, Min=66, Avg=214.65, 90=286, 99=408, 99.9=2207, 99.99=3921] 
2026-06-09 00:02:05.225 INFO net.spy.memcached.MemcachedConnection:  Shut down memcached client
2026-06-09 00:02:05.226 INFO net.spy.memcached.MemcachedConnection:  Shut down memcached client
2026-06-09 00:02:05.226 INFO net.spy.memcached.MemcachedConnection:  Shut down memcached client
2026-06-09 00:02:05.226 INFO net.spy.memcached.MemcachedConnection:  Shut down memcached client
2026-06-09 00:02:05.227 INFO net.spy.memcached.MemcachedConnection:  Shut down memcached client
2026-06-09 00:02:05.227 INFO net.spy.memcached.MemcachedConnection:  Shut down memcached client
2026-06-09 00:02:05.227 INFO net.spy.memcached.MemcachedConnection:  Shut down memcached client
2026-06-09 00:02:05.228 INFO net.spy.memcached.MemcachedConnection:  Shut down memcached client
2026-06-09 00:02:05.228 INFO net.spy.memcached.MemcachedConnection:  Shut down memcached client
2026-06-09 00:02:05.228 INFO net.spy.memcached.MemcachedConnection:  Shut down memcached client
2026-06-09 00:02:05.228 INFO net.spy.memcached.MemcachedConnection:  Shut down memcached client
2026-06-09 00:02:05.228 INFO net.spy.memcached.MemcachedConnection:  Shut down memcached client
2026-06-09 00:02:05.229 INFO net.spy.memcached.MemcachedConnection:  Shut down memcached client
2026-06-09 00:02:05.229 INFO net.spy.memcached.MemcachedConnection:  Shut down memcached client
2026-06-09 00:02:05.229 INFO net.spy.memcached.MemcachedConnection:  Shut down memcached client
2026-06-09 00:02:05.229 INFO net.spy.memcached.MemcachedConnection:  Shut down memcached client
2026-06-09 00:02:05:227 30 sec: 2003646 operations; 23769.23 current ops/sec; est completion in 4 hours 9 minutes [READ: Count=53, Max=2145, Min=92, Avg=305.28, 90=564, 99=1572, 99.9=2145, 99.99=2145] [CLEANUP: Count=16, Max=7995, Min=5888, Avg=7115.25, 90=7679, 99=7995, 99.9=7995, 99.99=7995] [UPDATE: Count=2, Max=1375, Min=1341, Avg=1358, 90=1375, 99=1375, 99.9=1375, 99.99=1375] 
[OVERALL], RunTime(ms), 30014
[OVERALL], Throughput(ops/sec), 66757.04671153461
[TOTAL_GCS_G1_Young_Generation], Count, 45
[TOTAL_GC_TIME_G1_Young_Generation], Time(ms), 74
[TOTAL_GC_TIME_%_G1_Young_Generation], Time(%), 0.24655160924901715
[TOTAL_GCS_G1_Concurrent_GC], Count, 0
[TOTAL_GC_TIME_G1_Concurrent_GC], Time(ms), 0
[TOTAL_GC_TIME_%_G1_Concurrent_GC], Time(%), 0.0
[TOTAL_GCS_G1_Old_Generation], Count, 0
[TOTAL_GC_TIME_G1_Old_Generation], Time(ms), 0
[TOTAL_GC_TIME_%_G1_Old_Generation], Time(%), 0.0
[TOTAL_GCs], Count, 45
[TOTAL_GC_TIME], Time(ms), 74
[TOTAL_GC_TIME_%], Time(%), 0.24655160924901715
[READ], Operations, 360535
[READ], AverageLatency(us), 232.3394344515789
[READ], MinLatency(us), 65
[READ], MaxLatency(us), 24863
[READ], 95thPercentileLatency(us), 376
[READ], 99thPercentileLatency(us), 726
[READ], Return=OK, 360535
[CLEANUP], Operations, 16
[CLEANUP], AverageLatency(us), 7115.25
[CLEANUP], MinLatency(us), 5888
[CLEANUP], MaxLatency(us), 7995
[CLEANUP], 95thPercentileLatency(us), 7871
[CLEANUP], 99thPercentileLatency(us), 7995
[UPDATE], Operations, 1643111
[UPDATE], AverageLatency(us), 237.16562362494074
[UPDATE], MinLatency(us), 64
[UPDATE], MaxLatency(us), 59903
[UPDATE], 95thPercentileLatency(us), 385
[UPDATE], 99thPercentileLatency(us), 732
[UPDATE], Return=OK, 1643111
