/usr/bin/java  -classpath /home/morisaki/Application/ycsb-0.17.0/conf:/home/morisaki/Application/ycsb-0.17.0/lib/HdrHistogram-2.1.4.jar:/home/morisaki/Application/ycsb-0.17.0/lib/core-0.17.0.jar:/home/morisaki/Application/ycsb-0.17.0/lib/htrace-core4-4.1.0-incubating.jar:/home/morisaki/Application/ycsb-0.17.0/lib/jackson-core-asl-1.9.4.jar:/home/morisaki/Application/ycsb-0.17.0/lib/jackson-mapper-asl-1.9.4.jar:/home/morisaki/Application/ycsb-0.17.0/memcached-binding/lib/HdrHistogram-2.1.4.jar:/home/morisaki/Application/ycsb-0.17.0/memcached-binding/lib/core-0.17.0.jar:/home/morisaki/Application/ycsb-0.17.0/memcached-binding/lib/htrace-core4-4.1.0-incubating.jar:/home/morisaki/Application/ycsb-0.17.0/memcached-binding/lib/jackson-core-asl-1.9.4.jar:/home/morisaki/Application/ycsb-0.17.0/memcached-binding/lib/jackson-mapper-asl-1.9.13.jar:/home/morisaki/Application/ycsb-0.17.0/memcached-binding/lib/log4j-1.2.17.jar:/home/morisaki/Application/ycsb-0.17.0/memcached-binding/lib/memcached-binding-0.17.0.jar:/home/morisaki/Application/ycsb-0.17.0/memcached-binding/lib/spymemcached-2.11.4.jar site.ycsb.Client -t -db site.ycsb.db.MemcachedClient -s -P ./experiment/workloads/var_workload.dat -p memcached.hosts=127.0.0.1:11222 -p maxexecutiontime=30 -threads 16
Command line: -t -db site.ycsb.db.MemcachedClient -s -P ./experiment/workloads/var_workload.dat -p memcached.hosts=127.0.0.1:11222 -p maxexecutiontime=30 -threads 16
YCSB Client 0.17.0

Loading workload...
log4j:WARN No appenders could be found for logger (org.apache.htrace.core.Tracer).
log4j:WARN Please initialize the log4j system properly.
log4j:WARN See http://logging.apache.org/log4j/1.2/faq.html#noconfig for more info.
Starting test.
2026-06-09 00:01:04:721 0 sec: 0 operations; est completion in 0 second 
Maximum execution time specified as: 30 secs
2026-06-09 00:01:04.799 INFO net.spy.memcached.MemcachedConnection:  Added {QA sa=/127.0.0.1:11222, #Rops=0, #Wops=0, #iq=0, topRop=null, topWop=null, toWrite=0, interested=0} to connect queue
2026-06-09 00:01:04.799 INFO net.spy.memcached.MemcachedConnection:  Added {QA sa=/127.0.0.1:11222, #Rops=0, #Wops=0, #iq=0, topRop=null, topWop=null, toWrite=0, interested=0} to connect queue
2026-06-09 00:01:04.799 INFO net.spy.memcached.MemcachedConnection:  Added {QA sa=/127.0.0.1:11222, #Rops=0, #Wops=0, #iq=0, topRop=null, topWop=null, toWrite=0, interested=0} to connect queue
2026-06-09 00:01:04.800 INFO net.spy.memcached.MemcachedConnection:  Added {QA sa=/127.0.0.1:11222, #Rops=0, #Wops=0, #iq=0, topRop=null, topWop=null, toWrite=0, interested=0} to connect queue
2026-06-09 00:01:04.800 INFO net.spy.memcached.MemcachedConnection:  Added {QA sa=/127.0.0.1:11222, #Rops=0, #Wops=0, #iq=0, topRop=null, topWop=null, toWrite=0, interested=0} to connect queue
2026-06-09 00:01:04.800 INFO net.spy.memcached.MemcachedConnection:  Added {QA sa=/127.0.0.1:11222, #Rops=0, #Wops=0, #iq=0, topRop=null, topWop=null, toWrite=0, interested=0} to connect queue
2026-06-09 00:01:04.801 INFO net.spy.memcached.MemcachedConnection:  Added {QA sa=/127.0.0.1:11222, #Rops=0, #Wops=0, #iq=0, topRop=null, topWop=null, toWrite=0, interested=0} to connect queue
2026-06-09 00:01:04.801 INFO net.spy.memcached.MemcachedConnection:  Added {QA sa=/127.0.0.1:11222, #Rops=0, #Wops=0, #iq=0, topRop=null, topWop=null, toWrite=0, interested=0} to connect queue
2026-06-09 00:01:04.801 INFO net.spy.memcached.MemcachedConnection:  Added {QA sa=/127.0.0.1:11222, #Rops=0, #Wops=0, #iq=0, topRop=null, topWop=null, toWrite=0, interested=0} to connect queue
DBWrapper: report latency for each error is false and specific error codes to track for latency are: []
2026-06-09 00:01:04.802 INFO net.spy.memcached.MemcachedConnection:  Added {QA sa=/127.0.0.1:11222, #Rops=0, #Wops=0, #iq=0, topRop=null, topWop=null, toWrite=0, interested=0} to connect queue
DBWrapper: report latency for each error is false and specific error codes to track for latency are: []
2026-06-09 00:01:04.802 INFO net.spy.memcached.MemcachedConnection:  Added {QA sa=/127.0.0.1:11222, #Rops=0, #Wops=0, #iq=0, topRop=null, topWop=null, toWrite=0, interested=0} to connect queue
DBWrapper: report latency for each error is false and specific error codes to track for latency are: []
2026-06-09 00:01:04.802 INFO net.spy.memcached.MemcachedConnection:  Added {QA sa=/127.0.0.1:11222, #Rops=0, #Wops=0, #iq=0, topRop=null, topWop=null, toWrite=0, interested=0} to connect queue
DBWrapper: report latency for each error is false and specific error codes to track for latency are: []
2026-06-09 00:01:04.803 INFO net.spy.memcached.MemcachedConnection:  Added {QA sa=/127.0.0.1:11222, #Rops=0, #Wops=0, #iq=0, topRop=null, topWop=null, toWrite=0, interested=0} to connect queue
DBWrapper: report latency for each error is false and specific error codes to track for latency are: []
DBWrapper: report latency for each error is false and specific error codes to track for latency are: []
DBWrapper: report latency for each error is false and specific error codes to track for latency are: []
2026-06-09 00:01:04.803 INFO net.spy.memcached.MemcachedConnection:  Added {QA sa=/127.0.0.1:11222, #Rops=0, #Wops=0, #iq=0, topRop=null, topWop=null, toWrite=0, interested=0} to connect queue
DBWrapper: report latency for each error is false and specific error codes to track for latency are: []
2026-06-09 00:01:04.804 INFO net.spy.memcached.MemcachedConnection:  Added {QA sa=/127.0.0.1:11222, #Rops=0, #Wops=0, #iq=0, topRop=null, topWop=null, toWrite=0, interested=0} to connect queue
DBWrapper: report latency for each error is false and specific error codes to track for latency are: []
2026-06-09 00:01:04.804 INFO net.spy.memcached.MemcachedConnection:  Added {QA sa=/127.0.0.1:11222, #Rops=0, #Wops=0, #iq=0, topRop=null, topWop=null, toWrite=0, interested=0} to connect queue
DBWrapper: report latency for each error is false and specific error codes to track for latency are: []
DBWrapper: report latency for each error is false and specific error codes to track for latency are: []
DBWrapper: report latency for each error is false and specific error codes to track for latency are: []
DBWrapper: report latency for each error is false and specific error codes to track for latency are: []
DBWrapper: report latency for each error is false and specific error codes to track for latency are: []
DBWrapper: report latency for each error is false and specific error codes to track for latency are: []
DBWrapper: report latency for each error is false and specific error codes to track for latency are: []
2026-06-09 00:01:14:721 10 sec: 510041 operations; 50999 current ops/sec; est completion in 5 hours 26 minutes [READ: Count=91424, Max=32639, Min=66, Avg=281.12, 90=402, 99=1294, 99.9=3861, 99.99=7047] [UPDATE: Count=420348, Max=53119, Min=64, Avg=312.06, 90=459, 99=1762, 99.9=4135, 99.99=7063] 
2026-06-09 00:01:24:723 20 sec: 1259545 operations; 74942.91 current ops/sec; est completion in 4 hours 24 minutes [READ: Count=135109, Max=6415, Min=64, Avg=208.51, 90=278, 99=400, 99.9=2046, 99.99=3741] [UPDATE: Count=612894, Max=8511, Min=63, Avg=212.11, 90=284, 99=413, 99.9=2147, 99.99=3969] 
Maximum time elapsed. Requesting stop for the workload.
Stop requested for workload. Now Joining!
2026-06-09 00:01:34:721 30 sec: 2008418 operations; 74894.79 current ops/sec; est completion in 4 hours 8 minutes [READ: Count=134926, Max=5999, Min=64, Avg=208.98, 90=278, 99=399, 99.9=2165, 99.99=3749] [UPDATE: Count=613810, Max=5851, Min=62, Avg=212.18, 90=283, 99=414, 99.9=2275, 99.99=3907] 
2026-06-09 00:01:34.731 INFO net.spy.memcached.MemcachedConnection:  Shut down memcached client
2026-06-09 00:01:34.732 INFO net.spy.memcached.MemcachedConnection:  Shut down memcached client
2026-06-09 00:01:34.732 INFO net.spy.memcached.MemcachedConnection:  Shut down memcached client
2026-06-09 00:01:34.733 INFO net.spy.memcached.MemcachedConnection:  Shut down memcached client
2026-06-09 00:01:34.733 INFO net.spy.memcached.MemcachedConnection:  Shut down memcached client
2026-06-09 00:01:34.733 INFO net.spy.memcached.MemcachedConnection:  Shut down memcached client
2026-06-09 00:01:34.734 INFO net.spy.memcached.MemcachedConnection:  Shut down memcached client
2026-06-09 00:01:34.734 INFO net.spy.memcached.MemcachedConnection:  Shut down memcached client
2026-06-09 00:01:34.734 INFO net.spy.memcached.MemcachedConnection:  Shut down memcached client
2026-06-09 00:01:34.734 INFO net.spy.memcached.MemcachedConnection:  Shut down memcached client
2026-06-09 00:01:34.734 INFO net.spy.memcached.MemcachedConnection:  Shut down memcached client
2026-06-09 00:01:34.735 INFO net.spy.memcached.MemcachedConnection:  Shut down memcached client
2026-06-09 00:01:34.735 INFO net.spy.memcached.MemcachedConnection:  Shut down memcached client
2026-06-09 00:01:34.735 INFO net.spy.memcached.MemcachedConnection:  Shut down memcached client
2026-06-09 00:01:34.735 INFO net.spy.memcached.MemcachedConnection:  Shut down memcached client
2026-06-09 00:01:34.735 INFO net.spy.memcached.MemcachedConnection:  Shut down memcached client
2026-06-09 00:01:34:733 30 sec: 2008546 operations; 10666.67 current ops/sec; est completion in 4 hours 8 minutes [READ: Count=24, Max=942, Min=78, Avg=208.88, 90=491, 99=942, 99.9=942, 99.99=942] [CLEANUP: Count=16, Max=8807, Min=6796, Avg=8224.25, 90=8775, 99=8807, 99.9=8807, 99.99=8807] [UPDATE: Count=11, Max=3691, Min=121, Avg=1462.82, 90=2993, 99=3691, 99.9=3691, 99.99=3691] 
[OVERALL], RunTime(ms), 30012
[OVERALL], Throughput(ops/sec), 66924.76342796214
[TOTAL_GCS_G1_Young_Generation], Count, 44
[TOTAL_GC_TIME_G1_Young_Generation], Time(ms), 65
[TOTAL_GC_TIME_%_G1_Young_Generation], Time(%), 0.21658003465280556
[TOTAL_GCS_G1_Concurrent_GC], Count, 0
[TOTAL_GC_TIME_G1_Concurrent_GC], Time(ms), 0
[TOTAL_GC_TIME_%_G1_Concurrent_GC], Time(%), 0.0
[TOTAL_GCS_G1_Old_Generation], Count, 0
[TOTAL_GC_TIME_G1_Old_Generation], Time(ms), 0
[TOTAL_GC_TIME_%_G1_Old_Generation], Time(%), 0.0
[TOTAL_GCs], Count, 44
[TOTAL_GC_TIME], Time(ms), 65
[TOTAL_GC_TIME_%], Time(%), 0.21658003465280556
[READ], Operations, 361483
[READ], AverageLatency(us), 227.0493550180783
[READ], MinLatency(us), 64
[READ], MaxLatency(us), 32639
[READ], 95thPercentileLatency(us), 354
[READ], 99thPercentileLatency(us), 722
[READ], Return=OK, 361483
[CLEANUP], Operations, 16
[CLEANUP], AverageLatency(us), 8224.25
[CLEANUP], MinLatency(us), 6796
[CLEANUP], MaxLatency(us), 8807
[CLEANUP], 95thPercentileLatency(us), 8791
[CLEANUP], 99thPercentileLatency(us), 8807
[UPDATE], Operations, 1647063
[UPDATE], AverageLatency(us), 237.65385841343044
[UPDATE], MinLatency(us), 62
[UPDATE], MaxLatency(us), 53119
[UPDATE], 95thPercentileLatency(us), 376
[UPDATE], 99thPercentileLatency(us), 1006
[UPDATE], Return=OK, 1647063
