/usr/bin/java  -classpath /home/morisaki/Application/ycsb-0.17.0/conf:/home/morisaki/Application/ycsb-0.17.0/lib/HdrHistogram-2.1.4.jar:/home/morisaki/Application/ycsb-0.17.0/lib/core-0.17.0.jar:/home/morisaki/Application/ycsb-0.17.0/lib/htrace-core4-4.1.0-incubating.jar:/home/morisaki/Application/ycsb-0.17.0/lib/jackson-core-asl-1.9.4.jar:/home/morisaki/Application/ycsb-0.17.0/lib/jackson-mapper-asl-1.9.4.jar:/home/morisaki/Application/ycsb-0.17.0/memcached-binding/lib/HdrHistogram-2.1.4.jar:/home/morisaki/Application/ycsb-0.17.0/memcached-binding/lib/core-0.17.0.jar:/home/morisaki/Application/ycsb-0.17.0/memcached-binding/lib/htrace-core4-4.1.0-incubating.jar:/home/morisaki/Application/ycsb-0.17.0/memcached-binding/lib/jackson-core-asl-1.9.4.jar:/home/morisaki/Application/ycsb-0.17.0/memcached-binding/lib/jackson-mapper-asl-1.9.13.jar:/home/morisaki/Application/ycsb-0.17.0/memcached-binding/lib/log4j-1.2.17.jar:/home/morisaki/Application/ycsb-0.17.0/memcached-binding/lib/memcached-binding-0.17.0.jar:/home/morisaki/Application/ycsb-0.17.0/memcached-binding/lib/spymemcached-2.11.4.jar site.ycsb.Client -t -db site.ycsb.db.MemcachedClient -s -P ./experiment/workloads/var_workload.dat -p memcached.hosts=127.0.0.1:11222 -p maxexecutiontime=30 -threads 16
Command line: -t -db site.ycsb.db.MemcachedClient -s -P ./experiment/workloads/var_workload.dat -p memcached.hosts=127.0.0.1:11222 -p maxexecutiontime=30 -threads 16
YCSB Client 0.17.0

Loading workload...
log4j:WARN No appenders could be found for logger (org.apache.htrace.core.Tracer).
log4j:WARN Please initialize the log4j system properly.
log4j:WARN See http://logging.apache.org/log4j/1.2/faq.html#noconfig for more info.
Starting test.
2026-06-09 00:00:03:727 0 sec: 0 operations; est completion in 0 second 
Maximum execution time specified as: 30 secs
2026-06-09 00:00:03.814 INFO net.spy.memcached.MemcachedConnection:  Added {QA sa=/127.0.0.1:11222, #Rops=0, #Wops=0, #iq=0, topRop=null, topWop=null, toWrite=0, interested=0} to connect queue
2026-06-09 00:00:03.814 INFO net.spy.memcached.MemcachedConnection:  Added {QA sa=/127.0.0.1:11222, #Rops=0, #Wops=0, #iq=0, topRop=null, topWop=null, toWrite=0, interested=0} to connect queue
2026-06-09 00:00:03.814 INFO net.spy.memcached.MemcachedConnection:  Added {QA sa=/127.0.0.1:11222, #Rops=0, #Wops=0, #iq=0, topRop=null, topWop=null, toWrite=0, interested=0} to connect queue
2026-06-09 00:00:03.815 INFO net.spy.memcached.MemcachedConnection:  Added {QA sa=/127.0.0.1:11222, #Rops=0, #Wops=0, #iq=0, topRop=null, topWop=null, toWrite=0, interested=0} to connect queue
2026-06-09 00:00:03.815 INFO net.spy.memcached.MemcachedConnection:  Added {QA sa=/127.0.0.1:11222, #Rops=0, #Wops=0, #iq=0, topRop=null, topWop=null, toWrite=0, interested=0} to connect queue
2026-06-09 00:00:03.815 INFO net.spy.memcached.MemcachedConnection:  Added {QA sa=/127.0.0.1:11222, #Rops=0, #Wops=0, #iq=0, topRop=null, topWop=null, toWrite=0, interested=0} to connect queue
2026-06-09 00:00:03.816 INFO net.spy.memcached.MemcachedConnection:  Added {QA sa=/127.0.0.1:11222, #Rops=0, #Wops=0, #iq=0, topRop=null, topWop=null, toWrite=0, interested=0} to connect queue
2026-06-09 00:00:03.816 INFO net.spy.memcached.MemcachedConnection:  Added {QA sa=/127.0.0.1:11222, #Rops=0, #Wops=0, #iq=0, topRop=null, topWop=null, toWrite=0, interested=0} to connect queue
2026-06-09 00:00:03.816 INFO net.spy.memcached.MemcachedConnection:  Added {QA sa=/127.0.0.1:11222, #Rops=0, #Wops=0, #iq=0, topRop=null, topWop=null, toWrite=0, interested=0} to connect queue
2026-06-09 00:00:03.816 INFO net.spy.memcached.MemcachedConnection:  Added {QA sa=/127.0.0.1:11222, #Rops=0, #Wops=0, #iq=0, topRop=null, topWop=null, toWrite=0, interested=0} to connect queue
2026-06-09 00:00:03.817 INFO net.spy.memcached.MemcachedConnection:  Added {QA sa=/127.0.0.1:11222, #Rops=0, #Wops=0, #iq=0, topRop=null, topWop=null, toWrite=0, interested=0} to connect queue
DBWrapper: report latency for each error is false and specific error codes to track for latency are: []
2026-06-09 00:00:03.817 INFO net.spy.memcached.MemcachedConnection:  Added {QA sa=/127.0.0.1:11222, #Rops=0, #Wops=0, #iq=0, topRop=null, topWop=null, toWrite=0, interested=0} to connect queue
2026-06-09 00:00:03.817 INFO net.spy.memcached.MemcachedConnection:  Added {QA sa=/127.0.0.1:11222, #Rops=0, #Wops=0, #iq=0, topRop=null, topWop=null, toWrite=0, interested=0} to connect queue
DBWrapper: report latency for each error is false and specific error codes to track for latency are: []
DBWrapper: report latency for each error is false and specific error codes to track for latency are: []
DBWrapper: report latency for each error is false and specific error codes to track for latency are: []
DBWrapper: report latency for each error is false and specific error codes to track for latency are: []
2026-06-09 00:00:03.818 INFO net.spy.memcached.MemcachedConnection:  Added {QA sa=/127.0.0.1:11222, #Rops=0, #Wops=0, #iq=0, topRop=null, topWop=null, toWrite=0, interested=0} to connect queue
DBWrapper: report latency for each error is false and specific error codes to track for latency are: []
2026-06-09 00:00:03.819 INFO net.spy.memcached.MemcachedConnection:  Added {QA sa=/127.0.0.1:11222, #Rops=0, #Wops=0, #iq=0, topRop=null, topWop=null, toWrite=0, interested=0} to connect queue
DBWrapper: report latency for each error is false and specific error codes to track for latency are: []
2026-06-09 00:00:03.819 INFO net.spy.memcached.MemcachedConnection:  Added {QA sa=/127.0.0.1:11222, #Rops=0, #Wops=0, #iq=0, topRop=null, topWop=null, toWrite=0, interested=0} to connect queue
DBWrapper: report latency for each error is false and specific error codes to track for latency are: []
DBWrapper: report latency for each error is false and specific error codes to track for latency are: []
DBWrapper: report latency for each error is false and specific error codes to track for latency are: []
DBWrapper: report latency for each error is false and specific error codes to track for latency are: []
DBWrapper: report latency for each error is false and specific error codes to track for latency are: []
DBWrapper: report latency for each error is false and specific error codes to track for latency are: []
DBWrapper: report latency for each error is false and specific error codes to track for latency are: []
DBWrapper: report latency for each error is false and specific error codes to track for latency are: []
DBWrapper: report latency for each error is false and specific error codes to track for latency are: []
2026-06-09 00:00:13:727 10 sec: 559830 operations; 55983 current ops/sec; est completion in 4 hours 57 minutes [READ: Count=100332, Max=27503, Min=63, Avg=272.34, 90=397, 99=1122, 99.9=3783, 99.99=6735] [UPDATE: Count=460660, Max=54751, Min=65, Avg=280.45, 90=411, 99=1370, 99.9=3965, 99.99=7215] 
2026-06-09 00:00:23:727 20 sec: 1315309 operations; 75547.9 current ops/sec; est completion in 4 hours 13 minutes [READ: Count=136373, Max=5111, Min=67, Avg=206.55, 90=274, 99=394, 99.9=2177, 99.99=3757] [UPDATE: Count=618157, Max=6835, Min=62, Avg=210.43, 90=280, 99=404, 99.9=2263, 99.99=3995] 
Maximum time elapsed. Requesting stop for the workload.
Stop requested for workload. Now Joining!
2026-06-09 00:00:33:730 30 sec: 2070962 operations; 75565.3 current ops/sec; est completion in 4 hours [READ: Count=135803, Max=10567, Min=67, Avg=206.44, 90=277, 99=399, 99.9=2185, 99.99=4031] [UPDATE: Count=619895, Max=10311, Min=63, Avg=210.54, 90=283, 99=410, 99.9=2283, 99.99=4015] 
2026-06-09 00:00:33.740 INFO net.spy.memcached.MemcachedConnection:  Shut down memcached client
2026-06-09 00:00:33.740 INFO net.spy.memcached.MemcachedConnection:  Shut down memcached client
2026-06-09 00:00:33.741 INFO net.spy.memcached.MemcachedConnection:  Shut down memcached client
2026-06-09 00:00:33.741 INFO net.spy.memcached.MemcachedConnection:  Shut down memcached client
2026-06-09 00:00:33.741 INFO net.spy.memcached.MemcachedConnection:  Shut down memcached client
2026-06-09 00:00:33.741 INFO net.spy.memcached.MemcachedConnection:  Shut down memcached client
2026-06-09 00:00:33.742 INFO net.spy.memcached.MemcachedConnection:  Shut down memcached client
2026-06-09 00:00:33.742 INFO net.spy.memcached.MemcachedConnection:  Shut down memcached client
2026-06-09 00:00:33.742 INFO net.spy.memcached.MemcachedConnection:  Shut down memcached client
2026-06-09 00:00:33.742 INFO net.spy.memcached.MemcachedConnection:  Shut down memcached client
2026-06-09 00:00:33.743 INFO net.spy.memcached.MemcachedConnection:  Shut down memcached client
2026-06-09 00:00:33.743 INFO net.spy.memcached.MemcachedConnection:  Shut down memcached client
2026-06-09 00:00:33.743 INFO net.spy.memcached.MemcachedConnection:  Shut down memcached client
2026-06-09 00:00:33.743 INFO net.spy.memcached.MemcachedConnection:  Shut down memcached client
2026-06-09 00:00:33.744 INFO net.spy.memcached.MemcachedConnection:  Shut down memcached client
2026-06-09 00:00:33.744 INFO net.spy.memcached.MemcachedConnection:  Shut down memcached client
2026-06-09 00:00:33:743 30 sec: 2071240 operations; 17375 current ops/sec; est completion in 4 hours 1 minute [READ: Count=20, Max=916, Min=104, Avg=230.7, 90=272, 99=916, 99.9=916, 99.99=916] [CLEANUP: Count=16, Max=9911, Min=6172, Avg=7547.38, 90=8199, 99=9911, 99.9=9911, 99.99=9911] [UPDATE: Count=0, Max=0, Min=9223372036854775807, Avg=NaN, 90=0, 99=0, 99.9=0, 99.99=0] 
[OVERALL], RunTime(ms), 30016
[OVERALL], Throughput(ops/sec), 69004.53091684435
[TOTAL_GCS_G1_Young_Generation], Count, 46
[TOTAL_GC_TIME_G1_Young_Generation], Time(ms), 73
[TOTAL_GC_TIME_%_G1_Young_Generation], Time(%), 0.24320362473347548
[TOTAL_GCS_G1_Concurrent_GC], Count, 0
[TOTAL_GC_TIME_G1_Concurrent_GC], Time(ms), 0
[TOTAL_GC_TIME_%_G1_Concurrent_GC], Time(%), 0.0
[TOTAL_GCS_G1_Old_Generation], Count, 0
[TOTAL_GC_TIME_G1_Old_Generation], Time(ms), 0
[TOTAL_GC_TIME_%_G1_Old_Generation], Time(%), 0.0
[TOTAL_GCs], Count, 46
[TOTAL_GC_TIME], Time(ms), 73
[TOTAL_GC_TIME_%], Time(%), 0.24320362473347548
[READ], Operations, 372528
[READ], AverageLatency(us), 224.23430990422196
[READ], MinLatency(us), 63
[READ], MaxLatency(us), 27503
[READ], 95thPercentileLatency(us), 355
[READ], 99thPercentileLatency(us), 655
[READ], Return=OK, 372528
[CLEANUP], Operations, 16
[CLEANUP], AverageLatency(us), 7547.375
[CLEANUP], MinLatency(us), 6172
[CLEANUP], MaxLatency(us), 9911
[CLEANUP], 95thPercentileLatency(us), 8367
[CLEANUP], 99thPercentileLatency(us), 9911
[UPDATE], Operations, 1698712
[UPDATE], AverageLatency(us), 229.46012920377322
[UPDATE], MinLatency(us), 62
[UPDATE], MaxLatency(us), 54751
[UPDATE], 95thPercentileLatency(us), 364
[UPDATE], 99thPercentileLatency(us), 683
[UPDATE], Return=OK, 1698712
