/usr/bin/java  -classpath /home/morisaki/Application/ycsb-0.17.0/conf:/home/morisaki/Application/ycsb-0.17.0/lib/HdrHistogram-2.1.4.jar:/home/morisaki/Application/ycsb-0.17.0/lib/core-0.17.0.jar:/home/morisaki/Application/ycsb-0.17.0/lib/htrace-core4-4.1.0-incubating.jar:/home/morisaki/Application/ycsb-0.17.0/lib/jackson-core-asl-1.9.4.jar:/home/morisaki/Application/ycsb-0.17.0/lib/jackson-mapper-asl-1.9.4.jar:/home/morisaki/Application/ycsb-0.17.0/memcached-binding/lib/HdrHistogram-2.1.4.jar:/home/morisaki/Application/ycsb-0.17.0/memcached-binding/lib/core-0.17.0.jar:/home/morisaki/Application/ycsb-0.17.0/memcached-binding/lib/htrace-core4-4.1.0-incubating.jar:/home/morisaki/Application/ycsb-0.17.0/memcached-binding/lib/jackson-core-asl-1.9.4.jar:/home/morisaki/Application/ycsb-0.17.0/memcached-binding/lib/jackson-mapper-asl-1.9.13.jar:/home/morisaki/Application/ycsb-0.17.0/memcached-binding/lib/log4j-1.2.17.jar:/home/morisaki/Application/ycsb-0.17.0/memcached-binding/lib/memcached-binding-0.17.0.jar:/home/morisaki/Application/ycsb-0.17.0/memcached-binding/lib/spymemcached-2.11.4.jar site.ycsb.Client -t -db site.ycsb.db.MemcachedClient -s -P ./experiment/workloads/var_workload.dat -p memcached.hosts=127.0.0.1:11222 -p maxexecutiontime=30 -threads 16
Command line: -t -db site.ycsb.db.MemcachedClient -s -P ./experiment/workloads/var_workload.dat -p memcached.hosts=127.0.0.1:11222 -p maxexecutiontime=30 -threads 16
YCSB Client 0.17.0

Loading workload...
log4j:WARN No appenders could be found for logger (org.apache.htrace.core.Tracer).
log4j:WARN Please initialize the log4j system properly.
log4j:WARN See http://logging.apache.org/log4j/1.2/faq.html#noconfig for more info.
Starting test.
2026-06-11 06:41:48:935 0 sec: 0 operations; est completion in 0 second 
Maximum execution time specified as: 30 secs
2026-06-11 06:41:49.019 INFO net.spy.memcached.MemcachedConnection:  Added {QA sa=/127.0.0.1:11222, #Rops=0, #Wops=0, #iq=0, topRop=null, topWop=null, toWrite=0, interested=0} to connect queue
2026-06-11 06:41:49.019 INFO net.spy.memcached.MemcachedConnection:  Added {QA sa=/127.0.0.1:11222, #Rops=0, #Wops=0, #iq=0, topRop=null, topWop=null, toWrite=0, interested=0} to connect queue
2026-06-11 06:41:49.020 INFO net.spy.memcached.MemcachedConnection:  Added {QA sa=/127.0.0.1:11222, #Rops=0, #Wops=0, #iq=0, topRop=null, topWop=null, toWrite=0, interested=0} to connect queue
2026-06-11 06:41:49.020 INFO net.spy.memcached.MemcachedConnection:  Added {QA sa=/127.0.0.1:11222, #Rops=0, #Wops=0, #iq=0, topRop=null, topWop=null, toWrite=0, interested=0} to connect queue
2026-06-11 06:41:49.020 INFO net.spy.memcached.MemcachedConnection:  Added {QA sa=/127.0.0.1:11222, #Rops=0, #Wops=0, #iq=0, topRop=null, topWop=null, toWrite=0, interested=0} to connect queue
2026-06-11 06:41:49.020 INFO net.spy.memcached.MemcachedConnection:  Added {QA sa=/127.0.0.1:11222, #Rops=0, #Wops=0, #iq=0, topRop=null, topWop=null, toWrite=0, interested=0} to connect queue
2026-06-11 06:41:49.021 INFO net.spy.memcached.MemcachedConnection:  Added {QA sa=/127.0.0.1:11222, #Rops=0, #Wops=0, #iq=0, topRop=null, topWop=null, toWrite=0, interested=0} to connect queue
2026-06-11 06:41:49.021 INFO net.spy.memcached.MemcachedConnection:  Added {QA sa=/127.0.0.1:11222, #Rops=0, #Wops=0, #iq=0, topRop=null, topWop=null, toWrite=0, interested=0} to connect queue
2026-06-11 06:41:49.021 INFO net.spy.memcached.MemcachedConnection:  Added {QA sa=/127.0.0.1:11222, #Rops=0, #Wops=0, #iq=0, topRop=null, topWop=null, toWrite=0, interested=0} to connect queue
2026-06-11 06:41:49.022 INFO net.spy.memcached.MemcachedConnection:  Added {QA sa=/127.0.0.1:11222, #Rops=0, #Wops=0, #iq=0, topRop=null, topWop=null, toWrite=0, interested=0} to connect queue
DBWrapper: report latency for each error is false and specific error codes to track for latency are: []
2026-06-11 06:41:49.022 INFO net.spy.memcached.MemcachedConnection:  Added {QA sa=/127.0.0.1:11222, #Rops=0, #Wops=0, #iq=0, topRop=null, topWop=null, toWrite=0, interested=0} to connect queue
DBWrapper: report latency for each error is false and specific error codes to track for latency are: []
2026-06-11 06:41:49.022 INFO net.spy.memcached.MemcachedConnection:  Added {QA sa=/127.0.0.1:11222, #Rops=0, #Wops=0, #iq=0, topRop=null, topWop=null, toWrite=0, interested=0} to connect queue
DBWrapper: report latency for each error is false and specific error codes to track for latency are: []
DBWrapper: report latency for each error is false and specific error codes to track for latency are: []
DBWrapper: report latency for each error is false and specific error codes to track for latency are: []
DBWrapper: report latency for each error is false and specific error codes to track for latency are: []
DBWrapper: report latency for each error is false and specific error codes to track for latency are: []
2026-06-11 06:41:49.023 INFO net.spy.memcached.MemcachedConnection:  Added {QA sa=/127.0.0.1:11222, #Rops=0, #Wops=0, #iq=0, topRop=null, topWop=null, toWrite=0, interested=0} to connect queue
DBWrapper: report latency for each error is false and specific error codes to track for latency are: []
DBWrapper: report latency for each error is false and specific error codes to track for latency are: []
DBWrapper: report latency for each error is false and specific error codes to track for latency are: []
DBWrapper: report latency for each error is false and specific error codes to track for latency are: []
DBWrapper: report latency for each error is false and specific error codes to track for latency are: []
2026-06-11 06:41:49.024 INFO net.spy.memcached.MemcachedConnection:  Added {QA sa=/127.0.0.1:11222, #Rops=0, #Wops=0, #iq=0, topRop=null, topWop=null, toWrite=0, interested=0} to connect queue
DBWrapper: report latency for each error is false and specific error codes to track for latency are: []
DBWrapper: report latency for each error is false and specific error codes to track for latency are: []
2026-06-11 06:41:49.025 INFO net.spy.memcached.MemcachedConnection:  Added {QA sa=/127.0.0.1:11222, #Rops=0, #Wops=0, #iq=0, topRop=null, topWop=null, toWrite=0, interested=0} to connect queue
2026-06-11 06:41:49.025 INFO net.spy.memcached.MemcachedConnection:  Added {QA sa=/127.0.0.1:11222, #Rops=0, #Wops=0, #iq=0, topRop=null, topWop=null, toWrite=0, interested=0} to connect queue
DBWrapper: report latency for each error is false and specific error codes to track for latency are: []
DBWrapper: report latency for each error is false and specific error codes to track for latency are: []
2026-06-11 06:41:58:936 10 sec: 557484 operations; 55748.4 current ops/sec; est completion in 4 hours 58 minutes [READ: Count=100363, Max=25887, Min=65, Avg=275.21, 90=414, 99=1147, 99.9=3619, 99.99=6439] [UPDATE: Count=458134, Max=54079, Min=63, Avg=281.93, 90=430, 99=1227, 99.9=3825, 99.99=7695] 
2026-06-11 06:42:08:936 20 sec: 1327297 operations; 76981.3 current ops/sec; est completion in 4 hours 10 minutes [READ: Count=138492, Max=4975, Min=67, Avg=202.84, 90=273, 99=370, 99.9=1015, 99.99=3057] [UPDATE: Count=630435, Max=4935, Min=63, Avg=206.46, 90=279, 99=381, 99.9=973, 99.99=2775] 
Maximum time elapsed. Requesting stop for the workload.
Stop requested for workload. Now Joining!
2026-06-11 06:42:18:936 30 sec: 2094577 operations; 76728 current ops/sec; est completion in 3 hours 58 minutes [READ: Count=137961, Max=5423, Min=66, Avg=203.68, 90=273, 99=365, 99.9=710, 99.99=2611] [UPDATE: Count=629292, Max=10239, Min=64, Avg=207.19, 90=279, 99=379, 99.9=793, 99.99=2617] 
2026-06-11 06:42:18.948 INFO net.spy.memcached.MemcachedConnection:  Shut down memcached client
2026-06-11 06:42:18.949 INFO net.spy.memcached.MemcachedConnection:  Shut down memcached client
2026-06-11 06:42:18.949 INFO net.spy.memcached.MemcachedConnection:  Shut down memcached client
2026-06-11 06:42:18.950 INFO net.spy.memcached.MemcachedConnection:  Shut down memcached client
2026-06-11 06:42:18.950 INFO net.spy.memcached.MemcachedConnection:  Shut down memcached client
2026-06-11 06:42:18.950 INFO net.spy.memcached.MemcachedConnection:  Shut down memcached client
2026-06-11 06:42:18.950 INFO net.spy.memcached.MemcachedConnection:  Shut down memcached client
2026-06-11 06:42:18.951 INFO net.spy.memcached.MemcachedConnection:  Shut down memcached client
2026-06-11 06:42:18.951 INFO net.spy.memcached.MemcachedConnection:  Shut down memcached client
2026-06-11 06:42:18.951 INFO net.spy.memcached.MemcachedConnection:  Shut down memcached client
2026-06-11 06:42:18.951 INFO net.spy.memcached.MemcachedConnection:  Shut down memcached client
2026-06-11 06:42:18.952 INFO net.spy.memcached.MemcachedConnection:  Shut down memcached client
2026-06-11 06:42:18.952 INFO net.spy.memcached.MemcachedConnection:  Shut down memcached client
2026-06-11 06:42:18.952 INFO net.spy.memcached.MemcachedConnection:  Shut down memcached client
2026-06-11 06:42:18.952 INFO net.spy.memcached.MemcachedConnection:  Shut down memcached client
2026-06-11 06:42:18.953 INFO net.spy.memcached.MemcachedConnection:  Shut down memcached client
2026-06-11 06:42:18:950 30 sec: 2094771 operations; 12933.33 current ops/sec; est completion in 3 hours 58 minutes [READ: Count=23, Max=2719, Min=118, Avg=345.26, 90=676, 99=2719, 99.9=2719, 99.99=2719] [CLEANUP: Count=16, Max=10303, Min=9176, Avg=9842.5, 90=10151, 99=10303, 99.9=10303, 99.99=10303] [UPDATE: Count=71, Max=2687, Min=78, Avg=357.63, 90=603, 99=2675, 99.9=2687, 99.99=2687] 
[OVERALL], RunTime(ms), 30015
[OVERALL], Throughput(ops/sec), 69790.80459770115
[TOTAL_GCS_G1_Young_Generation], Count, 49
[TOTAL_GC_TIME_G1_Young_Generation], Time(ms), 64
[TOTAL_GC_TIME_%_G1_Young_Generation], Time(%), 0.21322671997334666
[TOTAL_GCS_G1_Concurrent_GC], Count, 0
[TOTAL_GC_TIME_G1_Concurrent_GC], Time(ms), 0
[TOTAL_GC_TIME_%_G1_Concurrent_GC], Time(%), 0.0
[TOTAL_GCS_G1_Old_Generation], Count, 0
[TOTAL_GC_TIME_G1_Old_Generation], Time(ms), 0
[TOTAL_GC_TIME_%_G1_Old_Generation], Time(%), 0.0
[TOTAL_GCs], Count, 49
[TOTAL_GC_TIME], Time(ms), 64
[TOTAL_GC_TIME_%], Time(%), 0.21322671997334666
[READ], Operations, 376839
[READ], AverageLatency(us), 222.43047826790752
[READ], MinLatency(us), 65
[READ], MaxLatency(us), 25887
[READ], 95thPercentileLatency(us), 356
[READ], 99thPercentileLatency(us), 603
[READ], Return=OK, 376839
[CLEANUP], Operations, 16
[CLEANUP], AverageLatency(us), 9842.5
[CLEANUP], MinLatency(us), 9176
[CLEANUP], MaxLatency(us), 10303
[CLEANUP], 95thPercentileLatency(us), 10255
[CLEANUP], 99thPercentileLatency(us), 10303
[UPDATE], Operations, 1717932
[UPDATE], AverageLatency(us), 226.86227103284648
[UPDATE], MinLatency(us), 63
[UPDATE], MaxLatency(us), 54079
[UPDATE], 95thPercentileLatency(us), 366
[UPDATE], 99thPercentileLatency(us), 620
[UPDATE], Return=OK, 1717932
