/usr/bin/java  -classpath /home/morisaki/Application/ycsb-0.17.0/conf:/home/morisaki/Application/ycsb-0.17.0/lib/HdrHistogram-2.1.4.jar:/home/morisaki/Application/ycsb-0.17.0/lib/core-0.17.0.jar:/home/morisaki/Application/ycsb-0.17.0/lib/htrace-core4-4.1.0-incubating.jar:/home/morisaki/Application/ycsb-0.17.0/lib/jackson-core-asl-1.9.4.jar:/home/morisaki/Application/ycsb-0.17.0/lib/jackson-mapper-asl-1.9.4.jar:/home/morisaki/Application/ycsb-0.17.0/memcached-binding/lib/HdrHistogram-2.1.4.jar:/home/morisaki/Application/ycsb-0.17.0/memcached-binding/lib/core-0.17.0.jar:/home/morisaki/Application/ycsb-0.17.0/memcached-binding/lib/htrace-core4-4.1.0-incubating.jar:/home/morisaki/Application/ycsb-0.17.0/memcached-binding/lib/jackson-core-asl-1.9.4.jar:/home/morisaki/Application/ycsb-0.17.0/memcached-binding/lib/jackson-mapper-asl-1.9.13.jar:/home/morisaki/Application/ycsb-0.17.0/memcached-binding/lib/log4j-1.2.17.jar:/home/morisaki/Application/ycsb-0.17.0/memcached-binding/lib/memcached-binding-0.17.0.jar:/home/morisaki/Application/ycsb-0.17.0/memcached-binding/lib/spymemcached-2.11.4.jar site.ycsb.Client -t -db site.ycsb.db.MemcachedClient -s -P ./experiment/workloads/var_workload.dat -p memcached.hosts=127.0.0.1:11222 -p maxexecutiontime=30 -threads 16
Command line: -t -db site.ycsb.db.MemcachedClient -s -P ./experiment/workloads/var_workload.dat -p memcached.hosts=127.0.0.1:11222 -p maxexecutiontime=30 -threads 16
YCSB Client 0.17.0

Loading workload...
log4j:WARN No appenders could be found for logger (org.apache.htrace.core.Tracer).
log4j:WARN Please initialize the log4j system properly.
log4j:WARN See http://logging.apache.org/log4j/1.2/faq.html#noconfig for more info.
Starting test.
2026-06-11 06:42:49:922 0 sec: 0 operations; est completion in 0 second 
Maximum execution time specified as: 30 secs
2026-06-11 06:42:50.005 INFO net.spy.memcached.MemcachedConnection:  Added {QA sa=/127.0.0.1:11222, #Rops=0, #Wops=0, #iq=0, topRop=null, topWop=null, toWrite=0, interested=0} to connect queue
2026-06-11 06:42:50.005 INFO net.spy.memcached.MemcachedConnection:  Added {QA sa=/127.0.0.1:11222, #Rops=0, #Wops=0, #iq=0, topRop=null, topWop=null, toWrite=0, interested=0} to connect queue
2026-06-11 06:42:50.006 INFO net.spy.memcached.MemcachedConnection:  Added {QA sa=/127.0.0.1:11222, #Rops=0, #Wops=0, #iq=0, topRop=null, topWop=null, toWrite=0, interested=0} to connect queue
2026-06-11 06:42:50.006 INFO net.spy.memcached.MemcachedConnection:  Added {QA sa=/127.0.0.1:11222, #Rops=0, #Wops=0, #iq=0, topRop=null, topWop=null, toWrite=0, interested=0} to connect queue
2026-06-11 06:42:50.006 INFO net.spy.memcached.MemcachedConnection:  Added {QA sa=/127.0.0.1:11222, #Rops=0, #Wops=0, #iq=0, topRop=null, topWop=null, toWrite=0, interested=0} to connect queue
2026-06-11 06:42:50.007 INFO net.spy.memcached.MemcachedConnection:  Added {QA sa=/127.0.0.1:11222, #Rops=0, #Wops=0, #iq=0, topRop=null, topWop=null, toWrite=0, interested=0} to connect queue
2026-06-11 06:42:50.008 INFO net.spy.memcached.MemcachedConnection:  Added {QA sa=/127.0.0.1:11222, #Rops=0, #Wops=0, #iq=0, topRop=null, topWop=null, toWrite=0, interested=0} to connect queue
2026-06-11 06:42:50.008 INFO net.spy.memcached.MemcachedConnection:  Added {QA sa=/127.0.0.1:11222, #Rops=0, #Wops=0, #iq=0, topRop=null, topWop=null, toWrite=0, interested=0} to connect queue
2026-06-11 06:42:50.008 INFO net.spy.memcached.MemcachedConnection:  Added {QA sa=/127.0.0.1:11222, #Rops=0, #Wops=0, #iq=0, topRop=null, topWop=null, toWrite=0, interested=0} to connect queue
DBWrapper: report latency for each error is false and specific error codes to track for latency are: []
DBWrapper: report latency for each error is false and specific error codes to track for latency are: []
2026-06-11 06:42:50.009 INFO net.spy.memcached.MemcachedConnection:  Added {QA sa=/127.0.0.1:11222, #Rops=0, #Wops=0, #iq=0, topRop=null, topWop=null, toWrite=0, interested=0} to connect queue
DBWrapper: report latency for each error is false and specific error codes to track for latency are: []
DBWrapper: report latency for each error is false and specific error codes to track for latency are: []
DBWrapper: report latency for each error is false and specific error codes to track for latency are: []
2026-06-11 06:42:50.009 INFO net.spy.memcached.MemcachedConnection:  Added {QA sa=/127.0.0.1:11222, #Rops=0, #Wops=0, #iq=0, topRop=null, topWop=null, toWrite=0, interested=0} to connect queue
2026-06-11 06:42:50.010 INFO net.spy.memcached.MemcachedConnection:  Added {QA sa=/127.0.0.1:11222, #Rops=0, #Wops=0, #iq=0, topRop=null, topWop=null, toWrite=0, interested=0} to connect queue
2026-06-11 06:42:50.010 INFO net.spy.memcached.MemcachedConnection:  Added {QA sa=/127.0.0.1:11222, #Rops=0, #Wops=0, #iq=0, topRop=null, topWop=null, toWrite=0, interested=0} to connect queue
DBWrapper: report latency for each error is false and specific error codes to track for latency are: []
DBWrapper: report latency for each error is false and specific error codes to track for latency are: []
DBWrapper: report latency for each error is false and specific error codes to track for latency are: []
2026-06-11 06:42:50.010 INFO net.spy.memcached.MemcachedConnection:  Added {QA sa=/127.0.0.1:11222, #Rops=0, #Wops=0, #iq=0, topRop=null, topWop=null, toWrite=0, interested=0} to connect queue
DBWrapper: report latency for each error is false and specific error codes to track for latency are: []
DBWrapper: report latency for each error is false and specific error codes to track for latency are: []
DBWrapper: report latency for each error is false and specific error codes to track for latency are: []
2026-06-11 06:42:50.011 INFO net.spy.memcached.MemcachedConnection:  Added {QA sa=/127.0.0.1:11222, #Rops=0, #Wops=0, #iq=0, topRop=null, topWop=null, toWrite=0, interested=0} to connect queue
2026-06-11 06:42:50.012 INFO net.spy.memcached.MemcachedConnection:  Added {QA sa=/127.0.0.1:11222, #Rops=0, #Wops=0, #iq=0, topRop=null, topWop=null, toWrite=0, interested=0} to connect queue
DBWrapper: report latency for each error is false and specific error codes to track for latency are: []
DBWrapper: report latency for each error is false and specific error codes to track for latency are: []
DBWrapper: report latency for each error is false and specific error codes to track for latency are: []
DBWrapper: report latency for each error is false and specific error codes to track for latency are: []
DBWrapper: report latency for each error is false and specific error codes to track for latency are: []
2026-06-11 06:42:59:923 10 sec: 533042 operations; 53304.2 current ops/sec; est completion in 5 hours 12 minutes [READ: Count=96136, Max=20415, Min=67, Avg=286.68, 90=422, 99=1285, 99.9=3969, 99.99=12479] [UPDATE: Count=438014, Max=59455, Min=60, Avg=294.7, 90=438, 99=1389, 99.9=3903, 99.99=7407] 
2026-06-11 06:43:09:922 20 sec: 1254102 operations; 72106 current ops/sec; est completion in 4 hours 25 minutes [READ: Count=129884, Max=6911, Min=64, Avg=216.31, 90=293, 99=444, 99.9=2357, 99.99=4007] [UPDATE: Count=590194, Max=24351, Min=59, Avg=220.55, 90=299, 99=455, 99.9=2427, 99.99=4243] 
Maximum time elapsed. Requesting stop for the workload.
Stop requested for workload. Now Joining!
2026-06-11 06:43:19:923 30 sec: 1988608 operations; 73450.6 current ops/sec; est completion in 4 hours 10 minutes [READ: Count=131756, Max=11351, Min=64, Avg=212.5, 90=287, 99=425, 99.9=2227, 99.99=4035] [UPDATE: Count=602683, Max=51359, Min=62, Avg=216.58, 90=294, 99=444, 99.9=2161, 99.99=4043] 
2026-06-11 06:43:19.936 INFO net.spy.memcached.MemcachedConnection:  Shut down memcached client
2026-06-11 06:43:19.937 INFO net.spy.memcached.MemcachedConnection:  Shut down memcached client
2026-06-11 06:43:19.936 INFO net.spy.memcached.MemcachedConnection:  Shut down memcached client
2026-06-11 06:43:19.936 INFO net.spy.memcached.MemcachedConnection:  Shut down memcached client
2026-06-11 06:43:19.938 INFO net.spy.memcached.MemcachedConnection:  Shut down memcached client
2026-06-11 06:43:19.938 INFO net.spy.memcached.MemcachedConnection:  Shut down memcached client
2026-06-11 06:43:19.938 INFO net.spy.memcached.MemcachedConnection:  Shut down memcached client
2026-06-11 06:43:19.938 INFO net.spy.memcached.MemcachedConnection:  Shut down memcached client
2026-06-11 06:43:19.938 INFO net.spy.memcached.MemcachedConnection:  Shut down memcached client
2026-06-11 06:43:19.939 INFO net.spy.memcached.MemcachedConnection:  Shut down memcached client
2026-06-11 06:43:19.939 INFO net.spy.memcached.MemcachedConnection:  Shut down memcached client
2026-06-11 06:43:19.939 INFO net.spy.memcached.MemcachedConnection:  Shut down memcached client
2026-06-11 06:43:19.939 INFO net.spy.memcached.MemcachedConnection:  Shut down memcached client
2026-06-11 06:43:19.939 INFO net.spy.memcached.MemcachedConnection:  Shut down memcached client
2026-06-11 06:43:19.940 INFO net.spy.memcached.MemcachedConnection:  Shut down memcached client
2026-06-11 06:43:19.940 INFO net.spy.memcached.MemcachedConnection:  Shut down memcached client
2026-06-11 06:43:19:937 30 sec: 1988675 operations; 4466.67 current ops/sec; est completion in 4 hours 11 minutes [READ: Count=6, Max=1675, Min=112, Avg=395.5, 90=163, 99=1675, 99.9=1675, 99.99=1675] [CLEANUP: Count=16, Max=12671, Min=9728, Avg=11598, 90=12087, 99=12671, 99.9=12671, 99.99=12671] [UPDATE: Count=2, Max=2591, Min=2212, Avg=2402, 90=2591, 99=2591, 99.9=2591, 99.99=2591] 
[OVERALL], RunTime(ms), 30015
[OVERALL], Throughput(ops/sec), 66256.038647343
[TOTAL_GCS_G1_Young_Generation], Count, 44
[TOTAL_GC_TIME_G1_Young_Generation], Time(ms), 64
[TOTAL_GC_TIME_%_G1_Young_Generation], Time(%), 0.21322671997334666
[TOTAL_GCS_G1_Concurrent_GC], Count, 0
[TOTAL_GC_TIME_G1_Concurrent_GC], Time(ms), 0
[TOTAL_GC_TIME_%_G1_Concurrent_GC], Time(%), 0.0
[TOTAL_GCS_G1_Old_Generation], Count, 0
[TOTAL_GC_TIME_G1_Old_Generation], Time(ms), 0
[TOTAL_GC_TIME_%_G1_Old_Generation], Time(%), 0.0
[TOTAL_GCs], Count, 44
[TOTAL_GC_TIME], Time(ms), 64
[TOTAL_GC_TIME_%], Time(%), 0.21322671997334666
[READ], Operations, 357782
[READ], AverageLatency(us), 233.82002727918118
[READ], MinLatency(us), 64
[READ], MaxLatency(us), 20415
[READ], 95thPercentileLatency(us), 379
[READ], 99thPercentileLatency(us), 719
[READ], Return=OK, 357782
[CLEANUP], Operations, 16
[CLEANUP], AverageLatency(us), 11598.0
[CLEANUP], MinLatency(us), 9728
[CLEANUP], MaxLatency(us), 12671
[CLEANUP], 95thPercentileLatency(us), 12295
[CLEANUP], 99thPercentileLatency(us), 12671
[UPDATE], Operations, 1630893
[UPDATE], AverageLatency(us), 239.00379485349438
[UPDATE], MinLatency(us), 59
[UPDATE], MaxLatency(us), 59455
[UPDATE], 95thPercentileLatency(us), 391
[UPDATE], 99thPercentileLatency(us), 749
[UPDATE], Return=OK, 1630893
