/usr/bin/java  -classpath /home/morisaki/Application/ycsb-0.17.0/conf:/home/morisaki/Application/ycsb-0.17.0/lib/HdrHistogram-2.1.4.jar:/home/morisaki/Application/ycsb-0.17.0/lib/core-0.17.0.jar:/home/morisaki/Application/ycsb-0.17.0/lib/htrace-core4-4.1.0-incubating.jar:/home/morisaki/Application/ycsb-0.17.0/lib/jackson-core-asl-1.9.4.jar:/home/morisaki/Application/ycsb-0.17.0/lib/jackson-mapper-asl-1.9.4.jar:/home/morisaki/Application/ycsb-0.17.0/memcached-binding/lib/HdrHistogram-2.1.4.jar:/home/morisaki/Application/ycsb-0.17.0/memcached-binding/lib/core-0.17.0.jar:/home/morisaki/Application/ycsb-0.17.0/memcached-binding/lib/htrace-core4-4.1.0-incubating.jar:/home/morisaki/Application/ycsb-0.17.0/memcached-binding/lib/jackson-core-asl-1.9.4.jar:/home/morisaki/Application/ycsb-0.17.0/memcached-binding/lib/jackson-mapper-asl-1.9.13.jar:/home/morisaki/Application/ycsb-0.17.0/memcached-binding/lib/log4j-1.2.17.jar:/home/morisaki/Application/ycsb-0.17.0/memcached-binding/lib/memcached-binding-0.17.0.jar:/home/morisaki/Application/ycsb-0.17.0/memcached-binding/lib/spymemcached-2.11.4.jar site.ycsb.Client -t -db site.ycsb.db.MemcachedClient -s -P ./experiment/workloads/var_workload.dat -p memcached.hosts=127.0.0.1:11222 -p maxexecutiontime=60 -threads 16
Command line: -t -db site.ycsb.db.MemcachedClient -s -P ./experiment/workloads/var_workload.dat -p memcached.hosts=127.0.0.1:11222 -p maxexecutiontime=60 -threads 16
YCSB Client 0.17.0

Loading workload...
log4j:WARN No appenders could be found for logger (org.apache.htrace.core.Tracer).
log4j:WARN Please initialize the log4j system properly.
log4j:WARN See http://logging.apache.org/log4j/1.2/faq.html#noconfig for more info.
Starting test.
2026-06-11 06:40:17:963 0 sec: 0 operations; est completion in 0 second 
Maximum execution time specified as: 60 secs
2026-06-11 06:40:18.051 INFO net.spy.memcached.MemcachedConnection:  Added {QA sa=/127.0.0.1:11222, #Rops=0, #Wops=0, #iq=0, topRop=null, topWop=null, toWrite=0, interested=0} to connect queue
2026-06-11 06:40:18.051 INFO net.spy.memcached.MemcachedConnection:  Added {QA sa=/127.0.0.1:11222, #Rops=0, #Wops=0, #iq=0, topRop=null, topWop=null, toWrite=0, interested=0} to connect queue
2026-06-11 06:40:18.051 INFO net.spy.memcached.MemcachedConnection:  Added {QA sa=/127.0.0.1:11222, #Rops=0, #Wops=0, #iq=0, topRop=null, topWop=null, toWrite=0, interested=0} to connect queue
2026-06-11 06:40:18.051 INFO net.spy.memcached.MemcachedConnection:  Added {QA sa=/127.0.0.1:11222, #Rops=0, #Wops=0, #iq=0, topRop=null, topWop=null, toWrite=0, interested=0} to connect queue
2026-06-11 06:40:18.052 INFO net.spy.memcached.MemcachedConnection:  Added {QA sa=/127.0.0.1:11222, #Rops=0, #Wops=0, #iq=0, topRop=null, topWop=null, toWrite=0, interested=0} to connect queue
2026-06-11 06:40:18.052 INFO net.spy.memcached.MemcachedConnection:  Added {QA sa=/127.0.0.1:11222, #Rops=0, #Wops=0, #iq=0, topRop=null, topWop=null, toWrite=0, interested=0} to connect queue
2026-06-11 06:40:18.053 INFO net.spy.memcached.MemcachedConnection:  Added {QA sa=/127.0.0.1:11222, #Rops=0, #Wops=0, #iq=0, topRop=null, topWop=null, toWrite=0, interested=0} to connect queue
2026-06-11 06:40:18.053 INFO net.spy.memcached.MemcachedConnection:  Added {QA sa=/127.0.0.1:11222, #Rops=0, #Wops=0, #iq=0, topRop=null, topWop=null, toWrite=0, interested=0} to connect queue
2026-06-11 06:40:18.053 INFO net.spy.memcached.MemcachedConnection:  Added {QA sa=/127.0.0.1:11222, #Rops=0, #Wops=0, #iq=0, topRop=null, topWop=null, toWrite=0, interested=0} to connect queue
2026-06-11 06:40:18.053 INFO net.spy.memcached.MemcachedConnection:  Added {QA sa=/127.0.0.1:11222, #Rops=0, #Wops=0, #iq=0, topRop=null, topWop=null, toWrite=0, interested=0} to connect queue
2026-06-11 06:40:18.054 INFO net.spy.memcached.MemcachedConnection:  Added {QA sa=/127.0.0.1:11222, #Rops=0, #Wops=0, #iq=0, topRop=null, topWop=null, toWrite=0, interested=0} to connect queue
DBWrapper: report latency for each error is false and specific error codes to track for latency are: []
DBWrapper: report latency for each error is false and specific error codes to track for latency are: []
2026-06-11 06:40:18.054 INFO net.spy.memcached.MemcachedConnection:  Added {QA sa=/127.0.0.1:11222, #Rops=0, #Wops=0, #iq=0, topRop=null, topWop=null, toWrite=0, interested=0} to connect queue
DBWrapper: report latency for each error is false and specific error codes to track for latency are: []
DBWrapper: report latency for each error is false and specific error codes to track for latency are: []
DBWrapper: report latency for each error is false and specific error codes to track for latency are: []
2026-06-11 06:40:18.055 INFO net.spy.memcached.MemcachedConnection:  Added {QA sa=/127.0.0.1:11222, #Rops=0, #Wops=0, #iq=0, topRop=null, topWop=null, toWrite=0, interested=0} to connect queue
DBWrapper: report latency for each error is false and specific error codes to track for latency are: []
2026-06-11 06:40:18.056 INFO net.spy.memcached.MemcachedConnection:  Added {QA sa=/127.0.0.1:11222, #Rops=0, #Wops=0, #iq=0, topRop=null, topWop=null, toWrite=0, interested=0} to connect queue
2026-06-11 06:40:18.056 INFO net.spy.memcached.MemcachedConnection:  Added {QA sa=/127.0.0.1:11222, #Rops=0, #Wops=0, #iq=0, topRop=null, topWop=null, toWrite=0, interested=0} to connect queue
DBWrapper: report latency for each error is false and specific error codes to track for latency are: []
DBWrapper: report latency for each error is false and specific error codes to track for latency are: []
DBWrapper: report latency for each error is false and specific error codes to track for latency are: []
DBWrapper: report latency for each error is false and specific error codes to track for latency are: []
DBWrapper: report latency for each error is false and specific error codes to track for latency are: []
2026-06-11 06:40:18.057 INFO net.spy.memcached.MemcachedConnection:  Added {QA sa=/127.0.0.1:11222, #Rops=0, #Wops=0, #iq=0, topRop=null, topWop=null, toWrite=0, interested=0} to connect queue
DBWrapper: report latency for each error is false and specific error codes to track for latency are: []
DBWrapper: report latency for each error is false and specific error codes to track for latency are: []
DBWrapper: report latency for each error is false and specific error codes to track for latency are: []
DBWrapper: report latency for each error is false and specific error codes to track for latency are: []
DBWrapper: report latency for each error is false and specific error codes to track for latency are: []
2026-06-11 06:40:27:963 10 sec: 583789 operations; 58378.9 current ops/sec; est completion in 4 hours 45 minutes [READ: Count=105250, Max=35103, Min=65, Avg=266.32, 90=381, 99=1007, 99.9=3851, 99.99=8943] [UPDATE: Count=479581, Max=52639, Min=62, Avg=267.89, 90=380, 99=1087, 99.9=3825, 99.99=7479] 
2026-06-11 06:40:37:964 20 sec: 1351616 operations; 76782.7 current ops/sec; est completion in 4 hours 6 minutes [READ: Count=138082, Max=15743, Min=67, Avg=204.11, 90=275, 99=372, 99.9=1253, 99.99=3793] [UPDATE: Count=628822, Max=30671, Min=61, Avg=206.85, 90=279, 99=384, 99.9=1321, 99.99=3655] 
2026-06-11 06:40:47:964 30 sec: 2119331 operations; 76763.82 current ops/sec; est completion in 3 hours 55 minutes [READ: Count=138032, Max=6583, Min=67, Avg=204.47, 90=275, 99=375, 99.9=1080, 99.99=2753] [UPDATE: Count=629771, Max=9231, Min=65, Avg=206.9, 90=279, 99=382, 99.9=1032, 99.99=2769] 
2026-06-11 06:40:57:965 40 sec: 2883278 operations; 76394.7 current ops/sec; est completion in 3 hours 50 minutes [READ: Count=136894, Max=4021, Min=67, Avg=205.35, 90=279, 99=378, 99.9=941, 99.99=2441] [UPDATE: Count=626942, Max=4679, Min=64, Avg=207.91, 90=283, 99=389, 99.9=1003, 99.99=3003] 
2026-06-11 06:41:07:963 50 sec: 3650584 operations; 76738.27 current ops/sec; est completion in 3 hours 47 minutes [READ: Count=138047, Max=5987, Min=65, Avg=204.72, 90=276, 99=374, 99.9=910, 99.99=3465] [UPDATE: Count=629558, Max=7407, Min=62, Avg=206.91, 90=281, 99=384, 99.9=935, 99.99=2971] 
Maximum time elapsed. Requesting stop for the workload.
Stop requested for workload. Now Joining!
2026-06-11 06:41:17:967 60 sec: 4421018 operations; 77043.4 current ops/sec; est completion in 3 hours 45 minutes [READ: Count=138648, Max=3587, Min=68, Avg=203.78, 90=275, 99=371, 99.9=991, 99.99=2903] [UPDATE: Count=631539, Max=7179, Min=64, Avg=206.19, 90=280, 99=380, 99.9=932, 99.99=2665] 
2026-06-11 06:41:17.983 INFO net.spy.memcached.MemcachedConnection:  Shut down memcached client
2026-06-11 06:41:17.983 INFO net.spy.memcached.MemcachedConnection:  Shut down memcached client
2026-06-11 06:41:17.983 INFO net.spy.memcached.MemcachedConnection:  Shut down memcached client
2026-06-11 06:41:17.983 INFO net.spy.memcached.MemcachedConnection:  Shut down memcached client
2026-06-11 06:41:17.983 INFO net.spy.memcached.MemcachedConnection:  Shut down memcached client
2026-06-11 06:41:17.984 INFO net.spy.memcached.MemcachedConnection:  Shut down memcached client
2026-06-11 06:41:17.984 INFO net.spy.memcached.MemcachedConnection:  Shut down memcached client
2026-06-11 06:41:17.985 INFO net.spy.memcached.MemcachedConnection:  Shut down memcached client
2026-06-11 06:41:17.985 INFO net.spy.memcached.MemcachedConnection:  Shut down memcached client
2026-06-11 06:41:17.985 INFO net.spy.memcached.MemcachedConnection:  Shut down memcached client
2026-06-11 06:41:17.985 INFO net.spy.memcached.MemcachedConnection:  Shut down memcached client
2026-06-11 06:41:17.986 INFO net.spy.memcached.MemcachedConnection:  Shut down memcached client
2026-06-11 06:41:17.986 INFO net.spy.memcached.MemcachedConnection:  Shut down memcached client
2026-06-11 06:41:17.986 INFO net.spy.memcached.MemcachedConnection:  Shut down memcached client
2026-06-11 06:41:17.987 INFO net.spy.memcached.MemcachedConnection:  Shut down memcached client
2026-06-11 06:41:17.988 INFO net.spy.memcached.MemcachedConnection:  Shut down memcached client
2026-06-11 06:41:17:985 60 sec: 4421166 operations; 6727.27 current ops/sec; est completion in 3 hours 45 minutes [READ: Count=0, Max=0, Min=9223372036854775807, Avg=NaN, 90=0, 99=0, 99.9=0, 99.99=0] [CLEANUP: Count=16, Max=16399, Min=14824, Avg=15685.25, 90=16023, 99=16399, 99.9=16399, 99.99=16399] [UPDATE: Count=0, Max=0, Min=9223372036854775807, Avg=NaN, 90=0, 99=0, 99.9=0, 99.99=0] 
[OVERALL], RunTime(ms), 60022
[OVERALL], Throughput(ops/sec), 73659.091666389
[TOTAL_GCS_G1_Young_Generation], Count, 96
[TOTAL_GC_TIME_G1_Young_Generation], Time(ms), 111
[TOTAL_GC_TIME_%_G1_Young_Generation], Time(%), 0.18493219152977242
[TOTAL_GCS_G1_Concurrent_GC], Count, 0
[TOTAL_GC_TIME_G1_Concurrent_GC], Time(ms), 0
[TOTAL_GC_TIME_%_G1_Concurrent_GC], Time(%), 0.0
[TOTAL_GCS_G1_Old_Generation], Count, 0
[TOTAL_GC_TIME_G1_Old_Generation], Time(ms), 0
[TOTAL_GC_TIME_%_G1_Old_Generation], Time(%), 0.0
[TOTAL_GCs], Count, 96
[TOTAL_GC_TIME], Time(ms), 111
[TOTAL_GC_TIME_%], Time(%), 0.18493219152977242
[READ], Operations, 794953
[READ], AverageLatency(us), 212.67102331835972
[READ], MinLatency(us), 65
[READ], MaxLatency(us), 35103
[READ], 95thPercentileLatency(us), 322
[READ], 99thPercentileLatency(us), 477
[READ], Return=OK, 794953
[CLEANUP], Operations, 16
[CLEANUP], AverageLatency(us), 15685.25
[CLEANUP], MinLatency(us), 14824
[CLEANUP], MaxLatency(us), 16399
[CLEANUP], 95thPercentileLatency(us), 16295
[CLEANUP], 99thPercentileLatency(us), 16399
[UPDATE], Operations, 3626213
[UPDATE], AverageLatency(us), 215.01165513443362
[UPDATE], MinLatency(us), 61
[UPDATE], MaxLatency(us), 52639
[UPDATE], 95thPercentileLatency(us), 327
[UPDATE], 99thPercentileLatency(us), 486
[UPDATE], Return=OK, 3626213
