/usr/bin/java  -classpath /home/morisaki/Application/ycsb-0.17.0/conf:/home/morisaki/Application/ycsb-0.17.0/lib/HdrHistogram-2.1.4.jar:/home/morisaki/Application/ycsb-0.17.0/lib/core-0.17.0.jar:/home/morisaki/Application/ycsb-0.17.0/lib/htrace-core4-4.1.0-incubating.jar:/home/morisaki/Application/ycsb-0.17.0/lib/jackson-core-asl-1.9.4.jar:/home/morisaki/Application/ycsb-0.17.0/lib/jackson-mapper-asl-1.9.4.jar:/home/morisaki/Application/ycsb-0.17.0/memcached-binding/lib/HdrHistogram-2.1.4.jar:/home/morisaki/Application/ycsb-0.17.0/memcached-binding/lib/core-0.17.0.jar:/home/morisaki/Application/ycsb-0.17.0/memcached-binding/lib/htrace-core4-4.1.0-incubating.jar:/home/morisaki/Application/ycsb-0.17.0/memcached-binding/lib/jackson-core-asl-1.9.4.jar:/home/morisaki/Application/ycsb-0.17.0/memcached-binding/lib/jackson-mapper-asl-1.9.13.jar:/home/morisaki/Application/ycsb-0.17.0/memcached-binding/lib/log4j-1.2.17.jar:/home/morisaki/Application/ycsb-0.17.0/memcached-binding/lib/memcached-binding-0.17.0.jar:/home/morisaki/Application/ycsb-0.17.0/memcached-binding/lib/spymemcached-2.11.4.jar site.ycsb.Client -t -db site.ycsb.db.MemcachedClient -s -P ./experiment/workloads/var_workload.dat -p memcached.hosts=127.0.0.1:11222 -p maxexecutiontime=30 -threads 16
Command line: -t -db site.ycsb.db.MemcachedClient -s -P ./experiment/workloads/var_workload.dat -p memcached.hosts=127.0.0.1:11222 -p maxexecutiontime=30 -threads 16
YCSB Client 0.17.0

Loading workload...
log4j:WARN No appenders could be found for logger (org.apache.htrace.core.Tracer).
log4j:WARN Please initialize the log4j system properly.
log4j:WARN See http://logging.apache.org/log4j/1.2/faq.html#noconfig for more info.
Starting test.
2026-06-08 15:11:30:747 0 sec: 0 operations; est completion in 0 second 
Maximum execution time specified as: 30 secs
2026-06-08 15:11:30.825 INFO net.spy.memcached.MemcachedConnection:  Added {QA sa=/127.0.0.1:11222, #Rops=0, #Wops=0, #iq=0, topRop=null, topWop=null, toWrite=0, interested=0} to connect queue
2026-06-08 15:11:30.825 INFO net.spy.memcached.MemcachedConnection:  Added {QA sa=/127.0.0.1:11222, #Rops=0, #Wops=0, #iq=0, topRop=null, topWop=null, toWrite=0, interested=0} to connect queue
2026-06-08 15:11:30.825 INFO net.spy.memcached.MemcachedConnection:  Added {QA sa=/127.0.0.1:11222, #Rops=0, #Wops=0, #iq=0, topRop=null, topWop=null, toWrite=0, interested=0} to connect queue
2026-06-08 15:11:30.826 INFO net.spy.memcached.MemcachedConnection:  Added {QA sa=/127.0.0.1:11222, #Rops=0, #Wops=0, #iq=0, topRop=null, topWop=null, toWrite=0, interested=0} to connect queue
2026-06-08 15:11:30.826 INFO net.spy.memcached.MemcachedConnection:  Added {QA sa=/127.0.0.1:11222, #Rops=0, #Wops=0, #iq=0, topRop=null, topWop=null, toWrite=0, interested=0} to connect queue
2026-06-08 15:11:30.826 INFO net.spy.memcached.MemcachedConnection:  Added {QA sa=/127.0.0.1:11222, #Rops=0, #Wops=0, #iq=0, topRop=null, topWop=null, toWrite=0, interested=0} to connect queue
2026-06-08 15:11:30.826 INFO net.spy.memcached.MemcachedConnection:  Added {QA sa=/127.0.0.1:11222, #Rops=0, #Wops=0, #iq=0, topRop=null, topWop=null, toWrite=0, interested=0} to connect queue
2026-06-08 15:11:30.827 INFO net.spy.memcached.MemcachedConnection:  Added {QA sa=/127.0.0.1:11222, #Rops=0, #Wops=0, #iq=0, topRop=null, topWop=null, toWrite=0, interested=0} to connect queue
2026-06-08 15:11:30.827 INFO net.spy.memcached.MemcachedConnection:  Added {QA sa=/127.0.0.1:11222, #Rops=0, #Wops=0, #iq=0, topRop=null, topWop=null, toWrite=0, interested=0} to connect queue
2026-06-08 15:11:30.827 INFO net.spy.memcached.MemcachedConnection:  Added {QA sa=/127.0.0.1:11222, #Rops=0, #Wops=0, #iq=0, topRop=null, topWop=null, toWrite=0, interested=0} to connect queue
2026-06-08 15:11:30.828 INFO net.spy.memcached.MemcachedConnection:  Added {QA sa=/127.0.0.1:11222, #Rops=0, #Wops=0, #iq=0, topRop=null, topWop=null, toWrite=0, interested=0} to connect queue
DBWrapper: report latency for each error is false and specific error codes to track for latency are: []
DBWrapper: report latency for each error is false and specific error codes to track for latency are: []
2026-06-08 15:11:30.828 INFO net.spy.memcached.MemcachedConnection:  Added {QA sa=/127.0.0.1:11222, #Rops=0, #Wops=0, #iq=0, topRop=null, topWop=null, toWrite=0, interested=0} to connect queue
DBWrapper: report latency for each error is false and specific error codes to track for latency are: []
2026-06-08 15:11:30.828 INFO net.spy.memcached.MemcachedConnection:  Added {QA sa=/127.0.0.1:11222, #Rops=0, #Wops=0, #iq=0, topRop=null, topWop=null, toWrite=0, interested=0} to connect queue
DBWrapper: report latency for each error is false and specific error codes to track for latency are: []
DBWrapper: report latency for each error is false and specific error codes to track for latency are: []
2026-06-08 15:11:30.829 INFO net.spy.memcached.MemcachedConnection:  Added {QA sa=/127.0.0.1:11222, #Rops=0, #Wops=0, #iq=0, topRop=null, topWop=null, toWrite=0, interested=0} to connect queue
DBWrapper: report latency for each error is false and specific error codes to track for latency are: []
2026-06-08 15:11:30.829 INFO net.spy.memcached.MemcachedConnection:  Added {QA sa=/127.0.0.1:11222, #Rops=0, #Wops=0, #iq=0, topRop=null, topWop=null, toWrite=0, interested=0} to connect queue
DBWrapper: report latency for each error is false and specific error codes to track for latency are: []
2026-06-08 15:11:30.829 INFO net.spy.memcached.MemcachedConnection:  Added {QA sa=/127.0.0.1:11222, #Rops=0, #Wops=0, #iq=0, topRop=null, topWop=null, toWrite=0, interested=0} to connect queue
DBWrapper: report latency for each error is false and specific error codes to track for latency are: []
DBWrapper: report latency for each error is false and specific error codes to track for latency are: []
DBWrapper: report latency for each error is false and specific error codes to track for latency are: []
DBWrapper: report latency for each error is false and specific error codes to track for latency are: []
DBWrapper: report latency for each error is false and specific error codes to track for latency are: []
DBWrapper: report latency for each error is false and specific error codes to track for latency are: []
DBWrapper: report latency for each error is false and specific error codes to track for latency are: []
DBWrapper: report latency for each error is false and specific error codes to track for latency are: []
DBWrapper: report latency for each error is false and specific error codes to track for latency are: []
2026-06-08 15:11:40:747 10 sec: 611249 operations; 61124.9 current ops/sec; est completion in 4 hours 32 minutes [READ: Count=109998, Max=32239, Min=64, Avg=253.24, 90=370, 99=861, 99.9=3137, 99.99=5935] [UPDATE: Count=502197, Max=56799, Min=61, Avg=256.41, 90=373, 99=899, 99.9=3209, 99.99=5691] 
2026-06-08 15:11:50:747 20 sec: 1404435 operations; 79310.67 current ops/sec; est completion in 3 hours 57 minutes [READ: Count=142379, Max=3979, Min=69, Avg=197.39, 90=263, 99=343, 99.9=566, 99.99=2603] [UPDATE: Count=650203, Max=5147, Min=63, Avg=200.14, 90=268, 99=353, 99.9=561, 99.99=2269] 
Maximum time elapsed. Requesting stop for the workload.
Stop requested for workload. Now Joining!
2026-06-08 15:12:00:747 30 sec: 2188937 operations; 78458.05 current ops/sec; est completion in 3 hours 47 minutes [READ: Count=141149, Max=6343, Min=64, Avg=199.37, 90=266, 99=350, 99.9=633, 99.99=3185] [UPDATE: Count=643101, Max=17103, Min=63, Avg=202.46, 90=271, 99=361, 99.9=752, 99.99=3369] 
2026-06-08 15:12:00.759 INFO net.spy.memcached.MemcachedConnection:  Shut down memcached client
2026-06-08 15:12:00.760 INFO net.spy.memcached.MemcachedConnection:  Shut down memcached client
2026-06-08 15:12:00.760 INFO net.spy.memcached.MemcachedConnection:  Shut down memcached client
2026-06-08 15:12:00.761 INFO net.spy.memcached.MemcachedConnection:  Shut down memcached client
2026-06-08 15:12:00.761 INFO net.spy.memcached.MemcachedConnection:  Shut down memcached client
2026-06-08 15:12:00.761 INFO net.spy.memcached.MemcachedConnection:  Shut down memcached client
2026-06-08 15:12:00.761 INFO net.spy.memcached.MemcachedConnection:  Shut down memcached client
2026-06-08 15:12:00.762 INFO net.spy.memcached.MemcachedConnection:  Shut down memcached client
2026-06-08 15:12:00.762 INFO net.spy.memcached.MemcachedConnection:  Shut down memcached client
2026-06-08 15:12:00.762 INFO net.spy.memcached.MemcachedConnection:  Shut down memcached client
2026-06-08 15:12:00.762 INFO net.spy.memcached.MemcachedConnection:  Shut down memcached client
2026-06-08 15:12:00.763 INFO net.spy.memcached.MemcachedConnection:  Shut down memcached client
2026-06-08 15:12:00.763 INFO net.spy.memcached.MemcachedConnection:  Shut down memcached client
2026-06-08 15:12:00.763 INFO net.spy.memcached.MemcachedConnection:  Shut down memcached client
2026-06-08 15:12:00.763 INFO net.spy.memcached.MemcachedConnection:  Shut down memcached client
2026-06-08 15:12:00.763 INFO net.spy.memcached.MemcachedConnection:  Shut down memcached client
2026-06-08 15:12:00:761 30 sec: 2189067 operations; 9285.71 current ops/sec; est completion in 3 hours 48 minutes [READ: Count=17, Max=2525, Min=92, Avg=352.53, 90=355, 99=2525, 99.9=2525, 99.99=2525] [CLEANUP: Count=16, Max=11175, Min=9312, Avg=10303.5, 90=10815, 99=11175, 99.9=11175, 99.99=11175] [UPDATE: Count=23, Max=3367, Min=81, Avg=588.39, 90=2641, 99=3367, 99.9=3367, 99.99=3367] 
[OVERALL], RunTime(ms), 30015
[OVERALL], Throughput(ops/sec), 72932.43378310844
[TOTAL_GCS_G1_Young_Generation], Count, 49
[TOTAL_GC_TIME_G1_Young_Generation], Time(ms), 61
[TOTAL_GC_TIME_%_G1_Young_Generation], Time(%), 0.20323171747459604
[TOTAL_GCS_G1_Concurrent_GC], Count, 0
[TOTAL_GC_TIME_G1_Concurrent_GC], Time(ms), 0
[TOTAL_GC_TIME_%_G1_Concurrent_GC], Time(%), 0.0
[TOTAL_GCS_G1_Old_Generation], Count, 0
[TOTAL_GC_TIME_G1_Old_Generation], Time(ms), 0
[TOTAL_GC_TIME_%_G1_Old_Generation], Time(%), 0.0
[TOTAL_GCs], Count, 49
[TOTAL_GC_TIME], Time(ms), 61
[TOTAL_GC_TIME_%], Time(%), 0.20323171747459604
[READ], Operations, 393543
[READ], AverageLatency(us), 213.71738031168132
[READ], MinLatency(us), 64
[READ], MaxLatency(us), 32239
[READ], 95thPercentileLatency(us), 333
[READ], 99thPercentileLatency(us), 517
[READ], Return=OK, 393543
[CLEANUP], Operations, 16
[CLEANUP], AverageLatency(us), 10303.5
[CLEANUP], MinLatency(us), 9312
[CLEANUP], MaxLatency(us), 11175
[CLEANUP], 95thPercentileLatency(us), 10831
[CLEANUP], 99thPercentileLatency(us), 11175
[UPDATE], Operations, 1795524
[UPDATE], AverageLatency(us), 216.71319124667784
[UPDATE], MinLatency(us), 61
[UPDATE], MaxLatency(us), 56799
[UPDATE], 95thPercentileLatency(us), 338
[UPDATE], 99thPercentileLatency(us), 521
[UPDATE], Return=OK, 1795524
