/usr/bin/java  -classpath /home/morisaki/Application/ycsb-0.17.0/conf:/home/morisaki/Application/ycsb-0.17.0/lib/HdrHistogram-2.1.4.jar:/home/morisaki/Application/ycsb-0.17.0/lib/core-0.17.0.jar:/home/morisaki/Application/ycsb-0.17.0/lib/htrace-core4-4.1.0-incubating.jar:/home/morisaki/Application/ycsb-0.17.0/lib/jackson-core-asl-1.9.4.jar:/home/morisaki/Application/ycsb-0.17.0/lib/jackson-mapper-asl-1.9.4.jar:/home/morisaki/Application/ycsb-0.17.0/memcached-binding/lib/HdrHistogram-2.1.4.jar:/home/morisaki/Application/ycsb-0.17.0/memcached-binding/lib/core-0.17.0.jar:/home/morisaki/Application/ycsb-0.17.0/memcached-binding/lib/htrace-core4-4.1.0-incubating.jar:/home/morisaki/Application/ycsb-0.17.0/memcached-binding/lib/jackson-core-asl-1.9.4.jar:/home/morisaki/Application/ycsb-0.17.0/memcached-binding/lib/jackson-mapper-asl-1.9.13.jar:/home/morisaki/Application/ycsb-0.17.0/memcached-binding/lib/log4j-1.2.17.jar:/home/morisaki/Application/ycsb-0.17.0/memcached-binding/lib/memcached-binding-0.17.0.jar:/home/morisaki/Application/ycsb-0.17.0/memcached-binding/lib/spymemcached-2.11.4.jar site.ycsb.Client -t -db site.ycsb.db.MemcachedClient -s -P ./experiment/workloads/var_workload.dat -p memcached.hosts=127.0.0.1:11222 -p maxexecutiontime=30 -threads 16
Command line: -t -db site.ycsb.db.MemcachedClient -s -P ./experiment/workloads/var_workload.dat -p memcached.hosts=127.0.0.1:11222 -p maxexecutiontime=30 -threads 16
YCSB Client 0.17.0

Loading workload...
log4j:WARN No appenders could be found for logger (org.apache.htrace.core.Tracer).
log4j:WARN Please initialize the log4j system properly.
log4j:WARN See http://logging.apache.org/log4j/1.2/faq.html#noconfig for more info.
Starting test.
2026-06-08 15:27:03:309 0 sec: 0 operations; est completion in 0 second 
Maximum execution time specified as: 30 secs
2026-06-08 15:27:03.390 INFO net.spy.memcached.MemcachedConnection:  Added {QA sa=/127.0.0.1:11222, #Rops=0, #Wops=0, #iq=0, topRop=null, topWop=null, toWrite=0, interested=0} to connect queue
2026-06-08 15:27:03.391 INFO net.spy.memcached.MemcachedConnection:  Added {QA sa=/127.0.0.1:11222, #Rops=0, #Wops=0, #iq=0, topRop=null, topWop=null, toWrite=0, interested=0} to connect queue
2026-06-08 15:27:03.391 INFO net.spy.memcached.MemcachedConnection:  Added {QA sa=/127.0.0.1:11222, #Rops=0, #Wops=0, #iq=0, topRop=null, topWop=null, toWrite=0, interested=0} to connect queue
2026-06-08 15:27:03.391 INFO net.spy.memcached.MemcachedConnection:  Added {QA sa=/127.0.0.1:11222, #Rops=0, #Wops=0, #iq=0, topRop=null, topWop=null, toWrite=0, interested=0} to connect queue
2026-06-08 15:27:03.392 INFO net.spy.memcached.MemcachedConnection:  Added {QA sa=/127.0.0.1:11222, #Rops=0, #Wops=0, #iq=0, topRop=null, topWop=null, toWrite=0, interested=0} to connect queue
2026-06-08 15:27:03.392 INFO net.spy.memcached.MemcachedConnection:  Added {QA sa=/127.0.0.1:11222, #Rops=0, #Wops=0, #iq=0, topRop=null, topWop=null, toWrite=0, interested=0} to connect queue
2026-06-08 15:27:03.392 INFO net.spy.memcached.MemcachedConnection:  Added {QA sa=/127.0.0.1:11222, #Rops=0, #Wops=0, #iq=0, topRop=null, topWop=null, toWrite=0, interested=0} to connect queue
2026-06-08 15:27:03.393 INFO net.spy.memcached.MemcachedConnection:  Added {QA sa=/127.0.0.1:11222, #Rops=0, #Wops=0, #iq=0, topRop=null, topWop=null, toWrite=0, interested=0} to connect queue
2026-06-08 15:27:03.393 INFO net.spy.memcached.MemcachedConnection:  Added {QA sa=/127.0.0.1:11222, #Rops=0, #Wops=0, #iq=0, topRop=null, topWop=null, toWrite=0, interested=0} to connect queue
2026-06-08 15:27:03.393 INFO net.spy.memcached.MemcachedConnection:  Added {QA sa=/127.0.0.1:11222, #Rops=0, #Wops=0, #iq=0, topRop=null, topWop=null, toWrite=0, interested=0} to connect queue
2026-06-08 15:27:03.394 INFO net.spy.memcached.MemcachedConnection:  Added {QA sa=/127.0.0.1:11222, #Rops=0, #Wops=0, #iq=0, topRop=null, topWop=null, toWrite=0, interested=0} to connect queue
DBWrapper: report latency for each error is false and specific error codes to track for latency are: []
DBWrapper: report latency for each error is false and specific error codes to track for latency are: []
DBWrapper: report latency for each error is false and specific error codes to track for latency are: []
DBWrapper: report latency for each error is false and specific error codes to track for latency are: []
DBWrapper: report latency for each error is false and specific error codes to track for latency are: []
2026-06-08 15:27:03.394 INFO net.spy.memcached.MemcachedConnection:  Added {QA sa=/127.0.0.1:11222, #Rops=0, #Wops=0, #iq=0, topRop=null, topWop=null, toWrite=0, interested=0} to connect queue
2026-06-08 15:27:03.395 INFO net.spy.memcached.MemcachedConnection:  Added {QA sa=/127.0.0.1:11222, #Rops=0, #Wops=0, #iq=0, topRop=null, topWop=null, toWrite=0, interested=0} to connect queue
DBWrapper: report latency for each error is false and specific error codes to track for latency are: []
DBWrapper: report latency for each error is false and specific error codes to track for latency are: []
DBWrapper: report latency for each error is false and specific error codes to track for latency are: []
DBWrapper: report latency for each error is false and specific error codes to track for latency are: []
DBWrapper: report latency for each error is false and specific error codes to track for latency are: []
DBWrapper: report latency for each error is false and specific error codes to track for latency are: []
DBWrapper: report latency for each error is false and specific error codes to track for latency are: []
DBWrapper: report latency for each error is false and specific error codes to track for latency are: []
2026-06-08 15:27:03.396 INFO net.spy.memcached.MemcachedConnection:  Added {QA sa=/127.0.0.1:11222, #Rops=0, #Wops=0, #iq=0, topRop=null, topWop=null, toWrite=0, interested=0} to connect queue
2026-06-08 15:27:03.397 INFO net.spy.memcached.MemcachedConnection:  Added {QA sa=/127.0.0.1:11222, #Rops=0, #Wops=0, #iq=0, topRop=null, topWop=null, toWrite=0, interested=0} to connect queue
DBWrapper: report latency for each error is false and specific error codes to track for latency are: []
2026-06-08 15:27:03.397 INFO net.spy.memcached.MemcachedConnection:  Added {QA sa=/127.0.0.1:11222, #Rops=0, #Wops=0, #iq=0, topRop=null, topWop=null, toWrite=0, interested=0} to connect queue
DBWrapper: report latency for each error is false and specific error codes to track for latency are: []
DBWrapper: report latency for each error is false and specific error codes to track for latency are: []
2026-06-08 15:27:13:309 10 sec: 563995 operations; 56399.5 current ops/sec; est completion in 4 hours 55 minutes [READ: Count=101933, Max=16399, Min=67, Avg=270.78, 90=400, 99=976, 99.9=3569, 99.99=8631] [UPDATE: Count=463544, Max=62335, Min=66, Avg=278.02, 90=413, 99=1103, 99.9=3631, 99.99=5731] 
2026-06-08 15:27:23:310 20 sec: 1353146 operations; 78915.1 current ops/sec; est completion in 4 hours 6 minutes [READ: Count=142120, Max=4001, Min=67, Avg=199.28, 90=265, 99=347, 99.9=654, 99.99=3361] [UPDATE: Count=645660, Max=3867, Min=64, Avg=201.01, 90=268, 99=358, 99.9=664, 99.99=2731] 
Maximum time elapsed. Requesting stop for the workload.
Stop requested for workload. Now Joining!
2026-06-08 15:27:33:309 30 sec: 2148764 operations; 79561.8 current ops/sec; est completion in 3 hours 52 minutes [READ: Count=142834, Max=4547, Min=66, Avg=197.8, 90=263, 99=342, 99.9=603, 99.99=2681] [UPDATE: Count=652774, Max=7063, Min=64, Avg=199.44, 90=266, 99=352, 99.9=616, 99.99=2581] 
2026-06-08 15:27:33.320 INFO net.spy.memcached.MemcachedConnection:  Shut down memcached client
2026-06-08 15:27:33.321 INFO net.spy.memcached.MemcachedConnection:  Shut down memcached client
2026-06-08 15:27:33.321 INFO net.spy.memcached.MemcachedConnection:  Shut down memcached client
2026-06-08 15:27:33.321 INFO net.spy.memcached.MemcachedConnection:  Shut down memcached client
2026-06-08 15:27:33.322 INFO net.spy.memcached.MemcachedConnection:  Shut down memcached client
2026-06-08 15:27:33.322 INFO net.spy.memcached.MemcachedConnection:  Shut down memcached client
2026-06-08 15:27:33.322 INFO net.spy.memcached.MemcachedConnection:  Shut down memcached client
2026-06-08 15:27:33.323 INFO net.spy.memcached.MemcachedConnection:  Shut down memcached client
2026-06-08 15:27:33.323 INFO net.spy.memcached.MemcachedConnection:  Shut down memcached client
2026-06-08 15:27:33.323 INFO net.spy.memcached.MemcachedConnection:  Shut down memcached client
2026-06-08 15:27:33.323 INFO net.spy.memcached.MemcachedConnection:  Shut down memcached client
2026-06-08 15:27:33.324 INFO net.spy.memcached.MemcachedConnection:  Shut down memcached client
2026-06-08 15:27:33.324 INFO net.spy.memcached.MemcachedConnection:  Shut down memcached client
2026-06-08 15:27:33.324 INFO net.spy.memcached.MemcachedConnection:  Shut down memcached client
2026-06-08 15:27:33.324 INFO net.spy.memcached.MemcachedConnection:  Shut down memcached client
2026-06-08 15:27:33.324 INFO net.spy.memcached.MemcachedConnection:  Shut down memcached client
2026-06-08 15:27:33:322 30 sec: 2148942 operations; 13692.31 current ops/sec; est completion in 3 hours 52 minutes [READ: Count=27, Max=3329, Min=106, Avg=429.74, 90=367, 99=3329, 99.9=3329, 99.99=3329] [CLEANUP: Count=16, Max=9343, Min=8104, Avg=8640.75, 90=9167, 99=9343, 99.9=9343, 99.99=9343] [UPDATE: Count=50, Max=3559, Min=74, Avg=329.7, 90=289, 99=3559, 99.9=3559, 99.99=3559] 
[OVERALL], RunTime(ms), 30013
[OVERALL], Throughput(ops/sec), 71600.37317162563
[TOTAL_GCS_G1_Young_Generation], Count, 48
[TOTAL_GC_TIME_G1_Young_Generation], Time(ms), 56
[TOTAL_GC_TIME_%_G1_Young_Generation], Time(%), 0.18658581281444708
[TOTAL_GCS_G1_Concurrent_GC], Count, 0
[TOTAL_GC_TIME_G1_Concurrent_GC], Time(ms), 0
[TOTAL_GC_TIME_%_G1_Concurrent_GC], Time(%), 0.0
[TOTAL_GCS_G1_Old_Generation], Count, 0
[TOTAL_GC_TIME_G1_Old_Generation], Time(ms), 0
[TOTAL_GC_TIME_%_G1_Old_Generation], Time(%), 0.0
[TOTAL_GCs], Count, 48
[TOTAL_GC_TIME], Time(ms), 56
[TOTAL_GC_TIME_%], Time(%), 0.18658581281444708
[READ], Operations, 386914
[READ], AverageLatency(us), 217.5860837292008
[READ], MinLatency(us), 66
[READ], MaxLatency(us), 16399
[READ], 95thPercentileLatency(us), 347
[READ], 99thPercentileLatency(us), 543
[READ], Return=OK, 386914
[CLEANUP], Operations, 16
[CLEANUP], AverageLatency(us), 8640.75
[CLEANUP], MinLatency(us), 8104
[CLEANUP], MaxLatency(us), 9343
[CLEANUP], 95thPercentileLatency(us), 9183
[CLEANUP], 99thPercentileLatency(us), 9343
[UPDATE], Operations, 1762028
[UPDATE], AverageLatency(us), 220.69438737636406
[UPDATE], MinLatency(us), 64
[UPDATE], MaxLatency(us), 62335
[UPDATE], 95thPercentileLatency(us), 355
[UPDATE], 99thPercentileLatency(us), 569
[UPDATE], Return=OK, 1762028
