/usr/bin/java  -classpath /home/morisaki/Application/ycsb-0.17.0/conf:/home/morisaki/Application/ycsb-0.17.0/lib/HdrHistogram-2.1.4.jar:/home/morisaki/Application/ycsb-0.17.0/lib/core-0.17.0.jar:/home/morisaki/Application/ycsb-0.17.0/lib/htrace-core4-4.1.0-incubating.jar:/home/morisaki/Application/ycsb-0.17.0/lib/jackson-core-asl-1.9.4.jar:/home/morisaki/Application/ycsb-0.17.0/lib/jackson-mapper-asl-1.9.4.jar:/home/morisaki/Application/ycsb-0.17.0/memcached-binding/lib/HdrHistogram-2.1.4.jar:/home/morisaki/Application/ycsb-0.17.0/memcached-binding/lib/core-0.17.0.jar:/home/morisaki/Application/ycsb-0.17.0/memcached-binding/lib/htrace-core4-4.1.0-incubating.jar:/home/morisaki/Application/ycsb-0.17.0/memcached-binding/lib/jackson-core-asl-1.9.4.jar:/home/morisaki/Application/ycsb-0.17.0/memcached-binding/lib/jackson-mapper-asl-1.9.13.jar:/home/morisaki/Application/ycsb-0.17.0/memcached-binding/lib/log4j-1.2.17.jar:/home/morisaki/Application/ycsb-0.17.0/memcached-binding/lib/memcached-binding-0.17.0.jar:/home/morisaki/Application/ycsb-0.17.0/memcached-binding/lib/spymemcached-2.11.4.jar site.ycsb.Client -t -db site.ycsb.db.MemcachedClient -s -P ./experiment/workloads/var_workload.dat -p memcached.hosts=127.0.0.1:11222 -p maxexecutiontime=30 -threads 16
Command line: -t -db site.ycsb.db.MemcachedClient -s -P ./experiment/workloads/var_workload.dat -p memcached.hosts=127.0.0.1:11222 -p maxexecutiontime=30 -threads 16
YCSB Client 0.17.0

Loading workload...
log4j:WARN No appenders could be found for logger (org.apache.htrace.core.Tracer).
log4j:WARN Please initialize the log4j system properly.
log4j:WARN See http://logging.apache.org/log4j/1.2/faq.html#noconfig for more info.
Starting test.
2026-06-08 15:24:45:627 0 sec: 0 operations; est completion in 0 second 
Maximum execution time specified as: 30 secs
2026-06-08 15:24:45.709 INFO net.spy.memcached.MemcachedConnection:  Added {QA sa=/127.0.0.1:11222, #Rops=0, #Wops=0, #iq=0, topRop=null, topWop=null, toWrite=0, interested=0} to connect queue
2026-06-08 15:24:45.709 INFO net.spy.memcached.MemcachedConnection:  Added {QA sa=/127.0.0.1:11222, #Rops=0, #Wops=0, #iq=0, topRop=null, topWop=null, toWrite=0, interested=0} to connect queue
2026-06-08 15:24:45.709 INFO net.spy.memcached.MemcachedConnection:  Added {QA sa=/127.0.0.1:11222, #Rops=0, #Wops=0, #iq=0, topRop=null, topWop=null, toWrite=0, interested=0} to connect queue
2026-06-08 15:24:45.710 INFO net.spy.memcached.MemcachedConnection:  Added {QA sa=/127.0.0.1:11222, #Rops=0, #Wops=0, #iq=0, topRop=null, topWop=null, toWrite=0, interested=0} to connect queue
2026-06-08 15:24:45.710 INFO net.spy.memcached.MemcachedConnection:  Added {QA sa=/127.0.0.1:11222, #Rops=0, #Wops=0, #iq=0, topRop=null, topWop=null, toWrite=0, interested=0} to connect queue
2026-06-08 15:24:45.710 INFO net.spy.memcached.MemcachedConnection:  Added {QA sa=/127.0.0.1:11222, #Rops=0, #Wops=0, #iq=0, topRop=null, topWop=null, toWrite=0, interested=0} to connect queue
2026-06-08 15:24:45.711 INFO net.spy.memcached.MemcachedConnection:  Added {QA sa=/127.0.0.1:11222, #Rops=0, #Wops=0, #iq=0, topRop=null, topWop=null, toWrite=0, interested=0} to connect queue
2026-06-08 15:24:45.711 INFO net.spy.memcached.MemcachedConnection:  Added {QA sa=/127.0.0.1:11222, #Rops=0, #Wops=0, #iq=0, topRop=null, topWop=null, toWrite=0, interested=0} to connect queue
2026-06-08 15:24:45.711 INFO net.spy.memcached.MemcachedConnection:  Added {QA sa=/127.0.0.1:11222, #Rops=0, #Wops=0, #iq=0, topRop=null, topWop=null, toWrite=0, interested=0} to connect queue
2026-06-08 15:24:45.711 INFO net.spy.memcached.MemcachedConnection:  Added {QA sa=/127.0.0.1:11222, #Rops=0, #Wops=0, #iq=0, topRop=null, topWop=null, toWrite=0, interested=0} to connect queue
DBWrapper: report latency for each error is false and specific error codes to track for latency are: []
2026-06-08 15:24:45.712 INFO net.spy.memcached.MemcachedConnection:  Added {QA sa=/127.0.0.1:11222, #Rops=0, #Wops=0, #iq=0, topRop=null, topWop=null, toWrite=0, interested=0} to connect queue
DBWrapper: report latency for each error is false and specific error codes to track for latency are: []
2026-06-08 15:24:45.712 INFO net.spy.memcached.MemcachedConnection:  Added {QA sa=/127.0.0.1:11222, #Rops=0, #Wops=0, #iq=0, topRop=null, topWop=null, toWrite=0, interested=0} to connect queue
DBWrapper: report latency for each error is false and specific error codes to track for latency are: []
2026-06-08 15:24:45.712 INFO net.spy.memcached.MemcachedConnection:  Added {QA sa=/127.0.0.1:11222, #Rops=0, #Wops=0, #iq=0, topRop=null, topWop=null, toWrite=0, interested=0} to connect queue
DBWrapper: report latency for each error is false and specific error codes to track for latency are: []
DBWrapper: report latency for each error is false and specific error codes to track for latency are: []
DBWrapper: report latency for each error is false and specific error codes to track for latency are: []
DBWrapper: report latency for each error is false and specific error codes to track for latency are: []
DBWrapper: report latency for each error is false and specific error codes to track for latency are: []
DBWrapper: report latency for each error is false and specific error codes to track for latency are: []
DBWrapper: report latency for each error is false and specific error codes to track for latency are: []
2026-06-08 15:24:45.713 INFO net.spy.memcached.MemcachedConnection:  Added {QA sa=/127.0.0.1:11222, #Rops=0, #Wops=0, #iq=0, topRop=null, topWop=null, toWrite=0, interested=0} to connect queue
2026-06-08 15:24:45.713 INFO net.spy.memcached.MemcachedConnection:  Added {QA sa=/127.0.0.1:11222, #Rops=0, #Wops=0, #iq=0, topRop=null, topWop=null, toWrite=0, interested=0} to connect queue
DBWrapper: report latency for each error is false and specific error codes to track for latency are: []
DBWrapper: report latency for each error is false and specific error codes to track for latency are: []
2026-06-08 15:24:45.714 INFO net.spy.memcached.MemcachedConnection:  Added {QA sa=/127.0.0.1:11222, #Rops=0, #Wops=0, #iq=0, topRop=null, topWop=null, toWrite=0, interested=0} to connect queue
DBWrapper: report latency for each error is false and specific error codes to track for latency are: []
DBWrapper: report latency for each error is false and specific error codes to track for latency are: []
DBWrapper: report latency for each error is false and specific error codes to track for latency are: []
DBWrapper: report latency for each error is false and specific error codes to track for latency are: []
2026-06-08 15:24:55:627 10 sec: 587278 operations; 58727.8 current ops/sec; est completion in 4 hours 43 minutes [READ: Count=105603, Max=24063, Min=67, Avg=260.84, 90=382, 99=942, 99.9=3369, 99.99=4955] [UPDATE: Count=483132, Max=60063, Min=66, Avg=267.59, 90=393, 99=1046, 99.9=3523, 99.99=5923] 
2026-06-08 15:25:05:629 20 sec: 1374197 operations; 78676.16 current ops/sec; est completion in 4 hours 2 minutes [READ: Count=141078, Max=3881, Min=67, Avg=199.42, 90=266, 99=350, 99.9=693, 99.99=2709] [UPDATE: Count=644475, Max=9127, Min=64, Avg=201.44, 90=269, 99=359, 99.9=648, 99.99=2645] 
Maximum time elapsed. Requesting stop for the workload.
Stop requested for workload. Now Joining!
2026-06-08 15:25:15:628 30 sec: 2156710 operations; 78266.95 current ops/sec; est completion in 3 hours 51 minutes [READ: Count=140603, Max=7575, Min=65, Avg=200.14, 90=266, 99=348, 99.9=695, 99.99=2555] [UPDATE: Count=641969, Max=8607, Min=62, Avg=202.68, 90=270, 99=358, 99.9=710, 99.99=3321] 
2026-06-08 15:25:15.639 INFO net.spy.memcached.MemcachedConnection:  Shut down memcached client
2026-06-08 15:25:15.639 INFO net.spy.memcached.MemcachedConnection:  Shut down memcached client
2026-06-08 15:25:15.640 INFO net.spy.memcached.MemcachedConnection:  Shut down memcached client
2026-06-08 15:25:15.640 INFO net.spy.memcached.MemcachedConnection:  Shut down memcached client
2026-06-08 15:25:15.640 INFO net.spy.memcached.MemcachedConnection:  Shut down memcached client
2026-06-08 15:25:15.640 INFO net.spy.memcached.MemcachedConnection:  Shut down memcached client
2026-06-08 15:25:15.641 INFO net.spy.memcached.MemcachedConnection:  Shut down memcached client
2026-06-08 15:25:15.641 INFO net.spy.memcached.MemcachedConnection:  Shut down memcached client
2026-06-08 15:25:15.641 INFO net.spy.memcached.MemcachedConnection:  Shut down memcached client
2026-06-08 15:25:15.642 INFO net.spy.memcached.MemcachedConnection:  Shut down memcached client
2026-06-08 15:25:15.642 INFO net.spy.memcached.MemcachedConnection:  Shut down memcached client
2026-06-08 15:25:15.644 INFO net.spy.memcached.MemcachedConnection:  Shut down memcached client
2026-06-08 15:25:15.645 INFO net.spy.memcached.MemcachedConnection:  Shut down memcached client
2026-06-08 15:25:15:641 30 sec: 2156890 operations; 12857.14 current ops/sec; est completion in 3 hours 51 minutes [READ: Count=28, Max=469, Min=86, Avg=184.25, 90=234, 99=469, 99.9=469, 99.99=469] [CLEANUP: Count=16, Max=10623, Min=8152, Avg=8793.88, 90=9991, 99=10623, 99.9=10623, 99.99=10623] [UPDATE: Count=2, Max=1164, Min=877, Avg=1020.5, 90=1164, 99=1164, 99.9=1164, 99.99=1164] 
2026-06-08 15:25:15.645 INFO net.spy.memcached.MemcachedConnection:  Shut down memcached client
2026-06-08 15:25:15.645 INFO net.spy.memcached.MemcachedConnection:  Shut down memcached client
2026-06-08 15:25:15.645 INFO net.spy.memcached.MemcachedConnection:  Shut down memcached client
[OVERALL], RunTime(ms), 30015
[OVERALL], Throughput(ops/sec), 71860.40313176745
[TOTAL_GCS_G1_Young_Generation], Count, 50
[TOTAL_GC_TIME_G1_Young_Generation], Time(ms), 61
[TOTAL_GC_TIME_%_G1_Young_Generation], Time(%), 0.20323171747459604
[TOTAL_GCS_G1_Concurrent_GC], Count, 0
[TOTAL_GC_TIME_G1_Concurrent_GC], Time(ms), 0
[TOTAL_GC_TIME_%_G1_Concurrent_GC], Time(%), 0.0
[TOTAL_GCS_G1_Old_Generation], Count, 0
[TOTAL_GC_TIME_G1_Old_Generation], Time(ms), 0
[TOTAL_GC_TIME_%_G1_Old_Generation], Time(%), 0.0
[TOTAL_GCs], Count, 50
[TOTAL_GC_TIME], Time(ms), 61
[TOTAL_GC_TIME_%], Time(%), 0.20323171747459604
[READ], Operations, 387312
[READ], AverageLatency(us), 216.42619128764406
[READ], MinLatency(us), 65
[READ], MaxLatency(us), 24063
[READ], 95thPercentileLatency(us), 339
[READ], 99thPercentileLatency(us), 536
[READ], Return=OK, 387312
[CLEANUP], Operations, 16
[CLEANUP], AverageLatency(us), 8793.875
[CLEANUP], MinLatency(us), 8152
[CLEANUP], MaxLatency(us), 10623
[CLEANUP], 95thPercentileLatency(us), 10015
[CLEANUP], 99thPercentileLatency(us), 10623
[UPDATE], Operations, 1769578
[UPDATE], AverageLatency(us), 219.95067581084302
[UPDATE], MinLatency(us), 62
[UPDATE], MaxLatency(us), 60063
[UPDATE], 95thPercentileLatency(us), 346
[UPDATE], 99thPercentileLatency(us), 562
[UPDATE], Return=OK, 1769578
