/usr/bin/java  -classpath /home/morisaki/Application/ycsb-0.17.0/conf:/home/morisaki/Application/ycsb-0.17.0/lib/HdrHistogram-2.1.4.jar:/home/morisaki/Application/ycsb-0.17.0/lib/core-0.17.0.jar:/home/morisaki/Application/ycsb-0.17.0/lib/htrace-core4-4.1.0-incubating.jar:/home/morisaki/Application/ycsb-0.17.0/lib/jackson-core-asl-1.9.4.jar:/home/morisaki/Application/ycsb-0.17.0/lib/jackson-mapper-asl-1.9.4.jar:/home/morisaki/Application/ycsb-0.17.0/memcached-binding/lib/HdrHistogram-2.1.4.jar:/home/morisaki/Application/ycsb-0.17.0/memcached-binding/lib/core-0.17.0.jar:/home/morisaki/Application/ycsb-0.17.0/memcached-binding/lib/htrace-core4-4.1.0-incubating.jar:/home/morisaki/Application/ycsb-0.17.0/memcached-binding/lib/jackson-core-asl-1.9.4.jar:/home/morisaki/Application/ycsb-0.17.0/memcached-binding/lib/jackson-mapper-asl-1.9.13.jar:/home/morisaki/Application/ycsb-0.17.0/memcached-binding/lib/log4j-1.2.17.jar:/home/morisaki/Application/ycsb-0.17.0/memcached-binding/lib/memcached-binding-0.17.0.jar:/home/morisaki/Application/ycsb-0.17.0/memcached-binding/lib/spymemcached-2.11.4.jar site.ycsb.Client -t -db site.ycsb.db.MemcachedClient -s -P ./experiment/workloads/var_workload.dat -p memcached.hosts=127.0.0.1:11222 -p maxexecutiontime=30 -threads 16
Command line: -t -db site.ycsb.db.MemcachedClient -s -P ./experiment/workloads/var_workload.dat -p memcached.hosts=127.0.0.1:11222 -p maxexecutiontime=30 -threads 16
YCSB Client 0.17.0

Loading workload...
log4j:WARN No appenders could be found for logger (org.apache.htrace.core.Tracer).
log4j:WARN Please initialize the log4j system properly.
log4j:WARN See http://logging.apache.org/log4j/1.2/faq.html#noconfig for more info.
Starting test.
2026-06-08 15:26:32:814 0 sec: 0 operations; est completion in 0 second 
Maximum execution time specified as: 30 secs
2026-06-08 15:26:32.895 INFO net.spy.memcached.MemcachedConnection:  Added {QA sa=/127.0.0.1:11222, #Rops=0, #Wops=0, #iq=0, topRop=null, topWop=null, toWrite=0, interested=0} to connect queue
2026-06-08 15:26:32.895 INFO net.spy.memcached.MemcachedConnection:  Added {QA sa=/127.0.0.1:11222, #Rops=0, #Wops=0, #iq=0, topRop=null, topWop=null, toWrite=0, interested=0} to connect queue
2026-06-08 15:26:32.895 INFO net.spy.memcached.MemcachedConnection:  Added {QA sa=/127.0.0.1:11222, #Rops=0, #Wops=0, #iq=0, topRop=null, topWop=null, toWrite=0, interested=0} to connect queue
2026-06-08 15:26:32.896 INFO net.spy.memcached.MemcachedConnection:  Added {QA sa=/127.0.0.1:11222, #Rops=0, #Wops=0, #iq=0, topRop=null, topWop=null, toWrite=0, interested=0} to connect queue
2026-06-08 15:26:32.897 INFO net.spy.memcached.MemcachedConnection:  Added {QA sa=/127.0.0.1:11222, #Rops=0, #Wops=0, #iq=0, topRop=null, topWop=null, toWrite=0, interested=0} to connect queue
2026-06-08 15:26:32.897 INFO net.spy.memcached.MemcachedConnection:  Added {QA sa=/127.0.0.1:11222, #Rops=0, #Wops=0, #iq=0, topRop=null, topWop=null, toWrite=0, interested=0} to connect queue
2026-06-08 15:26:32.897 INFO net.spy.memcached.MemcachedConnection:  Added {QA sa=/127.0.0.1:11222, #Rops=0, #Wops=0, #iq=0, topRop=null, topWop=null, toWrite=0, interested=0} to connect queue
2026-06-08 15:26:32.898 INFO net.spy.memcached.MemcachedConnection:  Added {QA sa=/127.0.0.1:11222, #Rops=0, #Wops=0, #iq=0, topRop=null, topWop=null, toWrite=0, interested=0} to connect queue
2026-06-08 15:26:32.898 INFO net.spy.memcached.MemcachedConnection:  Added {QA sa=/127.0.0.1:11222, #Rops=0, #Wops=0, #iq=0, topRop=null, topWop=null, toWrite=0, interested=0} to connect queue
DBWrapper: report latency for each error is false and specific error codes to track for latency are: []
DBWrapper: report latency for each error is false and specific error codes to track for latency are: []
2026-06-08 15:26:32.898 INFO net.spy.memcached.MemcachedConnection:  Added {QA sa=/127.0.0.1:11222, #Rops=0, #Wops=0, #iq=0, topRop=null, topWop=null, toWrite=0, interested=0} to connect queue
2026-06-08 15:26:32.899 INFO net.spy.memcached.MemcachedConnection:  Added {QA sa=/127.0.0.1:11222, #Rops=0, #Wops=0, #iq=0, topRop=null, topWop=null, toWrite=0, interested=0} to connect queue
DBWrapper: report latency for each error is false and specific error codes to track for latency are: []
2026-06-08 15:26:32.899 INFO net.spy.memcached.MemcachedConnection:  Added {QA sa=/127.0.0.1:11222, #Rops=0, #Wops=0, #iq=0, topRop=null, topWop=null, toWrite=0, interested=0} to connect queue
2026-06-08 15:26:32.899 INFO net.spy.memcached.MemcachedConnection:  Added {QA sa=/127.0.0.1:11222, #Rops=0, #Wops=0, #iq=0, topRop=null, topWop=null, toWrite=0, interested=0} to connect queue
DBWrapper: report latency for each error is false and specific error codes to track for latency are: []
2026-06-08 15:26:32.899 INFO net.spy.memcached.MemcachedConnection:  Added {QA sa=/127.0.0.1:11222, #Rops=0, #Wops=0, #iq=0, topRop=null, topWop=null, toWrite=0, interested=0} to connect queue
2026-06-08 15:26:32.900 INFO net.spy.memcached.MemcachedConnection:  Added {QA sa=/127.0.0.1:11222, #Rops=0, #Wops=0, #iq=0, topRop=null, topWop=null, toWrite=0, interested=0} to connect queue
2026-06-08 15:26:32.900 INFO net.spy.memcached.MemcachedConnection:  Added {QA sa=/127.0.0.1:11222, #Rops=0, #Wops=0, #iq=0, topRop=null, topWop=null, toWrite=0, interested=0} to connect queue
DBWrapper: report latency for each error is false and specific error codes to track for latency are: []
DBWrapper: report latency for each error is false and specific error codes to track for latency are: []
DBWrapper: report latency for each error is false and specific error codes to track for latency are: []
DBWrapper: report latency for each error is false and specific error codes to track for latency are: []
DBWrapper: report latency for each error is false and specific error codes to track for latency are: []
DBWrapper: report latency for each error is false and specific error codes to track for latency are: []
DBWrapper: report latency for each error is false and specific error codes to track for latency are: []
DBWrapper: report latency for each error is false and specific error codes to track for latency are: []
DBWrapper: report latency for each error is false and specific error codes to track for latency are: []
DBWrapper: report latency for each error is false and specific error codes to track for latency are: []
2026-06-08 15:26:32.908 WARN net.spy.memcached.MemcachedConnection:  Could not redistribute to another node, retrying primary node for usertable-user3391306176700169933.
DBWrapper: report latency for each error is false and specific error codes to track for latency are: []
DBWrapper: report latency for each error is false and specific error codes to track for latency are: []
2026-06-08 15:26:42:818 10 sec: 632316 operations; 63231.6 current ops/sec; est completion in 4 hours 23 minutes [READ: Count=113965, Max=29887, Min=65, Avg=243.91, 90=342, 99=836, 99.9=3217, 99.99=5691] [UPDATE: Count=519320, Max=60863, Min=62, Avg=248.22, 90=348, 99=884, 99.9=3303, 99.99=5983] 
2026-06-08 15:26:52:814 20 sec: 1418588 operations; 78627.2 current ops/sec; est completion in 3 hours 54 minutes [READ: Count=140997, Max=4327, Min=63, Avg=198.46, 90=265, 99=344, 99.9=552, 99.99=2649] [UPDATE: Count=644397, Max=6751, Min=66, Avg=201.85, 90=270, 99=356, 99.9=622, 99.99=2729] 
Maximum time elapsed. Requesting stop for the workload.
Stop requested for workload. Now Joining!
2026-06-08 15:27:02:817 30 sec: 2206042 operations; 78729.65 current ops/sec; est completion in 3 hours 46 minutes [READ: Count=142000, Max=9527, Min=67, Avg=198.53, 90=264, 99=343, 99.9=598, 99.99=2801] [UPDATE: Count=645374, Max=11983, Min=65, Avg=201.68, 90=269, 99=356, 99.9=617, 99.99=2927] 
2026-06-08 15:27:02.826 INFO net.spy.memcached.MemcachedConnection:  Shut down memcached client
2026-06-08 15:27:02.826 INFO net.spy.memcached.MemcachedConnection:  Shut down memcached client
2026-06-08 15:27:02.826 INFO net.spy.memcached.MemcachedConnection:  Shut down memcached client
2026-06-08 15:27:02.827 INFO net.spy.memcached.MemcachedConnection:  Shut down memcached client
2026-06-08 15:27:02.827 INFO net.spy.memcached.MemcachedConnection:  Shut down memcached client
2026-06-08 15:27:02.827 INFO net.spy.memcached.MemcachedConnection:  Shut down memcached client
2026-06-08 15:27:02.827 INFO net.spy.memcached.MemcachedConnection:  Shut down memcached client
2026-06-08 15:27:02.828 INFO net.spy.memcached.MemcachedConnection:  Shut down memcached client
2026-06-08 15:27:02:827 30 sec: 2206053 operations; 1000 current ops/sec; est completion in 3 hours 46 minutes [READ: Count=0, Max=0, Min=9223372036854775807, Avg=NaN, 90=0, 99=0, 99.9=0, 99.99=0] [CLEANUP: Count=16, Max=10303, Min=8008, Avg=9716.38, 90=10231, 99=10303, 99.9=10303, 99.99=10303] [UPDATE: Count=0, Max=0, Min=9223372036854775807, Avg=NaN, 90=0, 99=0, 99.9=0, 99.99=0] 
2026-06-08 15:27:02.832 INFO net.spy.memcached.MemcachedConnection:  Shut down memcached client
2026-06-08 15:27:02.832 INFO net.spy.memcached.MemcachedConnection:  Shut down memcached client
2026-06-08 15:27:02.832 INFO net.spy.memcached.MemcachedConnection:  Shut down memcached client
2026-06-08 15:27:02.832 INFO net.spy.memcached.MemcachedConnection:  Shut down memcached client
2026-06-08 15:27:02.833 INFO net.spy.memcached.MemcachedConnection:  Shut down memcached client
2026-06-08 15:27:02.833 INFO net.spy.memcached.MemcachedConnection:  Shut down memcached client
2026-06-08 15:27:02.833 INFO net.spy.memcached.MemcachedConnection:  Shut down memcached client
2026-06-08 15:27:02.833 INFO net.spy.memcached.MemcachedConnection:  Shut down memcached client
[OVERALL], RunTime(ms), 30013
[OVERALL], Throughput(ops/sec), 73503.24859227668
[TOTAL_GCS_G1_Young_Generation], Count, 49
[TOTAL_GC_TIME_G1_Young_Generation], Time(ms), 58
[TOTAL_GC_TIME_%_G1_Young_Generation], Time(%), 0.19324959184353446
[TOTAL_GCS_G1_Concurrent_GC], Count, 0
[TOTAL_GC_TIME_G1_Concurrent_GC], Time(ms), 0
[TOTAL_GC_TIME_%_G1_Concurrent_GC], Time(%), 0.0
[TOTAL_GCS_G1_Old_Generation], Count, 0
[TOTAL_GC_TIME_G1_Old_Generation], Time(ms), 0
[TOTAL_GC_TIME_%_G1_Old_Generation], Time(%), 0.0
[TOTAL_GCs], Count, 49
[TOTAL_GC_TIME], Time(ms), 58
[TOTAL_GC_TIME_%], Time(%), 0.19324959184353446
[READ], Operations, 396962
[READ], AverageLatency(us), 211.53227261047658
[READ], MinLatency(us), 63
[READ], MaxLatency(us), 29887
[READ], 95thPercentileLatency(us), 320
[READ], 99thPercentileLatency(us), 491
[READ], Return=OK, 396962
[CLEANUP], Operations, 16
[CLEANUP], AverageLatency(us), 9716.375
[CLEANUP], MinLatency(us), 8008
[CLEANUP], MaxLatency(us), 10303
[CLEANUP], 95thPercentileLatency(us), 10247
[CLEANUP], 99thPercentileLatency(us), 10303
[UPDATE], Operations, 1809091
[UPDATE], AverageLatency(us), 215.10096396477567
[UPDATE], MinLatency(us), 62
[UPDATE], MaxLatency(us), 60863
[UPDATE], 95thPercentileLatency(us), 327
[UPDATE], 99thPercentileLatency(us), 510
[UPDATE], Return=OK, 1809091
