/usr/bin/java  -classpath /home/morisaki/Application/ycsb-0.17.0/conf:/home/morisaki/Application/ycsb-0.17.0/lib/HdrHistogram-2.1.4.jar:/home/morisaki/Application/ycsb-0.17.0/lib/core-0.17.0.jar:/home/morisaki/Application/ycsb-0.17.0/lib/htrace-core4-4.1.0-incubating.jar:/home/morisaki/Application/ycsb-0.17.0/lib/jackson-core-asl-1.9.4.jar:/home/morisaki/Application/ycsb-0.17.0/lib/jackson-mapper-asl-1.9.4.jar:/home/morisaki/Application/ycsb-0.17.0/memcached-binding/lib/HdrHistogram-2.1.4.jar:/home/morisaki/Application/ycsb-0.17.0/memcached-binding/lib/core-0.17.0.jar:/home/morisaki/Application/ycsb-0.17.0/memcached-binding/lib/htrace-core4-4.1.0-incubating.jar:/home/morisaki/Application/ycsb-0.17.0/memcached-binding/lib/jackson-core-asl-1.9.4.jar:/home/morisaki/Application/ycsb-0.17.0/memcached-binding/lib/jackson-mapper-asl-1.9.13.jar:/home/morisaki/Application/ycsb-0.17.0/memcached-binding/lib/log4j-1.2.17.jar:/home/morisaki/Application/ycsb-0.17.0/memcached-binding/lib/memcached-binding-0.17.0.jar:/home/morisaki/Application/ycsb-0.17.0/memcached-binding/lib/spymemcached-2.11.4.jar site.ycsb.Client -t -db site.ycsb.db.MemcachedClient -s -P ./experiment/workloads/var_workload.dat -p memcached.hosts=127.0.0.1:11222 -p maxexecutiontime=30 -threads 16
Command line: -t -db site.ycsb.db.MemcachedClient -s -P ./experiment/workloads/var_workload.dat -p memcached.hosts=127.0.0.1:11222 -p maxexecutiontime=30 -threads 16
YCSB Client 0.17.0

Loading workload...
log4j:WARN No appenders could be found for logger (org.apache.htrace.core.Tracer).
log4j:WARN Please initialize the log4j system properly.
log4j:WARN See http://logging.apache.org/log4j/1.2/faq.html#noconfig for more info.
Starting test.
2026-06-08 15:12:31:736 0 sec: 0 operations; est completion in 0 second 
Maximum execution time specified as: 30 secs
2026-06-08 15:12:31.816 INFO net.spy.memcached.MemcachedConnection:  Added {QA sa=/127.0.0.1:11222, #Rops=0, #Wops=0, #iq=0, topRop=null, topWop=null, toWrite=0, interested=0} to connect queue
2026-06-08 15:12:31.817 INFO net.spy.memcached.MemcachedConnection:  Added {QA sa=/127.0.0.1:11222, #Rops=0, #Wops=0, #iq=0, topRop=null, topWop=null, toWrite=0, interested=0} to connect queue
2026-06-08 15:12:31.816 INFO net.spy.memcached.MemcachedConnection:  Added {QA sa=/127.0.0.1:11222, #Rops=0, #Wops=0, #iq=0, topRop=null, topWop=null, toWrite=0, interested=0} to connect queue
2026-06-08 15:12:31.817 INFO net.spy.memcached.MemcachedConnection:  Added {QA sa=/127.0.0.1:11222, #Rops=0, #Wops=0, #iq=0, topRop=null, topWop=null, toWrite=0, interested=0} to connect queue
2026-06-08 15:12:31.818 INFO net.spy.memcached.MemcachedConnection:  Added {QA sa=/127.0.0.1:11222, #Rops=0, #Wops=0, #iq=0, topRop=null, topWop=null, toWrite=0, interested=0} to connect queue
2026-06-08 15:12:31.818 INFO net.spy.memcached.MemcachedConnection:  Added {QA sa=/127.0.0.1:11222, #Rops=0, #Wops=0, #iq=0, topRop=null, topWop=null, toWrite=0, interested=0} to connect queue
2026-06-08 15:12:31.818 INFO net.spy.memcached.MemcachedConnection:  Added {QA sa=/127.0.0.1:11222, #Rops=0, #Wops=0, #iq=0, topRop=null, topWop=null, toWrite=0, interested=0} to connect queue
2026-06-08 15:12:31.818 INFO net.spy.memcached.MemcachedConnection:  Added {QA sa=/127.0.0.1:11222, #Rops=0, #Wops=0, #iq=0, topRop=null, topWop=null, toWrite=0, interested=0} to connect queue
2026-06-08 15:12:31.819 INFO net.spy.memcached.MemcachedConnection:  Added {QA sa=/127.0.0.1:11222, #Rops=0, #Wops=0, #iq=0, topRop=null, topWop=null, toWrite=0, interested=0} to connect queue
2026-06-08 15:12:31.819 INFO net.spy.memcached.MemcachedConnection:  Added {QA sa=/127.0.0.1:11222, #Rops=0, #Wops=0, #iq=0, topRop=null, topWop=null, toWrite=0, interested=0} to connect queue
2026-06-08 15:12:31.819 INFO net.spy.memcached.MemcachedConnection:  Added {QA sa=/127.0.0.1:11222, #Rops=0, #Wops=0, #iq=0, topRop=null, topWop=null, toWrite=0, interested=0} to connect queue
2026-06-08 15:12:31.819 INFO net.spy.memcached.MemcachedConnection:  Added {QA sa=/127.0.0.1:11222, #Rops=0, #Wops=0, #iq=0, topRop=null, topWop=null, toWrite=0, interested=0} to connect queue
DBWrapper: report latency for each error is false and specific error codes to track for latency are: []
DBWrapper: report latency for each error is false and specific error codes to track for latency are: []
DBWrapper: report latency for each error is false and specific error codes to track for latency are: []
2026-06-08 15:12:31.820 INFO net.spy.memcached.MemcachedConnection:  Added {QA sa=/127.0.0.1:11222, #Rops=0, #Wops=0, #iq=0, topRop=null, topWop=null, toWrite=0, interested=0} to connect queue
DBWrapper: report latency for each error is false and specific error codes to track for latency are: []
DBWrapper: report latency for each error is false and specific error codes to track for latency are: []
2026-06-08 15:12:31.821 INFO net.spy.memcached.MemcachedConnection:  Added {QA sa=/127.0.0.1:11222, #Rops=0, #Wops=0, #iq=0, topRop=null, topWop=null, toWrite=0, interested=0} to connect queue
2026-06-08 15:12:31.821 INFO net.spy.memcached.MemcachedConnection:  Added {QA sa=/127.0.0.1:11222, #Rops=0, #Wops=0, #iq=0, topRop=null, topWop=null, toWrite=0, interested=0} to connect queue
DBWrapper: report latency for each error is false and specific error codes to track for latency are: []
2026-06-08 15:12:31.821 INFO net.spy.memcached.MemcachedConnection:  Added {QA sa=/127.0.0.1:11222, #Rops=0, #Wops=0, #iq=0, topRop=null, topWop=null, toWrite=0, interested=0} to connect queue
DBWrapper: report latency for each error is false and specific error codes to track for latency are: []
DBWrapper: report latency for each error is false and specific error codes to track for latency are: []
DBWrapper: report latency for each error is false and specific error codes to track for latency are: []
DBWrapper: report latency for each error is false and specific error codes to track for latency are: []
DBWrapper: report latency for each error is false and specific error codes to track for latency are: []
DBWrapper: report latency for each error is false and specific error codes to track for latency are: []
DBWrapper: report latency for each error is false and specific error codes to track for latency are: []
DBWrapper: report latency for each error is false and specific error codes to track for latency are: []
DBWrapper: report latency for each error is false and specific error codes to track for latency are: []
DBWrapper: report latency for each error is false and specific error codes to track for latency are: []
2026-06-08 15:12:41:736 10 sec: 629800 operations; 62973.7 current ops/sec; est completion in 4 hours 24 minutes [READ: Count=113293, Max=28863, Min=67, Avg=245.73, 90=350, 99=888, 99.9=3081, 99.99=4867] [UPDATE: Count=517194, Max=51551, Min=64, Avg=248.97, 90=350, 99=936, 99.9=3241, 99.99=6103] 
2026-06-08 15:12:51:737 20 sec: 1418665 operations; 78878.61 current ops/sec; est completion in 3 hours 54 minutes [READ: Count=141657, Max=4203, Min=66, Avg=199.3, 90=267, 99=349, 99.9=772, 99.99=2557] [UPDATE: Count=646640, Max=5567, Min=65, Avg=201.08, 90=271, 99=357, 99.9=729, 99.99=2937] 
Maximum time elapsed. Requesting stop for the workload.
Stop requested for workload. Now Joining!
2026-06-08 15:13:01:739 30 sec: 2213479 operations; 79473.45 current ops/sec; est completion in 3 hours 45 minutes [READ: Count=142752, Max=7519, Min=66, Avg=197.85, 90=264, 99=343, 99.9=525, 99.99=1983] [UPDATE: Count=651955, Max=7875, Min=62, Avg=199.64, 90=267, 99=350, 99.9=519, 99.99=1955] 
2026-06-08 15:13:01.755 INFO net.spy.memcached.MemcachedConnection:  Shut down memcached client
2026-06-08 15:13:01.756 INFO net.spy.memcached.MemcachedConnection:  Shut down memcached client
2026-06-08 15:13:01.756 INFO net.spy.memcached.MemcachedConnection:  Shut down memcached client
2026-06-08 15:13:01.756 INFO net.spy.memcached.MemcachedConnection:  Shut down memcached client
2026-06-08 15:13:01.757 INFO net.spy.memcached.MemcachedConnection:  Shut down memcached client
2026-06-08 15:13:01.757 INFO net.spy.memcached.MemcachedConnection:  Shut down memcached client
2026-06-08 15:13:01.757 INFO net.spy.memcached.MemcachedConnection:  Shut down memcached client
2026-06-08 15:13:01.757 INFO net.spy.memcached.MemcachedConnection:  Shut down memcached client
2026-06-08 15:13:01.758 INFO net.spy.memcached.MemcachedConnection:  Shut down memcached client
2026-06-08 15:13:01.758 INFO net.spy.memcached.MemcachedConnection:  Shut down memcached client
2026-06-08 15:13:01.758 INFO net.spy.memcached.MemcachedConnection:  Shut down memcached client
2026-06-08 15:13:01.758 INFO net.spy.memcached.MemcachedConnection:  Shut down memcached client
2026-06-08 15:13:01.758 INFO net.spy.memcached.MemcachedConnection:  Shut down memcached client
2026-06-08 15:13:01.759 INFO net.spy.memcached.MemcachedConnection:  Shut down memcached client
2026-06-08 15:13:01.759 INFO net.spy.memcached.MemcachedConnection:  Shut down memcached client
2026-06-08 15:13:01.759 INFO net.spy.memcached.MemcachedConnection:  Shut down memcached client
2026-06-08 15:13:01:757 30 sec: 2213491 operations; 631.58 current ops/sec; est completion in 3 hours 45 minutes [READ: Count=0, Max=0, Min=9223372036854775807, Avg=NaN, 90=0, 99=0, 99.9=0, 99.99=0] [CLEANUP: Count=16, Max=17855, Min=16400, Avg=17119, 90=17727, 99=17855, 99.9=17855, 99.99=17855] [UPDATE: Count=0, Max=0, Min=9223372036854775807, Avg=NaN, 90=0, 99=0, 99.9=0, 99.99=0] 
[OVERALL], RunTime(ms), 30022
[OVERALL], Throughput(ops/sec), 73728.96542535473
[TOTAL_GCS_G1_Young_Generation], Count, 48
[TOTAL_GC_TIME_G1_Young_Generation], Time(ms), 63
[TOTAL_GC_TIME_%_G1_Young_Generation], Time(%), 0.20984611285057622
[TOTAL_GCS_G1_Concurrent_GC], Count, 0
[TOTAL_GC_TIME_G1_Concurrent_GC], Time(ms), 0
[TOTAL_GC_TIME_%_G1_Concurrent_GC], Time(%), 0.0
[TOTAL_GCS_G1_Old_Generation], Count, 0
[TOTAL_GC_TIME_G1_Old_Generation], Time(ms), 0
[TOTAL_GC_TIME_%_G1_Old_Generation], Time(%), 0.0
[TOTAL_GCs], Count, 48
[TOTAL_GC_TIME], Time(ms), 63
[TOTAL_GC_TIME_%], Time(%), 0.20984611285057622
[READ], Operations, 397702
[READ], AverageLatency(us), 212.00662053497342
[READ], MinLatency(us), 66
[READ], MaxLatency(us), 28863
[READ], 95thPercentileLatency(us), 323
[READ], 99thPercentileLatency(us), 532
[READ], Return=OK, 397702
[CLEANUP], Operations, 16
[CLEANUP], AverageLatency(us), 17119.0
[CLEANUP], MinLatency(us), 16400
[CLEANUP], MaxLatency(us), 17855
[CLEANUP], 95thPercentileLatency(us), 17791
[CLEANUP], 99thPercentileLatency(us), 17855
[UPDATE], Operations, 1815789
[UPDATE], AverageLatency(us), 214.20108338578987
[UPDATE], MinLatency(us), 62
[UPDATE], MaxLatency(us), 51551
[UPDATE], 95thPercentileLatency(us), 326
[UPDATE], 99thPercentileLatency(us), 539
[UPDATE], Return=OK, 1815789
