/usr/bin/java  -classpath /home/morisaki/Application/ycsb-0.17.0/conf:/home/morisaki/Application/ycsb-0.17.0/lib/HdrHistogram-2.1.4.jar:/home/morisaki/Application/ycsb-0.17.0/lib/core-0.17.0.jar:/home/morisaki/Application/ycsb-0.17.0/lib/htrace-core4-4.1.0-incubating.jar:/home/morisaki/Application/ycsb-0.17.0/lib/jackson-core-asl-1.9.4.jar:/home/morisaki/Application/ycsb-0.17.0/lib/jackson-mapper-asl-1.9.4.jar:/home/morisaki/Application/ycsb-0.17.0/memcached-binding/lib/HdrHistogram-2.1.4.jar:/home/morisaki/Application/ycsb-0.17.0/memcached-binding/lib/core-0.17.0.jar:/home/morisaki/Application/ycsb-0.17.0/memcached-binding/lib/htrace-core4-4.1.0-incubating.jar:/home/morisaki/Application/ycsb-0.17.0/memcached-binding/lib/jackson-core-asl-1.9.4.jar:/home/morisaki/Application/ycsb-0.17.0/memcached-binding/lib/jackson-mapper-asl-1.9.13.jar:/home/morisaki/Application/ycsb-0.17.0/memcached-binding/lib/log4j-1.2.17.jar:/home/morisaki/Application/ycsb-0.17.0/memcached-binding/lib/memcached-binding-0.17.0.jar:/home/morisaki/Application/ycsb-0.17.0/memcached-binding/lib/spymemcached-2.11.4.jar site.ycsb.Client -t -db site.ycsb.db.MemcachedClient -s -P ./experiment/workloads/var_workload.dat -p memcached.hosts=127.0.0.1:11222 -p maxexecutiontime=30 -threads 16
Command line: -t -db site.ycsb.db.MemcachedClient -s -P ./experiment/workloads/var_workload.dat -p memcached.hosts=127.0.0.1:11222 -p maxexecutiontime=30 -threads 16
YCSB Client 0.17.0

Loading workload...
log4j:WARN No appenders could be found for logger (org.apache.htrace.core.Tracer).
log4j:WARN Please initialize the log4j system properly.
log4j:WARN See http://logging.apache.org/log4j/1.2/faq.html#noconfig for more info.
Starting test.
2026-06-08 15:06:24:876 0 sec: 0 operations; est completion in 0 second 
Maximum execution time specified as: 30 secs
2026-06-08 15:06:24.957 INFO net.spy.memcached.MemcachedConnection:  Added {QA sa=/127.0.0.1:11222, #Rops=0, #Wops=0, #iq=0, topRop=null, topWop=null, toWrite=0, interested=0} to connect queue
2026-06-08 15:06:24.957 INFO net.spy.memcached.MemcachedConnection:  Added {QA sa=/127.0.0.1:11222, #Rops=0, #Wops=0, #iq=0, topRop=null, topWop=null, toWrite=0, interested=0} to connect queue
2026-06-08 15:06:24.958 INFO net.spy.memcached.MemcachedConnection:  Added {QA sa=/127.0.0.1:11222, #Rops=0, #Wops=0, #iq=0, topRop=null, topWop=null, toWrite=0, interested=0} to connect queue
2026-06-08 15:06:24.958 INFO net.spy.memcached.MemcachedConnection:  Added {QA sa=/127.0.0.1:11222, #Rops=0, #Wops=0, #iq=0, topRop=null, topWop=null, toWrite=0, interested=0} to connect queue
2026-06-08 15:06:24.959 INFO net.spy.memcached.MemcachedConnection:  Added {QA sa=/127.0.0.1:11222, #Rops=0, #Wops=0, #iq=0, topRop=null, topWop=null, toWrite=0, interested=0} to connect queue
2026-06-08 15:06:24.959 INFO net.spy.memcached.MemcachedConnection:  Added {QA sa=/127.0.0.1:11222, #Rops=0, #Wops=0, #iq=0, topRop=null, topWop=null, toWrite=0, interested=0} to connect queue
2026-06-08 15:06:24.960 INFO net.spy.memcached.MemcachedConnection:  Added {QA sa=/127.0.0.1:11222, #Rops=0, #Wops=0, #iq=0, topRop=null, topWop=null, toWrite=0, interested=0} to connect queue
2026-06-08 15:06:24.960 INFO net.spy.memcached.MemcachedConnection:  Added {QA sa=/127.0.0.1:11222, #Rops=0, #Wops=0, #iq=0, topRop=null, topWop=null, toWrite=0, interested=0} to connect queue
DBWrapper: report latency for each error is false and specific error codes to track for latency are: []
DBWrapper: report latency for each error is false and specific error codes to track for latency are: []
DBWrapper: report latency for each error is false and specific error codes to track for latency are: []
DBWrapper: report latency for each error is false and specific error codes to track for latency are: []
DBWrapper: report latency for each error is false and specific error codes to track for latency are: []
DBWrapper: report latency for each error is false and specific error codes to track for latency are: []
DBWrapper: report latency for each error is false and specific error codes to track for latency are: []
DBWrapper: report latency for each error is false and specific error codes to track for latency are: []
2026-06-08 15:06:24.960 INFO net.spy.memcached.MemcachedConnection:  Added {QA sa=/127.0.0.1:11222, #Rops=0, #Wops=0, #iq=0, topRop=null, topWop=null, toWrite=0, interested=0} to connect queue
2026-06-08 15:06:24.963 INFO net.spy.memcached.MemcachedConnection:  Added {QA sa=/127.0.0.1:11222, #Rops=0, #Wops=0, #iq=0, topRop=null, topWop=null, toWrite=0, interested=0} to connect queue
DBWrapper: report latency for each error is false and specific error codes to track for latency are: []
DBWrapper: report latency for each error is false and specific error codes to track for latency are: []
2026-06-08 15:06:24.963 INFO net.spy.memcached.MemcachedConnection:  Added {QA sa=/127.0.0.1:11222, #Rops=0, #Wops=0, #iq=0, topRop=null, topWop=null, toWrite=0, interested=0} to connect queue
2026-06-08 15:06:24.964 INFO net.spy.memcached.MemcachedConnection:  Added {QA sa=/127.0.0.1:11222, #Rops=0, #Wops=0, #iq=0, topRop=null, topWop=null, toWrite=0, interested=0} to connect queue
DBWrapper: report latency for each error is false and specific error codes to track for latency are: []
2026-06-08 15:06:24.965 INFO net.spy.memcached.MemcachedConnection:  Added {QA sa=/127.0.0.1:11222, #Rops=0, #Wops=0, #iq=0, topRop=null, topWop=null, toWrite=0, interested=0} to connect queue
2026-06-08 15:06:24.965 INFO net.spy.memcached.MemcachedConnection:  Added {QA sa=/127.0.0.1:11222, #Rops=0, #Wops=0, #iq=0, topRop=null, topWop=null, toWrite=0, interested=0} to connect queue
2026-06-08 15:06:24.966 INFO net.spy.memcached.MemcachedConnection:  Added {QA sa=/127.0.0.1:11222, #Rops=0, #Wops=0, #iq=0, topRop=null, topWop=null, toWrite=0, interested=0} to connect queue
2026-06-08 15:06:24.966 INFO net.spy.memcached.MemcachedConnection:  Added {QA sa=/127.0.0.1:11222, #Rops=0, #Wops=0, #iq=0, topRop=null, topWop=null, toWrite=0, interested=0} to connect queue
DBWrapper: report latency for each error is false and specific error codes to track for latency are: []
DBWrapper: report latency for each error is false and specific error codes to track for latency are: []
DBWrapper: report latency for each error is false and specific error codes to track for latency are: []
DBWrapper: report latency for each error is false and specific error codes to track for latency are: []
DBWrapper: report latency for each error is false and specific error codes to track for latency are: []
2026-06-08 15:06:34:876 10 sec: 578905 operations; 57890.5 current ops/sec; est completion in 4 hours 47 minutes [READ: Count=104279, Max=26479, Min=67, Avg=261.81, 90=375, 99=1031, 99.9=3443, 99.99=6219] [UPDATE: Count=475433, Max=66751, Min=61, Avg=272.33, 90=388, 99=1277, 99.9=3647, 99.99=6075] 
2026-06-08 15:06:44:877 20 sec: 1370397 operations; 79149.2 current ops/sec; est completion in 4 hours 2 minutes [READ: Count=142588, Max=7587, Min=67, Avg=198.18, 90=265, 99=345, 99.9=586, 99.99=2421] [UPDATE: Count=648185, Max=7371, Min=63, Avg=200.51, 90=268, 99=354, 99.9=581, 99.99=2427] 
Maximum time elapsed. Requesting stop for the workload.
Stop requested for workload. Now Joining!
2026-06-08 15:06:54:876 30 sec: 2163352 operations; 79295.5 current ops/sec; est completion in 3 hours 50 minutes [READ: Count=142649, Max=6035, Min=66, Avg=197.62, 90=263, 99=344, 99.9=586, 99.99=2421] [UPDATE: Count=650301, Max=5523, Min=64, Avg=200.28, 90=268, 99=356, 99.9=642, 99.99=2619] 
2026-06-08 15:06:54.901 INFO net.spy.memcached.MemcachedConnection:  Shut down memcached client
2026-06-08 15:06:54.902 INFO net.spy.memcached.MemcachedConnection:  Shut down memcached client
2026-06-08 15:06:54.902 INFO net.spy.memcached.MemcachedConnection:  Shut down memcached client
2026-06-08 15:06:54.903 INFO net.spy.memcached.MemcachedConnection:  Shut down memcached client
2026-06-08 15:06:54.903 INFO net.spy.memcached.MemcachedConnection:  Shut down memcached client
2026-06-08 15:06:54.903 INFO net.spy.memcached.MemcachedConnection:  Shut down memcached client
2026-06-08 15:06:54.904 INFO net.spy.memcached.MemcachedConnection:  Shut down memcached client
2026-06-08 15:06:54.904 INFO net.spy.memcached.MemcachedConnection:  Shut down memcached client
2026-06-08 15:06:54.904 INFO net.spy.memcached.MemcachedConnection:  Shut down memcached client
2026-06-08 15:06:54.905 INFO net.spy.memcached.MemcachedConnection:  Shut down memcached client
2026-06-08 15:06:54.905 INFO net.spy.memcached.MemcachedConnection:  Shut down memcached client
2026-06-08 15:06:54.905 INFO net.spy.memcached.MemcachedConnection:  Shut down memcached client
2026-06-08 15:06:54.905 INFO net.spy.memcached.MemcachedConnection:  Shut down memcached client
2026-06-08 15:06:54.905 INFO net.spy.memcached.MemcachedConnection:  Shut down memcached client
2026-06-08 15:06:54.905 INFO net.spy.memcached.MemcachedConnection:  Shut down memcached client
2026-06-08 15:06:54.906 INFO net.spy.memcached.MemcachedConnection:  Shut down memcached client
2026-06-08 15:06:54:903 30 sec: 2163487 operations; 5000 current ops/sec; est completion in 3 hours 50 minutes [READ: Count=19, Max=3295, Min=65, Avg=397.26, 90=183, 99=3295, 99.9=3295, 99.99=3295] [CLEANUP: Count=16, Max=23727, Min=19776, Avg=22601, 90=23471, 99=23727, 99.9=23727, 99.99=23727] [UPDATE: Count=33, Max=5591, Min=88, Avg=809.03, 90=2675, 99=5591, 99.9=5591, 99.99=5591] 
[OVERALL], RunTime(ms), 30028
[OVERALL], Throughput(ops/sec), 72048.98761156254
[TOTAL_GCS_G1_Young_Generation], Count, 47
[TOTAL_GC_TIME_G1_Young_Generation], Time(ms), 64
[TOTAL_GC_TIME_%_G1_Young_Generation], Time(%), 0.2131344078859731
[TOTAL_GCS_G1_Concurrent_GC], Count, 0
[TOTAL_GC_TIME_G1_Concurrent_GC], Time(ms), 0
[TOTAL_GC_TIME_%_G1_Concurrent_GC], Time(%), 0.0
[TOTAL_GCS_G1_Old_Generation], Count, 0
[TOTAL_GC_TIME_G1_Old_Generation], Time(ms), 0
[TOTAL_GC_TIME_%_G1_Old_Generation], Time(%), 0.0
[TOTAL_GCs], Count, 47
[TOTAL_GC_TIME], Time(ms), 64
[TOTAL_GC_TIME_%], Time(%), 0.2131344078859731
[READ], Operations, 389535
[READ], AverageLatency(us), 215.01911766593503
[READ], MinLatency(us), 65
[READ], MaxLatency(us), 26479
[READ], 95thPercentileLatency(us), 334
[READ], 99thPercentileLatency(us), 525
[READ], Return=OK, 389535
[CLEANUP], Operations, 16
[CLEANUP], AverageLatency(us), 22601.0
[CLEANUP], MinLatency(us), 19776
[CLEANUP], MaxLatency(us), 23727
[CLEANUP], 95thPercentileLatency(us), 23711
[CLEANUP], 99thPercentileLatency(us), 23727
[UPDATE], Operations, 1773952
[UPDATE], AverageLatency(us), 219.68675871725955
[UPDATE], MinLatency(us), 61
[UPDATE], MaxLatency(us), 66751
[UPDATE], 95thPercentileLatency(us), 343
[UPDATE], 99thPercentileLatency(us), 563
[UPDATE], Return=OK, 1773952
