/usr/bin/java  -classpath /home/morisaki/Application/ycsb-0.17.0/conf:/home/morisaki/Application/ycsb-0.17.0/lib/HdrHistogram-2.1.4.jar:/home/morisaki/Application/ycsb-0.17.0/lib/core-0.17.0.jar:/home/morisaki/Application/ycsb-0.17.0/lib/htrace-core4-4.1.0-incubating.jar:/home/morisaki/Application/ycsb-0.17.0/lib/jackson-core-asl-1.9.4.jar:/home/morisaki/Application/ycsb-0.17.0/lib/jackson-mapper-asl-1.9.4.jar:/home/morisaki/Application/ycsb-0.17.0/memcached-binding/lib/HdrHistogram-2.1.4.jar:/home/morisaki/Application/ycsb-0.17.0/memcached-binding/lib/core-0.17.0.jar:/home/morisaki/Application/ycsb-0.17.0/memcached-binding/lib/htrace-core4-4.1.0-incubating.jar:/home/morisaki/Application/ycsb-0.17.0/memcached-binding/lib/jackson-core-asl-1.9.4.jar:/home/morisaki/Application/ycsb-0.17.0/memcached-binding/lib/jackson-mapper-asl-1.9.13.jar:/home/morisaki/Application/ycsb-0.17.0/memcached-binding/lib/log4j-1.2.17.jar:/home/morisaki/Application/ycsb-0.17.0/memcached-binding/lib/memcached-binding-0.17.0.jar:/home/morisaki/Application/ycsb-0.17.0/memcached-binding/lib/spymemcached-2.11.4.jar site.ycsb.Client -t -db site.ycsb.db.MemcachedClient -s -P ./experiment/workloads/var_workload.dat -p memcached.hosts=127.0.0.1:11222 -p maxexecutiontime=30 -threads 16
Command line: -t -db site.ycsb.db.MemcachedClient -s -P ./experiment/workloads/var_workload.dat -p memcached.hosts=127.0.0.1:11222 -p maxexecutiontime=30 -threads 16
YCSB Client 0.17.0

Loading workload...
log4j:WARN No appenders could be found for logger (org.apache.htrace.core.Tracer).
log4j:WARN Please initialize the log4j system properly.
log4j:WARN See http://logging.apache.org/log4j/1.2/faq.html#noconfig for more info.
Starting test.
2026-06-08 15:05:54:384 0 sec: 0 operations; est completion in 0 second 
Maximum execution time specified as: 30 secs
2026-06-08 15:05:54.465 INFO net.spy.memcached.MemcachedConnection:  Added {QA sa=/127.0.0.1:11222, #Rops=0, #Wops=0, #iq=0, topRop=null, topWop=null, toWrite=0, interested=0} to connect queue
2026-06-08 15:05:54.465 INFO net.spy.memcached.MemcachedConnection:  Added {QA sa=/127.0.0.1:11222, #Rops=0, #Wops=0, #iq=0, topRop=null, topWop=null, toWrite=0, interested=0} to connect queue
2026-06-08 15:05:54.465 INFO net.spy.memcached.MemcachedConnection:  Added {QA sa=/127.0.0.1:11222, #Rops=0, #Wops=0, #iq=0, topRop=null, topWop=null, toWrite=0, interested=0} to connect queue
2026-06-08 15:05:54.465 INFO net.spy.memcached.MemcachedConnection:  Added {QA sa=/127.0.0.1:11222, #Rops=0, #Wops=0, #iq=0, topRop=null, topWop=null, toWrite=0, interested=0} to connect queue
2026-06-08 15:05:54.466 INFO net.spy.memcached.MemcachedConnection:  Added {QA sa=/127.0.0.1:11222, #Rops=0, #Wops=0, #iq=0, topRop=null, topWop=null, toWrite=0, interested=0} to connect queue
2026-06-08 15:05:54.466 INFO net.spy.memcached.MemcachedConnection:  Added {QA sa=/127.0.0.1:11222, #Rops=0, #Wops=0, #iq=0, topRop=null, topWop=null, toWrite=0, interested=0} to connect queue
2026-06-08 15:05:54.466 INFO net.spy.memcached.MemcachedConnection:  Added {QA sa=/127.0.0.1:11222, #Rops=0, #Wops=0, #iq=0, topRop=null, topWop=null, toWrite=0, interested=0} to connect queue
2026-06-08 15:05:54.467 INFO net.spy.memcached.MemcachedConnection:  Added {QA sa=/127.0.0.1:11222, #Rops=0, #Wops=0, #iq=0, topRop=null, topWop=null, toWrite=0, interested=0} to connect queue
2026-06-08 15:05:54.467 INFO net.spy.memcached.MemcachedConnection:  Added {QA sa=/127.0.0.1:11222, #Rops=0, #Wops=0, #iq=0, topRop=null, topWop=null, toWrite=0, interested=0} to connect queue
2026-06-08 15:05:54.467 INFO net.spy.memcached.MemcachedConnection:  Added {QA sa=/127.0.0.1:11222, #Rops=0, #Wops=0, #iq=0, topRop=null, topWop=null, toWrite=0, interested=0} to connect queue
DBWrapper: report latency for each error is false and specific error codes to track for latency are: []
2026-06-08 15:05:54.468 INFO net.spy.memcached.MemcachedConnection:  Added {QA sa=/127.0.0.1:11222, #Rops=0, #Wops=0, #iq=0, topRop=null, topWop=null, toWrite=0, interested=0} to connect queue
DBWrapper: report latency for each error is false and specific error codes to track for latency are: []
DBWrapper: report latency for each error is false and specific error codes to track for latency are: []
DBWrapper: report latency for each error is false and specific error codes to track for latency are: []
DBWrapper: report latency for each error is false and specific error codes to track for latency are: []
2026-06-08 15:05:54.468 INFO net.spy.memcached.MemcachedConnection:  Added {QA sa=/127.0.0.1:11222, #Rops=0, #Wops=0, #iq=0, topRop=null, topWop=null, toWrite=0, interested=0} to connect queue
2026-06-08 15:05:54.469 INFO net.spy.memcached.MemcachedConnection:  Added {QA sa=/127.0.0.1:11222, #Rops=0, #Wops=0, #iq=0, topRop=null, topWop=null, toWrite=0, interested=0} to connect queue
2026-06-08 15:05:54.469 INFO net.spy.memcached.MemcachedConnection:  Added {QA sa=/127.0.0.1:11222, #Rops=0, #Wops=0, #iq=0, topRop=null, topWop=null, toWrite=0, interested=0} to connect queue
DBWrapper: report latency for each error is false and specific error codes to track for latency are: []
DBWrapper: report latency for each error is false and specific error codes to track for latency are: []
DBWrapper: report latency for each error is false and specific error codes to track for latency are: []
DBWrapper: report latency for each error is false and specific error codes to track for latency are: []
2026-06-08 15:05:54.469 INFO net.spy.memcached.MemcachedConnection:  Added {QA sa=/127.0.0.1:11222, #Rops=0, #Wops=0, #iq=0, topRop=null, topWop=null, toWrite=0, interested=0} to connect queue
DBWrapper: report latency for each error is false and specific error codes to track for latency are: []
2026-06-08 15:05:54.470 INFO net.spy.memcached.MemcachedConnection:  Added {QA sa=/127.0.0.1:11222, #Rops=0, #Wops=0, #iq=0, topRop=null, topWop=null, toWrite=0, interested=0} to connect queue
DBWrapper: report latency for each error is false and specific error codes to track for latency are: []
DBWrapper: report latency for each error is false and specific error codes to track for latency are: []
DBWrapper: report latency for each error is false and specific error codes to track for latency are: []
DBWrapper: report latency for each error is false and specific error codes to track for latency are: []
DBWrapper: report latency for each error is false and specific error codes to track for latency are: []
DBWrapper: report latency for each error is false and specific error codes to track for latency are: []
2026-06-08 15:06:04:384 10 sec: 591037 operations; 59103.7 current ops/sec; est completion in 4 hours 41 minutes [READ: Count=106609, Max=25631, Min=66, Avg=262.77, 90=387, 99=950, 99.9=3235, 99.99=4647] [UPDATE: Count=485093, Max=51295, Min=63, Avg=264.63, 90=389, 99=980, 99.9=3297, 99.99=5435] 
2026-06-08 15:06:14:384 20 sec: 1382598 operations; 79148.19 current ops/sec; est completion in 4 hours [READ: Count=142683, Max=5791, Min=64, Avg=199.2, 90=264, 99=344, 99.9=610, 99.99=2571] [UPDATE: Count=648316, Max=5731, Min=62, Avg=200.25, 90=267, 99=351, 99.9=558, 99.99=2135] 
Maximum time elapsed. Requesting stop for the workload.
Stop requested for workload. Now Joining!
2026-06-08 15:06:24:384 30 sec: 2174419 operations; 79190.02 current ops/sec; est completion in 3 hours 49 minutes [READ: Count=142402, Max=4183, Min=67, Avg=198.82, 90=264, 99=345, 99.9=545, 99.99=2345] [UPDATE: Count=649397, Max=9583, Min=61, Avg=200.35, 90=267, 99=351, 99.9=537, 99.99=2477] 
2026-06-08 15:06:24.394 INFO net.spy.memcached.MemcachedConnection:  Shut down memcached client
2026-06-08 15:06:24.394 INFO net.spy.memcached.MemcachedConnection:  Shut down memcached client
2026-06-08 15:06:24.394 INFO net.spy.memcached.MemcachedConnection:  Shut down memcached client
2026-06-08 15:06:24.395 INFO net.spy.memcached.MemcachedConnection:  Shut down memcached client
2026-06-08 15:06:24.395 INFO net.spy.memcached.MemcachedConnection:  Shut down memcached client
2026-06-08 15:06:24.397 INFO net.spy.memcached.MemcachedConnection:  Shut down memcached client
2026-06-08 15:06:24.397 INFO net.spy.memcached.MemcachedConnection:  Shut down memcached client
2026-06-08 15:06:24.397 INFO net.spy.memcached.MemcachedConnection:  Shut down memcached client
2026-06-08 15:06:24.397 INFO net.spy.memcached.MemcachedConnection:  Shut down memcached client
2026-06-08 15:06:24.398 INFO net.spy.memcached.MemcachedConnection:  Shut down memcached client
2026-06-08 15:06:24.398 INFO net.spy.memcached.MemcachedConnection:  Shut down memcached client
2026-06-08 15:06:24.398 INFO net.spy.memcached.MemcachedConnection:  Shut down memcached client
2026-06-08 15:06:24.398 INFO net.spy.memcached.MemcachedConnection:  Shut down memcached client
2026-06-08 15:06:24.398 INFO net.spy.memcached.MemcachedConnection:  Shut down memcached client
2026-06-08 15:06:24.399 INFO net.spy.memcached.MemcachedConnection:  Shut down memcached client
2026-06-08 15:06:24.399 INFO net.spy.memcached.MemcachedConnection:  Shut down memcached client
2026-06-08 15:06:24:399 30 sec: 2174547 operations; 8000 current ops/sec; est completion in 3 hours 49 minutes [READ: Count=23, Max=901, Min=68, Avg=274.87, 90=670, 99=901, 99.9=901, 99.99=901] [CLEANUP: Count=16, Max=8263, Min=4176, Avg=7341.38, 90=7979, 99=8263, 99.9=8263, 99.99=8263] [UPDATE: Count=24, Max=3527, Min=125, Avg=783.96, 90=2947, 99=3527, 99.9=3527, 99.99=3527] 
[OVERALL], RunTime(ms), 30012
[OVERALL], Throughput(ops/sec), 72455.91763294682
[TOTAL_GCS_G1_Young_Generation], Count, 48
[TOTAL_GC_TIME_G1_Young_Generation], Time(ms), 58
[TOTAL_GC_TIME_%_G1_Young_Generation], Time(%), 0.19325603092096494
[TOTAL_GCS_G1_Concurrent_GC], Count, 0
[TOTAL_GC_TIME_G1_Concurrent_GC], Time(ms), 0
[TOTAL_GC_TIME_%_G1_Concurrent_GC], Time(%), 0.0
[TOTAL_GCS_G1_Old_Generation], Count, 0
[TOTAL_GC_TIME_G1_Old_Generation], Time(ms), 0
[TOTAL_GC_TIME_%_G1_Old_Generation], Time(%), 0.0
[TOTAL_GCs], Count, 48
[TOTAL_GC_TIME], Time(ms), 58
[TOTAL_GC_TIME_%], Time(%), 0.19325603092096494
[READ], Operations, 391717
[READ], AverageLatency(us), 216.36833479272025
[READ], MinLatency(us), 64
[READ], MaxLatency(us), 25631
[READ], 95thPercentileLatency(us), 340
[READ], 99thPercentileLatency(us), 541
[READ], Return=OK, 391717
[CLEANUP], Operations, 16
[CLEANUP], AverageLatency(us), 7341.375
[CLEANUP], MinLatency(us), 4176
[CLEANUP], MaxLatency(us), 8263
[CLEANUP], 95thPercentileLatency(us), 8091
[CLEANUP], 99thPercentileLatency(us), 8263
[UPDATE], Operations, 1782830
[UPDATE], AverageLatency(us), 217.8090973340139
[UPDATE], MinLatency(us), 61
[UPDATE], MaxLatency(us), 51295
[UPDATE], 95thPercentileLatency(us), 342
[UPDATE], 99thPercentileLatency(us), 545
[UPDATE], Return=OK, 1782830
