/usr/bin/java  -classpath /home/morisaki/Application/ycsb-0.17.0/conf:/home/morisaki/Application/ycsb-0.17.0/lib/HdrHistogram-2.1.4.jar:/home/morisaki/Application/ycsb-0.17.0/lib/core-0.17.0.jar:/home/morisaki/Application/ycsb-0.17.0/lib/htrace-core4-4.1.0-incubating.jar:/home/morisaki/Application/ycsb-0.17.0/lib/jackson-core-asl-1.9.4.jar:/home/morisaki/Application/ycsb-0.17.0/lib/jackson-mapper-asl-1.9.4.jar:/home/morisaki/Application/ycsb-0.17.0/memcached-binding/lib/HdrHistogram-2.1.4.jar:/home/morisaki/Application/ycsb-0.17.0/memcached-binding/lib/core-0.17.0.jar:/home/morisaki/Application/ycsb-0.17.0/memcached-binding/lib/htrace-core4-4.1.0-incubating.jar:/home/morisaki/Application/ycsb-0.17.0/memcached-binding/lib/jackson-core-asl-1.9.4.jar:/home/morisaki/Application/ycsb-0.17.0/memcached-binding/lib/jackson-mapper-asl-1.9.13.jar:/home/morisaki/Application/ycsb-0.17.0/memcached-binding/lib/log4j-1.2.17.jar:/home/morisaki/Application/ycsb-0.17.0/memcached-binding/lib/memcached-binding-0.17.0.jar:/home/morisaki/Application/ycsb-0.17.0/memcached-binding/lib/spymemcached-2.11.4.jar site.ycsb.Client -t -db site.ycsb.db.MemcachedClient -s -P ./experiment/workloads/var_workload.dat -p memcached.hosts=127.0.0.1:11222 -p maxexecutiontime=30 -threads 16
Command line: -t -db site.ycsb.db.MemcachedClient -s -P ./experiment/workloads/var_workload.dat -p memcached.hosts=127.0.0.1:11222 -p maxexecutiontime=30 -threads 16
YCSB Client 0.17.0

Loading workload...
log4j:WARN No appenders could be found for logger (org.apache.htrace.core.Tracer).
log4j:WARN Please initialize the log4j system properly.
log4j:WARN See http://logging.apache.org/log4j/1.2/faq.html#noconfig for more info.
Starting test.
2026-06-08 15:03:06:253 0 sec: 0 operations; est completion in 0 second 
Maximum execution time specified as: 30 secs
2026-06-08 15:03:06.334 INFO net.spy.memcached.MemcachedConnection:  Added {QA sa=/127.0.0.1:11222, #Rops=0, #Wops=0, #iq=0, topRop=null, topWop=null, toWrite=0, interested=0} to connect queue
2026-06-08 15:03:06.334 INFO net.spy.memcached.MemcachedConnection:  Added {QA sa=/127.0.0.1:11222, #Rops=0, #Wops=0, #iq=0, topRop=null, topWop=null, toWrite=0, interested=0} to connect queue
2026-06-08 15:03:06.334 INFO net.spy.memcached.MemcachedConnection:  Added {QA sa=/127.0.0.1:11222, #Rops=0, #Wops=0, #iq=0, topRop=null, topWop=null, toWrite=0, interested=0} to connect queue
2026-06-08 15:03:06.335 INFO net.spy.memcached.MemcachedConnection:  Added {QA sa=/127.0.0.1:11222, #Rops=0, #Wops=0, #iq=0, topRop=null, topWop=null, toWrite=0, interested=0} to connect queue
2026-06-08 15:03:06.335 INFO net.spy.memcached.MemcachedConnection:  Added {QA sa=/127.0.0.1:11222, #Rops=0, #Wops=0, #iq=0, topRop=null, topWop=null, toWrite=0, interested=0} to connect queue
2026-06-08 15:03:06.335 INFO net.spy.memcached.MemcachedConnection:  Added {QA sa=/127.0.0.1:11222, #Rops=0, #Wops=0, #iq=0, topRop=null, topWop=null, toWrite=0, interested=0} to connect queue
2026-06-08 15:03:06.336 INFO net.spy.memcached.MemcachedConnection:  Added {QA sa=/127.0.0.1:11222, #Rops=0, #Wops=0, #iq=0, topRop=null, topWop=null, toWrite=0, interested=0} to connect queue
2026-06-08 15:03:06.336 INFO net.spy.memcached.MemcachedConnection:  Added {QA sa=/127.0.0.1:11222, #Rops=0, #Wops=0, #iq=0, topRop=null, topWop=null, toWrite=0, interested=0} to connect queue
2026-06-08 15:03:06.336 INFO net.spy.memcached.MemcachedConnection:  Added {QA sa=/127.0.0.1:11222, #Rops=0, #Wops=0, #iq=0, topRop=null, topWop=null, toWrite=0, interested=0} to connect queue
DBWrapper: report latency for each error is false and specific error codes to track for latency are: []
2026-06-08 15:03:06.337 INFO net.spy.memcached.MemcachedConnection:  Added {QA sa=/127.0.0.1:11222, #Rops=0, #Wops=0, #iq=0, topRop=null, topWop=null, toWrite=0, interested=0} to connect queue
DBWrapper: report latency for each error is false and specific error codes to track for latency are: []
2026-06-08 15:03:06.337 INFO net.spy.memcached.MemcachedConnection:  Added {QA sa=/127.0.0.1:11222, #Rops=0, #Wops=0, #iq=0, topRop=null, topWop=null, toWrite=0, interested=0} to connect queue
DBWrapper: report latency for each error is false and specific error codes to track for latency are: []
2026-06-08 15:03:06.337 INFO net.spy.memcached.MemcachedConnection:  Added {QA sa=/127.0.0.1:11222, #Rops=0, #Wops=0, #iq=0, topRop=null, topWop=null, toWrite=0, interested=0} to connect queue
DBWrapper: report latency for each error is false and specific error codes to track for latency are: []
2026-06-08 15:03:06.338 INFO net.spy.memcached.MemcachedConnection:  Added {QA sa=/127.0.0.1:11222, #Rops=0, #Wops=0, #iq=0, topRop=null, topWop=null, toWrite=0, interested=0} to connect queue
DBWrapper: report latency for each error is false and specific error codes to track for latency are: []
DBWrapper: report latency for each error is false and specific error codes to track for latency are: []
2026-06-08 15:03:06.338 INFO net.spy.memcached.MemcachedConnection:  Added {QA sa=/127.0.0.1:11222, #Rops=0, #Wops=0, #iq=0, topRop=null, topWop=null, toWrite=0, interested=0} to connect queue
DBWrapper: report latency for each error is false and specific error codes to track for latency are: []
2026-06-08 15:03:06.338 INFO net.spy.memcached.MemcachedConnection:  Added {QA sa=/127.0.0.1:11222, #Rops=0, #Wops=0, #iq=0, topRop=null, topWop=null, toWrite=0, interested=0} to connect queue
DBWrapper: report latency for each error is false and specific error codes to track for latency are: []
DBWrapper: report latency for each error is false and specific error codes to track for latency are: []
DBWrapper: report latency for each error is false and specific error codes to track for latency are: []
2026-06-08 15:03:06.339 INFO net.spy.memcached.MemcachedConnection:  Added {QA sa=/127.0.0.1:11222, #Rops=0, #Wops=0, #iq=0, topRop=null, topWop=null, toWrite=0, interested=0} to connect queue
DBWrapper: report latency for each error is false and specific error codes to track for latency are: []
DBWrapper: report latency for each error is false and specific error codes to track for latency are: []
DBWrapper: report latency for each error is false and specific error codes to track for latency are: []
DBWrapper: report latency for each error is false and specific error codes to track for latency are: []
DBWrapper: report latency for each error is false and specific error codes to track for latency are: []
DBWrapper: report latency for each error is false and specific error codes to track for latency are: []
2026-06-08 15:03:16:253 10 sec: 520463 operations; 52046.3 current ops/sec; est completion in 5 hours 20 minutes [READ: Count=94092, Max=26831, Min=66, Avg=279.43, 90=414, 99=1226, 99.9=3803, 99.99=6463] [UPDATE: Count=427888, Max=62751, Min=64, Avg=304.88, 90=453, 99=1774, 99.9=4207, 99.99=6847] 
2026-06-08 15:03:26:253 20 sec: 1310683 operations; 79022 current ops/sec; est completion in 4 hours 14 minutes [READ: Count=141999, Max=5355, Min=64, Avg=197.9, 90=263, 99=348, 99.9=695, 99.99=2887] [UPDATE: Count=646943, Max=8139, Min=63, Avg=200.96, 90=268, 99=357, 99.9=675, 99.99=2729] 
Maximum time elapsed. Requesting stop for the workload.
Stop requested for workload. Now Joining!
2026-06-08 15:03:36:253 30 sec: 2107748 operations; 79698.53 current ops/sec; est completion in 3 hours 56 minutes [READ: Count=143945, Max=3999, Min=65, Avg=196.31, 90=262, 99=344, 99.9=561, 99.99=2611] [UPDATE: Count=652965, Max=5403, Min=63, Avg=199.29, 90=267, 99=354, 99.9=603, 99.99=2711] 
2026-06-08 15:03:36.280 INFO net.spy.memcached.MemcachedConnection:  Shut down memcached client
2026-06-08 15:03:36.280 INFO net.spy.memcached.MemcachedConnection:  Shut down memcached client
2026-06-08 15:03:36.280 INFO net.spy.memcached.MemcachedConnection:  Shut down memcached client
2026-06-08 15:03:36.281 INFO net.spy.memcached.MemcachedConnection:  Shut down memcached client
2026-06-08 15:03:36.281 INFO net.spy.memcached.MemcachedConnection:  Shut down memcached client
2026-06-08 15:03:36.281 INFO net.spy.memcached.MemcachedConnection:  Shut down memcached client
2026-06-08 15:03:36.281 INFO net.spy.memcached.MemcachedConnection:  Shut down memcached client
2026-06-08 15:03:36.282 INFO net.spy.memcached.MemcachedConnection:  Shut down memcached client
2026-06-08 15:03:36.284 INFO net.spy.memcached.MemcachedConnection:  Shut down memcached client
2026-06-08 15:03:36.285 INFO net.spy.memcached.MemcachedConnection:  Shut down memcached client
2026-06-08 15:03:36.285 INFO net.spy.memcached.MemcachedConnection:  Shut down memcached client
2026-06-08 15:03:36.285 INFO net.spy.memcached.MemcachedConnection:  Shut down memcached client
2026-06-08 15:03:36.285 INFO net.spy.memcached.MemcachedConnection:  Shut down memcached client
2026-06-08 15:03:36.285 INFO net.spy.memcached.MemcachedConnection:  Shut down memcached client
2026-06-08 15:03:36.286 INFO net.spy.memcached.MemcachedConnection:  Shut down memcached client
2026-06-08 15:03:36:281 30 sec: 2107866 operations; 4214.29 current ops/sec; est completion in 3 hours 56 minutes [READ: Count=14, Max=1895, Min=103, Avg=339.71, 90=566, 99=1895, 99.9=1895, 99.99=1895] [CLEANUP: Count=16, Max=25807, Min=24144, Avg=24778, 90=25279, 99=25807, 99.9=25807, 99.99=25807] [UPDATE: Count=20, Max=1999, Min=108, Avg=548.55, 90=1836, 99=1999, 99.9=1999, 99.99=1999] 
2026-06-08 15:03:36.286 INFO net.spy.memcached.MemcachedConnection:  Shut down memcached client
[OVERALL], RunTime(ms), 30029
[OVERALL], Throughput(ops/sec), 70194.34546604949
[TOTAL_GCS_G1_Young_Generation], Count, 47
[TOTAL_GC_TIME_G1_Young_Generation], Time(ms), 56
[TOTAL_GC_TIME_%_G1_Young_Generation], Time(%), 0.18648639648339937
[TOTAL_GCS_G1_Concurrent_GC], Count, 0
[TOTAL_GC_TIME_G1_Concurrent_GC], Time(ms), 0
[TOTAL_GC_TIME_%_G1_Concurrent_GC], Time(%), 0.0
[TOTAL_GCS_G1_Old_Generation], Count, 0
[TOTAL_GC_TIME_G1_Old_Generation], Time(ms), 0
[TOTAL_GC_TIME_%_G1_Old_Generation], Time(%), 0.0
[TOTAL_GCs], Count, 47
[TOTAL_GC_TIME], Time(ms), 56
[TOTAL_GC_TIME_%], Time(%), 0.18648639648339937
[READ], Operations, 380050
[READ], AverageLatency(us), 217.4924378371267
[READ], MinLatency(us), 64
[READ], MaxLatency(us), 26831
[READ], 95thPercentileLatency(us), 346
[READ], 99thPercentileLatency(us), 588
[READ], Return=OK, 380050
[CLEANUP], Operations, 16
[CLEANUP], AverageLatency(us), 24778.0
[CLEANUP], MinLatency(us), 24144
[CLEANUP], MaxLatency(us), 25807
[CLEANUP], 95thPercentileLatency(us), 25711
[CLEANUP], 99thPercentileLatency(us), 25807
[UPDATE], Operations, 1727816
[UPDATE], AverageLatency(us), 226.06804949138103
[UPDATE], MinLatency(us), 63
[UPDATE], MaxLatency(us), 62751
[UPDATE], 95thPercentileLatency(us), 359
[UPDATE], 99thPercentileLatency(us), 771
[UPDATE], Return=OK, 1727816
