/usr/bin/java  -classpath /home/morisaki/Application/ycsb-0.17.0/conf:/home/morisaki/Application/ycsb-0.17.0/lib/HdrHistogram-2.1.4.jar:/home/morisaki/Application/ycsb-0.17.0/lib/core-0.17.0.jar:/home/morisaki/Application/ycsb-0.17.0/lib/htrace-core4-4.1.0-incubating.jar:/home/morisaki/Application/ycsb-0.17.0/lib/jackson-core-asl-1.9.4.jar:/home/morisaki/Application/ycsb-0.17.0/lib/jackson-mapper-asl-1.9.4.jar:/home/morisaki/Application/ycsb-0.17.0/memcached-binding/lib/HdrHistogram-2.1.4.jar:/home/morisaki/Application/ycsb-0.17.0/memcached-binding/lib/core-0.17.0.jar:/home/morisaki/Application/ycsb-0.17.0/memcached-binding/lib/htrace-core4-4.1.0-incubating.jar:/home/morisaki/Application/ycsb-0.17.0/memcached-binding/lib/jackson-core-asl-1.9.4.jar:/home/morisaki/Application/ycsb-0.17.0/memcached-binding/lib/jackson-mapper-asl-1.9.13.jar:/home/morisaki/Application/ycsb-0.17.0/memcached-binding/lib/log4j-1.2.17.jar:/home/morisaki/Application/ycsb-0.17.0/memcached-binding/lib/memcached-binding-0.17.0.jar:/home/morisaki/Application/ycsb-0.17.0/memcached-binding/lib/spymemcached-2.11.4.jar site.ycsb.Client -t -db site.ycsb.db.MemcachedClient -s -P ./experiment/workloads/var_workload.dat -p memcached.hosts=127.0.0.1:11222 -p maxexecutiontime=30 -threads 16
Command line: -t -db site.ycsb.db.MemcachedClient -s -P ./experiment/workloads/var_workload.dat -p memcached.hosts=127.0.0.1:11222 -p maxexecutiontime=30 -threads 16
YCSB Client 0.17.0

Loading workload...
log4j:WARN No appenders could be found for logger (org.apache.htrace.core.Tracer).
log4j:WARN Please initialize the log4j system properly.
log4j:WARN See http://logging.apache.org/log4j/1.2/faq.html#noconfig for more info.
Starting test.
2026-06-08 15:06:55:370 0 sec: 0 operations; est completion in 0 second 
Maximum execution time specified as: 30 secs
2026-06-08 15:06:55.455 INFO net.spy.memcached.MemcachedConnection:  Added {QA sa=/127.0.0.1:11222, #Rops=0, #Wops=0, #iq=0, topRop=null, topWop=null, toWrite=0, interested=0} to connect queue
2026-06-08 15:06:55.456 INFO net.spy.memcached.MemcachedConnection:  Added {QA sa=/127.0.0.1:11222, #Rops=0, #Wops=0, #iq=0, topRop=null, topWop=null, toWrite=0, interested=0} to connect queue
2026-06-08 15:06:55.456 INFO net.spy.memcached.MemcachedConnection:  Added {QA sa=/127.0.0.1:11222, #Rops=0, #Wops=0, #iq=0, topRop=null, topWop=null, toWrite=0, interested=0} to connect queue
2026-06-08 15:06:55.456 INFO net.spy.memcached.MemcachedConnection:  Added {QA sa=/127.0.0.1:11222, #Rops=0, #Wops=0, #iq=0, topRop=null, topWop=null, toWrite=0, interested=0} to connect queue
2026-06-08 15:06:55.456 INFO net.spy.memcached.MemcachedConnection:  Added {QA sa=/127.0.0.1:11222, #Rops=0, #Wops=0, #iq=0, topRop=null, topWop=null, toWrite=0, interested=0} to connect queue
2026-06-08 15:06:55.457 INFO net.spy.memcached.MemcachedConnection:  Added {QA sa=/127.0.0.1:11222, #Rops=0, #Wops=0, #iq=0, topRop=null, topWop=null, toWrite=0, interested=0} to connect queue
2026-06-08 15:06:55.457 INFO net.spy.memcached.MemcachedConnection:  Added {QA sa=/127.0.0.1:11222, #Rops=0, #Wops=0, #iq=0, topRop=null, topWop=null, toWrite=0, interested=0} to connect queue
2026-06-08 15:06:55.457 INFO net.spy.memcached.MemcachedConnection:  Added {QA sa=/127.0.0.1:11222, #Rops=0, #Wops=0, #iq=0, topRop=null, topWop=null, toWrite=0, interested=0} to connect queue
2026-06-08 15:06:55.458 INFO net.spy.memcached.MemcachedConnection:  Added {QA sa=/127.0.0.1:11222, #Rops=0, #Wops=0, #iq=0, topRop=null, topWop=null, toWrite=0, interested=0} to connect queue
2026-06-08 15:06:55.458 INFO net.spy.memcached.MemcachedConnection:  Added {QA sa=/127.0.0.1:11222, #Rops=0, #Wops=0, #iq=0, topRop=null, topWop=null, toWrite=0, interested=0} to connect queue
DBWrapper: report latency for each error is false and specific error codes to track for latency are: []
DBWrapper: report latency for each error is false and specific error codes to track for latency are: []
DBWrapper: report latency for each error is false and specific error codes to track for latency are: []
2026-06-08 15:06:55.458 INFO net.spy.memcached.MemcachedConnection:  Added {QA sa=/127.0.0.1:11222, #Rops=0, #Wops=0, #iq=0, topRop=null, topWop=null, toWrite=0, interested=0} to connect queue
DBWrapper: report latency for each error is false and specific error codes to track for latency are: []
DBWrapper: report latency for each error is false and specific error codes to track for latency are: []
2026-06-08 15:06:55.459 INFO net.spy.memcached.MemcachedConnection:  Added {QA sa=/127.0.0.1:11222, #Rops=0, #Wops=0, #iq=0, topRop=null, topWop=null, toWrite=0, interested=0} to connect queue
DBWrapper: report latency for each error is false and specific error codes to track for latency are: []
2026-06-08 15:06:55.459 INFO net.spy.memcached.MemcachedConnection:  Added {QA sa=/127.0.0.1:11222, #Rops=0, #Wops=0, #iq=0, topRop=null, topWop=null, toWrite=0, interested=0} to connect queue
DBWrapper: report latency for each error is false and specific error codes to track for latency are: []
DBWrapper: report latency for each error is false and specific error codes to track for latency are: []
2026-06-08 15:06:55.460 INFO net.spy.memcached.MemcachedConnection:  Added {QA sa=/127.0.0.1:11222, #Rops=0, #Wops=0, #iq=0, topRop=null, topWop=null, toWrite=0, interested=0} to connect queue
DBWrapper: report latency for each error is false and specific error codes to track for latency are: []
DBWrapper: report latency for each error is false and specific error codes to track for latency are: []
DBWrapper: report latency for each error is false and specific error codes to track for latency are: []
DBWrapper: report latency for each error is false and specific error codes to track for latency are: []
DBWrapper: report latency for each error is false and specific error codes to track for latency are: []
2026-06-08 15:06:55.463 INFO net.spy.memcached.MemcachedConnection:  Added {QA sa=/127.0.0.1:11222, #Rops=0, #Wops=0, #iq=0, topRop=null, topWop=null, toWrite=0, interested=0} to connect queue
2026-06-08 15:06:55.464 INFO net.spy.memcached.MemcachedConnection:  Added {QA sa=/127.0.0.1:11222, #Rops=0, #Wops=0, #iq=0, topRop=null, topWop=null, toWrite=0, interested=0} to connect queue
DBWrapper: report latency for each error is false and specific error codes to track for latency are: []
DBWrapper: report latency for each error is false and specific error codes to track for latency are: []
DBWrapper: report latency for each error is false and specific error codes to track for latency are: []
2026-06-08 15:07:05:370 10 sec: 571849 operations; 57184.9 current ops/sec; est completion in 4 hours 51 minutes [READ: Count=103646, Max=26143, Min=66, Avg=255.83, 90=374, 99=995, 99.9=3301, 99.99=5459] [UPDATE: Count=469746, Max=64703, Min=63, Avg=277.53, 90=397, 99=1427, 99.9=3723, 99.99=6199] 
2026-06-08 15:07:15:371 20 sec: 1367877 operations; 79602.8 current ops/sec; est completion in 4 hours 3 minutes [READ: Count=143090, Max=3907, Min=64, Avg=196.35, 90=262, 99=342, 99.9=555, 99.99=2373] [UPDATE: Count=651553, Max=5811, Min=62, Avg=199.63, 90=268, 99=352, 99.9=590, 99.99=2389] 
Maximum time elapsed. Requesting stop for the workload.
Stop requested for workload. Now Joining!
2026-06-08 15:07:25:373 30 sec: 2162494 operations; 79461.7 current ops/sec; est completion in 3 hours 50 minutes [READ: Count=143059, Max=3933, Min=66, Avg=196.91, 90=263, 99=341, 99.9=512, 99.99=2129] [UPDATE: Count=651403, Max=6827, Min=65, Avg=200.05, 90=267, 99=351, 99.9=559, 99.99=2565] 
2026-06-08 15:07:25.388 INFO net.spy.memcached.MemcachedConnection:  Shut down memcached client
2026-06-08 15:07:25.388 INFO net.spy.memcached.MemcachedConnection:  Shut down memcached client
2026-06-08 15:07:25.388 INFO net.spy.memcached.MemcachedConnection:  Shut down memcached client
2026-06-08 15:07:25.388 INFO net.spy.memcached.MemcachedConnection:  Shut down memcached client
2026-06-08 15:07:25.389 INFO net.spy.memcached.MemcachedConnection:  Shut down memcached client
2026-06-08 15:07:25.389 INFO net.spy.memcached.MemcachedConnection:  Shut down memcached client
2026-06-08 15:07:25.389 INFO net.spy.memcached.MemcachedConnection:  Shut down memcached client
2026-06-08 15:07:25.390 INFO net.spy.memcached.MemcachedConnection:  Shut down memcached client
2026-06-08 15:07:25.390 INFO net.spy.memcached.MemcachedConnection:  Shut down memcached client
2026-06-08 15:07:25.390 INFO net.spy.memcached.MemcachedConnection:  Shut down memcached client
2026-06-08 15:07:25.390 INFO net.spy.memcached.MemcachedConnection:  Shut down memcached client
2026-06-08 15:07:25.391 INFO net.spy.memcached.MemcachedConnection:  Shut down memcached client
2026-06-08 15:07:25.391 INFO net.spy.memcached.MemcachedConnection:  Shut down memcached client
2026-06-08 15:07:25.391 INFO net.spy.memcached.MemcachedConnection:  Shut down memcached client
2026-06-08 15:07:25.391 INFO net.spy.memcached.MemcachedConnection:  Shut down memcached client
2026-06-08 15:07:25.391 INFO net.spy.memcached.MemcachedConnection:  Shut down memcached client
2026-06-08 15:07:25:389 30 sec: 2162497 operations; 157.89 current ops/sec; est completion in 3 hours 50 minutes [READ: Count=0, Max=0, Min=9223372036854775807, Avg=NaN, 90=0, 99=0, 99.9=0, 99.99=0] [CLEANUP: Count=16, Max=16311, Min=13512, Avg=15127.5, 90=16063, 99=16311, 99.9=16311, 99.99=16311] [UPDATE: Count=0, Max=0, Min=9223372036854775807, Avg=NaN, 90=0, 99=0, 99.9=0, 99.99=0] 
[OVERALL], RunTime(ms), 30019
[OVERALL], Throughput(ops/sec), 72037.60951397449
[TOTAL_GCS_G1_Young_Generation], Count, 48
[TOTAL_GC_TIME_G1_Young_Generation], Time(ms), 55
[TOTAL_GC_TIME_%_G1_Young_Generation], Time(%), 0.18321729571271528
[TOTAL_GCS_G1_Concurrent_GC], Count, 0
[TOTAL_GC_TIME_G1_Concurrent_GC], Time(ms), 0
[TOTAL_GC_TIME_%_G1_Concurrent_GC], Time(%), 0.0
[TOTAL_GCS_G1_Old_Generation], Count, 0
[TOTAL_GC_TIME_G1_Old_Generation], Time(ms), 0
[TOTAL_GC_TIME_%_G1_Old_Generation], Time(%), 0.0
[TOTAL_GCs], Count, 48
[TOTAL_GC_TIME], Time(ms), 55
[TOTAL_GC_TIME_%], Time(%), 0.18321729571271528
[READ], Operations, 389795
[READ], AverageLatency(us), 212.37264716068702
[READ], MinLatency(us), 64
[READ], MaxLatency(us), 26143
[READ], 95thPercentileLatency(us), 328
[READ], 99thPercentileLatency(us), 552
[READ], Return=OK, 389795
[CLEANUP], Operations, 16
[CLEANUP], AverageLatency(us), 15127.5
[CLEANUP], MinLatency(us), 13512
[CLEANUP], MaxLatency(us), 16311
[CLEANUP], 95thPercentileLatency(us), 16191
[CLEANUP], 99thPercentileLatency(us), 16311
[UPDATE], Operations, 1772702
[UPDATE], AverageLatency(us), 220.43007792623916
[UPDATE], MinLatency(us), 62
[UPDATE], MaxLatency(us), 64703
[UPDATE], 95thPercentileLatency(us), 338
[UPDATE], 99thPercentileLatency(us), 733
[UPDATE], Return=OK, 1772702
