/usr/bin/java  -classpath /home/morisaki/Application/ycsb-0.17.0/conf:/home/morisaki/Application/ycsb-0.17.0/lib/HdrHistogram-2.1.4.jar:/home/morisaki/Application/ycsb-0.17.0/lib/core-0.17.0.jar:/home/morisaki/Application/ycsb-0.17.0/lib/htrace-core4-4.1.0-incubating.jar:/home/morisaki/Application/ycsb-0.17.0/lib/jackson-core-asl-1.9.4.jar:/home/morisaki/Application/ycsb-0.17.0/lib/jackson-mapper-asl-1.9.4.jar:/home/morisaki/Application/ycsb-0.17.0/memcached-binding/lib/HdrHistogram-2.1.4.jar:/home/morisaki/Application/ycsb-0.17.0/memcached-binding/lib/core-0.17.0.jar:/home/morisaki/Application/ycsb-0.17.0/memcached-binding/lib/htrace-core4-4.1.0-incubating.jar:/home/morisaki/Application/ycsb-0.17.0/memcached-binding/lib/jackson-core-asl-1.9.4.jar:/home/morisaki/Application/ycsb-0.17.0/memcached-binding/lib/jackson-mapper-asl-1.9.13.jar:/home/morisaki/Application/ycsb-0.17.0/memcached-binding/lib/log4j-1.2.17.jar:/home/morisaki/Application/ycsb-0.17.0/memcached-binding/lib/memcached-binding-0.17.0.jar:/home/morisaki/Application/ycsb-0.17.0/memcached-binding/lib/spymemcached-2.11.4.jar site.ycsb.Client -t -db site.ycsb.db.MemcachedClient -s -P ./experiment/workloads/var_workload.dat -p memcached.hosts=127.0.0.1:11222 -p maxexecutiontime=30 -threads 16
Command line: -t -db site.ycsb.db.MemcachedClient -s -P ./experiment/workloads/var_workload.dat -p memcached.hosts=127.0.0.1:11222 -p maxexecutiontime=30 -threads 16
YCSB Client 0.17.0

Loading workload...
log4j:WARN No appenders could be found for logger (org.apache.htrace.core.Tracer).
log4j:WARN Please initialize the log4j system properly.
log4j:WARN See http://logging.apache.org/log4j/1.2/faq.html#noconfig for more info.
Starting test.
2026-06-08 15:03:36:748 0 sec: 0 operations; est completion in 0 second 
Maximum execution time specified as: 30 secs
2026-06-08 15:03:36.832 INFO net.spy.memcached.MemcachedConnection:  Added {QA sa=/127.0.0.1:11222, #Rops=0, #Wops=0, #iq=0, topRop=null, topWop=null, toWrite=0, interested=0} to connect queue
2026-06-08 15:03:36.832 INFO net.spy.memcached.MemcachedConnection:  Added {QA sa=/127.0.0.1:11222, #Rops=0, #Wops=0, #iq=0, topRop=null, topWop=null, toWrite=0, interested=0} to connect queue
2026-06-08 15:03:36.832 INFO net.spy.memcached.MemcachedConnection:  Added {QA sa=/127.0.0.1:11222, #Rops=0, #Wops=0, #iq=0, topRop=null, topWop=null, toWrite=0, interested=0} to connect queue
2026-06-08 15:03:36.832 INFO net.spy.memcached.MemcachedConnection:  Added {QA sa=/127.0.0.1:11222, #Rops=0, #Wops=0, #iq=0, topRop=null, topWop=null, toWrite=0, interested=0} to connect queue
2026-06-08 15:03:36.832 INFO net.spy.memcached.MemcachedConnection:  Added {QA sa=/127.0.0.1:11222, #Rops=0, #Wops=0, #iq=0, topRop=null, topWop=null, toWrite=0, interested=0} to connect queue
2026-06-08 15:03:36.833 INFO net.spy.memcached.MemcachedConnection:  Added {QA sa=/127.0.0.1:11222, #Rops=0, #Wops=0, #iq=0, topRop=null, topWop=null, toWrite=0, interested=0} to connect queue
2026-06-08 15:03:36.833 INFO net.spy.memcached.MemcachedConnection:  Added {QA sa=/127.0.0.1:11222, #Rops=0, #Wops=0, #iq=0, topRop=null, topWop=null, toWrite=0, interested=0} to connect queue
2026-06-08 15:03:36.833 INFO net.spy.memcached.MemcachedConnection:  Added {QA sa=/127.0.0.1:11222, #Rops=0, #Wops=0, #iq=0, topRop=null, topWop=null, toWrite=0, interested=0} to connect queue
2026-06-08 15:03:36.834 INFO net.spy.memcached.MemcachedConnection:  Added {QA sa=/127.0.0.1:11222, #Rops=0, #Wops=0, #iq=0, topRop=null, topWop=null, toWrite=0, interested=0} to connect queue
2026-06-08 15:03:36.834 INFO net.spy.memcached.MemcachedConnection:  Added {QA sa=/127.0.0.1:11222, #Rops=0, #Wops=0, #iq=0, topRop=null, topWop=null, toWrite=0, interested=0} to connect queue
2026-06-08 15:03:36.834 INFO net.spy.memcached.MemcachedConnection:  Added {QA sa=/127.0.0.1:11222, #Rops=0, #Wops=0, #iq=0, topRop=null, topWop=null, toWrite=0, interested=0} to connect queue
DBWrapper: report latency for each error is false and specific error codes to track for latency are: []
2026-06-08 15:03:36.835 INFO net.spy.memcached.MemcachedConnection:  Added {QA sa=/127.0.0.1:11222, #Rops=0, #Wops=0, #iq=0, topRop=null, topWop=null, toWrite=0, interested=0} to connect queue
DBWrapper: report latency for each error is false and specific error codes to track for latency are: []
DBWrapper: report latency for each error is false and specific error codes to track for latency are: []
2026-06-08 15:03:36.835 INFO net.spy.memcached.MemcachedConnection:  Added {QA sa=/127.0.0.1:11222, #Rops=0, #Wops=0, #iq=0, topRop=null, topWop=null, toWrite=0, interested=0} to connect queue
DBWrapper: report latency for each error is false and specific error codes to track for latency are: []
2026-06-08 15:03:36.836 INFO net.spy.memcached.MemcachedConnection:  Added {QA sa=/127.0.0.1:11222, #Rops=0, #Wops=0, #iq=0, topRop=null, topWop=null, toWrite=0, interested=0} to connect queue
DBWrapper: report latency for each error is false and specific error codes to track for latency are: []
DBWrapper: report latency for each error is false and specific error codes to track for latency are: []
DBWrapper: report latency for each error is false and specific error codes to track for latency are: []
DBWrapper: report latency for each error is false and specific error codes to track for latency are: []
DBWrapper: report latency for each error is false and specific error codes to track for latency are: []
2026-06-08 15:03:36.836 INFO net.spy.memcached.MemcachedConnection:  Added {QA sa=/127.0.0.1:11222, #Rops=0, #Wops=0, #iq=0, topRop=null, topWop=null, toWrite=0, interested=0} to connect queue
DBWrapper: report latency for each error is false and specific error codes to track for latency are: []
DBWrapper: report latency for each error is false and specific error codes to track for latency are: []
DBWrapper: report latency for each error is false and specific error codes to track for latency are: []
2026-06-08 15:03:36.839 INFO net.spy.memcached.MemcachedConnection:  Added {QA sa=/127.0.0.1:11222, #Rops=0, #Wops=0, #iq=0, topRop=null, topWop=null, toWrite=0, interested=0} to connect queue
DBWrapper: report latency for each error is false and specific error codes to track for latency are: []
DBWrapper: report latency for each error is false and specific error codes to track for latency are: []
DBWrapper: report latency for each error is false and specific error codes to track for latency are: []
DBWrapper: report latency for each error is false and specific error codes to track for latency are: []
2026-06-08 15:03:46:748 10 sec: 612456 operations; 61239.48 current ops/sec; est completion in 4 hours 32 minutes [READ: Count=110547, Max=32687, Min=67, Avg=252.13, 90=365, 99=966, 99.9=3493, 99.99=5675] [UPDATE: Count=502649, Max=56031, Min=63, Avg=255.77, 90=367, 99=1005, 99.9=3611, 99.99=6527] 
2026-06-08 15:03:56:748 20 sec: 1410162 operations; 79770.6 current ops/sec; est completion in 3 hours 56 minutes [READ: Count=143959, Max=4143, Min=65, Avg=196.01, 90=263, 99=339, 99.9=527, 99.99=2139] [UPDATE: Count=653247, Max=6011, Min=60, Avg=199.02, 90=267, 99=351, 99.9=578, 99.99=2335] 
Maximum time elapsed. Requesting stop for the workload.
Stop requested for workload. Now Joining!
2026-06-08 15:04:06:749 30 sec: 2203518 operations; 79327.67 current ops/sec; est completion in 3 hours 46 minutes [READ: Count=142606, Max=8815, Min=65, Avg=197.12, 90=264, 99=346, 99.9=697, 99.99=3421] [UPDATE: Count=650557, Max=8423, Min=63, Avg=200.24, 90=269, 99=358, 99.9=776, 99.99=3387] 
2026-06-08 15:04:06.767 INFO net.spy.memcached.MemcachedConnection:  Shut down memcached client
2026-06-08 15:04:06.768 INFO net.spy.memcached.MemcachedConnection:  Shut down memcached client
2026-06-08 15:04:06.768 INFO net.spy.memcached.MemcachedConnection:  Shut down memcached client
2026-06-08 15:04:06.768 INFO net.spy.memcached.MemcachedConnection:  Shut down memcached client
2026-06-08 15:04:06.769 INFO net.spy.memcached.MemcachedConnection:  Shut down memcached client
2026-06-08 15:04:06.769 INFO net.spy.memcached.MemcachedConnection:  Shut down memcached client
2026-06-08 15:04:06.769 INFO net.spy.memcached.MemcachedConnection:  Shut down memcached client
2026-06-08 15:04:06.769 INFO net.spy.memcached.MemcachedConnection:  Shut down memcached client
2026-06-08 15:04:06.770 INFO net.spy.memcached.MemcachedConnection:  Shut down memcached client
2026-06-08 15:04:06.770 INFO net.spy.memcached.MemcachedConnection:  Shut down memcached client
2026-06-08 15:04:06.770 INFO net.spy.memcached.MemcachedConnection:  Shut down memcached client
2026-06-08 15:04:06.770 INFO net.spy.memcached.MemcachedConnection:  Shut down memcached client
2026-06-08 15:04:06.771 INFO net.spy.memcached.MemcachedConnection:  Shut down memcached client
2026-06-08 15:04:06.771 INFO net.spy.memcached.MemcachedConnection:  Shut down memcached client
2026-06-08 15:04:06.771 INFO net.spy.memcached.MemcachedConnection:  Shut down memcached client
2026-06-08 15:04:06.772 INFO net.spy.memcached.MemcachedConnection:  Shut down memcached client
2026-06-08 15:04:06:772 30 sec: 2203571 operations; 2409.09 current ops/sec; est completion in 3 hours 46 minutes [READ: Count=6, Max=1022, Min=131, Avg=500.5, 90=921, 99=1022, 99.9=1022, 99.99=1022] [CLEANUP: Count=16, Max=21023, Min=17200, Avg=18633, 90=19279, 99=21023, 99.9=21023, 99.99=21023] [UPDATE: Count=0, Max=0, Min=9223372036854775807, Avg=NaN, 90=0, 99=0, 99.9=0, 99.99=0] 
[OVERALL], RunTime(ms), 30024
[OVERALL], Throughput(ops/sec), 73393.65174527046
[TOTAL_GCS_G1_Young_Generation], Count, 51
[TOTAL_GC_TIME_G1_Young_Generation], Time(ms), 59
[TOTAL_GC_TIME_%_G1_Young_Generation], Time(%), 0.19650945909938716
[TOTAL_GCS_G1_Concurrent_GC], Count, 0
[TOTAL_GC_TIME_G1_Concurrent_GC], Time(ms), 0
[TOTAL_GC_TIME_%_G1_Concurrent_GC], Time(%), 0.0
[TOTAL_GCS_G1_Old_Generation], Count, 0
[TOTAL_GC_TIME_G1_Old_Generation], Time(ms), 0
[TOTAL_GC_TIME_%_G1_Old_Generation], Time(%), 0.0
[TOTAL_GCs], Count, 51
[TOTAL_GC_TIME], Time(ms), 59
[TOTAL_GC_TIME_%], Time(%), 0.19650945909938716
[READ], Operations, 397118
[READ], AverageLatency(us), 212.03815994238488
[READ], MinLatency(us), 65
[READ], MaxLatency(us), 32687
[READ], 95thPercentileLatency(us), 327
[READ], 99thPercentileLatency(us), 531
[READ], Return=OK, 397118
[CLEANUP], Operations, 16
[CLEANUP], AverageLatency(us), 18633.0
[CLEANUP], MinLatency(us), 17200
[CLEANUP], MaxLatency(us), 21023
[CLEANUP], 95thPercentileLatency(us), 19343
[CLEANUP], 99thPercentileLatency(us), 21023
[UPDATE], Operations, 1806453
[UPDATE], AverageLatency(us), 215.25076046816608
[UPDATE], MinLatency(us), 60
[UPDATE], MaxLatency(us), 56031
[UPDATE], 95thPercentileLatency(us), 333
[UPDATE], 99thPercentileLatency(us), 537
[UPDATE], Return=OK, 1806453
