/usr/bin/java  -classpath /home/morisaki/Application/ycsb-0.17.0/conf:/home/morisaki/Application/ycsb-0.17.0/lib/HdrHistogram-2.1.4.jar:/home/morisaki/Application/ycsb-0.17.0/lib/core-0.17.0.jar:/home/morisaki/Application/ycsb-0.17.0/lib/htrace-core4-4.1.0-incubating.jar:/home/morisaki/Application/ycsb-0.17.0/lib/jackson-core-asl-1.9.4.jar:/home/morisaki/Application/ycsb-0.17.0/lib/jackson-mapper-asl-1.9.4.jar:/home/morisaki/Application/ycsb-0.17.0/memcached-binding/lib/HdrHistogram-2.1.4.jar:/home/morisaki/Application/ycsb-0.17.0/memcached-binding/lib/core-0.17.0.jar:/home/morisaki/Application/ycsb-0.17.0/memcached-binding/lib/htrace-core4-4.1.0-incubating.jar:/home/morisaki/Application/ycsb-0.17.0/memcached-binding/lib/jackson-core-asl-1.9.4.jar:/home/morisaki/Application/ycsb-0.17.0/memcached-binding/lib/jackson-mapper-asl-1.9.13.jar:/home/morisaki/Application/ycsb-0.17.0/memcached-binding/lib/log4j-1.2.17.jar:/home/morisaki/Application/ycsb-0.17.0/memcached-binding/lib/memcached-binding-0.17.0.jar:/home/morisaki/Application/ycsb-0.17.0/memcached-binding/lib/spymemcached-2.11.4.jar site.ycsb.Client -t -db site.ycsb.db.MemcachedClient -s -P ./experiment/workloads/var_workload.dat -p memcached.hosts=127.0.0.1:11222 -p maxexecutiontime=30 -threads 16
Command line: -t -db site.ycsb.db.MemcachedClient -s -P ./experiment/workloads/var_workload.dat -p memcached.hosts=127.0.0.1:11222 -p maxexecutiontime=30 -threads 16
YCSB Client 0.17.0

Loading workload...
log4j:WARN No appenders could be found for logger (org.apache.htrace.core.Tracer).
log4j:WARN Please initialize the log4j system properly.
log4j:WARN See http://logging.apache.org/log4j/1.2/faq.html#noconfig for more info.
Starting test.
2026-06-08 15:13:32:722 0 sec: 0 operations; est completion in 0 second 
Maximum execution time specified as: 30 secs
2026-06-08 15:13:32.803 INFO net.spy.memcached.MemcachedConnection:  Added {QA sa=/127.0.0.1:11222, #Rops=0, #Wops=0, #iq=0, topRop=null, topWop=null, toWrite=0, interested=0} to connect queue
2026-06-08 15:13:32.803 INFO net.spy.memcached.MemcachedConnection:  Added {QA sa=/127.0.0.1:11222, #Rops=0, #Wops=0, #iq=0, topRop=null, topWop=null, toWrite=0, interested=0} to connect queue
2026-06-08 15:13:32.803 INFO net.spy.memcached.MemcachedConnection:  Added {QA sa=/127.0.0.1:11222, #Rops=0, #Wops=0, #iq=0, topRop=null, topWop=null, toWrite=0, interested=0} to connect queue
2026-06-08 15:13:32.803 INFO net.spy.memcached.MemcachedConnection:  Added {QA sa=/127.0.0.1:11222, #Rops=0, #Wops=0, #iq=0, topRop=null, topWop=null, toWrite=0, interested=0} to connect queue
2026-06-08 15:13:32.803 INFO net.spy.memcached.MemcachedConnection:  Added {QA sa=/127.0.0.1:11222, #Rops=0, #Wops=0, #iq=0, topRop=null, topWop=null, toWrite=0, interested=0} to connect queue
2026-06-08 15:13:32.804 INFO net.spy.memcached.MemcachedConnection:  Added {QA sa=/127.0.0.1:11222, #Rops=0, #Wops=0, #iq=0, topRop=null, topWop=null, toWrite=0, interested=0} to connect queue
2026-06-08 15:13:32.804 INFO net.spy.memcached.MemcachedConnection:  Added {QA sa=/127.0.0.1:11222, #Rops=0, #Wops=0, #iq=0, topRop=null, topWop=null, toWrite=0, interested=0} to connect queue
2026-06-08 15:13:32.804 INFO net.spy.memcached.MemcachedConnection:  Added {QA sa=/127.0.0.1:11222, #Rops=0, #Wops=0, #iq=0, topRop=null, topWop=null, toWrite=0, interested=0} to connect queue
2026-06-08 15:13:32.805 INFO net.spy.memcached.MemcachedConnection:  Added {QA sa=/127.0.0.1:11222, #Rops=0, #Wops=0, #iq=0, topRop=null, topWop=null, toWrite=0, interested=0} to connect queue
2026-06-08 15:13:32.805 INFO net.spy.memcached.MemcachedConnection:  Added {QA sa=/127.0.0.1:11222, #Rops=0, #Wops=0, #iq=0, topRop=null, topWop=null, toWrite=0, interested=0} to connect queue
2026-06-08 15:13:32.805 INFO net.spy.memcached.MemcachedConnection:  Added {QA sa=/127.0.0.1:11222, #Rops=0, #Wops=0, #iq=0, topRop=null, topWop=null, toWrite=0, interested=0} to connect queue
DBWrapper: report latency for each error is false and specific error codes to track for latency are: []
DBWrapper: report latency for each error is false and specific error codes to track for latency are: []
2026-06-08 15:13:32.806 INFO net.spy.memcached.MemcachedConnection:  Added {QA sa=/127.0.0.1:11222, #Rops=0, #Wops=0, #iq=0, topRop=null, topWop=null, toWrite=0, interested=0} to connect queue
DBWrapper: report latency for each error is false and specific error codes to track for latency are: []
DBWrapper: report latency for each error is false and specific error codes to track for latency are: []
DBWrapper: report latency for each error is false and specific error codes to track for latency are: []
2026-06-08 15:13:32.806 INFO net.spy.memcached.MemcachedConnection:  Added {QA sa=/127.0.0.1:11222, #Rops=0, #Wops=0, #iq=0, topRop=null, topWop=null, toWrite=0, interested=0} to connect queue
2026-06-08 15:13:32.806 INFO net.spy.memcached.MemcachedConnection:  Added {QA sa=/127.0.0.1:11222, #Rops=0, #Wops=0, #iq=0, topRop=null, topWop=null, toWrite=0, interested=0} to connect queue
2026-06-08 15:13:32.807 INFO net.spy.memcached.MemcachedConnection:  Added {QA sa=/127.0.0.1:11222, #Rops=0, #Wops=0, #iq=0, topRop=null, topWop=null, toWrite=0, interested=0} to connect queue
2026-06-08 15:13:32.807 INFO net.spy.memcached.MemcachedConnection:  Added {QA sa=/127.0.0.1:11222, #Rops=0, #Wops=0, #iq=0, topRop=null, topWop=null, toWrite=0, interested=0} to connect queue
DBWrapper: report latency for each error is false and specific error codes to track for latency are: []
DBWrapper: report latency for each error is false and specific error codes to track for latency are: []
DBWrapper: report latency for each error is false and specific error codes to track for latency are: []
DBWrapper: report latency for each error is false and specific error codes to track for latency are: []
DBWrapper: report latency for each error is false and specific error codes to track for latency are: []
DBWrapper: report latency for each error is false and specific error codes to track for latency are: []
DBWrapper: report latency for each error is false and specific error codes to track for latency are: []
DBWrapper: report latency for each error is false and specific error codes to track for latency are: []
DBWrapper: report latency for each error is false and specific error codes to track for latency are: []
DBWrapper: report latency for each error is false and specific error codes to track for latency are: []
DBWrapper: report latency for each error is false and specific error codes to track for latency are: []
2026-06-08 15:13:42:722 10 sec: 607655 operations; 60765.5 current ops/sec; est completion in 4 hours 34 minutes [READ: Count=109996, Max=33727, Min=68, Avg=255.22, 90=369, 99=947, 99.9=3337, 99.99=5643] [UPDATE: Count=498655, Max=54687, Min=64, Avg=257.83, 90=369, 99=1012, 99.9=3389, 99.99=5723] 
2026-06-08 15:13:52:722 20 sec: 1390846 operations; 78311.27 current ops/sec; est completion in 3 hours 59 minutes [READ: Count=140861, Max=6751, Min=65, Avg=199.99, 90=265, 99=347, 99.9=672, 99.99=3237] [UPDATE: Count=641698, Max=7147, Min=64, Avg=202.65, 90=270, 99=356, 99.9=672, 99.99=2773] 
Maximum time elapsed. Requesting stop for the workload.
Stop requested for workload. Now Joining!
2026-06-08 15:14:02:722 30 sec: 2179760 operations; 78891.4 current ops/sec; est completion in 3 hours 48 minutes [READ: Count=141839, Max=3697, Min=67, Avg=197.96, 90=263, 99=341, 99.9=525, 99.99=2579] [UPDATE: Count=646833, Max=9439, Min=63, Avg=201.3, 90=269, 99=352, 99.9=520, 99.99=2279] 
2026-06-08 15:14:02.729 INFO net.spy.memcached.MemcachedConnection:  Shut down memcached client
2026-06-08 15:14:02.730 INFO net.spy.memcached.MemcachedConnection:  Shut down memcached client
2026-06-08 15:14:02.730 INFO net.spy.memcached.MemcachedConnection:  Shut down memcached client
2026-06-08 15:14:02.730 INFO net.spy.memcached.MemcachedConnection:  Shut down memcached client
2026-06-08 15:14:02.731 INFO net.spy.memcached.MemcachedConnection:  Shut down memcached client
2026-06-08 15:14:02.731 INFO net.spy.memcached.MemcachedConnection:  Shut down memcached client
2026-06-08 15:14:02.731 INFO net.spy.memcached.MemcachedConnection:  Shut down memcached client
2026-06-08 15:14:02.731 INFO net.spy.memcached.MemcachedConnection:  Shut down memcached client
2026-06-08 15:14:02.733 INFO net.spy.memcached.MemcachedConnection:  Shut down memcached client
2026-06-08 15:14:02.733 INFO net.spy.memcached.MemcachedConnection:  Shut down memcached client
2026-06-08 15:14:02.733 INFO net.spy.memcached.MemcachedConnection:  Shut down memcached client
2026-06-08 15:14:02.734 INFO net.spy.memcached.MemcachedConnection:  Shut down memcached client
2026-06-08 15:14:02.734 INFO net.spy.memcached.MemcachedConnection:  Shut down memcached client
2026-06-08 15:14:02.734 INFO net.spy.memcached.MemcachedConnection:  Shut down memcached client
2026-06-08 15:14:02.734 INFO net.spy.memcached.MemcachedConnection:  Shut down memcached client
2026-06-08 15:14:02.734 INFO net.spy.memcached.MemcachedConnection:  Shut down memcached client
2026-06-08 15:14:02:731 30 sec: 2179904 operations; 16000 current ops/sec; est completion in 3 hours 48 minutes [READ: Count=22, Max=1214, Min=97, Avg=224.41, 90=295, 99=1214, 99.9=1214, 99.99=1214] [CLEANUP: Count=16, Max=6343, Min=5272, Avg=5690.5, 90=6099, 99=6343, 99.9=6343, 99.99=6343] [UPDATE: Count=0, Max=0, Min=9223372036854775807, Avg=NaN, 90=0, 99=0, 99.9=0, 99.99=0] 
[OVERALL], RunTime(ms), 30010
[OVERALL], Throughput(ops/sec), 72639.25358213928
[TOTAL_GCS_G1_Young_Generation], Count, 48
[TOTAL_GC_TIME_G1_Young_Generation], Time(ms), 62
[TOTAL_GC_TIME_%_G1_Young_Generation], Time(%), 0.20659780073308898
[TOTAL_GCS_G1_Concurrent_GC], Count, 0
[TOTAL_GC_TIME_G1_Concurrent_GC], Time(ms), 0
[TOTAL_GC_TIME_%_G1_Concurrent_GC], Time(%), 0.0
[TOTAL_GCS_G1_Old_Generation], Count, 0
[TOTAL_GC_TIME_G1_Old_Generation], Time(ms), 0
[TOTAL_GC_TIME_%_G1_Old_Generation], Time(%), 0.0
[TOTAL_GCs], Count, 48
[TOTAL_GC_TIME], Time(ms), 62
[TOTAL_GC_TIME_%], Time(%), 0.20659780073308898
[READ], Operations, 392718
[READ], AverageLatency(us), 214.7285736839157
[READ], MinLatency(us), 65
[READ], MaxLatency(us), 33727
[READ], 95thPercentileLatency(us), 330
[READ], 99thPercentileLatency(us), 541
[READ], Return=OK, 392718
[CLEANUP], Operations, 16
[CLEANUP], AverageLatency(us), 5690.5
[CLEANUP], MinLatency(us), 5272
[CLEANUP], MaxLatency(us), 6343
[CLEANUP], 95thPercentileLatency(us), 6167
[CLEANUP], 99thPercentileLatency(us), 6343
[UPDATE], Operations, 1787186
[UPDATE], AverageLatency(us), 217.5579441647372
[UPDATE], MinLatency(us), 63
[UPDATE], MaxLatency(us), 54687
[UPDATE], 95thPercentileLatency(us), 334
[UPDATE], 99thPercentileLatency(us), 532
[UPDATE], Return=OK, 1787186
