/usr/bin/java  -classpath /home/morisaki/Application/ycsb-0.17.0/conf:/home/morisaki/Application/ycsb-0.17.0/lib/HdrHistogram-2.1.4.jar:/home/morisaki/Application/ycsb-0.17.0/lib/core-0.17.0.jar:/home/morisaki/Application/ycsb-0.17.0/lib/htrace-core4-4.1.0-incubating.jar:/home/morisaki/Application/ycsb-0.17.0/lib/jackson-core-asl-1.9.4.jar:/home/morisaki/Application/ycsb-0.17.0/lib/jackson-mapper-asl-1.9.4.jar:/home/morisaki/Application/ycsb-0.17.0/memcached-binding/lib/HdrHistogram-2.1.4.jar:/home/morisaki/Application/ycsb-0.17.0/memcached-binding/lib/core-0.17.0.jar:/home/morisaki/Application/ycsb-0.17.0/memcached-binding/lib/htrace-core4-4.1.0-incubating.jar:/home/morisaki/Application/ycsb-0.17.0/memcached-binding/lib/jackson-core-asl-1.9.4.jar:/home/morisaki/Application/ycsb-0.17.0/memcached-binding/lib/jackson-mapper-asl-1.9.13.jar:/home/morisaki/Application/ycsb-0.17.0/memcached-binding/lib/log4j-1.2.17.jar:/home/morisaki/Application/ycsb-0.17.0/memcached-binding/lib/memcached-binding-0.17.0.jar:/home/morisaki/Application/ycsb-0.17.0/memcached-binding/lib/spymemcached-2.11.4.jar site.ycsb.Client -t -db site.ycsb.db.MemcachedClient -s -P ./experiment/workloads/var_workload.dat -p memcached.hosts=127.0.0.1:11222 -p maxexecutiontime=30 -threads 16
Command line: -t -db site.ycsb.db.MemcachedClient -s -P ./experiment/workloads/var_workload.dat -p memcached.hosts=127.0.0.1:11222 -p maxexecutiontime=30 -threads 16
YCSB Client 0.17.0

Loading workload...
log4j:WARN No appenders could be found for logger (org.apache.htrace.core.Tracer).
log4j:WARN Please initialize the log4j system properly.
log4j:WARN See http://logging.apache.org/log4j/1.2/faq.html#noconfig for more info.
Starting test.
2026-06-11 07:00:01:304 0 sec: 0 operations; est completion in 0 second 
Maximum execution time specified as: 30 secs
2026-06-11 07:00:01.390 INFO net.spy.memcached.MemcachedConnection:  Added {QA sa=/127.0.0.1:11222, #Rops=0, #Wops=0, #iq=0, topRop=null, topWop=null, toWrite=0, interested=0} to connect queue
2026-06-11 07:00:01.390 INFO net.spy.memcached.MemcachedConnection:  Added {QA sa=/127.0.0.1:11222, #Rops=0, #Wops=0, #iq=0, topRop=null, topWop=null, toWrite=0, interested=0} to connect queue
2026-06-11 07:00:01.390 INFO net.spy.memcached.MemcachedConnection:  Added {QA sa=/127.0.0.1:11222, #Rops=0, #Wops=0, #iq=0, topRop=null, topWop=null, toWrite=0, interested=0} to connect queue
2026-06-11 07:00:01.391 INFO net.spy.memcached.MemcachedConnection:  Added {QA sa=/127.0.0.1:11222, #Rops=0, #Wops=0, #iq=0, topRop=null, topWop=null, toWrite=0, interested=0} to connect queue
2026-06-11 07:00:01.391 INFO net.spy.memcached.MemcachedConnection:  Added {QA sa=/127.0.0.1:11222, #Rops=0, #Wops=0, #iq=0, topRop=null, topWop=null, toWrite=0, interested=0} to connect queue
2026-06-11 07:00:01.391 INFO net.spy.memcached.MemcachedConnection:  Added {QA sa=/127.0.0.1:11222, #Rops=0, #Wops=0, #iq=0, topRop=null, topWop=null, toWrite=0, interested=0} to connect queue
2026-06-11 07:00:01.392 INFO net.spy.memcached.MemcachedConnection:  Added {QA sa=/127.0.0.1:11222, #Rops=0, #Wops=0, #iq=0, topRop=null, topWop=null, toWrite=0, interested=0} to connect queue
2026-06-11 07:00:01.392 INFO net.spy.memcached.MemcachedConnection:  Added {QA sa=/127.0.0.1:11222, #Rops=0, #Wops=0, #iq=0, topRop=null, topWop=null, toWrite=0, interested=0} to connect queue
2026-06-11 07:00:01.392 INFO net.spy.memcached.MemcachedConnection:  Added {QA sa=/127.0.0.1:11222, #Rops=0, #Wops=0, #iq=0, topRop=null, topWop=null, toWrite=0, interested=0} to connect queue
DBWrapper: report latency for each error is false and specific error codes to track for latency are: []
2026-06-11 07:00:01.393 INFO net.spy.memcached.MemcachedConnection:  Added {QA sa=/127.0.0.1:11222, #Rops=0, #Wops=0, #iq=0, topRop=null, topWop=null, toWrite=0, interested=0} to connect queue
DBWrapper: report latency for each error is false and specific error codes to track for latency are: []
DBWrapper: report latency for each error is false and specific error codes to track for latency are: []
2026-06-11 07:00:01.393 INFO net.spy.memcached.MemcachedConnection:  Added {QA sa=/127.0.0.1:11222, #Rops=0, #Wops=0, #iq=0, topRop=null, topWop=null, toWrite=0, interested=0} to connect queue
2026-06-11 07:00:01.393 INFO net.spy.memcached.MemcachedConnection:  Added {QA sa=/127.0.0.1:11222, #Rops=0, #Wops=0, #iq=0, topRop=null, topWop=null, toWrite=0, interested=0} to connect queue
2026-06-11 07:00:01.394 INFO net.spy.memcached.MemcachedConnection:  Added {QA sa=/127.0.0.1:11222, #Rops=0, #Wops=0, #iq=0, topRop=null, topWop=null, toWrite=0, interested=0} to connect queue
2026-06-11 07:00:01.394 INFO net.spy.memcached.MemcachedConnection:  Added {QA sa=/127.0.0.1:11222, #Rops=0, #Wops=0, #iq=0, topRop=null, topWop=null, toWrite=0, interested=0} to connect queue
DBWrapper: report latency for each error is false and specific error codes to track for latency are: []
2026-06-11 07:00:01.395 INFO net.spy.memcached.MemcachedConnection:  Added {QA sa=/127.0.0.1:11222, #Rops=0, #Wops=0, #iq=0, topRop=null, topWop=null, toWrite=0, interested=0} to connect queue
DBWrapper: report latency for each error is false and specific error codes to track for latency are: []
2026-06-11 07:00:01.395 INFO net.spy.memcached.MemcachedConnection:  Added {QA sa=/127.0.0.1:11222, #Rops=0, #Wops=0, #iq=0, topRop=null, topWop=null, toWrite=0, interested=0} to connect queue
DBWrapper: report latency for each error is false and specific error codes to track for latency are: []
DBWrapper: report latency for each error is false and specific error codes to track for latency are: []
DBWrapper: report latency for each error is false and specific error codes to track for latency are: []
DBWrapper: report latency for each error is false and specific error codes to track for latency are: []
DBWrapper: report latency for each error is false and specific error codes to track for latency are: []
DBWrapper: report latency for each error is false and specific error codes to track for latency are: []
DBWrapper: report latency for each error is false and specific error codes to track for latency are: []
DBWrapper: report latency for each error is false and specific error codes to track for latency are: []
DBWrapper: report latency for each error is false and specific error codes to track for latency are: []
DBWrapper: report latency for each error is false and specific error codes to track for latency are: []
DBWrapper: report latency for each error is false and specific error codes to track for latency are: []
2026-06-11 07:00:11:304 10 sec: 579993 operations; 57993.5 current ops/sec; est completion in 4 hours 47 minutes [READ: Count=104564, Max=36255, Min=64, Avg=267.34, 90=389, 99=1151, 99.9=3843, 99.99=6735] [UPDATE: Count=476909, Max=51359, Min=64, Avg=269.98, 90=388, 99=1202, 99.9=3843, 99.99=6579] 
2026-06-11 07:00:21:305 20 sec: 1347630 operations; 76756.02 current ops/sec; est completion in 4 hours 7 minutes [READ: Count=138700, Max=6071, Min=64, Avg=204.24, 90=274, 99=374, 99.9=1093, 99.99=3025] [UPDATE: Count=627794, Max=5155, Min=62, Avg=206.9, 90=279, 99=386, 99.9=1036, 99.99=3157] 
Maximum time elapsed. Requesting stop for the workload.
Stop requested for workload. Now Joining!
2026-06-11 07:00:31:304 30 sec: 2121044 operations; 77349.13 current ops/sec; est completion in 3 hours 55 minutes [READ: Count=139506, Max=4263, Min=63, Avg=202.12, 90=273, 99=369, 99.9=862, 99.99=3181] [UPDATE: Count=633662, Max=5607, Min=65, Avg=205.53, 90=278, 99=383, 99.9=905, 99.99=2807] 
2026-06-11 07:00:31.317 INFO net.spy.memcached.MemcachedConnection:  Shut down memcached client
2026-06-11 07:00:31.318 INFO net.spy.memcached.MemcachedConnection:  Shut down memcached client
2026-06-11 07:00:31.318 INFO net.spy.memcached.MemcachedConnection:  Shut down memcached client
2026-06-11 07:00:31.319 INFO net.spy.memcached.MemcachedConnection:  Shut down memcached client
2026-06-11 07:00:31.319 INFO net.spy.memcached.MemcachedConnection:  Shut down memcached client
2026-06-11 07:00:31.320 INFO net.spy.memcached.MemcachedConnection:  Shut down memcached client
2026-06-11 07:00:31.320 INFO net.spy.memcached.MemcachedConnection:  Shut down memcached client
2026-06-11 07:00:31.320 INFO net.spy.memcached.MemcachedConnection:  Shut down memcached client
2026-06-11 07:00:31.320 INFO net.spy.memcached.MemcachedConnection:  Shut down memcached client
2026-06-11 07:00:31.321 INFO net.spy.memcached.MemcachedConnection:  Shut down memcached client
2026-06-11 07:00:31.321 INFO net.spy.memcached.MemcachedConnection:  Shut down memcached client
2026-06-11 07:00:31.322 INFO net.spy.memcached.MemcachedConnection:  Shut down memcached client
2026-06-11 07:00:31.322 INFO net.spy.memcached.MemcachedConnection:  Shut down memcached client
2026-06-11 07:00:31.322 INFO net.spy.memcached.MemcachedConnection:  Shut down memcached client
2026-06-11 07:00:31.323 INFO net.spy.memcached.MemcachedConnection:  Shut down memcached client
2026-06-11 07:00:31.323 INFO net.spy.memcached.MemcachedConnection:  Shut down memcached client
2026-06-11 07:00:31:319 30 sec: 2121189 operations; 9666.67 current ops/sec; est completion in 3 hours 55 minutes [READ: Count=18, Max=1482, Min=89, Avg=347.61, 90=782, 99=1482, 99.9=1482, 99.99=1482] [CLEANUP: Count=16, Max=12127, Min=9240, Avg=11063.5, 90=11951, 99=12127, 99.9=12127, 99.99=12127] [UPDATE: Count=36, Max=2459, Min=85, Avg=600.94, 90=2255, 99=2459, 99.9=2459, 99.99=2459] 
[OVERALL], RunTime(ms), 30015
[OVERALL], Throughput(ops/sec), 70670.96451774113
[TOTAL_GCS_G1_Young_Generation], Count, 47
[TOTAL_GC_TIME_G1_Young_Generation], Time(ms), 67
[TOTAL_GC_TIME_%_G1_Young_Generation], Time(%), 0.22322172247209732
[TOTAL_GCS_G1_Concurrent_GC], Count, 0
[TOTAL_GC_TIME_G1_Concurrent_GC], Time(ms), 0
[TOTAL_GC_TIME_%_G1_Concurrent_GC], Time(%), 0.0
[TOTAL_GCS_G1_Old_Generation], Count, 0
[TOTAL_GC_TIME_G1_Old_Generation], Time(ms), 0
[TOTAL_GC_TIME_%_G1_Old_Generation], Time(%), 0.0
[TOTAL_GCs], Count, 47
[TOTAL_GC_TIME], Time(ms), 67
[TOTAL_GC_TIME_%], Time(%), 0.22322172247209732
[READ], Operations, 382788
[READ], AverageLatency(us), 220.71380241804863
[READ], MinLatency(us), 63
[READ], MaxLatency(us), 36255
[READ], 95thPercentileLatency(us), 344
[READ], 99thPercentileLatency(us), 660
[READ], Return=OK, 382788
[CLEANUP], Operations, 16
[CLEANUP], AverageLatency(us), 11063.5
[CLEANUP], MinLatency(us), 9240
[CLEANUP], MaxLatency(us), 12127
[CLEANUP], 95thPercentileLatency(us), 12007
[CLEANUP], 99thPercentileLatency(us), 12127
[UPDATE], Operations, 1738401
[UPDATE], AverageLatency(us), 223.71629273107874
[UPDATE], MinLatency(us), 62
[UPDATE], MaxLatency(us), 51359
[UPDATE], 95thPercentileLatency(us), 349
[UPDATE], 99thPercentileLatency(us), 656
[UPDATE], Return=OK, 1738401
