/usr/bin/java  -classpath /home/morisaki/Application/ycsb-0.17.0/conf:/home/morisaki/Application/ycsb-0.17.0/lib/HdrHistogram-2.1.4.jar:/home/morisaki/Application/ycsb-0.17.0/lib/core-0.17.0.jar:/home/morisaki/Application/ycsb-0.17.0/lib/htrace-core4-4.1.0-incubating.jar:/home/morisaki/Application/ycsb-0.17.0/lib/jackson-core-asl-1.9.4.jar:/home/morisaki/Application/ycsb-0.17.0/lib/jackson-mapper-asl-1.9.4.jar:/home/morisaki/Application/ycsb-0.17.0/memcached-binding/lib/HdrHistogram-2.1.4.jar:/home/morisaki/Application/ycsb-0.17.0/memcached-binding/lib/core-0.17.0.jar:/home/morisaki/Application/ycsb-0.17.0/memcached-binding/lib/htrace-core4-4.1.0-incubating.jar:/home/morisaki/Application/ycsb-0.17.0/memcached-binding/lib/jackson-core-asl-1.9.4.jar:/home/morisaki/Application/ycsb-0.17.0/memcached-binding/lib/jackson-mapper-asl-1.9.13.jar:/home/morisaki/Application/ycsb-0.17.0/memcached-binding/lib/log4j-1.2.17.jar:/home/morisaki/Application/ycsb-0.17.0/memcached-binding/lib/memcached-binding-0.17.0.jar:/home/morisaki/Application/ycsb-0.17.0/memcached-binding/lib/spymemcached-2.11.4.jar site.ycsb.Client -t -db site.ycsb.db.MemcachedClient -s -P ./experiment/workloads/var_workload.dat -p memcached.hosts=127.0.0.1:11222 -p maxexecutiontime=30 -threads 16
Command line: -t -db site.ycsb.db.MemcachedClient -s -P ./experiment/workloads/var_workload.dat -p memcached.hosts=127.0.0.1:11222 -p maxexecutiontime=30 -threads 16
YCSB Client 0.17.0

Loading workload...
log4j:WARN No appenders could be found for logger (org.apache.htrace.core.Tracer).
log4j:WARN Please initialize the log4j system properly.
log4j:WARN See http://logging.apache.org/log4j/1.2/faq.html#noconfig for more info.
Starting test.
2026-06-11 06:52:44:428 0 sec: 0 operations; est completion in 0 second 
Maximum execution time specified as: 30 secs
2026-06-11 06:52:44.513 INFO net.spy.memcached.MemcachedConnection:  Added {QA sa=/127.0.0.1:11222, #Rops=0, #Wops=0, #iq=0, topRop=null, topWop=null, toWrite=0, interested=0} to connect queue
2026-06-11 06:52:44.514 INFO net.spy.memcached.MemcachedConnection:  Added {QA sa=/127.0.0.1:11222, #Rops=0, #Wops=0, #iq=0, topRop=null, topWop=null, toWrite=0, interested=0} to connect queue
2026-06-11 06:52:44.514 INFO net.spy.memcached.MemcachedConnection:  Added {QA sa=/127.0.0.1:11222, #Rops=0, #Wops=0, #iq=0, topRop=null, topWop=null, toWrite=0, interested=0} to connect queue
2026-06-11 06:52:44.514 INFO net.spy.memcached.MemcachedConnection:  Added {QA sa=/127.0.0.1:11222, #Rops=0, #Wops=0, #iq=0, topRop=null, topWop=null, toWrite=0, interested=0} to connect queue
2026-06-11 06:52:44.515 INFO net.spy.memcached.MemcachedConnection:  Added {QA sa=/127.0.0.1:11222, #Rops=0, #Wops=0, #iq=0, topRop=null, topWop=null, toWrite=0, interested=0} to connect queue
2026-06-11 06:52:44.515 INFO net.spy.memcached.MemcachedConnection:  Added {QA sa=/127.0.0.1:11222, #Rops=0, #Wops=0, #iq=0, topRop=null, topWop=null, toWrite=0, interested=0} to connect queue
2026-06-11 06:52:44.516 INFO net.spy.memcached.MemcachedConnection:  Added {QA sa=/127.0.0.1:11222, #Rops=0, #Wops=0, #iq=0, topRop=null, topWop=null, toWrite=0, interested=0} to connect queue
2026-06-11 06:52:44.516 INFO net.spy.memcached.MemcachedConnection:  Added {QA sa=/127.0.0.1:11222, #Rops=0, #Wops=0, #iq=0, topRop=null, topWop=null, toWrite=0, interested=0} to connect queue
2026-06-11 06:52:44.516 INFO net.spy.memcached.MemcachedConnection:  Added {QA sa=/127.0.0.1:11222, #Rops=0, #Wops=0, #iq=0, topRop=null, topWop=null, toWrite=0, interested=0} to connect queue
DBWrapper: report latency for each error is false and specific error codes to track for latency are: []
2026-06-11 06:52:44.517 INFO net.spy.memcached.MemcachedConnection:  Added {QA sa=/127.0.0.1:11222, #Rops=0, #Wops=0, #iq=0, topRop=null, topWop=null, toWrite=0, interested=0} to connect queue
DBWrapper: report latency for each error is false and specific error codes to track for latency are: []
DBWrapper: report latency for each error is false and specific error codes to track for latency are: []
2026-06-11 06:52:44.517 INFO net.spy.memcached.MemcachedConnection:  Added {QA sa=/127.0.0.1:11222, #Rops=0, #Wops=0, #iq=0, topRop=null, topWop=null, toWrite=0, interested=0} to connect queue
DBWrapper: report latency for each error is false and specific error codes to track for latency are: []
2026-06-11 06:52:44.517 INFO net.spy.memcached.MemcachedConnection:  Added {QA sa=/127.0.0.1:11222, #Rops=0, #Wops=0, #iq=0, topRop=null, topWop=null, toWrite=0, interested=0} to connect queue
DBWrapper: report latency for each error is false and specific error codes to track for latency are: []
2026-06-11 06:52:44.518 INFO net.spy.memcached.MemcachedConnection:  Added {QA sa=/127.0.0.1:11222, #Rops=0, #Wops=0, #iq=0, topRop=null, topWop=null, toWrite=0, interested=0} to connect queue
DBWrapper: report latency for each error is false and specific error codes to track for latency are: []
2026-06-11 06:52:44.519 INFO net.spy.memcached.MemcachedConnection:  Added {QA sa=/127.0.0.1:11222, #Rops=0, #Wops=0, #iq=0, topRop=null, topWop=null, toWrite=0, interested=0} to connect queue
DBWrapper: report latency for each error is false and specific error codes to track for latency are: []
DBWrapper: report latency for each error is false and specific error codes to track for latency are: []
DBWrapper: report latency for each error is false and specific error codes to track for latency are: []
DBWrapper: report latency for each error is false and specific error codes to track for latency are: []
DBWrapper: report latency for each error is false and specific error codes to track for latency are: []
DBWrapper: report latency for each error is false and specific error codes to track for latency are: []
DBWrapper: report latency for each error is false and specific error codes to track for latency are: []
DBWrapper: report latency for each error is false and specific error codes to track for latency are: []
2026-06-11 06:52:44.521 INFO net.spy.memcached.MemcachedConnection:  Added {QA sa=/127.0.0.1:11222, #Rops=0, #Wops=0, #iq=0, topRop=null, topWop=null, toWrite=0, interested=0} to connect queue
DBWrapper: report latency for each error is false and specific error codes to track for latency are: []
2026-06-11 06:52:44.522 INFO net.spy.memcached.MemcachedConnection:  Added {QA sa=/127.0.0.1:11222, #Rops=0, #Wops=0, #iq=0, topRop=null, topWop=null, toWrite=0, interested=0} to connect queue
DBWrapper: report latency for each error is false and specific error codes to track for latency are: []
2026-06-11 06:52:54:428 10 sec: 610992 operations; 61099.2 current ops/sec; est completion in 4 hours 32 minutes [READ: Count=109994, Max=33247, Min=62, Avg=253.42, 90=372, 99=946, 99.9=3309, 99.99=5895] [UPDATE: Count=502080, Max=54463, Min=60, Avg=256.48, 90=371, 99=984, 99.9=3453, 99.99=6211] 
2026-06-11 06:53:04:432 20 sec: 1381393 operations; 77032.4 current ops/sec; est completion in 4 hours [READ: Count=138730, Max=4919, Min=67, Avg=203.39, 90=273, 99=372, 99.9=1063, 99.99=3109] [UPDATE: Count=630894, Max=10199, Min=61, Avg=206.09, 90=278, 99=385, 99.9=1002, 99.99=3285] 
Maximum time elapsed. Requesting stop for the workload.
Stop requested for workload. Now Joining!
2026-06-11 06:53:14:428 30 sec: 2159677 operations; 77828.4 current ops/sec; est completion in 3 hours 51 minutes [READ: Count=140142, Max=5159, Min=64, Avg=201.7, 90=271, 99=361, 99.9=792, 99.99=2743] [UPDATE: Count=638016, Max=5315, Min=61, Avg=203.89, 90=275, 99=371, 99.9=775, 99.99=2625] 
2026-06-11 06:53:14.443 INFO net.spy.memcached.MemcachedConnection:  Shut down memcached client
2026-06-11 06:53:14.443 INFO net.spy.memcached.MemcachedConnection:  Shut down memcached client
2026-06-11 06:53:14.443 INFO net.spy.memcached.MemcachedConnection:  Shut down memcached client
2026-06-11 06:53:14.444 INFO net.spy.memcached.MemcachedConnection:  Shut down memcached client
2026-06-11 06:53:14.444 INFO net.spy.memcached.MemcachedConnection:  Shut down memcached client
2026-06-11 06:53:14.444 INFO net.spy.memcached.MemcachedConnection:  Shut down memcached client
2026-06-11 06:53:14.445 INFO net.spy.memcached.MemcachedConnection:  Shut down memcached client
2026-06-11 06:53:14.445 INFO net.spy.memcached.MemcachedConnection:  Shut down memcached client
2026-06-11 06:53:14.445 INFO net.spy.memcached.MemcachedConnection:  Shut down memcached client
2026-06-11 06:53:14.447 INFO net.spy.memcached.MemcachedConnection:  Shut down memcached client
2026-06-11 06:53:14.448 INFO net.spy.memcached.MemcachedConnection:  Shut down memcached client
2026-06-11 06:53:14.448 INFO net.spy.memcached.MemcachedConnection:  Shut down memcached client
2026-06-11 06:53:14:444 30 sec: 2159898 operations; 13812.5 current ops/sec; est completion in 3 hours 51 minutes [READ: Count=39, Max=691, Min=116, Avg=246.87, 90=364, 99=691, 99.9=691, 99.99=691] [CLEANUP: Count=16, Max=12127, Min=7912, Avg=10852.38, 90=11775, 99=12127, 99.9=12127, 99.99=12127] [UPDATE: Count=3, Max=5235, Min=4684, Avg=5050, 90=5235, 99=5235, 99.9=5235, 99.99=5235] 
2026-06-11 06:53:14.449 INFO net.spy.memcached.MemcachedConnection:  Shut down memcached client
2026-06-11 06:53:14.450 INFO net.spy.memcached.MemcachedConnection:  Shut down memcached client
2026-06-11 06:53:14.450 INFO net.spy.memcached.MemcachedConnection:  Shut down memcached client
2026-06-11 06:53:14.450 INFO net.spy.memcached.MemcachedConnection:  Shut down memcached client
[OVERALL], RunTime(ms), 30017
[OVERALL], Throughput(ops/sec), 71955.82503248159
[TOTAL_GCS_G1_Young_Generation], Count, 48
[TOTAL_GC_TIME_G1_Young_Generation], Time(ms), 62
[TOTAL_GC_TIME_%_G1_Young_Generation], Time(%), 0.20654962188093412
[TOTAL_GCS_G1_Concurrent_GC], Count, 0
[TOTAL_GC_TIME_G1_Concurrent_GC], Time(ms), 0
[TOTAL_GC_TIME_%_G1_Concurrent_GC], Time(%), 0.0
[TOTAL_GCS_G1_Old_Generation], Count, 0
[TOTAL_GC_TIME_G1_Old_Generation], Time(ms), 0
[TOTAL_GC_TIME_%_G1_Old_Generation], Time(%), 0.0
[TOTAL_GCs], Count, 48
[TOTAL_GC_TIME], Time(ms), 62
[TOTAL_GC_TIME_%], Time(%), 0.20654962188093412
[READ], Operations, 388905
[READ], AverageLatency(us), 216.93620035741375
[READ], MinLatency(us), 62
[READ], MaxLatency(us), 33247
[READ], 95thPercentileLatency(us), 338
[READ], 99thPercentileLatency(us), 575
[READ], Return=OK, 388905
[CLEANUP], Operations, 16
[CLEANUP], AverageLatency(us), 10852.375
[CLEANUP], MinLatency(us), 7912
[CLEANUP], MaxLatency(us), 12127
[CLEANUP], 95thPercentileLatency(us), 11863
[CLEANUP], 99thPercentileLatency(us), 12127
[UPDATE], Operations, 1770993
[UPDATE], AverageLatency(us), 219.59234847342705
[UPDATE], MinLatency(us), 60
[UPDATE], MaxLatency(us), 54463
[UPDATE], 95thPercentileLatency(us), 343
[UPDATE], 99thPercentileLatency(us), 581
[UPDATE], Return=OK, 1770993
