/usr/bin/java  -classpath /home/morisaki/Application/ycsb-0.17.0/conf:/home/morisaki/Application/ycsb-0.17.0/lib/HdrHistogram-2.1.4.jar:/home/morisaki/Application/ycsb-0.17.0/lib/core-0.17.0.jar:/home/morisaki/Application/ycsb-0.17.0/lib/htrace-core4-4.1.0-incubating.jar:/home/morisaki/Application/ycsb-0.17.0/lib/jackson-core-asl-1.9.4.jar:/home/morisaki/Application/ycsb-0.17.0/lib/jackson-mapper-asl-1.9.4.jar:/home/morisaki/Application/ycsb-0.17.0/memcached-binding/lib/HdrHistogram-2.1.4.jar:/home/morisaki/Application/ycsb-0.17.0/memcached-binding/lib/core-0.17.0.jar:/home/morisaki/Application/ycsb-0.17.0/memcached-binding/lib/htrace-core4-4.1.0-incubating.jar:/home/morisaki/Application/ycsb-0.17.0/memcached-binding/lib/jackson-core-asl-1.9.4.jar:/home/morisaki/Application/ycsb-0.17.0/memcached-binding/lib/jackson-mapper-asl-1.9.13.jar:/home/morisaki/Application/ycsb-0.17.0/memcached-binding/lib/log4j-1.2.17.jar:/home/morisaki/Application/ycsb-0.17.0/memcached-binding/lib/memcached-binding-0.17.0.jar:/home/morisaki/Application/ycsb-0.17.0/memcached-binding/lib/spymemcached-2.11.4.jar site.ycsb.Client -t -db site.ycsb.db.MemcachedClient -s -P ./experiment/workloads/var_workload.dat -p memcached.hosts=127.0.0.1:11222 -p maxexecutiontime=30 -threads 16
Command line: -t -db site.ycsb.db.MemcachedClient -s -P ./experiment/workloads/var_workload.dat -p memcached.hosts=127.0.0.1:11222 -p maxexecutiontime=30 -threads 16
YCSB Client 0.17.0

Loading workload...
log4j:WARN No appenders could be found for logger (org.apache.htrace.core.Tracer).
log4j:WARN Please initialize the log4j system properly.
log4j:WARN See http://logging.apache.org/log4j/1.2/faq.html#noconfig for more info.
Starting test.
2026-06-11 06:54:15:925 0 sec: 0 operations; est completion in 0 second 
Maximum execution time specified as: 30 secs
2026-06-11 06:54:16.004 INFO net.spy.memcached.MemcachedConnection:  Added {QA sa=/127.0.0.1:11222, #Rops=0, #Wops=0, #iq=0, topRop=null, topWop=null, toWrite=0, interested=0} to connect queue
2026-06-11 06:54:16.005 INFO net.spy.memcached.MemcachedConnection:  Added {QA sa=/127.0.0.1:11222, #Rops=0, #Wops=0, #iq=0, topRop=null, topWop=null, toWrite=0, interested=0} to connect queue
2026-06-11 06:54:16.005 INFO net.spy.memcached.MemcachedConnection:  Added {QA sa=/127.0.0.1:11222, #Rops=0, #Wops=0, #iq=0, topRop=null, topWop=null, toWrite=0, interested=0} to connect queue
2026-06-11 06:54:16.006 INFO net.spy.memcached.MemcachedConnection:  Added {QA sa=/127.0.0.1:11222, #Rops=0, #Wops=0, #iq=0, topRop=null, topWop=null, toWrite=0, interested=0} to connect queue
2026-06-11 06:54:16.006 INFO net.spy.memcached.MemcachedConnection:  Added {QA sa=/127.0.0.1:11222, #Rops=0, #Wops=0, #iq=0, topRop=null, topWop=null, toWrite=0, interested=0} to connect queue
2026-06-11 06:54:16.006 INFO net.spy.memcached.MemcachedConnection:  Added {QA sa=/127.0.0.1:11222, #Rops=0, #Wops=0, #iq=0, topRop=null, topWop=null, toWrite=0, interested=0} to connect queue
2026-06-11 06:54:16.007 INFO net.spy.memcached.MemcachedConnection:  Added {QA sa=/127.0.0.1:11222, #Rops=0, #Wops=0, #iq=0, topRop=null, topWop=null, toWrite=0, interested=0} to connect queue
2026-06-11 06:54:16.007 INFO net.spy.memcached.MemcachedConnection:  Added {QA sa=/127.0.0.1:11222, #Rops=0, #Wops=0, #iq=0, topRop=null, topWop=null, toWrite=0, interested=0} to connect queue
2026-06-11 06:54:16.007 INFO net.spy.memcached.MemcachedConnection:  Added {QA sa=/127.0.0.1:11222, #Rops=0, #Wops=0, #iq=0, topRop=null, topWop=null, toWrite=0, interested=0} to connect queue
2026-06-11 06:54:16.008 INFO net.spy.memcached.MemcachedConnection:  Added {QA sa=/127.0.0.1:11222, #Rops=0, #Wops=0, #iq=0, topRop=null, topWop=null, toWrite=0, interested=0} to connect queue
2026-06-11 06:54:16.008 INFO net.spy.memcached.MemcachedConnection:  Added {QA sa=/127.0.0.1:11222, #Rops=0, #Wops=0, #iq=0, topRop=null, topWop=null, toWrite=0, interested=0} to connect queue
2026-06-11 06:54:16.008 INFO net.spy.memcached.MemcachedConnection:  Added {QA sa=/127.0.0.1:11222, #Rops=0, #Wops=0, #iq=0, topRop=null, topWop=null, toWrite=0, interested=0} to connect queue
DBWrapper: report latency for each error is false and specific error codes to track for latency are: []
DBWrapper: report latency for each error is false and specific error codes to track for latency are: []
DBWrapper: report latency for each error is false and specific error codes to track for latency are: []
2026-06-11 06:54:16.009 INFO net.spy.memcached.MemcachedConnection:  Added {QA sa=/127.0.0.1:11222, #Rops=0, #Wops=0, #iq=0, topRop=null, topWop=null, toWrite=0, interested=0} to connect queue
DBWrapper: report latency for each error is false and specific error codes to track for latency are: []
DBWrapper: report latency for each error is false and specific error codes to track for latency are: []
DBWrapper: report latency for each error is false and specific error codes to track for latency are: []
2026-06-11 06:54:16.010 INFO net.spy.memcached.MemcachedConnection:  Added {QA sa=/127.0.0.1:11222, #Rops=0, #Wops=0, #iq=0, topRop=null, topWop=null, toWrite=0, interested=0} to connect queue
2026-06-11 06:54:16.010 INFO net.spy.memcached.MemcachedConnection:  Added {QA sa=/127.0.0.1:11222, #Rops=0, #Wops=0, #iq=0, topRop=null, topWop=null, toWrite=0, interested=0} to connect queue
DBWrapper: report latency for each error is false and specific error codes to track for latency are: []
DBWrapper: report latency for each error is false and specific error codes to track for latency are: []
DBWrapper: report latency for each error is false and specific error codes to track for latency are: []
DBWrapper: report latency for each error is false and specific error codes to track for latency are: []
DBWrapper: report latency for each error is false and specific error codes to track for latency are: []
DBWrapper: report latency for each error is false and specific error codes to track for latency are: []
DBWrapper: report latency for each error is false and specific error codes to track for latency are: []
DBWrapper: report latency for each error is false and specific error codes to track for latency are: []
2026-06-11 06:54:16.012 INFO net.spy.memcached.MemcachedConnection:  Added {QA sa=/127.0.0.1:11222, #Rops=0, #Wops=0, #iq=0, topRop=null, topWop=null, toWrite=0, interested=0} to connect queue
DBWrapper: report latency for each error is false and specific error codes to track for latency are: []
DBWrapper: report latency for each error is false and specific error codes to track for latency are: []
2026-06-11 06:54:25:924 10 sec: 601645 operations; 60164.5 current ops/sec; est completion in 4 hours 36 minutes [READ: Count=108222, Max=35103, Min=69, Avg=256.13, 90=373, 99=921, 99.9=3425, 99.99=5779] [UPDATE: Count=494521, Max=55199, Min=62, Avg=261.14, 90=378, 99=994, 99.9=3541, 99.99=6595] 
2026-06-11 06:54:35:927 20 sec: 1367767 operations; 76612.2 current ops/sec; est completion in 4 hours 3 minutes [READ: Count=137945, Max=4803, Min=65, Avg=204.96, 90=276, 99=375, 99.9=1069, 99.99=3325] [UPDATE: Count=627382, Max=6879, Min=63, Avg=207.32, 90=280, 99=385, 99.9=998, 99.99=3079] 
Maximum time elapsed. Requesting stop for the workload.
Stop requested for workload. Now Joining!
2026-06-11 06:54:45:925 30 sec: 2134487 operations; 76656.67 current ops/sec; est completion in 3 hours 53 minutes [READ: Count=138250, Max=5683, Min=59, Avg=204.51, 90=275, 99=374, 99.9=1034, 99.99=3543] [UPDATE: Count=628280, Max=6907, Min=65, Avg=207.35, 90=280, 99=385, 99.9=1058, 99.99=3353] 
2026-06-11 06:54:45.934 INFO net.spy.memcached.MemcachedConnection:  Shut down memcached client
2026-06-11 06:54:45.935 INFO net.spy.memcached.MemcachedConnection:  Shut down memcached client
2026-06-11 06:54:45.935 INFO net.spy.memcached.MemcachedConnection:  Shut down memcached client
2026-06-11 06:54:45.935 INFO net.spy.memcached.MemcachedConnection:  Shut down memcached client
2026-06-11 06:54:45.936 INFO net.spy.memcached.MemcachedConnection:  Shut down memcached client
2026-06-11 06:54:45.937 INFO net.spy.memcached.MemcachedConnection:  Shut down memcached client
2026-06-11 06:54:45.937 INFO net.spy.memcached.MemcachedConnection:  Shut down memcached client
2026-06-11 06:54:45.937 INFO net.spy.memcached.MemcachedConnection:  Shut down memcached client
2026-06-11 06:54:45.937 INFO net.spy.memcached.MemcachedConnection:  Shut down memcached client
2026-06-11 06:54:45.938 INFO net.spy.memcached.MemcachedConnection:  Shut down memcached client
2026-06-11 06:54:45.938 INFO net.spy.memcached.MemcachedConnection:  Shut down memcached client
2026-06-11 06:54:45.938 INFO net.spy.memcached.MemcachedConnection:  Shut down memcached client
2026-06-11 06:54:45.939 INFO net.spy.memcached.MemcachedConnection:  Shut down memcached client
2026-06-11 06:54:45.939 INFO net.spy.memcached.MemcachedConnection:  Shut down memcached client
2026-06-11 06:54:45.939 INFO net.spy.memcached.MemcachedConnection:  Shut down memcached client
2026-06-11 06:54:45.939 INFO net.spy.memcached.MemcachedConnection:  Shut down memcached client
2026-06-11 06:54:45:937 30 sec: 2134621 operations; 11166.67 current ops/sec; est completion in 3 hours 53 minutes [READ: Count=21, Max=1244, Min=103, Avg=259.76, 90=291, 99=1244, 99.9=1244, 99.99=1244] [CLEANUP: Count=16, Max=8527, Min=6656, Avg=7363.12, 90=7599, 99=8527, 99.9=8527, 99.99=8527] [UPDATE: Count=0, Max=0, Min=9223372036854775807, Avg=NaN, 90=0, 99=0, 99.9=0, 99.99=0] 
[OVERALL], RunTime(ms), 30014
[OVERALL], Throughput(ops/sec), 71120.84360631705
[TOTAL_GCS_G1_Young_Generation], Count, 49
[TOTAL_GC_TIME_G1_Young_Generation], Time(ms), 63
[TOTAL_GC_TIME_%_G1_Young_Generation], Time(%), 0.20990204571200108
[TOTAL_GCS_G1_Concurrent_GC], Count, 0
[TOTAL_GC_TIME_G1_Concurrent_GC], Time(ms), 0
[TOTAL_GC_TIME_%_G1_Concurrent_GC], Time(%), 0.0
[TOTAL_GCS_G1_Old_Generation], Count, 0
[TOTAL_GC_TIME_G1_Old_Generation], Time(ms), 0
[TOTAL_GC_TIME_%_G1_Old_Generation], Time(%), 0.0
[TOTAL_GCs], Count, 49
[TOTAL_GC_TIME], Time(ms), 63
[TOTAL_GC_TIME_%], Time(%), 0.20990204571200108
[READ], Operations, 384438
[READ], AverageLatency(us), 219.20286496132016
[READ], MinLatency(us), 59
[READ], MaxLatency(us), 35103
[READ], 95thPercentileLatency(us), 343
[READ], 99thPercentileLatency(us), 573
[READ], Return=OK, 384438
[CLEANUP], Operations, 16
[CLEANUP], AverageLatency(us), 7363.125
[CLEANUP], MinLatency(us), 6656
[CLEANUP], MaxLatency(us), 8527
[CLEANUP], 95thPercentileLatency(us), 7639
[CLEANUP], 99thPercentileLatency(us), 8527
[UPDATE], Operations, 1750183
[UPDATE], AverageLatency(us), 222.53868995413623
[UPDATE], MinLatency(us), 62
[UPDATE], MaxLatency(us), 55199
[UPDATE], 95thPercentileLatency(us), 348
[UPDATE], 99thPercentileLatency(us), 588
[UPDATE], Return=OK, 1750183
