/usr/bin/java  -classpath /home/morisaki/Application/ycsb-0.17.0/conf:/home/morisaki/Application/ycsb-0.17.0/lib/HdrHistogram-2.1.4.jar:/home/morisaki/Application/ycsb-0.17.0/lib/core-0.17.0.jar:/home/morisaki/Application/ycsb-0.17.0/lib/htrace-core4-4.1.0-incubating.jar:/home/morisaki/Application/ycsb-0.17.0/lib/jackson-core-asl-1.9.4.jar:/home/morisaki/Application/ycsb-0.17.0/lib/jackson-mapper-asl-1.9.4.jar:/home/morisaki/Application/ycsb-0.17.0/memcached-binding/lib/HdrHistogram-2.1.4.jar:/home/morisaki/Application/ycsb-0.17.0/memcached-binding/lib/core-0.17.0.jar:/home/morisaki/Application/ycsb-0.17.0/memcached-binding/lib/htrace-core4-4.1.0-incubating.jar:/home/morisaki/Application/ycsb-0.17.0/memcached-binding/lib/jackson-core-asl-1.9.4.jar:/home/morisaki/Application/ycsb-0.17.0/memcached-binding/lib/jackson-mapper-asl-1.9.13.jar:/home/morisaki/Application/ycsb-0.17.0/memcached-binding/lib/log4j-1.2.17.jar:/home/morisaki/Application/ycsb-0.17.0/memcached-binding/lib/memcached-binding-0.17.0.jar:/home/morisaki/Application/ycsb-0.17.0/memcached-binding/lib/spymemcached-2.11.4.jar site.ycsb.Client -t -db site.ycsb.db.MemcachedClient -s -P ./experiment/workloads/var_workload.dat -p memcached.hosts=127.0.0.1:11222 -p maxexecutiontime=30 -threads 16
Command line: -t -db site.ycsb.db.MemcachedClient -s -P ./experiment/workloads/var_workload.dat -p memcached.hosts=127.0.0.1:11222 -p maxexecutiontime=30 -threads 16
YCSB Client 0.17.0

Loading workload...
log4j:WARN No appenders could be found for logger (org.apache.htrace.core.Tracer).
log4j:WARN Please initialize the log4j system properly.
log4j:WARN See http://logging.apache.org/log4j/1.2/faq.html#noconfig for more info.
Starting test.
2026-06-11 06:46:28:097 0 sec: 0 operations; est completion in 0 second 
Maximum execution time specified as: 30 secs
2026-06-11 06:46:28.178 INFO net.spy.memcached.MemcachedConnection:  Added {QA sa=/127.0.0.1:11222, #Rops=0, #Wops=0, #iq=0, topRop=null, topWop=null, toWrite=0, interested=0} to connect queue
2026-06-11 06:46:28.179 INFO net.spy.memcached.MemcachedConnection:  Added {QA sa=/127.0.0.1:11222, #Rops=0, #Wops=0, #iq=0, topRop=null, topWop=null, toWrite=0, interested=0} to connect queue
2026-06-11 06:46:28.179 INFO net.spy.memcached.MemcachedConnection:  Added {QA sa=/127.0.0.1:11222, #Rops=0, #Wops=0, #iq=0, topRop=null, topWop=null, toWrite=0, interested=0} to connect queue
2026-06-11 06:46:28.179 INFO net.spy.memcached.MemcachedConnection:  Added {QA sa=/127.0.0.1:11222, #Rops=0, #Wops=0, #iq=0, topRop=null, topWop=null, toWrite=0, interested=0} to connect queue
2026-06-11 06:46:28.180 INFO net.spy.memcached.MemcachedConnection:  Added {QA sa=/127.0.0.1:11222, #Rops=0, #Wops=0, #iq=0, topRop=null, topWop=null, toWrite=0, interested=0} to connect queue
2026-06-11 06:46:28.180 INFO net.spy.memcached.MemcachedConnection:  Added {QA sa=/127.0.0.1:11222, #Rops=0, #Wops=0, #iq=0, topRop=null, topWop=null, toWrite=0, interested=0} to connect queue
2026-06-11 06:46:28.180 INFO net.spy.memcached.MemcachedConnection:  Added {QA sa=/127.0.0.1:11222, #Rops=0, #Wops=0, #iq=0, topRop=null, topWop=null, toWrite=0, interested=0} to connect queue
2026-06-11 06:46:28.181 INFO net.spy.memcached.MemcachedConnection:  Added {QA sa=/127.0.0.1:11222, #Rops=0, #Wops=0, #iq=0, topRop=null, topWop=null, toWrite=0, interested=0} to connect queue
2026-06-11 06:46:28.181 INFO net.spy.memcached.MemcachedConnection:  Added {QA sa=/127.0.0.1:11222, #Rops=0, #Wops=0, #iq=0, topRop=null, topWop=null, toWrite=0, interested=0} to connect queue
DBWrapper: report latency for each error is false and specific error codes to track for latency are: []
DBWrapper: report latency for each error is false and specific error codes to track for latency are: []
2026-06-11 06:46:28.181 INFO net.spy.memcached.MemcachedConnection:  Added {QA sa=/127.0.0.1:11222, #Rops=0, #Wops=0, #iq=0, topRop=null, topWop=null, toWrite=0, interested=0} to connect queue
DBWrapper: report latency for each error is false and specific error codes to track for latency are: []
DBWrapper: report latency for each error is false and specific error codes to track for latency are: []
2026-06-11 06:46:28.182 INFO net.spy.memcached.MemcachedConnection:  Added {QA sa=/127.0.0.1:11222, #Rops=0, #Wops=0, #iq=0, topRop=null, topWop=null, toWrite=0, interested=0} to connect queue
DBWrapper: report latency for each error is false and specific error codes to track for latency are: []
2026-06-11 06:46:28.182 INFO net.spy.memcached.MemcachedConnection:  Added {QA sa=/127.0.0.1:11222, #Rops=0, #Wops=0, #iq=0, topRop=null, topWop=null, toWrite=0, interested=0} to connect queue
DBWrapper: report latency for each error is false and specific error codes to track for latency are: []
DBWrapper: report latency for each error is false and specific error codes to track for latency are: []
DBWrapper: report latency for each error is false and specific error codes to track for latency are: []
DBWrapper: report latency for each error is false and specific error codes to track for latency are: []
DBWrapper: report latency for each error is false and specific error codes to track for latency are: []
2026-06-11 06:46:28.183 INFO net.spy.memcached.MemcachedConnection:  Added {QA sa=/127.0.0.1:11222, #Rops=0, #Wops=0, #iq=0, topRop=null, topWop=null, toWrite=0, interested=0} to connect queue
DBWrapper: report latency for each error is false and specific error codes to track for latency are: []
2026-06-11 06:46:28.186 INFO net.spy.memcached.MemcachedConnection:  Added {QA sa=/127.0.0.1:11222, #Rops=0, #Wops=0, #iq=0, topRop=null, topWop=null, toWrite=0, interested=0} to connect queue
DBWrapper: report latency for each error is false and specific error codes to track for latency are: []
2026-06-11 06:46:28.187 INFO net.spy.memcached.MemcachedConnection:  Added {QA sa=/127.0.0.1:11222, #Rops=0, #Wops=0, #iq=0, topRop=null, topWop=null, toWrite=0, interested=0} to connect queue
DBWrapper: report latency for each error is false and specific error codes to track for latency are: []
2026-06-11 06:46:28.187 INFO net.spy.memcached.MemcachedConnection:  Added {QA sa=/127.0.0.1:11222, #Rops=0, #Wops=0, #iq=0, topRop=null, topWop=null, toWrite=0, interested=0} to connect queue
DBWrapper: report latency for each error is false and specific error codes to track for latency are: []
DBWrapper: report latency for each error is false and specific error codes to track for latency are: []
DBWrapper: report latency for each error is false and specific error codes to track for latency are: []
2026-06-11 06:46:38:097 10 sec: 608871 operations; 60887.1 current ops/sec; est completion in 4 hours 33 minutes [READ: Count=109930, Max=23151, Min=69, Avg=254.24, 90=360, 99=908, 99.9=3523, 99.99=5567] [UPDATE: Count=500492, Max=56223, Min=64, Avg=257.55, 90=363, 99=969, 99.9=3439, 99.99=6435] 
2026-06-11 06:46:48:098 20 sec: 1379742 operations; 77079.39 current ops/sec; est completion in 4 hours 1 minute [READ: Count=138493, Max=6863, Min=67, Avg=203.96, 90=274, 99=370, 99.9=1083, 99.99=3351] [UPDATE: Count=631396, Max=4551, Min=64, Avg=205.86, 90=278, 99=380, 99.9=1145, 99.99=3085] 
Maximum time elapsed. Requesting stop for the workload.
Stop requested for workload. Now Joining!
2026-06-11 06:46:58:097 30 sec: 2147499 operations; 76783.38 current ops/sec; est completion in 3 hours 52 minutes [READ: Count=138142, Max=8171, Min=65, Avg=204.09, 90=276, 99=374, 99.9=859, 99.99=3015] [UPDATE: Count=629138, Max=7875, Min=63, Avg=206.83, 90=281, 99=386, 99.9=955, 99.99=2901] 
2026-06-11 06:46:58.109 INFO net.spy.memcached.MemcachedConnection:  Shut down memcached client
2026-06-11 06:46:58.110 INFO net.spy.memcached.MemcachedConnection:  Shut down memcached client
2026-06-11 06:46:58.110 INFO net.spy.memcached.MemcachedConnection:  Shut down memcached client
2026-06-11 06:46:58.110 INFO net.spy.memcached.MemcachedConnection:  Shut down memcached client
2026-06-11 06:46:58.111 INFO net.spy.memcached.MemcachedConnection:  Shut down memcached client
2026-06-11 06:46:58.111 INFO net.spy.memcached.MemcachedConnection:  Shut down memcached client
2026-06-11 06:46:58.111 INFO net.spy.memcached.MemcachedConnection:  Shut down memcached client
2026-06-11 06:46:58.112 INFO net.spy.memcached.MemcachedConnection:  Shut down memcached client
2026-06-11 06:46:58.112 INFO net.spy.memcached.MemcachedConnection:  Shut down memcached client
2026-06-11 06:46:58.112 INFO net.spy.memcached.MemcachedConnection:  Shut down memcached client
2026-06-11 06:46:58.112 INFO net.spy.memcached.MemcachedConnection:  Shut down memcached client
2026-06-11 06:46:58.113 INFO net.spy.memcached.MemcachedConnection:  Shut down memcached client
2026-06-11 06:46:58.114 INFO net.spy.memcached.MemcachedConnection:  Shut down memcached client
2026-06-11 06:46:58.114 INFO net.spy.memcached.MemcachedConnection:  Shut down memcached client
2026-06-11 06:46:58.114 INFO net.spy.memcached.MemcachedConnection:  Shut down memcached client
2026-06-11 06:46:58.114 INFO net.spy.memcached.MemcachedConnection:  Shut down memcached client
2026-06-11 06:46:58:111 30 sec: 2147639 operations; 10000 current ops/sec; est completion in 3 hours 52 minutes [READ: Count=22, Max=2849, Min=121, Avg=435.32, 90=456, 99=2849, 99.9=2849, 99.99=2849] [CLEANUP: Count=16, Max=10391, Min=6960, Avg=9663.88, 90=10319, 99=10391, 99.9=10391, 99.99=10391] [UPDATE: Count=26, Max=5763, Min=121, Avg=718.46, 90=874, 99=5763, 99.9=5763, 99.99=5763] 
[OVERALL], RunTime(ms), 30014
[OVERALL], Throughput(ops/sec), 71554.57453188513
[TOTAL_GCS_G1_Young_Generation], Count, 47
[TOTAL_GC_TIME_G1_Young_Generation], Time(ms), 59
[TOTAL_GC_TIME_%_G1_Young_Generation], Time(%), 0.19657493169854068
[TOTAL_GCS_G1_Concurrent_GC], Count, 0
[TOTAL_GC_TIME_G1_Concurrent_GC], Time(ms), 0
[TOTAL_GC_TIME_%_G1_Concurrent_GC], Time(%), 0.0
[TOTAL_GCS_G1_Old_Generation], Count, 0
[TOTAL_GC_TIME_G1_Old_Generation], Time(ms), 0
[TOTAL_GC_TIME_%_G1_Old_Generation], Time(%), 0.0
[TOTAL_GCs], Count, 47
[TOTAL_GC_TIME], Time(ms), 59
[TOTAL_GC_TIME_%], Time(%), 0.19657493169854068
[READ], Operations, 386587
[READ], AverageLatency(us), 218.31919852452359
[READ], MinLatency(us), 65
[READ], MaxLatency(us), 23151
[READ], 95thPercentileLatency(us), 338
[READ], 99thPercentileLatency(us), 554
[READ], Return=OK, 386587
[CLEANUP], Operations, 16
[CLEANUP], AverageLatency(us), 9663.875
[CLEANUP], MinLatency(us), 6960
[CLEANUP], MaxLatency(us), 10391
[CLEANUP], 95thPercentileLatency(us), 10391
[CLEANUP], 99thPercentileLatency(us), 10391
[UPDATE], Operations, 1761052
[UPDATE], AverageLatency(us), 220.90468083849882
[UPDATE], MinLatency(us), 63
[UPDATE], MaxLatency(us), 56223
[UPDATE], 95thPercentileLatency(us), 343
[UPDATE], 99thPercentileLatency(us), 562
[UPDATE], Return=OK, 1761052
