/usr/bin/java  -classpath /home/morisaki/Application/ycsb-0.17.0/conf:/home/morisaki/Application/ycsb-0.17.0/lib/HdrHistogram-2.1.4.jar:/home/morisaki/Application/ycsb-0.17.0/lib/core-0.17.0.jar:/home/morisaki/Application/ycsb-0.17.0/lib/htrace-core4-4.1.0-incubating.jar:/home/morisaki/Application/ycsb-0.17.0/lib/jackson-core-asl-1.9.4.jar:/home/morisaki/Application/ycsb-0.17.0/lib/jackson-mapper-asl-1.9.4.jar:/home/morisaki/Application/ycsb-0.17.0/memcached-binding/lib/HdrHistogram-2.1.4.jar:/home/morisaki/Application/ycsb-0.17.0/memcached-binding/lib/core-0.17.0.jar:/home/morisaki/Application/ycsb-0.17.0/memcached-binding/lib/htrace-core4-4.1.0-incubating.jar:/home/morisaki/Application/ycsb-0.17.0/memcached-binding/lib/jackson-core-asl-1.9.4.jar:/home/morisaki/Application/ycsb-0.17.0/memcached-binding/lib/jackson-mapper-asl-1.9.13.jar:/home/morisaki/Application/ycsb-0.17.0/memcached-binding/lib/log4j-1.2.17.jar:/home/morisaki/Application/ycsb-0.17.0/memcached-binding/lib/memcached-binding-0.17.0.jar:/home/morisaki/Application/ycsb-0.17.0/memcached-binding/lib/spymemcached-2.11.4.jar site.ycsb.Client -t -db site.ycsb.db.MemcachedClient -s -P ./experiment/workloads/var_workload.dat -p memcached.hosts=127.0.0.1:11222 -p maxexecutiontime=30 -threads 16
Command line: -t -db site.ycsb.db.MemcachedClient -s -P ./experiment/workloads/var_workload.dat -p memcached.hosts=127.0.0.1:11222 -p maxexecutiontime=30 -threads 16
YCSB Client 0.17.0

Loading workload...
log4j:WARN No appenders could be found for logger (org.apache.htrace.core.Tracer).
log4j:WARN Please initialize the log4j system properly.
log4j:WARN See http://logging.apache.org/log4j/1.2/faq.html#noconfig for more info.
Starting test.
2026-06-11 06:53:45:411 0 sec: 0 operations; est completion in 0 second 
Maximum execution time specified as: 30 secs
2026-06-11 06:53:45.489 INFO net.spy.memcached.MemcachedConnection:  Added {QA sa=/127.0.0.1:11222, #Rops=0, #Wops=0, #iq=0, topRop=null, topWop=null, toWrite=0, interested=0} to connect queue
2026-06-11 06:53:45.489 INFO net.spy.memcached.MemcachedConnection:  Added {QA sa=/127.0.0.1:11222, #Rops=0, #Wops=0, #iq=0, topRop=null, topWop=null, toWrite=0, interested=0} to connect queue
2026-06-11 06:53:45.489 INFO net.spy.memcached.MemcachedConnection:  Added {QA sa=/127.0.0.1:11222, #Rops=0, #Wops=0, #iq=0, topRop=null, topWop=null, toWrite=0, interested=0} to connect queue
2026-06-11 06:53:45.489 INFO net.spy.memcached.MemcachedConnection:  Added {QA sa=/127.0.0.1:11222, #Rops=0, #Wops=0, #iq=0, topRop=null, topWop=null, toWrite=0, interested=0} to connect queue
2026-06-11 06:53:45.490 INFO net.spy.memcached.MemcachedConnection:  Added {QA sa=/127.0.0.1:11222, #Rops=0, #Wops=0, #iq=0, topRop=null, topWop=null, toWrite=0, interested=0} to connect queue
2026-06-11 06:53:45.490 INFO net.spy.memcached.MemcachedConnection:  Added {QA sa=/127.0.0.1:11222, #Rops=0, #Wops=0, #iq=0, topRop=null, topWop=null, toWrite=0, interested=0} to connect queue
2026-06-11 06:53:45.491 INFO net.spy.memcached.MemcachedConnection:  Added {QA sa=/127.0.0.1:11222, #Rops=0, #Wops=0, #iq=0, topRop=null, topWop=null, toWrite=0, interested=0} to connect queue
2026-06-11 06:53:45.491 INFO net.spy.memcached.MemcachedConnection:  Added {QA sa=/127.0.0.1:11222, #Rops=0, #Wops=0, #iq=0, topRop=null, topWop=null, toWrite=0, interested=0} to connect queue
2026-06-11 06:53:45.491 INFO net.spy.memcached.MemcachedConnection:  Added {QA sa=/127.0.0.1:11222, #Rops=0, #Wops=0, #iq=0, topRop=null, topWop=null, toWrite=0, interested=0} to connect queue
2026-06-11 06:53:45.492 INFO net.spy.memcached.MemcachedConnection:  Added {QA sa=/127.0.0.1:11222, #Rops=0, #Wops=0, #iq=0, topRop=null, topWop=null, toWrite=0, interested=0} to connect queue
DBWrapper: report latency for each error is false and specific error codes to track for latency are: []
DBWrapper: report latency for each error is false and specific error codes to track for latency are: []
2026-06-11 06:53:45.492 INFO net.spy.memcached.MemcachedConnection:  Added {QA sa=/127.0.0.1:11222, #Rops=0, #Wops=0, #iq=0, topRop=null, topWop=null, toWrite=0, interested=0} to connect queue
2026-06-11 06:53:45.493 INFO net.spy.memcached.MemcachedConnection:  Added {QA sa=/127.0.0.1:11222, #Rops=0, #Wops=0, #iq=0, topRop=null, topWop=null, toWrite=0, interested=0} to connect queue
DBWrapper: report latency for each error is false and specific error codes to track for latency are: []
DBWrapper: report latency for each error is false and specific error codes to track for latency are: []
2026-06-11 06:53:45.493 INFO net.spy.memcached.MemcachedConnection:  Added {QA sa=/127.0.0.1:11222, #Rops=0, #Wops=0, #iq=0, topRop=null, topWop=null, toWrite=0, interested=0} to connect queue
DBWrapper: report latency for each error is false and specific error codes to track for latency are: []
2026-06-11 06:53:45.494 INFO net.spy.memcached.MemcachedConnection:  Added {QA sa=/127.0.0.1:11222, #Rops=0, #Wops=0, #iq=0, topRop=null, topWop=null, toWrite=0, interested=0} to connect queue
DBWrapper: report latency for each error is false and specific error codes to track for latency are: []
DBWrapper: report latency for each error is false and specific error codes to track for latency are: []
DBWrapper: report latency for each error is false and specific error codes to track for latency are: []
2026-06-11 06:53:45.494 INFO net.spy.memcached.MemcachedConnection:  Added {QA sa=/127.0.0.1:11222, #Rops=0, #Wops=0, #iq=0, topRop=null, topWop=null, toWrite=0, interested=0} to connect queue
DBWrapper: report latency for each error is false and specific error codes to track for latency are: []
DBWrapper: report latency for each error is false and specific error codes to track for latency are: []
DBWrapper: report latency for each error is false and specific error codes to track for latency are: []
2026-06-11 06:53:45.497 INFO net.spy.memcached.MemcachedConnection:  Added {QA sa=/127.0.0.1:11222, #Rops=0, #Wops=0, #iq=0, topRop=null, topWop=null, toWrite=0, interested=0} to connect queue
DBWrapper: report latency for each error is false and specific error codes to track for latency are: []
DBWrapper: report latency for each error is false and specific error codes to track for latency are: []
DBWrapper: report latency for each error is false and specific error codes to track for latency are: []
DBWrapper: report latency for each error is false and specific error codes to track for latency are: []
DBWrapper: report latency for each error is false and specific error codes to track for latency are: []
2026-06-11 06:53:55:411 10 sec: 621165 operations; 62110.29 current ops/sec; est completion in 4 hours 28 minutes [READ: Count=111596, Max=34239, Min=67, Avg=248.93, 90=349, 99=926, 99.9=3233, 99.99=6303] [UPDATE: Count=511299, Max=59295, Min=63, Avg=252.69, 90=352, 99=985, 99.9=3431, 99.99=6923] 
2026-06-11 06:54:05:411 20 sec: 1373864 operations; 75269.9 current ops/sec; est completion in 4 hours 2 minutes [READ: Count=135514, Max=4045, Min=66, Avg=208.3, 90=281, 99=377, 99.9=1073, 99.99=3285] [UPDATE: Count=615587, Max=6087, Min=62, Avg=210.88, 90=285, 99=389, 99.9=1185, 99.99=3377] 
Maximum time elapsed. Requesting stop for the workload.
Stop requested for workload. Now Joining!
2026-06-11 06:54:15:415 30 sec: 2127706 operations; 75376.66 current ops/sec; est completion in 3 hours 54 minutes [READ: Count=135782, Max=4491, Min=69, Avg=208.44, 90=281, 99=386, 99.9=1101, 99.99=3265] [UPDATE: Count=617928, Max=5803, Min=59, Avg=210.62, 90=286, 99=394, 99.9=1069, 99.99=3325] 
2026-06-11 06:54:15.439 INFO net.spy.memcached.MemcachedConnection:  Shut down memcached client
2026-06-11 06:54:15.440 INFO net.spy.memcached.MemcachedConnection:  Shut down memcached client
2026-06-11 06:54:15.440 INFO net.spy.memcached.MemcachedConnection:  Shut down memcached client
2026-06-11 06:54:15.441 INFO net.spy.memcached.MemcachedConnection:  Shut down memcached client
2026-06-11 06:54:15.441 INFO net.spy.memcached.MemcachedConnection:  Shut down memcached client
2026-06-11 06:54:15.441 INFO net.spy.memcached.MemcachedConnection:  Shut down memcached client
2026-06-11 06:54:15.441 INFO net.spy.memcached.MemcachedConnection:  Shut down memcached client
2026-06-11 06:54:15.442 INFO net.spy.memcached.MemcachedConnection:  Shut down memcached client
2026-06-11 06:54:15.442 INFO net.spy.memcached.MemcachedConnection:  Shut down memcached client
2026-06-11 06:54:15.442 INFO net.spy.memcached.MemcachedConnection:  Shut down memcached client
2026-06-11 06:54:15.443 INFO net.spy.memcached.MemcachedConnection:  Shut down memcached client
2026-06-11 06:54:15.443 INFO net.spy.memcached.MemcachedConnection:  Shut down memcached client
2026-06-11 06:54:15.443 INFO net.spy.memcached.MemcachedConnection:  Shut down memcached client
2026-06-11 06:54:15.443 INFO net.spy.memcached.MemcachedConnection:  Shut down memcached client
2026-06-11 06:54:15.443 INFO net.spy.memcached.MemcachedConnection:  Shut down memcached client
2026-06-11 06:54:15.444 INFO net.spy.memcached.MemcachedConnection:  Shut down memcached client
2026-06-11 06:54:15:442 30 sec: 2127706 operations; 0 current ops/sec; est completion in 3 hours 54 minutes [READ: Count=0, Max=0, Min=9223372036854775807, Avg=NaN, 90=0, 99=0, 99.9=0, 99.99=0] [CLEANUP: Count=16, Max=27167, Min=24688, Avg=26231, 90=26927, 99=27167, 99.9=27167, 99.99=27167] [UPDATE: Count=0, Max=0, Min=9223372036854775807, Avg=NaN, 90=0, 99=0, 99.9=0, 99.99=0] 
[OVERALL], RunTime(ms), 30030
[OVERALL], Throughput(ops/sec), 70852.68065268065
[TOTAL_GCS_G1_Young_Generation], Count, 47
[TOTAL_GC_TIME_G1_Young_Generation], Time(ms), 64
[TOTAL_GC_TIME_%_G1_Young_Generation], Time(%), 0.21312021312021312
[TOTAL_GCS_G1_Concurrent_GC], Count, 0
[TOTAL_GC_TIME_G1_Concurrent_GC], Time(ms), 0
[TOTAL_GC_TIME_%_G1_Concurrent_GC], Time(%), 0.0
[TOTAL_GCS_G1_Old_Generation], Count, 0
[TOTAL_GC_TIME_G1_Old_Generation], Time(ms), 0
[TOTAL_GC_TIME_%_G1_Old_Generation], Time(%), 0.0
[TOTAL_GCs], Count, 47
[TOTAL_GC_TIME], Time(ms), 64
[TOTAL_GC_TIME_%], Time(%), 0.21312021312021312
[READ], Operations, 382892
[READ], AverageLatency(us), 220.19063861349937
[READ], MinLatency(us), 66
[READ], MaxLatency(us), 34239
[READ], 95thPercentileLatency(us), 337
[READ], 99thPercentileLatency(us), 550
[READ], Return=OK, 382892
[CLEANUP], Operations, 16
[CLEANUP], AverageLatency(us), 26231.0
[CLEANUP], MinLatency(us), 24688
[CLEANUP], MaxLatency(us), 27167
[CLEANUP], 95thPercentileLatency(us), 27055
[CLEANUP], 99thPercentileLatency(us), 27167
[UPDATE], Operations, 1744814
[UPDATE], AverageLatency(us), 223.0412691553369
[UPDATE], MinLatency(us), 59
[UPDATE], MaxLatency(us), 59295
[UPDATE], 95thPercentileLatency(us), 343
[UPDATE], 99thPercentileLatency(us), 564
[UPDATE], Return=OK, 1744814
