/usr/bin/java  -classpath /home/morisaki/Application/ycsb-0.17.0/conf:/home/morisaki/Application/ycsb-0.17.0/lib/HdrHistogram-2.1.4.jar:/home/morisaki/Application/ycsb-0.17.0/lib/core-0.17.0.jar:/home/morisaki/Application/ycsb-0.17.0/lib/htrace-core4-4.1.0-incubating.jar:/home/morisaki/Application/ycsb-0.17.0/lib/jackson-core-asl-1.9.4.jar:/home/morisaki/Application/ycsb-0.17.0/lib/jackson-mapper-asl-1.9.4.jar:/home/morisaki/Application/ycsb-0.17.0/memcached-binding/lib/HdrHistogram-2.1.4.jar:/home/morisaki/Application/ycsb-0.17.0/memcached-binding/lib/core-0.17.0.jar:/home/morisaki/Application/ycsb-0.17.0/memcached-binding/lib/htrace-core4-4.1.0-incubating.jar:/home/morisaki/Application/ycsb-0.17.0/memcached-binding/lib/jackson-core-asl-1.9.4.jar:/home/morisaki/Application/ycsb-0.17.0/memcached-binding/lib/jackson-mapper-asl-1.9.13.jar:/home/morisaki/Application/ycsb-0.17.0/memcached-binding/lib/log4j-1.2.17.jar:/home/morisaki/Application/ycsb-0.17.0/memcached-binding/lib/memcached-binding-0.17.0.jar:/home/morisaki/Application/ycsb-0.17.0/memcached-binding/lib/spymemcached-2.11.4.jar site.ycsb.Client -t -db site.ycsb.db.MemcachedClient -s -P ./experiment/workloads/var_workload.dat -p memcached.hosts=127.0.0.1:11222 -p maxexecutiontime=30 -threads 16
Command line: -t -db site.ycsb.db.MemcachedClient -s -P ./experiment/workloads/var_workload.dat -p memcached.hosts=127.0.0.1:11222 -p maxexecutiontime=30 -threads 16
YCSB Client 0.17.0

Loading workload...
log4j:WARN No appenders could be found for logger (org.apache.htrace.core.Tracer).
log4j:WARN Please initialize the log4j system properly.
log4j:WARN See http://logging.apache.org/log4j/1.2/faq.html#noconfig for more info.
Starting test.
2026-06-11 06:50:37:453 0 sec: 0 operations; est completion in 0 second 
Maximum execution time specified as: 30 secs
2026-06-11 06:50:37.533 INFO net.spy.memcached.MemcachedConnection:  Added {QA sa=/127.0.0.1:11222, #Rops=0, #Wops=0, #iq=0, topRop=null, topWop=null, toWrite=0, interested=0} to connect queue
2026-06-11 06:50:37.533 INFO net.spy.memcached.MemcachedConnection:  Added {QA sa=/127.0.0.1:11222, #Rops=0, #Wops=0, #iq=0, topRop=null, topWop=null, toWrite=0, interested=0} to connect queue
2026-06-11 06:50:37.533 INFO net.spy.memcached.MemcachedConnection:  Added {QA sa=/127.0.0.1:11222, #Rops=0, #Wops=0, #iq=0, topRop=null, topWop=null, toWrite=0, interested=0} to connect queue
2026-06-11 06:50:37.534 INFO net.spy.memcached.MemcachedConnection:  Added {QA sa=/127.0.0.1:11222, #Rops=0, #Wops=0, #iq=0, topRop=null, topWop=null, toWrite=0, interested=0} to connect queue
2026-06-11 06:50:37.534 INFO net.spy.memcached.MemcachedConnection:  Added {QA sa=/127.0.0.1:11222, #Rops=0, #Wops=0, #iq=0, topRop=null, topWop=null, toWrite=0, interested=0} to connect queue
2026-06-11 06:50:37.534 INFO net.spy.memcached.MemcachedConnection:  Added {QA sa=/127.0.0.1:11222, #Rops=0, #Wops=0, #iq=0, topRop=null, topWop=null, toWrite=0, interested=0} to connect queue
2026-06-11 06:50:37.535 INFO net.spy.memcached.MemcachedConnection:  Added {QA sa=/127.0.0.1:11222, #Rops=0, #Wops=0, #iq=0, topRop=null, topWop=null, toWrite=0, interested=0} to connect queue
2026-06-11 06:50:37.535 INFO net.spy.memcached.MemcachedConnection:  Added {QA sa=/127.0.0.1:11222, #Rops=0, #Wops=0, #iq=0, topRop=null, topWop=null, toWrite=0, interested=0} to connect queue
2026-06-11 06:50:37.535 INFO net.spy.memcached.MemcachedConnection:  Added {QA sa=/127.0.0.1:11222, #Rops=0, #Wops=0, #iq=0, topRop=null, topWop=null, toWrite=0, interested=0} to connect queue
2026-06-11 06:50:37.536 INFO net.spy.memcached.MemcachedConnection:  Added {QA sa=/127.0.0.1:11222, #Rops=0, #Wops=0, #iq=0, topRop=null, topWop=null, toWrite=0, interested=0} to connect queue
DBWrapper: report latency for each error is false and specific error codes to track for latency are: []
2026-06-11 06:50:37.536 INFO net.spy.memcached.MemcachedConnection:  Added {QA sa=/127.0.0.1:11222, #Rops=0, #Wops=0, #iq=0, topRop=null, topWop=null, toWrite=0, interested=0} to connect queue
DBWrapper: report latency for each error is false and specific error codes to track for latency are: []
DBWrapper: report latency for each error is false and specific error codes to track for latency are: []
DBWrapper: report latency for each error is false and specific error codes to track for latency are: []
2026-06-11 06:50:37.536 INFO net.spy.memcached.MemcachedConnection:  Added {QA sa=/127.0.0.1:11222, #Rops=0, #Wops=0, #iq=0, topRop=null, topWop=null, toWrite=0, interested=0} to connect queue
DBWrapper: report latency for each error is false and specific error codes to track for latency are: []
DBWrapper: report latency for each error is false and specific error codes to track for latency are: []
DBWrapper: report latency for each error is false and specific error codes to track for latency are: []
DBWrapper: report latency for each error is false and specific error codes to track for latency are: []
2026-06-11 06:50:37.537 INFO net.spy.memcached.MemcachedConnection:  Added {QA sa=/127.0.0.1:11222, #Rops=0, #Wops=0, #iq=0, topRop=null, topWop=null, toWrite=0, interested=0} to connect queue
DBWrapper: report latency for each error is false and specific error codes to track for latency are: []
2026-06-11 06:50:37.538 INFO net.spy.memcached.MemcachedConnection:  Added {QA sa=/127.0.0.1:11222, #Rops=0, #Wops=0, #iq=0, topRop=null, topWop=null, toWrite=0, interested=0} to connect queue
DBWrapper: report latency for each error is false and specific error codes to track for latency are: []
DBWrapper: report latency for each error is false and specific error codes to track for latency are: []
DBWrapper: report latency for each error is false and specific error codes to track for latency are: []
DBWrapper: report latency for each error is false and specific error codes to track for latency are: []
DBWrapper: report latency for each error is false and specific error codes to track for latency are: []
2026-06-11 06:50:37.539 INFO net.spy.memcached.MemcachedConnection:  Added {QA sa=/127.0.0.1:11222, #Rops=0, #Wops=0, #iq=0, topRop=null, topWop=null, toWrite=0, interested=0} to connect queue
2026-06-11 06:50:37.539 INFO net.spy.memcached.MemcachedConnection:  Added {QA sa=/127.0.0.1:11222, #Rops=0, #Wops=0, #iq=0, topRop=null, topWop=null, toWrite=0, interested=0} to connect queue
DBWrapper: report latency for each error is false and specific error codes to track for latency are: []
DBWrapper: report latency for each error is false and specific error codes to track for latency are: []
2026-06-11 06:50:47:453 10 sec: 591638 operations; 59163.8 current ops/sec; est completion in 4 hours 41 minutes [READ: Count=106246, Max=31599, Min=67, Avg=259.86, 90=378, 99=1061, 99.9=3593, 99.99=5127] [UPDATE: Count=486391, Max=62431, Min=65, Avg=265.67, 90=384, 99=1174, 99.9=3705, 99.99=7747] 
2026-06-11 06:50:57:453 20 sec: 1357222 operations; 76550.74 current ops/sec; est completion in 4 hours 5 minutes [READ: Count=137583, Max=3925, Min=66, Avg=204.72, 90=275, 99=370, 99.9=970, 99.99=2785] [UPDATE: Count=627970, Max=13927, Min=61, Avg=207.49, 90=280, 99=381, 99.9=1063, 99.99=3009] 
Maximum time elapsed. Requesting stop for the workload.
Stop requested for workload. Now Joining!
2026-06-11 06:51:07:455 30 sec: 2122762 operations; 76546.35 current ops/sec; est completion in 3 hours 55 minutes [READ: Count=137497, Max=11583, Min=63, Avg=204.79, 90=277, 99=374, 99.9=1119, 99.99=3459] [UPDATE: Count=627105, Max=5791, Min=61, Avg=207.3, 90=282, 99=384, 99.9=1005, 99.99=3209] 
2026-06-11 06:51:07.467 INFO net.spy.memcached.MemcachedConnection:  Shut down memcached client
2026-06-11 06:51:07.467 INFO net.spy.memcached.MemcachedConnection:  Shut down memcached client
2026-06-11 06:51:07.468 INFO net.spy.memcached.MemcachedConnection:  Shut down memcached client
2026-06-11 06:51:07.468 INFO net.spy.memcached.MemcachedConnection:  Shut down memcached client
2026-06-11 06:51:07.468 INFO net.spy.memcached.MemcachedConnection:  Shut down memcached client
2026-06-11 06:51:07.469 INFO net.spy.memcached.MemcachedConnection:  Shut down memcached client
2026-06-11 06:51:07.469 INFO net.spy.memcached.MemcachedConnection:  Shut down memcached client
2026-06-11 06:51:07.469 INFO net.spy.memcached.MemcachedConnection:  Shut down memcached client
2026-06-11 06:51:07.469 INFO net.spy.memcached.MemcachedConnection:  Shut down memcached client
2026-06-11 06:51:07.470 INFO net.spy.memcached.MemcachedConnection:  Shut down memcached client
2026-06-11 06:51:07.470 INFO net.spy.memcached.MemcachedConnection:  Shut down memcached client
2026-06-11 06:51:07.470 INFO net.spy.memcached.MemcachedConnection:  Shut down memcached client
2026-06-11 06:51:07.470 INFO net.spy.memcached.MemcachedConnection:  Shut down memcached client
2026-06-11 06:51:07.470 INFO net.spy.memcached.MemcachedConnection:  Shut down memcached client
2026-06-11 06:51:07.471 INFO net.spy.memcached.MemcachedConnection:  Shut down memcached client
2026-06-11 06:51:07.471 INFO net.spy.memcached.MemcachedConnection:  Shut down memcached client
2026-06-11 06:51:07:470 30 sec: 2122794 operations; 2133.33 current ops/sec; est completion in 3 hours 55 minutes [READ: Count=2, Max=1364, Min=1061, Avg=1212.5, 90=1364, 99=1364, 99.9=1364, 99.99=1364] [CLEANUP: Count=16, Max=12159, Min=10616, Avg=11285.5, 90=11959, 99=12159, 99.9=12159, 99.99=12159] [UPDATE: Count=0, Max=0, Min=9223372036854775807, Avg=NaN, 90=0, 99=0, 99.9=0, 99.99=0] 
[OVERALL], RunTime(ms), 30016
[OVERALL], Throughput(ops/sec), 70722.0815565032
[TOTAL_GCS_G1_Young_Generation], Count, 47
[TOTAL_GC_TIME_G1_Young_Generation], Time(ms), 64
[TOTAL_GC_TIME_%_G1_Young_Generation], Time(%), 0.21321961620469082
[TOTAL_GCS_G1_Concurrent_GC], Count, 0
[TOTAL_GC_TIME_G1_Concurrent_GC], Time(ms), 0
[TOTAL_GC_TIME_%_G1_Concurrent_GC], Time(%), 0.0
[TOTAL_GCS_G1_Old_Generation], Count, 0
[TOTAL_GC_TIME_G1_Old_Generation], Time(ms), 0
[TOTAL_GC_TIME_%_G1_Old_Generation], Time(%), 0.0
[TOTAL_GCs], Count, 47
[TOTAL_GC_TIME], Time(ms), 64
[TOTAL_GC_TIME_%], Time(%), 0.21321961620469082
[READ], Operations, 381328
[READ], AverageLatency(us), 220.11574549993705
[READ], MinLatency(us), 63
[READ], MaxLatency(us), 31599
[READ], 95thPercentileLatency(us), 344
[READ], 99thPercentileLatency(us), 573
[READ], Return=OK, 381328
[CLEANUP], Operations, 16
[CLEANUP], AverageLatency(us), 11285.5
[CLEANUP], MinLatency(us), 10616
[CLEANUP], MaxLatency(us), 12159
[CLEANUP], 95thPercentileLatency(us), 12039
[CLEANUP], 99thPercentileLatency(us), 12159
[UPDATE], Operations, 1741466
[UPDATE], AverageLatency(us), 223.67164733620984
[UPDATE], MinLatency(us), 61
[UPDATE], MaxLatency(us), 62431
[UPDATE], 95thPercentileLatency(us), 351
[UPDATE], 99thPercentileLatency(us), 594
[UPDATE], Return=OK, 1741466
