/usr/bin/java  -classpath /home/morisaki/Application/ycsb-0.17.0/conf:/home/morisaki/Application/ycsb-0.17.0/lib/HdrHistogram-2.1.4.jar:/home/morisaki/Application/ycsb-0.17.0/lib/core-0.17.0.jar:/home/morisaki/Application/ycsb-0.17.0/lib/htrace-core4-4.1.0-incubating.jar:/home/morisaki/Application/ycsb-0.17.0/lib/jackson-core-asl-1.9.4.jar:/home/morisaki/Application/ycsb-0.17.0/lib/jackson-mapper-asl-1.9.4.jar:/home/morisaki/Application/ycsb-0.17.0/memcached-binding/lib/HdrHistogram-2.1.4.jar:/home/morisaki/Application/ycsb-0.17.0/memcached-binding/lib/core-0.17.0.jar:/home/morisaki/Application/ycsb-0.17.0/memcached-binding/lib/htrace-core4-4.1.0-incubating.jar:/home/morisaki/Application/ycsb-0.17.0/memcached-binding/lib/jackson-core-asl-1.9.4.jar:/home/morisaki/Application/ycsb-0.17.0/memcached-binding/lib/jackson-mapper-asl-1.9.13.jar:/home/morisaki/Application/ycsb-0.17.0/memcached-binding/lib/log4j-1.2.17.jar:/home/morisaki/Application/ycsb-0.17.0/memcached-binding/lib/memcached-binding-0.17.0.jar:/home/morisaki/Application/ycsb-0.17.0/memcached-binding/lib/spymemcached-2.11.4.jar site.ycsb.Client -t -db site.ycsb.db.MemcachedClient -s -P ./experiment/workloads/var_workload.dat -p memcached.hosts=127.0.0.1:11222 -p maxexecutiontime=30 -threads 16
Command line: -t -db site.ycsb.db.MemcachedClient -s -P ./experiment/workloads/var_workload.dat -p memcached.hosts=127.0.0.1:11222 -p maxexecutiontime=30 -threads 16
YCSB Client 0.17.0

Loading workload...
log4j:WARN No appenders could be found for logger (org.apache.htrace.core.Tracer).
log4j:WARN Please initialize the log4j system properly.
log4j:WARN See http://logging.apache.org/log4j/1.2/faq.html#noconfig for more info.
Starting test.
2026-06-11 06:45:27:090 0 sec: 0 operations; est completion in 0 second 
Maximum execution time specified as: 30 secs
2026-06-11 06:45:27.179 INFO net.spy.memcached.MemcachedConnection:  Added {QA sa=/127.0.0.1:11222, #Rops=0, #Wops=0, #iq=0, topRop=null, topWop=null, toWrite=0, interested=0} to connect queue
2026-06-11 06:45:27.179 INFO net.spy.memcached.MemcachedConnection:  Added {QA sa=/127.0.0.1:11222, #Rops=0, #Wops=0, #iq=0, topRop=null, topWop=null, toWrite=0, interested=0} to connect queue
2026-06-11 06:45:27.179 INFO net.spy.memcached.MemcachedConnection:  Added {QA sa=/127.0.0.1:11222, #Rops=0, #Wops=0, #iq=0, topRop=null, topWop=null, toWrite=0, interested=0} to connect queue
2026-06-11 06:45:27.179 INFO net.spy.memcached.MemcachedConnection:  Added {QA sa=/127.0.0.1:11222, #Rops=0, #Wops=0, #iq=0, topRop=null, topWop=null, toWrite=0, interested=0} to connect queue
2026-06-11 06:45:27.180 INFO net.spy.memcached.MemcachedConnection:  Added {QA sa=/127.0.0.1:11222, #Rops=0, #Wops=0, #iq=0, topRop=null, topWop=null, toWrite=0, interested=0} to connect queue
2026-06-11 06:45:27.180 INFO net.spy.memcached.MemcachedConnection:  Added {QA sa=/127.0.0.1:11222, #Rops=0, #Wops=0, #iq=0, topRop=null, topWop=null, toWrite=0, interested=0} to connect queue
2026-06-11 06:45:27.180 INFO net.spy.memcached.MemcachedConnection:  Added {QA sa=/127.0.0.1:11222, #Rops=0, #Wops=0, #iq=0, topRop=null, topWop=null, toWrite=0, interested=0} to connect queue
2026-06-11 06:45:27.181 INFO net.spy.memcached.MemcachedConnection:  Added {QA sa=/127.0.0.1:11222, #Rops=0, #Wops=0, #iq=0, topRop=null, topWop=null, toWrite=0, interested=0} to connect queue
2026-06-11 06:45:27.181 INFO net.spy.memcached.MemcachedConnection:  Added {QA sa=/127.0.0.1:11222, #Rops=0, #Wops=0, #iq=0, topRop=null, topWop=null, toWrite=0, interested=0} to connect queue
2026-06-11 06:45:27.181 INFO net.spy.memcached.MemcachedConnection:  Added {QA sa=/127.0.0.1:11222, #Rops=0, #Wops=0, #iq=0, topRop=null, topWop=null, toWrite=0, interested=0} to connect queue
2026-06-11 06:45:27.182 INFO net.spy.memcached.MemcachedConnection:  Added {QA sa=/127.0.0.1:11222, #Rops=0, #Wops=0, #iq=0, topRop=null, topWop=null, toWrite=0, interested=0} to connect queue
DBWrapper: report latency for each error is false and specific error codes to track for latency are: []
DBWrapper: report latency for each error is false and specific error codes to track for latency are: []
2026-06-11 06:45:27.182 INFO net.spy.memcached.MemcachedConnection:  Added {QA sa=/127.0.0.1:11222, #Rops=0, #Wops=0, #iq=0, topRop=null, topWop=null, toWrite=0, interested=0} to connect queue
DBWrapper: report latency for each error is false and specific error codes to track for latency are: []
2026-06-11 06:45:27.183 INFO net.spy.memcached.MemcachedConnection:  Added {QA sa=/127.0.0.1:11222, #Rops=0, #Wops=0, #iq=0, topRop=null, topWop=null, toWrite=0, interested=0} to connect queue
DBWrapper: report latency for each error is false and specific error codes to track for latency are: []
DBWrapper: report latency for each error is false and specific error codes to track for latency are: []
DBWrapper: report latency for each error is false and specific error codes to track for latency are: []
DBWrapper: report latency for each error is false and specific error codes to track for latency are: []
DBWrapper: report latency for each error is false and specific error codes to track for latency are: []
2026-06-11 06:45:27.184 INFO net.spy.memcached.MemcachedConnection:  Added {QA sa=/127.0.0.1:11222, #Rops=0, #Wops=0, #iq=0, topRop=null, topWop=null, toWrite=0, interested=0} to connect queue
2026-06-11 06:45:27.184 INFO net.spy.memcached.MemcachedConnection:  Added {QA sa=/127.0.0.1:11222, #Rops=0, #Wops=0, #iq=0, topRop=null, topWop=null, toWrite=0, interested=0} to connect queue
DBWrapper: report latency for each error is false and specific error codes to track for latency are: []
DBWrapper: report latency for each error is false and specific error codes to track for latency are: []
DBWrapper: report latency for each error is false and specific error codes to track for latency are: []
DBWrapper: report latency for each error is false and specific error codes to track for latency are: []
2026-06-11 06:45:27.185 INFO net.spy.memcached.MemcachedConnection:  Added {QA sa=/127.0.0.1:11222, #Rops=0, #Wops=0, #iq=0, topRop=null, topWop=null, toWrite=0, interested=0} to connect queue
DBWrapper: report latency for each error is false and specific error codes to track for latency are: []
DBWrapper: report latency for each error is false and specific error codes to track for latency are: []
DBWrapper: report latency for each error is false and specific error codes to track for latency are: []
DBWrapper: report latency for each error is false and specific error codes to track for latency are: []
2026-06-11 06:45:37:090 10 sec: 550548 operations; 55054.8 current ops/sec; est completion in 5 hours 2 minutes [READ: Count=98886, Max=26527, Min=70, Avg=259.03, 90=368, 99=1117, 99.9=3495, 99.99=6819] [UPDATE: Count=452857, Max=56831, Min=66, Avg=289.78, 90=409, 99=1642, 99.9=3823, 99.99=7699] 
2026-06-11 06:45:47:090 20 sec: 1324953 operations; 77440.5 current ops/sec; est completion in 4 hours 11 minutes [READ: Count=138881, Max=4691, Min=66, Avg=202.39, 90=272, 99=364, 99.9=1092, 99.99=3379] [UPDATE: Count=634583, Max=5075, Min=63, Avg=204.97, 90=277, 99=375, 99.9=1041, 99.99=2963] 
Maximum time elapsed. Requesting stop for the workload.
Stop requested for workload. Now Joining!
2026-06-11 06:45:57:090 30 sec: 2096294 operations; 77134.1 current ops/sec; est completion in 3 hours 58 minutes [READ: Count=139213, Max=4159, Min=64, Avg=203.54, 90=276, 99=370, 99.9=1056, 99.99=2813] [UPDATE: Count=632032, Max=4767, Min=63, Avg=205.88, 90=280, 99=378, 99.9=1002, 99.99=3075] 
2026-06-11 06:45:57.111 INFO net.spy.memcached.MemcachedConnection:  Shut down memcached client
2026-06-11 06:45:57.111 INFO net.spy.memcached.MemcachedConnection:  Shut down memcached client
2026-06-11 06:45:57.111 INFO net.spy.memcached.MemcachedConnection:  Shut down memcached client
2026-06-11 06:45:57.111 INFO net.spy.memcached.MemcachedConnection:  Shut down memcached client
2026-06-11 06:45:57.111 INFO net.spy.memcached.MemcachedConnection:  Shut down memcached client
2026-06-11 06:45:57.111 INFO net.spy.memcached.MemcachedConnection:  Shut down memcached client
2026-06-11 06:45:57.112 INFO net.spy.memcached.MemcachedConnection:  Shut down memcached client
2026-06-11 06:45:57.112 INFO net.spy.memcached.MemcachedConnection:  Shut down memcached client
2026-06-11 06:45:57.112 INFO net.spy.memcached.MemcachedConnection:  Shut down memcached client
2026-06-11 06:45:57.113 INFO net.spy.memcached.MemcachedConnection:  Shut down memcached client
2026-06-11 06:45:57.114 INFO net.spy.memcached.MemcachedConnection:  Shut down memcached client
2026-06-11 06:45:57.115 INFO net.spy.memcached.MemcachedConnection:  Shut down memcached client
2026-06-11 06:45:57.115 INFO net.spy.memcached.MemcachedConnection:  Shut down memcached client
2026-06-11 06:45:57:111 30 sec: 2096480 operations; 8857.14 current ops/sec; est completion in 3 hours 58 minutes [READ: Count=28, Max=344, Min=70, Avg=177.71, 90=227, 99=344, 99.9=344, 99.99=344] [CLEANUP: Count=16, Max=18047, Min=16280, Avg=17317.25, 90=17807, 99=18047, 99.9=18047, 99.99=18047] [UPDATE: Count=0, Max=0, Min=9223372036854775807, Avg=NaN, 90=0, 99=0, 99.9=0, 99.99=0] 
2026-06-11 06:45:57.115 INFO net.spy.memcached.MemcachedConnection:  Shut down memcached client
2026-06-11 06:45:57.115 INFO net.spy.memcached.MemcachedConnection:  Shut down memcached client
2026-06-11 06:45:57.115 INFO net.spy.memcached.MemcachedConnection:  Shut down memcached client
[OVERALL], RunTime(ms), 30023
[OVERALL], Throughput(ops/sec), 69829.130999567
[TOTAL_GCS_G1_Young_Generation], Count, 46
[TOTAL_GC_TIME_G1_Young_Generation], Time(ms), 60
[TOTAL_GC_TIME_%_G1_Young_Generation], Time(%), 0.19984678413216533
[TOTAL_GCS_G1_Concurrent_GC], Count, 0
[TOTAL_GC_TIME_G1_Concurrent_GC], Time(ms), 0
[TOTAL_GC_TIME_%_G1_Concurrent_GC], Time(%), 0.0
[TOTAL_GCS_G1_Old_Generation], Count, 0
[TOTAL_GC_TIME_G1_Old_Generation], Time(ms), 0
[TOTAL_GC_TIME_%_G1_Old_Generation], Time(%), 0.0
[TOTAL_GCs], Count, 46
[TOTAL_GC_TIME], Time(ms), 60
[TOTAL_GC_TIME_%], Time(%), 0.19984678413216533
[READ], Operations, 377008
[READ], AverageLatency(us), 217.66945263760982
[READ], MinLatency(us), 64
[READ], MaxLatency(us), 26527
[READ], 95thPercentileLatency(us), 336
[READ], 99thPercentileLatency(us), 560
[READ], Return=OK, 377008
[CLEANUP], Operations, 16
[CLEANUP], AverageLatency(us), 17317.25
[CLEANUP], MinLatency(us), 16280
[CLEANUP], MaxLatency(us), 18047
[CLEANUP], 95thPercentileLatency(us), 17999
[CLEANUP], 99thPercentileLatency(us), 18047
[UPDATE], Operations, 1719472
[UPDATE], AverageLatency(us), 227.63910840071836
[UPDATE], MinLatency(us), 63
[UPDATE], MaxLatency(us), 56831
[UPDATE], 95thPercentileLatency(us), 354
[UPDATE], 99thPercentileLatency(us), 876
[UPDATE], Return=OK, 1719472
