/usr/bin/java  -classpath /home/morisaki/Application/ycsb-0.17.0/conf:/home/morisaki/Application/ycsb-0.17.0/lib/HdrHistogram-2.1.4.jar:/home/morisaki/Application/ycsb-0.17.0/lib/core-0.17.0.jar:/home/morisaki/Application/ycsb-0.17.0/lib/htrace-core4-4.1.0-incubating.jar:/home/morisaki/Application/ycsb-0.17.0/lib/jackson-core-asl-1.9.4.jar:/home/morisaki/Application/ycsb-0.17.0/lib/jackson-mapper-asl-1.9.4.jar:/home/morisaki/Application/ycsb-0.17.0/memcached-binding/lib/HdrHistogram-2.1.4.jar:/home/morisaki/Application/ycsb-0.17.0/memcached-binding/lib/core-0.17.0.jar:/home/morisaki/Application/ycsb-0.17.0/memcached-binding/lib/htrace-core4-4.1.0-incubating.jar:/home/morisaki/Application/ycsb-0.17.0/memcached-binding/lib/jackson-core-asl-1.9.4.jar:/home/morisaki/Application/ycsb-0.17.0/memcached-binding/lib/jackson-mapper-asl-1.9.13.jar:/home/morisaki/Application/ycsb-0.17.0/memcached-binding/lib/log4j-1.2.17.jar:/home/morisaki/Application/ycsb-0.17.0/memcached-binding/lib/memcached-binding-0.17.0.jar:/home/morisaki/Application/ycsb-0.17.0/memcached-binding/lib/spymemcached-2.11.4.jar site.ycsb.Client -t -db site.ycsb.db.MemcachedClient -s -P ./experiment/workloads/var_workload.dat -p memcached.hosts=127.0.0.1:11222 -p maxexecutiontime=30 -threads 16
Command line: -t -db site.ycsb.db.MemcachedClient -s -P ./experiment/workloads/var_workload.dat -p memcached.hosts=127.0.0.1:11222 -p maxexecutiontime=30 -threads 16
YCSB Client 0.17.0

Loading workload...
log4j:WARN No appenders could be found for logger (org.apache.htrace.core.Tracer).
log4j:WARN Please initialize the log4j system properly.
log4j:WARN See http://logging.apache.org/log4j/1.2/faq.html#noconfig for more info.
Starting test.
2026-06-11 07:01:32:800 0 sec: 0 operations; est completion in 0 second 
Maximum execution time specified as: 30 secs
2026-06-11 07:01:32.881 INFO net.spy.memcached.MemcachedConnection:  Added {QA sa=/127.0.0.1:11222, #Rops=0, #Wops=0, #iq=0, topRop=null, topWop=null, toWrite=0, interested=0} to connect queue
2026-06-11 07:01:32.881 INFO net.spy.memcached.MemcachedConnection:  Added {QA sa=/127.0.0.1:11222, #Rops=0, #Wops=0, #iq=0, topRop=null, topWop=null, toWrite=0, interested=0} to connect queue
2026-06-11 07:01:32.882 INFO net.spy.memcached.MemcachedConnection:  Added {QA sa=/127.0.0.1:11222, #Rops=0, #Wops=0, #iq=0, topRop=null, topWop=null, toWrite=0, interested=0} to connect queue
2026-06-11 07:01:32.882 INFO net.spy.memcached.MemcachedConnection:  Added {QA sa=/127.0.0.1:11222, #Rops=0, #Wops=0, #iq=0, topRop=null, topWop=null, toWrite=0, interested=0} to connect queue
2026-06-11 07:01:32.882 INFO net.spy.memcached.MemcachedConnection:  Added {QA sa=/127.0.0.1:11222, #Rops=0, #Wops=0, #iq=0, topRop=null, topWop=null, toWrite=0, interested=0} to connect queue
2026-06-11 07:01:32.883 INFO net.spy.memcached.MemcachedConnection:  Added {QA sa=/127.0.0.1:11222, #Rops=0, #Wops=0, #iq=0, topRop=null, topWop=null, toWrite=0, interested=0} to connect queue
2026-06-11 07:01:32.883 INFO net.spy.memcached.MemcachedConnection:  Added {QA sa=/127.0.0.1:11222, #Rops=0, #Wops=0, #iq=0, topRop=null, topWop=null, toWrite=0, interested=0} to connect queue
2026-06-11 07:01:32.883 INFO net.spy.memcached.MemcachedConnection:  Added {QA sa=/127.0.0.1:11222, #Rops=0, #Wops=0, #iq=0, topRop=null, topWop=null, toWrite=0, interested=0} to connect queue
2026-06-11 07:01:32.883 INFO net.spy.memcached.MemcachedConnection:  Added {QA sa=/127.0.0.1:11222, #Rops=0, #Wops=0, #iq=0, topRop=null, topWop=null, toWrite=0, interested=0} to connect queue
2026-06-11 07:01:32.884 INFO net.spy.memcached.MemcachedConnection:  Added {QA sa=/127.0.0.1:11222, #Rops=0, #Wops=0, #iq=0, topRop=null, topWop=null, toWrite=0, interested=0} to connect queue
DBWrapper: report latency for each error is false and specific error codes to track for latency are: []
2026-06-11 07:01:32.884 INFO net.spy.memcached.MemcachedConnection:  Added {QA sa=/127.0.0.1:11222, #Rops=0, #Wops=0, #iq=0, topRop=null, topWop=null, toWrite=0, interested=0} to connect queue
DBWrapper: report latency for each error is false and specific error codes to track for latency are: []
DBWrapper: report latency for each error is false and specific error codes to track for latency are: []
DBWrapper: report latency for each error is false and specific error codes to track for latency are: []
DBWrapper: report latency for each error is false and specific error codes to track for latency are: []
DBWrapper: report latency for each error is false and specific error codes to track for latency are: []
2026-06-11 07:01:32.884 INFO net.spy.memcached.MemcachedConnection:  Added {QA sa=/127.0.0.1:11222, #Rops=0, #Wops=0, #iq=0, topRop=null, topWop=null, toWrite=0, interested=0} to connect queue
DBWrapper: report latency for each error is false and specific error codes to track for latency are: []
2026-06-11 07:01:32.885 INFO net.spy.memcached.MemcachedConnection:  Added {QA sa=/127.0.0.1:11222, #Rops=0, #Wops=0, #iq=0, topRop=null, topWop=null, toWrite=0, interested=0} to connect queue
DBWrapper: report latency for each error is false and specific error codes to track for latency are: []
DBWrapper: report latency for each error is false and specific error codes to track for latency are: []
DBWrapper: report latency for each error is false and specific error codes to track for latency are: []
DBWrapper: report latency for each error is false and specific error codes to track for latency are: []
DBWrapper: report latency for each error is false and specific error codes to track for latency are: []
DBWrapper: report latency for each error is false and specific error codes to track for latency are: []
2026-06-11 07:01:32.886 INFO net.spy.memcached.MemcachedConnection:  Added {QA sa=/127.0.0.1:11222, #Rops=0, #Wops=0, #iq=0, topRop=null, topWop=null, toWrite=0, interested=0} to connect queue
2026-06-11 07:01:32.886 INFO net.spy.memcached.MemcachedConnection:  Added {QA sa=/127.0.0.1:11222, #Rops=0, #Wops=0, #iq=0, topRop=null, topWop=null, toWrite=0, interested=0} to connect queue
DBWrapper: report latency for each error is false and specific error codes to track for latency are: []
2026-06-11 07:01:32.887 INFO net.spy.memcached.MemcachedConnection:  Added {QA sa=/127.0.0.1:11222, #Rops=0, #Wops=0, #iq=0, topRop=null, topWop=null, toWrite=0, interested=0} to connect queue
DBWrapper: report latency for each error is false and specific error codes to track for latency are: []
DBWrapper: report latency for each error is false and specific error codes to track for latency are: []
2026-06-11 07:01:42:800 10 sec: 547002 operations; 54694.73 current ops/sec; est completion in 5 hours 4 minutes [READ: Count=98044, Max=25135, Min=64, Avg=280.29, 90=412, 99=1216, 99.9=3771, 99.99=6391] [UPDATE: Count=449880, Max=54847, Min=65, Avg=287.4, 90=416, 99=1456, 99.9=3879, 99.99=7155] 
2026-06-11 07:01:52:801 20 sec: 1317098 operations; 77009.6 current ops/sec; est completion in 4 hours 12 minutes [READ: Count=138327, Max=5799, Min=66, Avg=203.09, 90=275, 99=373, 99.9=1110, 99.99=3443] [UPDATE: Count=631165, Max=5855, Min=62, Avg=206.33, 90=281, 99=381, 99.9=1155, 99.99=3381] 
Maximum time elapsed. Requesting stop for the workload.
Stop requested for workload. Now Joining!
2026-06-11 07:02:02:800 30 sec: 2085388 operations; 76829 current ops/sec; est completion in 3 hours 59 minutes [READ: Count=138882, Max=4009, Min=62, Avg=202.95, 90=274, 99=370, 99.9=845, 99.99=2833] [UPDATE: Count=629170, Max=7391, Min=62, Avg=207.05, 90=280, 99=383, 99.9=981, 99.99=2893] 
2026-06-11 07:02:02.810 INFO net.spy.memcached.MemcachedConnection:  Shut down memcached client
2026-06-11 07:02:02.811 INFO net.spy.memcached.MemcachedConnection:  Shut down memcached client
2026-06-11 07:02:02.811 INFO net.spy.memcached.MemcachedConnection:  Shut down memcached client
2026-06-11 07:02:02.811 INFO net.spy.memcached.MemcachedConnection:  Shut down memcached client
2026-06-11 07:02:02.811 INFO net.spy.memcached.MemcachedConnection:  Shut down memcached client
2026-06-11 07:02:02.812 INFO net.spy.memcached.MemcachedConnection:  Shut down memcached client
2026-06-11 07:02:02.812 INFO net.spy.memcached.MemcachedConnection:  Shut down memcached client
2026-06-11 07:02:02.812 INFO net.spy.memcached.MemcachedConnection:  Shut down memcached client
2026-06-11 07:02:02.812 INFO net.spy.memcached.MemcachedConnection:  Shut down memcached client
2026-06-11 07:02:02.813 INFO net.spy.memcached.MemcachedConnection:  Shut down memcached client
2026-06-11 07:02:02.813 INFO net.spy.memcached.MemcachedConnection:  Shut down memcached client
2026-06-11 07:02:02.813 INFO net.spy.memcached.MemcachedConnection:  Shut down memcached client
2026-06-11 07:02:02.813 INFO net.spy.memcached.MemcachedConnection:  Shut down memcached client
2026-06-11 07:02:02.813 INFO net.spy.memcached.MemcachedConnection:  Shut down memcached client
2026-06-11 07:02:02.814 INFO net.spy.memcached.MemcachedConnection:  Shut down memcached client
2026-06-11 07:02:02.814 INFO net.spy.memcached.MemcachedConnection:  Shut down memcached client
2026-06-11 07:02:02:811 30 sec: 2085547 operations; 14454.55 current ops/sec; est completion in 3 hours 59 minutes [READ: Count=21, Max=949, Min=71, Avg=198.43, 90=358, 99=949, 99.9=949, 99.99=949] [CLEANUP: Count=16, Max=7515, Min=5588, Avg=6677.25, 90=7147, 99=7515, 99.9=7515, 99.99=7515] [UPDATE: Count=58, Max=3611, Min=72, Avg=528.69, 90=2231, 99=3289, 99.9=3611, 99.99=3611] 
[OVERALL], RunTime(ms), 30011
[OVERALL], Throughput(ops/sec), 69492.75265735897
[TOTAL_GCS_G1_Young_Generation], Count, 46
[TOTAL_GC_TIME_G1_Young_Generation], Time(ms), 72
[TOTAL_GC_TIME_%_G1_Young_Generation], Time(%), 0.23991203225483987
[TOTAL_GCS_G1_Concurrent_GC], Count, 0
[TOTAL_GC_TIME_G1_Concurrent_GC], Time(ms), 0
[TOTAL_GC_TIME_%_G1_Concurrent_GC], Time(%), 0.0
[TOTAL_GCS_G1_Old_Generation], Count, 0
[TOTAL_GC_TIME_G1_Old_Generation], Time(ms), 0
[TOTAL_GC_TIME_%_G1_Old_Generation], Time(%), 0.0
[TOTAL_GCs], Count, 46
[TOTAL_GC_TIME], Time(ms), 72
[TOTAL_GC_TIME_%], Time(%), 0.23991203225483987
[READ], Operations, 375274
[READ], AverageLatency(us), 223.203938988579
[READ], MinLatency(us), 62
[READ], MaxLatency(us), 25135
[READ], 95thPercentileLatency(us), 357
[READ], 99thPercentileLatency(us), 645
[READ], Return=OK, 375274
[CLEANUP], Operations, 16
[CLEANUP], AverageLatency(us), 6677.25
[CLEANUP], MinLatency(us), 5588
[CLEANUP], MaxLatency(us), 7515
[CLEANUP], 95thPercentileLatency(us), 7455
[CLEANUP], 99thPercentileLatency(us), 7515
[UPDATE], Operations, 1710273
[UPDATE], AverageLatency(us), 227.93099522707777
[UPDATE], MinLatency(us), 62
[UPDATE], MaxLatency(us), 54847
[UPDATE], 95thPercentileLatency(us), 363
[UPDATE], 99thPercentileLatency(us), 655
[UPDATE], Return=OK, 1710273
