/usr/bin/java  -classpath /home/morisaki/Application/ycsb-0.17.0/conf:/home/morisaki/Application/ycsb-0.17.0/lib/HdrHistogram-2.1.4.jar:/home/morisaki/Application/ycsb-0.17.0/lib/core-0.17.0.jar:/home/morisaki/Application/ycsb-0.17.0/lib/htrace-core4-4.1.0-incubating.jar:/home/morisaki/Application/ycsb-0.17.0/lib/jackson-core-asl-1.9.4.jar:/home/morisaki/Application/ycsb-0.17.0/lib/jackson-mapper-asl-1.9.4.jar:/home/morisaki/Application/ycsb-0.17.0/memcached-binding/lib/HdrHistogram-2.1.4.jar:/home/morisaki/Application/ycsb-0.17.0/memcached-binding/lib/core-0.17.0.jar:/home/morisaki/Application/ycsb-0.17.0/memcached-binding/lib/htrace-core4-4.1.0-incubating.jar:/home/morisaki/Application/ycsb-0.17.0/memcached-binding/lib/jackson-core-asl-1.9.4.jar:/home/morisaki/Application/ycsb-0.17.0/memcached-binding/lib/jackson-mapper-asl-1.9.13.jar:/home/morisaki/Application/ycsb-0.17.0/memcached-binding/lib/log4j-1.2.17.jar:/home/morisaki/Application/ycsb-0.17.0/memcached-binding/lib/memcached-binding-0.17.0.jar:/home/morisaki/Application/ycsb-0.17.0/memcached-binding/lib/spymemcached-2.11.4.jar site.ycsb.Client -t -db site.ycsb.db.MemcachedClient -s -P ./experiment/workloads/var_workload.dat -p memcached.hosts=127.0.0.1:11222 -p maxexecutiontime=60 -threads 16
Command line: -t -db site.ycsb.db.MemcachedClient -s -P ./experiment/workloads/var_workload.dat -p memcached.hosts=127.0.0.1:11222 -p maxexecutiontime=60 -threads 16
YCSB Client 0.17.0

Loading workload...
log4j:WARN No appenders could be found for logger (org.apache.htrace.core.Tracer).
log4j:WARN Please initialize the log4j system properly.
log4j:WARN See http://logging.apache.org/log4j/1.2/faq.html#noconfig for more info.
Starting test.
2026-06-11 06:51:13:447 0 sec: 0 operations; est completion in 0 second 
Maximum execution time specified as: 60 secs
2026-06-11 06:51:13.526 INFO net.spy.memcached.MemcachedConnection:  Added {QA sa=/127.0.0.1:11222, #Rops=0, #Wops=0, #iq=0, topRop=null, topWop=null, toWrite=0, interested=0} to connect queue
2026-06-11 06:51:13.526 INFO net.spy.memcached.MemcachedConnection:  Added {QA sa=/127.0.0.1:11222, #Rops=0, #Wops=0, #iq=0, topRop=null, topWop=null, toWrite=0, interested=0} to connect queue
2026-06-11 06:51:13.526 INFO net.spy.memcached.MemcachedConnection:  Added {QA sa=/127.0.0.1:11222, #Rops=0, #Wops=0, #iq=0, topRop=null, topWop=null, toWrite=0, interested=0} to connect queue
2026-06-11 06:51:13.527 INFO net.spy.memcached.MemcachedConnection:  Added {QA sa=/127.0.0.1:11222, #Rops=0, #Wops=0, #iq=0, topRop=null, topWop=null, toWrite=0, interested=0} to connect queue
2026-06-11 06:51:13.527 INFO net.spy.memcached.MemcachedConnection:  Added {QA sa=/127.0.0.1:11222, #Rops=0, #Wops=0, #iq=0, topRop=null, topWop=null, toWrite=0, interested=0} to connect queue
2026-06-11 06:51:13.527 INFO net.spy.memcached.MemcachedConnection:  Added {QA sa=/127.0.0.1:11222, #Rops=0, #Wops=0, #iq=0, topRop=null, topWop=null, toWrite=0, interested=0} to connect queue
2026-06-11 06:51:13.528 INFO net.spy.memcached.MemcachedConnection:  Added {QA sa=/127.0.0.1:11222, #Rops=0, #Wops=0, #iq=0, topRop=null, topWop=null, toWrite=0, interested=0} to connect queue
2026-06-11 06:51:13.528 INFO net.spy.memcached.MemcachedConnection:  Added {QA sa=/127.0.0.1:11222, #Rops=0, #Wops=0, #iq=0, topRop=null, topWop=null, toWrite=0, interested=0} to connect queue
2026-06-11 06:51:13.528 INFO net.spy.memcached.MemcachedConnection:  Added {QA sa=/127.0.0.1:11222, #Rops=0, #Wops=0, #iq=0, topRop=null, topWop=null, toWrite=0, interested=0} to connect queue
2026-06-11 06:51:13.528 INFO net.spy.memcached.MemcachedConnection:  Added {QA sa=/127.0.0.1:11222, #Rops=0, #Wops=0, #iq=0, topRop=null, topWop=null, toWrite=0, interested=0} to connect queue
DBWrapper: report latency for each error is false and specific error codes to track for latency are: []
2026-06-11 06:51:13.529 INFO net.spy.memcached.MemcachedConnection:  Added {QA sa=/127.0.0.1:11222, #Rops=0, #Wops=0, #iq=0, topRop=null, topWop=null, toWrite=0, interested=0} to connect queue
DBWrapper: report latency for each error is false and specific error codes to track for latency are: []
2026-06-11 06:51:13.529 INFO net.spy.memcached.MemcachedConnection:  Added {QA sa=/127.0.0.1:11222, #Rops=0, #Wops=0, #iq=0, topRop=null, topWop=null, toWrite=0, interested=0} to connect queue
DBWrapper: report latency for each error is false and specific error codes to track for latency are: []
2026-06-11 06:51:13.529 INFO net.spy.memcached.MemcachedConnection:  Added {QA sa=/127.0.0.1:11222, #Rops=0, #Wops=0, #iq=0, topRop=null, topWop=null, toWrite=0, interested=0} to connect queue
DBWrapper: report latency for each error is false and specific error codes to track for latency are: []
DBWrapper: report latency for each error is false and specific error codes to track for latency are: []
2026-06-11 06:51:13.530 INFO net.spy.memcached.MemcachedConnection:  Added {QA sa=/127.0.0.1:11222, #Rops=0, #Wops=0, #iq=0, topRop=null, topWop=null, toWrite=0, interested=0} to connect queue
DBWrapper: report latency for each error is false and specific error codes to track for latency are: []
2026-06-11 06:51:13.530 INFO net.spy.memcached.MemcachedConnection:  Added {QA sa=/127.0.0.1:11222, #Rops=0, #Wops=0, #iq=0, topRop=null, topWop=null, toWrite=0, interested=0} to connect queue
2026-06-11 06:51:13.531 INFO net.spy.memcached.MemcachedConnection:  Added {QA sa=/127.0.0.1:11222, #Rops=0, #Wops=0, #iq=0, topRop=null, topWop=null, toWrite=0, interested=0} to connect queue
DBWrapper: report latency for each error is false and specific error codes to track for latency are: []
DBWrapper: report latency for each error is false and specific error codes to track for latency are: []
DBWrapper: report latency for each error is false and specific error codes to track for latency are: []
DBWrapper: report latency for each error is false and specific error codes to track for latency are: []
DBWrapper: report latency for each error is false and specific error codes to track for latency are: []
DBWrapper: report latency for each error is false and specific error codes to track for latency are: []
DBWrapper: report latency for each error is false and specific error codes to track for latency are: []
DBWrapper: report latency for each error is false and specific error codes to track for latency are: []
DBWrapper: report latency for each error is false and specific error codes to track for latency are: []
DBWrapper: report latency for each error is false and specific error codes to track for latency are: []
2026-06-11 06:51:23:447 10 sec: 575220 operations; 57522 current ops/sec; est completion in 4 hours 49 minutes [READ: Count=102888, Max=31135, Min=65, Avg=263.88, 90=385, 99=991, 99.9=3551, 99.99=6195] [UPDATE: Count=473770, Max=49759, Min=63, Avg=273.69, 90=400, 99=1281, 99.9=3699, 99.99=6815] 
2026-06-11 06:51:33:448 20 sec: 1345164 operations; 76994.4 current ops/sec; est completion in 4 hours 7 minutes [READ: Count=138218, Max=7911, Min=65, Avg=202.68, 90=272, 99=367, 99.9=1025, 99.99=3243] [UPDATE: Count=630400, Max=7835, Min=61, Avg=206.41, 90=278, 99=380, 99.9=1022, 99.99=3277] 
2026-06-11 06:51:43:447 30 sec: 2111562 operations; 76639.8 current ops/sec; est completion in 3 hours 56 minutes [READ: Count=138217, Max=8823, Min=64, Avg=203.84, 90=275, 99=377, 99.9=1099, 99.99=3837] [UPDATE: Count=628216, Max=14671, Min=64, Avg=207.32, 90=281, 99=391, 99.9=1165, 99.99=3569] 
2026-06-11 06:51:53:448 40 sec: 2881991 operations; 77042.9 current ops/sec; est completion in 3 hours 50 minutes [READ: Count=138602, Max=4235, Min=65, Avg=203.02, 90=273, 99=369, 99.9=1008, 99.99=2719] [UPDATE: Count=631807, Max=4547, Min=61, Avg=206.25, 90=279, 99=377, 99.9=997, 99.99=3005] 
2026-06-11 06:52:03:447 50 sec: 3655464 operations; 77347.3 current ops/sec; est completion in 3 hours 47 minutes [READ: Count=139693, Max=3661, Min=63, Avg=202.12, 90=273, 99=362, 99.9=738, 99.99=2717] [UPDATE: Count=633739, Max=5547, Min=62, Avg=205.41, 90=278, 99=376, 99.9=807, 99.99=2711] 
Maximum time elapsed. Requesting stop for the workload.
Stop requested for workload. Now Joining!
2026-06-11 06:52:13:447 60 sec: 4427543 operations; 77207.9 current ops/sec; est completion in 3 hours 44 minutes [READ: Count=138768, Max=3619, Min=64, Avg=202.56, 90=272, 99=364, 99.9=879, 99.99=2585] [UPDATE: Count=633312, Max=6595, Min=61, Avg=205.76, 90=277, 99=378, 99.9=939, 99.99=2659] 
2026-06-11 06:52:13.456 INFO net.spy.memcached.MemcachedConnection:  Shut down memcached client
2026-06-11 06:52:13.456 INFO net.spy.memcached.MemcachedConnection:  Shut down memcached client
2026-06-11 06:52:13.457 INFO net.spy.memcached.MemcachedConnection:  Shut down memcached client
2026-06-11 06:52:13.457 INFO net.spy.memcached.MemcachedConnection:  Shut down memcached client
2026-06-11 06:52:13.457 INFO net.spy.memcached.MemcachedConnection:  Shut down memcached client
2026-06-11 06:52:13.458 INFO net.spy.memcached.MemcachedConnection:  Shut down memcached client
2026-06-11 06:52:13.458 INFO net.spy.memcached.MemcachedConnection:  Shut down memcached client
2026-06-11 06:52:13.458 INFO net.spy.memcached.MemcachedConnection:  Shut down memcached client
2026-06-11 06:52:13.458 INFO net.spy.memcached.MemcachedConnection:  Shut down memcached client
2026-06-11 06:52:13.459 INFO net.spy.memcached.MemcachedConnection:  Shut down memcached client
2026-06-11 06:52:13.459 INFO net.spy.memcached.MemcachedConnection:  Shut down memcached client
2026-06-11 06:52:13.460 INFO net.spy.memcached.MemcachedConnection:  Shut down memcached client
2026-06-11 06:52:13.460 INFO net.spy.memcached.MemcachedConnection:  Shut down memcached client
2026-06-11 06:52:13.460 INFO net.spy.memcached.MemcachedConnection:  Shut down memcached client
2026-06-11 06:52:13.460 INFO net.spy.memcached.MemcachedConnection:  Shut down memcached client
2026-06-11 06:52:13.460 INFO net.spy.memcached.MemcachedConnection:  Shut down memcached client
2026-06-11 06:52:13:457 60 sec: 4427713 operations; 17000 current ops/sec; est completion in 3 hours 44 minutes [READ: Count=29, Max=2589, Min=95, Avg=295.34, 90=252, 99=2589, 99.9=2589, 99.99=2589] [CLEANUP: Count=16, Max=7003, Min=5804, Avg=6340, 90=6851, 99=7003, 99.9=7003, 99.99=7003] [UPDATE: Count=54, Max=3293, Min=103, Avg=345.72, 90=575, 99=2959, 99.9=3293, 99.99=3293] 
[OVERALL], RunTime(ms), 60010
[OVERALL], Throughput(ops/sec), 73782.91951341442
[TOTAL_GCS_G1_Young_Generation], Count, 96
[TOTAL_GC_TIME_G1_Young_Generation], Time(ms), 101
[TOTAL_GC_TIME_%_G1_Young_Generation], Time(%), 0.16830528245292453
[TOTAL_GCS_G1_Concurrent_GC], Count, 0
[TOTAL_GC_TIME_G1_Concurrent_GC], Time(ms), 0
[TOTAL_GC_TIME_%_G1_Concurrent_GC], Time(%), 0.0
[TOTAL_GCS_G1_Old_Generation], Count, 0
[TOTAL_GC_TIME_G1_Old_Generation], Time(ms), 0
[TOTAL_GC_TIME_%_G1_Old_Generation], Time(%), 0.0
[TOTAL_GCs], Count, 96
[TOTAL_GC_TIME], Time(ms), 101
[TOTAL_GC_TIME_%], Time(%), 0.16830528245292453
[READ], Operations, 796415
[READ], AverageLatency(us), 210.73116151755053
[READ], MinLatency(us), 63
[READ], MaxLatency(us), 31135
[READ], 95thPercentileLatency(us), 318
[READ], 99thPercentileLatency(us), 470
[READ], Return=OK, 796415
[CLEANUP], Operations, 16
[CLEANUP], AverageLatency(us), 6340.0
[CLEANUP], MinLatency(us), 5804
[CLEANUP], MaxLatency(us), 7003
[CLEANUP], 95thPercentileLatency(us), 6879
[CLEANUP], 99thPercentileLatency(us), 7003
[UPDATE], Operations, 3631298
[UPDATE], AverageLatency(us), 215.03047505327297
[UPDATE], MinLatency(us), 61
[UPDATE], MaxLatency(us), 49759
[UPDATE], 95thPercentileLatency(us), 326
[UPDATE], 99thPercentileLatency(us), 504
[UPDATE], Return=OK, 3631298
