/usr/bin/java  -classpath /home/morisaki/Application/ycsb-0.17.0/conf:/home/morisaki/Application/ycsb-0.17.0/lib/HdrHistogram-2.1.4.jar:/home/morisaki/Application/ycsb-0.17.0/lib/core-0.17.0.jar:/home/morisaki/Application/ycsb-0.17.0/lib/htrace-core4-4.1.0-incubating.jar:/home/morisaki/Application/ycsb-0.17.0/lib/jackson-core-asl-1.9.4.jar:/home/morisaki/Application/ycsb-0.17.0/lib/jackson-mapper-asl-1.9.4.jar:/home/morisaki/Application/ycsb-0.17.0/memcached-binding/lib/HdrHistogram-2.1.4.jar:/home/morisaki/Application/ycsb-0.17.0/memcached-binding/lib/core-0.17.0.jar:/home/morisaki/Application/ycsb-0.17.0/memcached-binding/lib/htrace-core4-4.1.0-incubating.jar:/home/morisaki/Application/ycsb-0.17.0/memcached-binding/lib/jackson-core-asl-1.9.4.jar:/home/morisaki/Application/ycsb-0.17.0/memcached-binding/lib/jackson-mapper-asl-1.9.13.jar:/home/morisaki/Application/ycsb-0.17.0/memcached-binding/lib/log4j-1.2.17.jar:/home/morisaki/Application/ycsb-0.17.0/memcached-binding/lib/memcached-binding-0.17.0.jar:/home/morisaki/Application/ycsb-0.17.0/memcached-binding/lib/spymemcached-2.11.4.jar site.ycsb.Client -t -db site.ycsb.db.MemcachedClient -s -P ./experiment/workloads/var_workload.dat -p memcached.hosts=127.0.0.1:11222 -p maxexecutiontime=60 -threads 16
Command line: -t -db site.ycsb.db.MemcachedClient -s -P ./experiment/workloads/var_workload.dat -p memcached.hosts=127.0.0.1:11222 -p maxexecutiontime=60 -threads 16
YCSB Client 0.17.0

Loading workload...
log4j:WARN No appenders could be found for logger (org.apache.htrace.core.Tracer).
log4j:WARN Please initialize the log4j system properly.
log4j:WARN See http://logging.apache.org/log4j/1.2/faq.html#noconfig for more info.
Starting test.
2026-06-11 06:43:56:121 0 sec: 0 operations; est completion in 0 second 
Maximum execution time specified as: 60 secs
2026-06-11 06:43:56.201 INFO net.spy.memcached.MemcachedConnection:  Added {QA sa=/127.0.0.1:11222, #Rops=0, #Wops=0, #iq=0, topRop=null, topWop=null, toWrite=0, interested=0} to connect queue
2026-06-11 06:43:56.201 INFO net.spy.memcached.MemcachedConnection:  Added {QA sa=/127.0.0.1:11222, #Rops=0, #Wops=0, #iq=0, topRop=null, topWop=null, toWrite=0, interested=0} to connect queue
2026-06-11 06:43:56.201 INFO net.spy.memcached.MemcachedConnection:  Added {QA sa=/127.0.0.1:11222, #Rops=0, #Wops=0, #iq=0, topRop=null, topWop=null, toWrite=0, interested=0} to connect queue
2026-06-11 06:43:56.201 INFO net.spy.memcached.MemcachedConnection:  Added {QA sa=/127.0.0.1:11222, #Rops=0, #Wops=0, #iq=0, topRop=null, topWop=null, toWrite=0, interested=0} to connect queue
2026-06-11 06:43:56.202 INFO net.spy.memcached.MemcachedConnection:  Added {QA sa=/127.0.0.1:11222, #Rops=0, #Wops=0, #iq=0, topRop=null, topWop=null, toWrite=0, interested=0} to connect queue
2026-06-11 06:43:56.202 INFO net.spy.memcached.MemcachedConnection:  Added {QA sa=/127.0.0.1:11222, #Rops=0, #Wops=0, #iq=0, topRop=null, topWop=null, toWrite=0, interested=0} to connect queue
2026-06-11 06:43:56.203 INFO net.spy.memcached.MemcachedConnection:  Added {QA sa=/127.0.0.1:11222, #Rops=0, #Wops=0, #iq=0, topRop=null, topWop=null, toWrite=0, interested=0} to connect queue
2026-06-11 06:43:56.203 INFO net.spy.memcached.MemcachedConnection:  Added {QA sa=/127.0.0.1:11222, #Rops=0, #Wops=0, #iq=0, topRop=null, topWop=null, toWrite=0, interested=0} to connect queue
2026-06-11 06:43:56.203 INFO net.spy.memcached.MemcachedConnection:  Added {QA sa=/127.0.0.1:11222, #Rops=0, #Wops=0, #iq=0, topRop=null, topWop=null, toWrite=0, interested=0} to connect queue
2026-06-11 06:43:56.204 INFO net.spy.memcached.MemcachedConnection:  Added {QA sa=/127.0.0.1:11222, #Rops=0, #Wops=0, #iq=0, topRop=null, topWop=null, toWrite=0, interested=0} to connect queue
2026-06-11 06:43:56.204 INFO net.spy.memcached.MemcachedConnection:  Added {QA sa=/127.0.0.1:11222, #Rops=0, #Wops=0, #iq=0, topRop=null, topWop=null, toWrite=0, interested=0} to connect queue
DBWrapper: report latency for each error is false and specific error codes to track for latency are: []
DBWrapper: report latency for each error is false and specific error codes to track for latency are: []
DBWrapper: report latency for each error is false and specific error codes to track for latency are: []
2026-06-11 06:43:56.204 INFO net.spy.memcached.MemcachedConnection:  Added {QA sa=/127.0.0.1:11222, #Rops=0, #Wops=0, #iq=0, topRop=null, topWop=null, toWrite=0, interested=0} to connect queue
DBWrapper: report latency for each error is false and specific error codes to track for latency are: []
DBWrapper: report latency for each error is false and specific error codes to track for latency are: []
2026-06-11 06:43:56.205 INFO net.spy.memcached.MemcachedConnection:  Added {QA sa=/127.0.0.1:11222, #Rops=0, #Wops=0, #iq=0, topRop=null, topWop=null, toWrite=0, interested=0} to connect queue
DBWrapper: report latency for each error is false and specific error codes to track for latency are: []
2026-06-11 06:43:56.205 INFO net.spy.memcached.MemcachedConnection:  Added {QA sa=/127.0.0.1:11222, #Rops=0, #Wops=0, #iq=0, topRop=null, topWop=null, toWrite=0, interested=0} to connect queue
DBWrapper: report latency for each error is false and specific error codes to track for latency are: []
DBWrapper: report latency for each error is false and specific error codes to track for latency are: []
2026-06-11 06:43:56.206 INFO net.spy.memcached.MemcachedConnection:  Added {QA sa=/127.0.0.1:11222, #Rops=0, #Wops=0, #iq=0, topRop=null, topWop=null, toWrite=0, interested=0} to connect queue
DBWrapper: report latency for each error is false and specific error codes to track for latency are: []
2026-06-11 06:43:56.207 INFO net.spy.memcached.MemcachedConnection:  Added {QA sa=/127.0.0.1:11222, #Rops=0, #Wops=0, #iq=0, topRop=null, topWop=null, toWrite=0, interested=0} to connect queue
DBWrapper: report latency for each error is false and specific error codes to track for latency are: []
DBWrapper: report latency for each error is false and specific error codes to track for latency are: []
DBWrapper: report latency for each error is false and specific error codes to track for latency are: []
DBWrapper: report latency for each error is false and specific error codes to track for latency are: []
DBWrapper: report latency for each error is false and specific error codes to track for latency are: []
DBWrapper: report latency for each error is false and specific error codes to track for latency are: []
DBWrapper: report latency for each error is false and specific error codes to track for latency are: []
2026-06-11 06:44:06:121 10 sec: 576922 operations; 57692.2 current ops/sec; est completion in 4 hours 48 minutes [READ: Count=103784, Max=27535, Min=68, Avg=265.14, 90=380, 99=1087, 99.9=3705, 99.99=6979] [UPDATE: Count=474450, Max=56703, Min=59, Avg=272.9, 90=389, 99=1278, 99.9=3863, 99.99=7623] 
2026-06-11 06:44:16:121 20 sec: 1343965 operations; 76704.3 current ops/sec; est completion in 4 hours 7 minutes [READ: Count=138196, Max=4643, Min=66, Avg=204.45, 90=275, 99=379, 99.9=1117, 99.99=3047] [UPDATE: Count=627627, Max=5187, Min=62, Avg=207.1, 90=281, 99=389, 99.9=1074, 99.99=3077] 
2026-06-11 06:44:26:121 30 sec: 2107900 operations; 76393.5 current ops/sec; est completion in 3 hours 56 minutes [READ: Count=137371, Max=4779, Min=64, Avg=204.65, 90=277, 99=372, 99.9=995, 99.99=3373] [UPDATE: Count=626847, Max=5651, Min=62, Avg=208.13, 90=282, 99=387, 99.9=1206, 99.99=3479] 
2026-06-11 06:44:36:121 40 sec: 2882047 operations; 77414.7 current ops/sec; est completion in 3 hours 50 minutes [READ: Count=139007, Max=5527, Min=64, Avg=202.3, 90=274, 99=364, 99.9=864, 99.99=3179] [UPDATE: Count=634854, Max=6619, Min=60, Avg=205.31, 90=279, 99=377, 99.9=998, 99.99=3221] 
2026-06-11 06:44:46:122 50 sec: 3649293 operations; 76724.6 current ops/sec; est completion in 3 hours 47 minutes [READ: Count=137873, Max=4013, Min=65, Avg=203.91, 90=275, 99=397, 99.9=1183, 99.99=3089] [UPDATE: Count=629623, Max=5147, Min=63, Avg=207.22, 90=281, 99=411, 99.9=1283, 99.99=3415] 
Maximum time elapsed. Requesting stop for the workload.
Stop requested for workload. Now Joining!
2026-06-11 06:44:56:121 60 sec: 4429671 operations; 78037.8 current ops/sec; est completion in 3 hours 44 minutes [READ: Count=140091, Max=7395, Min=63, Avg=201.01, 90=271, 99=365, 99.9=880, 99.99=3013] [UPDATE: Count=640199, Max=9983, Min=59, Avg=203.57, 90=276, 99=373, 99.9=891, 99.99=3283] 
2026-06-11 06:44:56.129 INFO net.spy.memcached.MemcachedConnection:  Shut down memcached client
2026-06-11 06:44:56.129 INFO net.spy.memcached.MemcachedConnection:  Shut down memcached client
2026-06-11 06:44:56.129 INFO net.spy.memcached.MemcachedConnection:  Shut down memcached client
2026-06-11 06:44:56.130 INFO net.spy.memcached.MemcachedConnection:  Shut down memcached client
2026-06-11 06:44:56.131 INFO net.spy.memcached.MemcachedConnection:  Shut down memcached client
2026-06-11 06:44:56.131 INFO net.spy.memcached.MemcachedConnection:  Shut down memcached client
2026-06-11 06:44:56.131 INFO net.spy.memcached.MemcachedConnection:  Shut down memcached client
2026-06-11 06:44:56.132 INFO net.spy.memcached.MemcachedConnection:  Shut down memcached client
2026-06-11 06:44:56.132 INFO net.spy.memcached.MemcachedConnection:  Shut down memcached client
2026-06-11 06:44:56.132 INFO net.spy.memcached.MemcachedConnection:  Shut down memcached client
2026-06-11 06:44:56.132 INFO net.spy.memcached.MemcachedConnection:  Shut down memcached client
2026-06-11 06:44:56.133 INFO net.spy.memcached.MemcachedConnection:  Shut down memcached client
2026-06-11 06:44:56.133 INFO net.spy.memcached.MemcachedConnection:  Shut down memcached client
2026-06-11 06:44:56.133 INFO net.spy.memcached.MemcachedConnection:  Shut down memcached client
2026-06-11 06:44:56.133 INFO net.spy.memcached.MemcachedConnection:  Shut down memcached client
2026-06-11 06:44:56.134 INFO net.spy.memcached.MemcachedConnection:  Shut down memcached client
2026-06-11 06:44:56:133 60 sec: 4429932 operations; 23727.27 current ops/sec; est completion in 3 hours 44 minutes [READ: Count=10, Max=754, Min=173, Avg=376.4, 90=660, 99=754, 99.9=754, 99.99=754] [CLEANUP: Count=16, Max=6671, Min=4316, Avg=5682.25, 90=6475, 99=6671, 99.9=6671, 99.99=6671] [UPDATE: Count=0, Max=0, Min=9223372036854775807, Avg=NaN, 90=0, 99=0, 99.9=0, 99.99=0] 
[OVERALL], RunTime(ms), 60011
[OVERALL], Throughput(ops/sec), 73818.66657779407
[TOTAL_GCS_G1_Young_Generation], Count, 96
[TOTAL_GC_TIME_G1_Young_Generation], Time(ms), 121
[TOTAL_GC_TIME_%_G1_Young_Generation], Time(%), 0.20162970122144272
[TOTAL_GCS_G1_Concurrent_GC], Count, 0
[TOTAL_GC_TIME_G1_Concurrent_GC], Time(ms), 0
[TOTAL_GC_TIME_%_G1_Concurrent_GC], Time(%), 0.0
[TOTAL_GCS_G1_Old_Generation], Count, 0
[TOTAL_GC_TIME_G1_Old_Generation], Time(ms), 0
[TOTAL_GC_TIME_%_G1_Old_Generation], Time(%), 0.0
[TOTAL_GCs], Count, 96
[TOTAL_GC_TIME], Time(ms), 121
[TOTAL_GC_TIME_%], Time(%), 0.20162970122144272
[READ], Operations, 796332
[READ], AverageLatency(us), 211.3225187484617
[READ], MinLatency(us), 63
[READ], MaxLatency(us), 27535
[READ], 95thPercentileLatency(us), 320
[READ], 99thPercentileLatency(us), 474
[READ], Return=OK, 796332
[CLEANUP], Operations, 16
[CLEANUP], AverageLatency(us), 5682.25
[CLEANUP], MinLatency(us), 4316
[CLEANUP], MaxLatency(us), 6671
[CLEANUP], 95thPercentileLatency(us), 6491
[CLEANUP], 99thPercentileLatency(us), 6671
[UPDATE], Operations, 3633600
[UPDATE], AverageLatency(us), 214.95382953544694
[UPDATE], MinLatency(us), 59
[UPDATE], MaxLatency(us), 56703
[UPDATE], 95thPercentileLatency(us), 327
[UPDATE], 99thPercentileLatency(us), 496
[UPDATE], Return=OK, 3633600
